06-13 01:10:55.806  2938  2938 W C03926/com.ohos.sceneboard/AceTheme: [(100000:100000:scope)] style text_overlay_pattern not contains more_or_back_symbol_size!
06-13 01:10:55.806  2938  2938 W C03926/com.ohos.sceneboard/AceTheme: [(100000:100000:scope)] style text_overlay_pattern not contains text_overlay_menu_copy!
06-13 01:10:55.806  2938  2938 W C03926/com.ohos.sceneboard/AceTheme: [(100000:100000:scope)] style text_overlay_pattern not contains text_overlay_menu_paste!
06-13 01:10:55.806  2938  2938 W C03926/com.ohos.sceneboard/AceTheme: [(100000:100000:scope)] style text_overlay_pattern not contains text_overlay_menu_select_all!
06-13 01:10:55.806  2938  2938 W C03926/com.ohos.sceneboard/AceTheme: [(100000:100000:scope)] style text_overlay_pattern not contains text_overlay_menu_cut!
06-13 01:10:55.806  2938  2938 W C03926/com.ohos.sceneboard/AceTheme: [(100000:100000:scope)] style text_overlay_pattern not contains text_overlay_menu_max_width!
06-13 01:10:55.806  2938  2938 W C03926/com.ohos.sceneboard/AceTheme: [(100000:100000:scope)] style text_overlay_pattern not contains text_overlay_menu_horizontal_gap!
06-13 01:10:55.808  2938  2938 W C01408/com.ohos.sceneboard/Text: generatePaintRegion: Call generatePaintRegion when paragraph is not formatted
06-13 01:10:55.808  2938  2938 W A01B01/com.ohos.sceneboard/HOME: GlobalSearchViewModel: onGlobalSearchProgressChange 1}
06-13 01:10:55.809  2938  2938 W A01B01/com.ohos.sceneboard/HOME: PhoneLayoutRulesControllers --> calculateDock DockHeight: 78, mSysUIBottomHeight: 0
06-13 01:10:55.810  2938  2938 W A0421D/com.ohos.sceneboard/WMSRotation: [setEnableSensorRotate] set sensor rotate enable, _enableSensorRotate:true, Description:exitSplitToOneStep
06-13 01:10:55.812   856  1405 E C02803/multimodalinput/InputWindowsManager: [|2422]CHKPV(lastPointerEventCopy) is null
06-13 01:10:55.813  1590 21039 E C01345/foundation/UIExt: [ui_extension_ability_manager.cpp884]scb not allow bind process
06-13 01:10:55.814  2938  2938 E C01406/com.ohos.sceneboard/RSNode: RSNode::RemoveModifier: modifier not exist, nodeId[12618613915729],modifiers num:[11]
06-13 01:10:55.816  6135  6135 E C01CCC/virt_device/DRBO: [nodict][input_impl.cpp(UpdateWindowInfo)]Corrupted windows info
06-13 01:10:55.816   856  2209 E C02800/multimodalinput/ContainerIpcMgr: [|1519]UdsSendEvent fail, error:-1
06-13 01:10:55.818  1534  1534 E C01C10/inputmethod_service/ImsaKit: line: 2744, function: CheckPwdInputPatternConv,exClientInfo is nullptr!
06-13 01:10:55.820   968 16461 E C01731/resource_schedule_service/SUSPEND_MSG: [a92ab6a00fc845f 0 0][(ParseStringJsonPayloadToNumber):95] Parse string json payload to number error! json key: resourceFlags
06-13 01:10:55.820   968 19236 E C01731/resource_schedule_service/SUSPEND_MSG: [a92ab7a00fc8514 0 0][(ParseStringJsonPayloadToNumber):95] Parse string json payload to number error! json key: resourceFlags
06-13 01:10:55.821  1590 19282 E C01700/foundation/RSS: ResSchedClient::ReportData type not subscribed.
06-13 01:10:55.823  1534  1534 E C01C10/inputmethod_service/ImsaKit: line: 149, function: NotifyInputStart,nullptr listenerInfo or no need to notify
06-13 01:10:55.824  1590  2274 W C04201/foundation/DMS: [a92ab6a00fc845f 0 0] NotifyUnfreezed: pid,type:1946,3 11 |4323,11 |10558,11 |11570,3 |12307,3 |23110,17 |29837,3 |30762,3 |34047,3 |42537,3 |44875,3 11 |57799,11 |
06-13 01:10:55.824 44875 44950 E C01C10/i.hmos.inputmethod:inputMethod/ImsaKit: line: 1369, function: OnAttachOptionsChanged,failed to get uv entry!
06-13 01:10:55.825  2938  2938 W A04223/com.ohos.sceneboard/SCBMain: requestSystemSceneSessionDestruction, name:SCBSplitBackground1184, screenId:0
06-13 01:10:55.827  2938  4247 W C04200/com.ohos.sceneboard/WMS: NotifySessionForCallback: id: 1950 is system
06-13 01:10:55.829 20924 20924 I C02C02/PARAM: ResetParamSecurityLabel Fd:19
06-13 01:10:55.829  1590 18847 E C01336/foundation/AMS: [ABMS5117]nullptr
06-13 01:10:55.831  2938  4250 E C04217/com.ohos.sceneboard/WMSAttribute: session is invalid
06-13 01:10:55.831  2938  4250 E C04217/com.ohos.sceneboard/WMSAttribute: session is invalid
06-13 01:10:55.832   855 18878 E C02699/memmgrservice/MM: UpdateAppMemcgParam app 20020025 not exist
06-13 01:10:55.848 20924 20924 W C02C11/commonUI/APPSPAWN: errno:13 private mount to /mnt/sandbox/100/com.huawei.hmsapp.hisearch/chip_prod/lib64/passthrough '524288' failed
06-13 01:10:55.849 44875 44875 W C01C10/i.hmos.inputmethod:inputMethod/ImsaKit: line: 2196, function: SetImmersiveEffect,repeat invalid param, ret:[ImmersiveEffect: gradientHeight=0, gradientMode=0, fluidLightMode=0]
06-13 01:10:55.851 20924 20924 W C02C11/commonUI/APPSPAWN: check dir /data/app/el1/public/aot_compiler/ark_cache/com.huawei.hmsapp.hisearch failed,strerror:No such file or directory
06-13 01:10:55.853 20924 20924 W C02C11/commonUI/APPSPAWN: errno:2 bind mount /data/preload/app to /mnt/sandbox/100/com.huawei.hmsapp.hisearch/data/preload/app
06-13 01:10:55.854 44875 20967 W C01C10/i.hmos.inputmethod:inputMethod/ImsaKit: line: 1387, function: SetCallingWindow,the keyboard is not showing
06-13 01:10:55.856 44875 44875 W C02D08/i.hmos.inputmethod:inputMethod/NAPI_HISYSEVENT_ADAPTER: failed to parse js function line number.
06-13 01:10:55.856 44875 44875 W A000FF/i.hmos.inputmethod:inputMethod/HMKeyboard_CommonUtils: The fwk requestKeyboardReason is 0
06-13 01:10:55.859  1519 19833 E C05A02/privacy_service/PRIVACY: [VerifyPermission]Permission denied(callingTokenID=671461149)
06-13 01:10:55.859  1156 19694 E C05A02/msdp/PRIVACY: [nodict]Read result failed, code is: 1.
06-13 01:10:55.859  1156 19694 E C02210/msdp/MotionPermission: in AddPermissionRecord, AddPermissionUsedRecord fail, permissionName:ohos.permission.DETECT_GESTURE, successCount:1, failCount:0
06-13 01:10:55.859  1519 19833 E C05A02/privacy_service/PRIVACY: [VerifyPermission]Permission denied(callingTokenID=671461149)
06-13 01:10:55.859  1156 19694 E C05A02/msdp/PRIVACY: [nodict]Read result failed, code is: 1.
06-13 01:10:55.859  1156 19694 E C02210/msdp/MotionPermission: in AddPermissionRecord, AddPermissionUsedRecord fail, permissionName:ohos.permission.ACTIVITY_MOTION, successCount:0, failCount:1
06-13 01:10:55.859  1156 19694 E C02C03/PARAM_WATCHER: Failed to add callback for persist.odm.thp.feature
06-13 01:10:55.859  1156 19694 E C02C03/PARAM_WATCHER: SystemWatchParameter is failed!keyPrefix is:persist.odm.thp.feature,errNum is:110
06-13 01:10:55.859  1156 19694 E C02210/msdp/MotionService: in RegisterSystemParameterCallback, register specific thp server call back result: 110
06-13 01:10:55.864  1306  2169 E A03101/aptouch_daemon/afehal: Send cmd:C7 43 
06-13 01:10:55.865 20924 20924 W C02C11/commonUI/APPSPAWN: errno:2 bind mount /data/service/el1/public/bms/bundle_manager_service/uninstalled_preload to /mnt/sandbox/100/com.huawei.hmsapp.hisearch/data/bms/uninstalled_preload/
06-13 01:10:55.868 20924 20924 E C05A06/commonUI/CODE_SIGN: [XpmIoctl]:Ioctl cmd 40087803 failed: Invalid argument (ignore)
06-13 01:10:55.872  1306  2169 E A03101/aptouch_daemon/afehal: Non-frame packet:A5,01,00,00
06-13 01:10:55.875 20924 20971 W C057C1/commonUI/IPCWorkThread: ThreadHandler: proto:0 policy:1 name:OS_IPC_0_20971 invoker:1365336704
06-13 01:10:55.875 20924 20972 W C057C1/commonUI/IPCWorkThread: ThreadHandler: proto:0 policy:0 name:OS_IPC_1_20972 invoker:1272951040
06-13 01:10:55.878  1590 19282 W C01336/foundation/AMS: [resident_process_manager.cpp269]rdbResult: 5
06-13 01:10:55.878  1590 19282 W C01311/foundation/AppMS: [AMSI11052]no bind permission
06-13 01:10:55.881  1590 19263 W C01300/foundation/AAFwk: [event_handler_wrap.cpp118]can't find event: 14_20924 
06-13 01:10:55.886  2938  2938 W A04204/com.ohos.sceneboard/WMSScb: SCBBlockCover1186 sessionChangeCallback is null 
06-13 01:10:55.886  2938  2938 W A04200/com.ohos.sceneboard/WINDOW: SCBSceneSession: updateWindowMode current windowMode:100 same with new windowMode
06-13 01:10:55.887  3040  3040 W A06666/com.huawei.hmos.aidataservice/160002364: Info_Publisher: publish AppProcess
06-13 01:10:55.888  2938  2938 W A01B01/com.ohos.sceneboard/HOME: SCBSCS: [SCBSCS] border radius from topLeft: 0, topRight: 0, bottomLeft: 0, bottomRight: 0 to 48. reason: init, extra: EntryAbility/com.open.rundesk/entry/0(persistentId: 1910)(containerId: 360)
06-13 01:10:55.888  2938  2938 W A01B01/com.ohos.sceneboard/HOME: SCBSCS: [SCBSCS] sceneAlpha from 0 to 1. reason: init, extra: EntryAbility/com.open.rundesk/entry/0(persistentId: 1910)(containerId: 360)
06-13 01:10:55.889  2938  2938 W A04200/com.ohos.sceneboard/WINDOW: SCBSSM: Failed to get system Session with systemType: 1}
06-13 01:10:55.890  2938  2938 W A01A00/com.ohos.sceneboard/SYS_UI: StatusBarVMV2: System bar property change from #FFFFFFFF to #FFFFFFFF #4D000000
06-13 01:10:55.890  2938  2938 W A01A00/com.ohos.sceneboard/SYS_UI: StatusBarBridgeView: onPluginContentColorChange #FFFFFFFF
06-13 01:10:55.891  2938  4247 W C04207/com.ohos.sceneboard/WMSFocus: NotifyHighlightChange: Invalid [15, 0]
06-13 01:10:55.891  2938  4247 E C0421D/com.ohos.sceneboard/WMSRotation: SetCurrentRotation: SendRequest failed
06-13 01:10:55.893  2938  2938 W A01A00/com.ohos.sceneboard/SYS_UI: SCBStatusBarView: isEnable changed: false, statusBarOpacity is 1, immersive is true, enable animation: false
06-13 01:10:55.893  1590 20303 W C04201/foundation/DMS: screen_cutout_controller.cpp GetCutoutArea: display:[ID: 0, W: 1260, H: 2844, R: 0,Mode 0]
06-13 01:10:55.893  2938  2938 W A01A00/com.ohos.sceneboard/SYS_UI: TaskQueue: stop run task, queueName SCBStatusBarVM, isFreeze: false, runningCount: 0, tasks length: 0
06-13 01:10:55.893  1473  1473 E C02120/swing_service/SwingTaskHandler: CancelTask#failed:1.
06-13 01:10:55.894  2938  2938 W A0FF00/com.ohos.sceneboard/SEARCH: [HiSearch]: SearchInput, SwiperVisible, hotWordAutoPlay:false, scenePanelState:2, globalSearchStatus:3
06-13 01:10:55.894  2938  2938 W A04200/com.ohos.sceneboard/WINDOW: SCBScreenSession: enable rotate successful, enable reason:HiSearchComponent
06-13 01:10:55.895  2938  2938 W A0421D/com.ohos.sceneboard/WMSRotation: [getTargetRotation] bundleName:com.dragon.read.next requestOrientation:0 isScreenLocked:true isPlacedRotateFriendlyDevicePlaced:false fixedRotation: -1 rotationCommand: {"isIgnorePlacedState":false,"isFromDropDown":false}
06-13 01:10:55.895  2938  2938 E C01406/com.ohos.sceneboard/RSNode: RSNode::RemoveModifier: modifier not exist, nodeId[12618613915729],modifiers num:[11]
06-13 01:10:55.898  2938  2938 W C0393B/com.ohos.sceneboard/AceWindowScene: [(100000:100000:scope)] parentId:600, nodeId:602, sessionId:21
06-13 01:10:55.899  2938  2938 W C0393B/com.ohos.sceneboard/AceWindowScene: [(100000:100000:scope)] parentId:628, nodeId:630, sessionId:24
06-13 01:10:55.900  2938  2938 E C03947/com.ohos.sceneboard/AceStateMgmt: [(100000:100000:scope)] FIX THIS APPLICATION ERROR: @Component 'SCBSceneContainer': State variable 'secondarySceneParam' has changed during render! It's illegal to change @Component state while build (initial render or re-render) is on-going. Application error! Current log drops 13 line(s).
06-13 01:10:55.901   855 18880 E C02699/memmgrservice/MM: UpdateAppMemcgParam app 20020025 not exist
06-13 01:10:55.902  2938  2938 W C0393B/com.ohos.sceneboard/AceWindowScene: [(100000:100000:scope)] parentId:638328, nodeId:638331, sessionId:1952
06-13 01:10:55.904  1590 20303 W C01300/foundation/AAFwk: [permission_verification.cpp66]ohos.permission.GET_RUNNING_INFO: PERMISSION_DENIED
06-13 01:10:55.904  1590 20303 E C01311/foundation/AppMS: [AMSI5540]permission verify fail
06-13 01:10:55.904  2938  2938 W C0393B/com.ohos.sceneboard/AceWindowScene: [(100000:100000:scope)] parentId:638167, nodeId:638169, sessionId:1947
06-13 01:10:55.905  2938  2938 W C0393B/com.ohos.sceneboard/AceWindowScene: [(100000:100000:scope)] parentId:637969, nodeId:637970, sessionId:1564
06-13 01:10:55.906  2938  2938 W C0393B/com.ohos.sceneboard/AceWindowScene: [(100000:100000:scope)] parentId:638240, nodeId:638241, sessionId:1910
06-13 01:10:55.906  2938  2938 W C0393B/com.ohos.sceneboard/AceWindowScene: [(100000:100000:scope)] parentId:638178, nodeId:638202, sessionId:1949
06-13 01:10:55.906  2938  2938 W C0393B/com.ohos.sceneboard/AceWindowScene: [(100000:100000:scope)] parentId:638253, nodeId:638285, sessionId:1951
06-13 01:10:55.907  1534  1727 E C01C10/inputmethod_service/ImsaKit: line: 171, function: NotifyInputStop,nullptr clientInfo or no need to notify
06-13 01:10:55.908   968 18893 E C01700/resource_schedule_service/RSS: [a92ab2a00fddc4d 0 0]CheckReportDataParcel: check report data no permission type=71,                count=613, uid=20020025, pid=44875.
06-13 01:10:55.908  2938  2938 W C0393B/com.ohos.sceneboard/AceWindowScene: [(100000:100000:scope)] parentId:638253, nodeId:638285, sessionId:1951
06-13 01:10:55.910  2938  2938 W A01B00/com.ohos.sceneboard/SCB: IconResourceManager: combIcon is empty: false, bundleName: **.open.rundesk
06-13 01:10:55.911  1473 20947 W C02120/swing_service/SnprSubscriber: OnFocusChanged#no need refresh register state, isLauncherWindow is 0
06-13 01:10:55.911  1473 20947 W C02120/swing_service/FocusChangedListener: NotifyFocusChanged#isLauncherOr3dTouchScene_ is 0, isQuickPayWindow_ is 0
06-13 01:10:55.911  1473 20947 W C02120/swing_service/BarcodeScanSubscriber: OnFocusChanged#no need refresh register state, isLauncherWindow is 0
06-13 01:10:55.913  2938  2938 W C03F05/com.ohos.sceneboard/NAPI: timeout should be number
06-13 01:10:55.914  1590  1590 W C04201/foundation/DMS: screen_cutout_controller.cpp GetCutoutArea: display:[ID: 0, W: 1260, H: 2844, R: 0,Mode 0]
06-13 01:10:55.917  2938  2938 W C0390D/com.ohos.sceneboard/AceOverlay: [(100000:100000:scope)] failed to get foldCreaseRegion
06-13 01:10:55.917  2938  2938 W A01B09/com.ohos.sceneboard/RECENT: SCBScenePanelSession: setBgBlurEnable, isBlurEnable: false, caller function name: onBlurTransitionFinish
06-13 01:10:55.918  1590 20195 W C04201/foundation/DMS: screen_cutout_controller.cpp GetCutoutArea: display:[ID: 0, W: 1260, H: 2844, R: 0,Mode 0]
06-13 01:10:55.918  2938  2938 W A0421D/com.ohos.sceneboard/WMSRotation: [getRotatedScreenProperty] this.rotation: 0; getRotatedScreenProperty: {rect: [0, 0, 1260, 2844], rotation: 0}
06-13 01:10:55.921  2938  4247 E C04215/com.ohos.sceneboard/WMSHierarchy: SceneZOrderCheckProcess: ZOrderCheck start
06-13 01:10:55.923  2938  2938 W A04223/com.ohos.sceneboard/SCBMain: requestSystemSceneSessionDestruction, name:SCBSceneTitleBar1185, screenId:0
06-13 01:10:55.923  2938  2938 W C0393B/com.ohos.sceneboard/AceWindowScene: [(-2:100000:singleton)] OnDetachFromFrameNode id: 1910, node id: 638241, type: 1, name: com.open.rundesk
06-13 01:10:55.923  2938  2938 W C01406/com.ohos.sceneboard/OHOS::RS: RSNodeMap::UnregisterNode: node id 184765198106626 not found
06-13 01:10:55.924  2938  4247 W C04200/com.ohos.sceneboard/WMS: NotifySessionForCallback: id: 1951 is system
06-13 01:10:55.926  1306  2169 E A03101/aptouch_daemon/afehal: Send cmd:C7 45 
06-13 01:10:55.927  1590 18847 W C04201/foundation/DMS: screen_cutout_controller.cpp GetCutoutArea: display:[ID: 0, W: 1260, H: 2844, R: 0,Mode 0]
06-13 01:10:55.927  1590 21039 E C01336/foundation/AMS: [ABMS5117]nullptr
06-13 01:10:55.928  1306  2169 E A03101/aptouch_daemon/afehal: Non-frame packet:A5,01,00,00
06-13 01:10:55.929  2938  4247 E C04215/com.ohos.sceneboard/WMSHierarchy: SceneZOrderCheckProcess: ZOrderCheck start
06-13 01:10:55.931  3040 19814 W A00F00/com.huawei.hmos.aidataservice/CA: [AppProcessAbility:77]: AppProcessAbility return
06-13 01:10:55.933   856  1405 E C02803/multimodalinput/InputWindowsManager: [|2422]CHKPV(lastPointerEventCopy) is null
06-13 01:10:55.934 20924 20924 W C01321/commonUI/JsRuntime: [CSM161]not Connected
06-13 01:10:55.936 20924 20924 W C01E00/commonUI/ResourceManager: update userId, currentUserId_= 0, userId= 100
06-13 01:10:55.940  1306  2169 W C02503/aptouch_daemon/TsaFrame: UpdateStatusIdle[1789] [0]idle in. 133
06-13 01:10:55.941 20924 20979 W C01653/commonUI/NativePreferences: LoadFromDisk: The settingXml /***/el1/***/i18*** load failed.
06-13 01:10:55.943  6135  6135 E C01CCC/virt_device/DRBO: [nodict][input_impl.cpp(UpdateWindowInfo)]Corrupted windows info
06-13 01:10:55.943  2654 41358 E C01560/wifi_manager_service/WifiCongestionService: HandleSignalPollChangedMsg unsupported
06-13 01:10:55.943 20924 20924 E C01301/commonUI/CompatiblePolicyDeviceType: [calculateResourceType:81]deviceType is empty.
06-13 01:10:55.943   856  2209 E C02800/multimodalinput/ContainerIpcMgr: [|1519]UdsSendEvent fail, error:-1
06-13 01:10:55.945   856  1405 E C02803/multimodalinput/InputWindowsManager: [|2422]CHKPV(lastPointerEventCopy) is null
06-13 01:10:55.948  1179  1290 W C01C42/time_service/TimeService: t3 203978088
06-13 01:10:55.952  2938  2938 W A0FF00/com.ohos.sceneboard/SEARCH: [HiSearch]: HiSearchComponent, queryAndSetSearchIntputText, queryText: 0,
06-13 01:10:55.952  2938  2938 W A0FF00/com.ohos.sceneboard/SEARCH:       searchText: 0, queryText is same with searchText:
06-13 01:10:55.952  2938  2938 W A0FF00/com.ohos.sceneboard/SEARCH:       true
06-13 01:10:55.953  1051  1196 E C01F0B/telephony/NetworkSearch: params is nullptr.
06-13 01:10:55.956   605   614 I C02C03/PARAM_WATCHER: [watcher_manager.cpp:72]Add remote watcher remoteWatcherId 8096 20924 success
06-13 01:10:55.956 20924 20924 W C04201/commonUI/DMS: RegisterClientDeathListener: regis reverse death
06-13 01:10:55.957 44875 44875 E A000FF/i.hmos.inputmethod:inputMethod/HMKeyboard_FloatWindow: set window shadow error
06-13 01:10:55.957 44875 44875 W A000FF/i.hmos.inputmethod:inputMethod/HMKeyboard_CanvasSlidingWindow: createWindow, window has been created
06-13 01:10:55.957  1590 20303 W C04201/foundation/DMS: screen_session.cpp: call BMS
06-13 01:10:55.958   605   614 I C02C03/PARAM_WATCHER: SendLocalChange start keyPrefix persist.hdc.jdwp remoteWatcherId 8096
06-13 01:10:55.959   856  1405 E C02803/multimodalinput/InputWindowsManager: [|2422]CHKPV(lastPointerEventCopy) is null
06-13 01:10:55.964   856  1405 E C02803/multimodalinput/InputWindowsManager: [|2422]CHKPV(lastPointerEventCopy) is null
06-13 01:10:55.965  2654 41729 E C01560/wifi_manager_service/MultiLinkUtils: Chip type not suppoort Triband
06-13 01:10:55.965  2654 41729 E C01560/wifi_manager_service/MultiLinkUtils: Chip type not suppoort Triband
06-13 01:10:55.969 44875 44875 W C01202/i.hmos.inputmethod:inputMethod/Ces: Already subscribed
06-13 01:10:55.970  1051  1196 E C01F0B/telephony/NetworkSearch: params is nullptr.
06-13 01:10:55.976  1012  2834 W C01650/netmanager/RdbStoreManager: IsConfigInvalidChanged:no bundleName
06-13 01:10:55.976  1012  2834 E C01650/netmanager/SilentProxy: IsSupportSilentFromService:GetRdbService failed, err is 27394049.
06-13 01:10:55.977   605   614 I C02C03/PARAM_WATCHER: [watcher_manager.cpp:187]Add watcher persist.hdc.jdwp remoteWatcherId: 8096 groupId 154 success
06-13 01:10:55.978  6135  6135 E C01CCC/virt_device/DRBO: [nodict][input_impl.cpp(UpdateWindowInfo)]Corrupted windows info
06-13 01:10:55.978  1461 25556 E C01DA1/parent_control_service/Service: UpdateOutTime inTime_ not as expected:0
06-13 01:10:55.978  1461 25556 W C01650/parent_control_service/RdbStoreManager: IsConfigInvalidChanged:no bundleName
06-13 01:10:55.978  1461 25556 E C01650/parent_control_service/SilentProxy: IsSupportSilentFromService:GetRdbService failed, err is 27394049.
06-13 01:10:55.978   856  2209 E C02800/multimodalinput/ContainerIpcMgr: [|1519]UdsSendEvent fail, error:-1
06-13 01:10:55.978  1306 20998 W C057C1/aptouch_daemon/IPCWorkThread: ThreadHandler: proto:0 policy:0 name:OS_IPC_61_20998 invoker:750828928
06-13 01:10:55.979 20924 20992 I C02C03/PARAM_WATCHER: Add watcher keyPrefix persist.hdc.jdwp remoteWatcherId 8096 success
06-13 01:10:55.980  1306  2175 W C02503/aptouch_daemon/DriverListener: GetStatus[878] [0]status:0x8001c1
06-13 01:10:55.980  1306  2175 W C02503/aptouch_daemon/DriverListener: UpdateStatus[895] [0]status:0x8001c1
06-13 01:10:55.980  1306  2175 W C02503/aptouch_daemon/DriverListener: GetStatus[878] [0]status:0x8001c1
06-13 01:10:55.982  6135  6135 E C01CCC/virt_device/DRBO: [nodict][input_impl.cpp(UpdateWindowInfo)]Corrupted windows info
06-13 01:10:55.983   856  2209 E C02800/multimodalinput/ContainerIpcMgr: [|1519]UdsSendEvent fail, error:-1
06-13 01:10:55.984  1669 54000 E C00103/aps_manager/WirelessHIDAccessoryManager: [GetConnectedAccessory:115]Get proxy failed
06-13 01:10:55.984  1669 54000 E C00103/aps_manager/WirelessHIDAccessoryManager: [GetConnectedAccessory:100]GetConnectedAccessory failed
06-13 01:10:55.984  1669 54000 W C01409/aps_manager/APS_MANAGER: StylusWhitelist get connected accessory fail.
06-13 01:10:55.985  1306  2169 E A03101/aptouch_daemon/afehal: Get frame timeout, pen_status=0x0, force read=000000a5
06-13 01:10:55.985  1306  2169 E A03101/aptouch_daemon/afehal: ------>logout_FW_run_status_SynaOnly loopTime: 1<------
06-13 01:10:55.985  1306  2169 E A03101/aptouch_daemon/afehal: read_FW_run_status_SynaOnly
06-13 01:10:55.985  1306  2169 E A03101/aptouch_daemon/afehal: Send cmd:C7 06 
06-13 01:10:55.987  1306  2169 E A03101/aptouch_daemon/afehal: Get response code:A5,01,80,01,EF,BE
06-13 01:10:55.987  1306  2169 E A03101/aptouch_daemon/afehal: read_ram[0]=0xa5
06-13 01:10:55.987  1306  2169 E A03101/aptouch_daemon/afehal: read_ram[1]=0x01
06-13 01:10:55.987  1306  2169 E A03101/aptouch_daemon/afehal: read_ram[2]=0x80
06-13 01:10:55.987  1306  2169 E A03101/aptouch_daemon/afehal: read_ram[3]=0x01
06-13 01:10:55.987  1306  2169 E A03101/aptouch_daemon/afehal: Copy Size=384
06-13 01:10:55.987  1306  2169 E A03101/aptouch_daemon/afehal:     0000 0001 0002 0003 0004 0005 0006 0007 0008 0009 000a 000b 000c 000d 000e 000f 
06-13 01:10:55.987  1306  2169 E A03101/aptouch_daemon/afehal:   0:beef 0000 0000 0000 0000 0000 01b7 007a 0000 0000 0000 0000 0000 0000 0657 007a 
06-13 01:10:55.987  1306  2169 E A03101/aptouch_daemon/afehal:  16:05dd 0000 0000 0000 0000 0000 0000 0000 0000 0000 0000 0000 0000 0000 0000 0000 
06-13 01:10:55.987  1306  2169 E A03101/aptouch_daemon/afehal:  32:0000 0000 0000 0000 0000 0000 0000 0000 0000 0000 0000 0000 0000 0000 0000 0000 
06-13 01:10:55.987  1306  2169 E A03101/aptouch_daemon/afehal:  48:0000 0000 0000 0000 0000 0000 0000 0000 0000 0000 0000 0000 0000 0000 0000 0000 
06-13 01:10:55.987  1306  2169 E A03101/aptouch_daemon/afehal:  64:0000 0000 0000 0000 0000 0000 0000 0000 0000 0000 0000 0000 0000 0000 0000 0000 
06-13 01:10:55.987  1306  2169 E A03101/aptouch_daemon/afehal:  80:0000 0000 0000 0000 0000 0000 0000 0000 0000 0000 0000 0000 0000 0000 0000 0000 
06-13 01:10:55.987  1306  2169 E A03101/aptouch_daemon/afehal:  96:0000 0000 0000 0000 0000 0000 0000 0000 0000 0000 0000 0000 0000 0000 0000 0000 
06-13 01:10:55.987  1306  2169 E A03101/aptouch_daemon/afehal: 112:0000 0000 0000 0000 0000 0000 0000 0000 0657 0000 0000 0000 0657 0000 0000 0000 
06-13 01:10:55.987  1306  2169 E A03101/aptouch_daemon/afehal: 128:0000 0000 0000 0000 0657 0000 0000 03ab 01b7 0000 0657 0657 0000 0000 0000 0000 
06-13 01:10:55.987  1306  2169 E A03101/aptouch_daemon/afehal: 144:0000 0000 0656 0001 0000 0000 0000 0000 0000 0000 0000 0000 0000 0000 0000 0000 
06-13 01:10:55.987  1306  2169 E A03101/aptouch_daemon/afehal: 160:0000 0000 0000 0000 0001 0000 0656 0001 0000 0000 0000 0000 0000 0000 0000 0000 
06-13 01:10:55.987  1306  2169 E A03101/aptouch_daemon/afehal: 176:0000 0000 0000 0000 0000 0000 0000 0000 0000 0000 0000 0000 0000 0000 0000 0000 
06-13 01:10:55.987  6135  6135 E C01CCC/virt_device/DRBO: [nodict][input_impl.cpp(UpdateWindowInfo)]Corrupted windows info
06-13 01:10:55.987 44875 44875 E C02B61/i.hmos.inputmethod:inputMethod/BufferSourceStream: buffer read finish, offset:1542 ,dataSize1542.
06-13 01:10:55.987 44875 44875 E C02B61/i.hmos.inputmethod:inputMethod/BufferSourceStream: buffer read fail.
06-13 01:10:55.987   856  2209 E C02800/multimodalinput/ContainerIpcMgr: [|1519]UdsSendEvent fail, error:-1
06-13 01:10:55.994 44875 44875 E C02B61/i.hmos.inputmethod:inputMethod/BufferSourceStream: buffer read finish, offset:2412 ,dataSize2412.
06-13 01:10:55.994 44875 44875 E C02B61/i.hmos.inputmethod:inputMethod/BufferSourceStream: buffer read fail.
06-13 01:10:55.997  1461 25556 E C01DA1/parent_control_service/Service: UpdateOutTime inTime_ not as expected:0
06-13 01:10:55.997  1461 25556 W C01DA1/parent_control_service/Service: BaseTimeUpdate::UpdateByCurrentMills addTime is invalid:0, max:30000
06-13 01:10:55.997  1461 25556 W C01DA1/parent_control_service/Service: BaseTimeUpdate::UpdateByCurrentMills addTime is invalid:0, max:30000
06-13 01:10:55.997  1306  2169 E A03101/aptouch_daemon/afehal: read_FW_run_status_SynaOnly
06-13 01:10:55.997  1306  2169 E A03101/aptouch_daemon/afehal: Send cmd:C7 06 
06-13 01:10:55.999  1306  2169 E A03101/aptouch_daemon/afehal: Get response code:A5,01,80,01,EF,BE
06-13 01:10:55.999  1306  2169 E A03101/aptouch_daemon/afehal: read_ram[0]=0xa5
06-13 01:10:55.999  1306  2169 E A03101/aptouch_daemon/afehal: read_ram[1]=0x01
06-13 01:10:55.999  1306  2169 E A03101/aptouch_daemon/afehal: read_ram[2]=0x80
06-13 01:10:55.999  1306  2169 E A03101/aptouch_daemon/afehal: read_ram[3]=0x01
06-13 01:10:55.999  1306  2169 E A03101/aptouch_daemon/afehal: Copy Size=384
06-13 01:10:55.999  1306  2169 E A03101/aptouch_daemon/afehal:     0000 0001 0002 0003 0004 0005 0006 0007 0008 0009 000a 000b 000c 000d 000e 000f 
06-13 01:10:55.999  1306  2169 E A03101/aptouch_daemon/afehal:   0:beef 0000 0000 0000 0000 0000 01b7 007a 0000 0000 0000 0000 0000 0000 0657 007a 
06-13 01:10:55.999  1306  2169 E A03101/aptouch_daemon/afehal:  16:05dd 0000 0000 0000 0000 0000 0000 0000 0000 0000 0000 0000 0000 0000 0000 0000 
06-13 01:10:55.999  1306  2169 E A03101/aptouch_daemon/afehal:  32:0000 0000 0000 0000 0000 0000 0000 0000 0000 0000 0000 0000 0000 0000 0000 0000 
06-13 01:10:55.999  1306  2169 E A03101/aptouch_daemon/afehal:  48:0000 0000 0000 0000 0000 0000 0000 0000 0000 0000 0000 0000 0000 0000 0000 0000 
06-13 01:10:55.999  1306  2169 E A03101/aptouch_daemon/afehal:  64:0000 0000 0000 0000 0000 0000 0000 0000 0000 0000 0000 0000 0000 0000 0000 0000 
06-13 01:10:55.999  1306  2169 E A03101/aptouch_daemon/afehal:  80:0000 0000 0000 0000 0000 0000 0000 0000 0000 0000 0000 0000 0000 0000 0000 0000 
06-13 01:10:55.999  1306  2169 E A03101/aptouch_daemon/afehal:  96:0000 0000 0000 0000 0000 0000 0000 0000 0000 0000 0000 0000 0000 0000 0000 0000 
06-13 01:10:55.999  1306  2169 E A03101/aptouch_daemon/afehal: 112:0000 0000 0000 0000 0000 0000 0000 0000 0657 0000 0000 0000 0657 0000 0000 0000 
06-13 01:10:55.999  1306  2169 E A03101/aptouch_daemon/afehal: 128:0000 0000 0000 0000 0657 0000 0000 03ab 01b7 0000 0657 0657 0000 0000 0000 0000 
06-13 01:10:55.999  1306  2169 E A03101/aptouch_daemon/afehal: 144:0000 0000 0656 0001 0000 0000 0000 0000 0000 0000 0000 0000 0000 0000 0000 0000 
06-13 01:10:55.999  1306  2169 E A03101/aptouch_daemon/afehal: 160:0000 0000 0000 0000 0001 0000 0656 0001 0000 0000 0000 0000 0000 0000 0000 0000 
06-13 01:10:55.999  1306  2169 E A03101/aptouch_daemon/afehal: 176:0000 0000 0000 0000 0000 0000 0000 0000 0000 0000 0000 0000 0000 0000 0000 0000 
06-13 01:10:56.000 44875 44875 E C02B61/i.hmos.inputmethod:inputMethod/BufferSourceStream: buffer read finish, offset:1039 ,dataSize1039.
06-13 01:10:56.000 44875 44875 E C02B61/i.hmos.inputmethod:inputMethod/BufferSourceStream: buffer read fail.
06-13 01:10:56.000 44875 44875 E C02B61/i.hmos.inputmethod:inputMethod/BufferSourceStream: buffer read finish, offset:2558 ,dataSize2558.
06-13 01:10:56.000 44875 44875 E C02B61/i.hmos.inputmethod:inputMethod/BufferSourceStream: buffer read fail.
06-13 01:10:56.009 44875 44950 W C0420A/i.hmos.inputmethod:inputMethod/WMSLife: GetAttachStateSyncResult: lifecycleCallback is null
06-13 01:10:56.009  1306  2169 E A03101/aptouch_daemon/afehal: Get frame timeout again, need reset
06-13 01:10:56.010  1306  2169 W C02503/aptouch_daemon/DriverListener: ProcessStatus[913] [0]status:0x8001c1
06-13 01:10:56.010  1306  2169 W C02503/aptouch_daemon/DriverListener: operator()[392] [0]RegListeningAppInfo b=0
06-13 01:10:56.010  2938  4247 E C04217/com.ohos.sceneboard/WMSAttribute: SetSecurityLayerWhenEnterForeground: leash node is null, win=[1449, softKeyboard1]
06-13 01:10:56.010  2938  2938 E C04200/com.ohos.sceneboard/SceneSession: NotifyDisplayMove: Notify display move failed, sessionStage is null
06-13 01:10:56.010  2938  2938 W C04202/com.ohos.sceneboard/WMSMain: UpdateDensity: Session is invalid, id: 8 state: 0
06-13 01:10:56.010  1306  2169 W C02503/aptouch_daemon/DriverListener: ProcessStatus[934] -
06-13 01:10:56.012  2938  2938 W A04204/com.ohos.sceneboard/WMSScb: SCBKeyboardPanel sessionChangeCallback is null 
06-13 01:10:56.012 44875 44875 E A000FF/i.hmos.inputmethod:inputMethod/HMKeyboard_OldEngineTool: EngineToolBase should not call reloadProDict.
06-13 01:10:56.012 44875 44875 W A000FF/i.hmos.inputmethod:inputMethod/HMKeyboard_ZhWuBiEngine: invalid path
06-13 01:10:56.015 44875 44902 E C04208/i.hmos.inputmethod:inputMethod/WMSLayout: RecalculateLimits: ratio is zero
06-13 01:10:56.016  1669  1669 W C01409/aps_manager/APS_MANAGER: FrameRateControl removeSceneInfo: unknow scene!
06-13 01:10:56.019  2938  2938 E C03947/com.ohos.sceneboard/AceStateMgmt: [(100000:100000:scope)] FIX THIS APPLICATION ERROR: @Component 'SCBKeyboard': State variable 'isShowSector' has changed during render! It's illegal to change @Component state while build (initial render or re-render) is on-going. Application error! Current log drops 540 line(s).
06-13 01:10:56.020  2938  2938 W C01406/com.ohos.sceneboard/OHOS::RS: [comm]RSRenderServiceClient::RegisterBufferAvailableListener Node 192736657408002 already, bufferAvailableCbUIMap_
06-13 01:10:56.020 20924 20924 E C01700/commonUI/RSS: ResSchedClient::ReportData type not subscribed.
06-13 01:10:56.021 44875 44950 W C0420A/i.hmos.inputmethod:inputMethod/WMSLife: GetAttachStateSyncResult: lifecycleCallback is null
06-13 01:10:56.021 44875 44950 E C01C10/i.hmos.inputmethod:inputMethod/ImsaKit: line: 1632, function: FinishTextPreview,dataChannel is nullptr!
06-13 01:10:56.023 44875 26430 E C01C10/i.hmos.inputmethod:inputMethod/ImsaKit: line: 1525, function: NotifyKeyboardHeight,channel is nullptr!
06-13 01:10:56.024 44875 44875 W A000FF/i.hmos.inputmethod:inputMethod/HMKeyboard_InputPanelMgr: getPanelPosition error::panel invalid, type:1
06-13 01:10:56.024 44875 44875 W A000FF/i.hmos.inputmethod:inputMethod/HMKeyboard_InputPanelMgr: isPanelShowing error::panel invalid, type:1
06-13 01:10:56.025 44875 44875 W A000FF/i.hmos.inputmethod:inputMethod/HMKeyboard_InputPanelMgr: hide error::panel invalid, type:1
06-13 01:10:56.026  2938  2938 W C0393B/com.ohos.sceneboard/AceWindowScene: [(100000:100000:scope)] parentId:346, nodeId:638360, sessionId:8
06-13 01:10:56.027  2938  2938 W C0393B/com.ohos.sceneboard/AceWindowScene: [(100000:100000:scope)] parentId:638360, nodeId:638368, sessionId:1449
06-13 01:10:56.028  2938  2938 W A0420B/com.ohos.sceneboard/WMSKeyboard: NotifyAnimationSyncCallbacks, callName: 274 283 300 332 338 343 349 351 354 357 358 360 
06-13 01:10:56.028  1669  1669 W C01409/aps_manager/APS_MANAGER: FrameRateControl removeSceneInfo: unknow scene!
06-13 01:10:56.029  2938  2938 W A04204/com.ohos.sceneboard/WMSScb: SCBKeyboardPanel sessionChangeCallback is null 
06-13 01:10:56.030  1669 54000 W C01409/aps_manager/APS_MANAGER: FrameRateControl removeSceneInfo: unknow scene!
06-13 01:10:56.031 44875 44875 W A000FF/i.hmos.inputmethod:inputMethod/HMKeyboard_AiGcConfigManager: checkForNewConfig refuse!
06-13 01:10:56.032  2938  2938 W C0393B/com.ohos.sceneboard/AceWindowScene: [(100000:100000:scope)] parentId:346, nodeId:638360, sessionId:8
06-13 01:10:56.032 44875 44875 W A000FF/i.hmos.inputmethod:inputMethod/HMKeyboard_WuBiEngine: WuBi engine not initialed now
06-13 01:10:56.033 44875 21000 W C04707/i.hmos.inputmethod:inputMethod/HaEcc: Ignore invalid keys: ba**ck.
06-13 01:10:56.034 44875 44875 E C02220/i.hmos.inputmethod:inputMethod/DeviceMotionEvent: in RemoveAllCallback, onRefSets is empty
06-13 01:10:56.035  1519 19671 E C05A02/privacy_service/PRIVACY: [VerifyPermission]Permission denied(callingTokenID=671461149)
06-13 01:10:56.035  1156 11657 E C05A02/msdp/PRIVACY: [nodict]Read result failed, code is: 1.
06-13 01:10:56.035  1156 11657 E C02210/msdp/MotionPermission: in AddPermissionRecord, AddPermissionUsedRecord fail, permissionName:ohos.permission.DETECT_GESTURE, successCount:1, failCount:0
06-13 01:10:56.035  1590 18847 W C01650/foundation/RdbStoreManager: IsConfigInvalidChanged:no bundleName
06-13 01:10:56.035  1590 18847 E C01650/foundation/SilentProxy: IsSupportSilentFromService:GetRdbService failed, err is 27394049.
06-13 01:10:56.035  1519 19671 E C05A02/privacy_service/PRIVACY: [VerifyPermission]Permission denied(callingTokenID=671461149)
06-13 01:10:56.035  1156 11657 E C05A02/msdp/PRIVACY: [nodict]Read result failed, code is: 1.
06-13 01:10:56.035  1156 11657 E C02210/msdp/MotionPermission: in AddPermissionRecord, AddPermissionUsedRecord fail, permissionName:ohos.permission.ACTIVITY_MOTION, successCount:0, failCount:1
06-13 01:10:56.036 44875 44875 E C02210/i.hmos.inputmethod:inputMethod/MotionClient: in RemoveSubscribeInfo, RemoveSubscribeInfo success
06-13 01:10:56.036  2938  2938 W C0393B/com.ohos.sceneboard/AceWindowScene: [(100000:100000:scope)] parentId:346, nodeId:638360, sessionId:8
06-13 01:10:56.037 44875 44875 W A000FF/i.hmos.inputmethod:inputMethod/HMKeyboard_Display_CommonDialog: unRegisterListeners failed, displayIdListenersRegistered is invalid
06-13 01:10:56.037  1590 18847 E C01650/foundation/StepResultSet: GoToRow:position[0] rowCount[0] rowPos_[-1]!
06-13 01:10:56.037 44875 44875 W A000FF/i.hmos.inputmethod:inputMethod/HMKeyboard_Display_ContactSelec: unRegisterListeners failed, displayIdListenersRegistered is invalid
06-13 01:10:56.037  2938  2938 W C0393B/com.ohos.sceneboard/AceWindowScene: [(100000:100000:scope)] parentId:638360, nodeId:638368, sessionId:1449
06-13 01:10:56.038  2938  2938 W A0420B/com.ohos.sceneboard/WMSKeyboard: NotifyAnimationSyncCallbacks, callName: 274 283 300 332 338 343 349 351 354 357 358 360 
06-13 01:10:56.039 44875 44875 E C03F00/i.hmos.inputmethod:inputMethod/ArkCompiler: [ecmascript] Pending exception before NewObject called in line:2764, exception details as follows:
06-13 01:10:56.039 44875 44875 E C03F00/i.hmos.inputmethod:inputMethod/ArkCompiler: Error: BussinessError 9900002: Transient task verification failed. Request is not allow after the preset time of entering background.
06-13 01:10:56.039 44875 44875 E C03F00/i.hmos.inputmethod:inputMethod/ArkCompiler: Cannot get SourceMap info, dump raw stack:
06-13 01:10:56.039 44875 44875 E C03F00/i.hmos.inputmethod:inputMethod/ArkCompiler:     at requestSuspendDelay (entry|@ime/work|1.0.0|src/main/ets/BackgroundTaskManager.ts:0:4234)
06-13 01:10:56.039 44875 44875 E C03F00/i.hmos.inputmethod:inputMethod/ArkCompiler:     at e997 (entry|entry|1.0.0|src/main/ets/component/panel/InputPanel.ts:1:10199)
06-13 01:10:56.039 44875 44875 E C03F00/i.hmos.inputmethod:inputMethod/ArkCompiler:     at v996 (entry|entry|1.0.0|src/main/ets/component/panel/InputPanel.ts:1:11771)
06-13 01:10:56.039 44875 44875 E C03F00/i.hmos.inputmethod:inputMethod/ArkCompiler:     at anonymous (entry|entry|1.0.0|src/main/ets/component/panel/InputPanel.ts:1:8190)
06-13 01:10:56.039 44875 44875 E A000FF/i.hmos.inputmethod:inputMethod/HMKeyboard_BackgroundTaskManage: requestSuspendDelay failed. code is 9900002
06-13 01:10:56.039  1669 54000 W C01409/aps_manager/APS_MANAGER: FrameRateControl removeSceneInfo: unknow scene!
06-13 01:10:56.042 44875 44875 W A000FF/i.hmos.inputmethod:inputMethod/HMKeyboard_Display_CeliaWriterP: unRegisterListeners failed, displayIdListenersRegistered is invalid
06-13 01:10:56.042 44875 44875 W A000FF/i.hmos.inputmethod:inputMethod/HMKeyboard_Display_CeliaWriterT: unRegisterListeners failed, displayIdListenersRegistered is invalid
06-13 01:10:56.042  2938  4247 E C04215/com.ohos.sceneboard/WMSHierarchy: SceneZOrderCheckProcess: ZOrderCheck start
06-13 01:10:56.046  1590  3388 W C01202/foundation/Subscriber: Subscribe usual.event.PLUGIN_PACKAGE_CHANGED,usual.event.PLUGIN_PACKAGE_ADDED,usual.event.PLUGIN_PACKAGE_REMOVED, without any restrict subid = 20924_20020036_-1_29438_139591703
06-13 01:10:56.047   856  1405 E C02803/multimodalinput/InputWindowsManager: [|2422]CHKPV(lastPointerEventCopy) is null
06-13 01:10:56.047 44875 21005 E A000FF/i.hmos.inputmethod:inputMethod/HMKeyboard_FileUtils: accessSync false 2
06-13 01:10:56.050 20924 20924 W C03F07/MUSL-LDSO: load libz.so failed, namespace=ndk no inherits, errno=2
06-13 01:10:56.051  2654 30579 E C01560/wifi_manager_service/OHWIFI_MANAGER_PERMISSION_HELPE: has no permission_name=ohos.permission.GET_WIFI_PEERS_MAC, pid=2938, uid=20020020
06-13 01:10:56.052   855 17171 E C02699/memmgrservice/MM: UpdateAppMemcgParam app 20020025 not exist
06-13 01:10:56.052   855 17171 E C02699/memmgrservice/MM: UpdateAppMemcgParam app 20020025 not exist
06-13 01:10:56.052  2938  2938 W A01A00/com.ohos.sceneboard/SYS_UI: Model.WifiController: setSignalLevelDelay:result 4
06-13 01:10:56.052 44875 26430 E C01C10/i.hmos.inputmethod:inputMethod/ImsaKit: line: 1525, function: NotifyKeyboardHeight,channel is nullptr!
06-13 01:10:56.060  1543  2115 E C01406/render_service/skia: NodeId[192736657482019], Surface[1], Canvas[1]
06-13 01:10:56.060  3040  3040 W A06666/com.huawei.hmos.aidataservice/160002364: Info_Publisher: publish AppUsage
06-13 01:10:56.061  1051  1196 E C01F0B/telephony/NetworkSearch: params is nullptr.
06-13 01:10:56.063  6135  6135 E C01CCC/virt_device/DRBO: [nodict][input_impl.cpp(UpdateWindowInfo)]Corrupted windows info
06-13 01:10:56.063   855 17340 E C02699/memmgrservice/MM: SwapInMemcg Memcg(20020025 100) is null
06-13 01:10:56.063   855 17340 E C02699/memmgrservice/MM: UpdateAppMemcgParam app 20020025 not exist
06-13 01:10:56.064   856  2209 E C02800/multimodalinput/ContainerIpcMgr: [|1519]UdsSendEvent fail, error:-1
06-13 01:10:56.064  3040 19280 W A00F00/com.huawei.hmos.aidataservice/CA: [ForegroundAppAbility:362]: IsNeedSkip true
06-13 01:10:56.064   855 17340 E C02699/memmgrservice/MM: UpdateAppMemcgParam app 20020025 not exist
06-13 01:10:56.064   855 17340 E C02699/memmgrservice/MM: UpdateAppMemcgParam app 20020025 not exist
06-13 01:10:56.066  1541 20888 W C04707/hianalytics/HaScene: No matched pattern for event: $APP_FOREGROUND.
06-13 01:10:56.097 20924 21015 W C02D07/commonUI/Verify: invalid configName=
06-13 01:10:56.099 20924 20991 W C01650/commonUI/RdbStoreManager: IsConfigInvalidChanged:no bundleName
06-13 01:10:56.100 20924 20991 E C01650/commonUI/SilentProxy: IsSupportSilentFromService:GetRdbService failed, err is 27394049.
06-13 01:10:56.126  1590 20831 W C01301/foundation/form_bundle_event_callback.cpp: [f3e9da00ecf0c5 0 0][OnReceiveEvent:61]package changed, bundleName:com.open.rundesk, userId:100
06-13 01:10:56.129  1590  2847 E C01656/foundation/UDMF: [f3e9da00ecf0c5 1777477 0]CustomUtdStore::ReadTypeCfgs Failed to open custom utd file, errno=2
06-13 01:10:56.129  1590  2847 E C01656/foundation/UDMF: [f3e9da00ecf0c5 1777477 0]CustomUtdStore::GetDynamicUtd ReadTypeCfgs failed, ret = 27721734.
06-13 01:10:56.130  1590  3388 W C01336/foundation/AMS: [f3e9da00ecf0c5 28a8ff 0][ABMS3381]not keep-alive application
06-13 01:10:56.131   855 17000 E C03D00/utils_base: Couldn't unlinkat subFile procs: Operation not permitted
06-13 01:10:56.131  1590 20831 W C011FF/foundation/ERMS: [f3e9da00ecf0c5 0 0][ERMS_CACHE(OnReceiveEvent:55)] OnReceiveEvent warning, invalid action.
06-13 01:10:56.131  1590  3380 W C01120/foundation/BMS: [f3e9da00ecf0c5 1927321 0]GetOsAccountLocalIdFromUid fail uid:5523 req from active userid
06-13 01:10:56.132  1590  3380 W C01301/foundation/form_event_util.cpp: [f3e9da00ecf0c5 1927321 0][HandleProviderUpdated:95]bundleName:com.open.rundesk, userId:100, needReload:1
06-13 01:10:56.133  1590  2849 W C01650/foundation/RdbStoreManager: [f3e9da00ecf0c5 17e86ed 0]IsConfigInvalidChanged:no bundleName
06-13 01:10:56.133  1590  2849 E C01650/foundation/SilentProxy: [f3e9da00ecf0c5 17e86ed 0]IsSupportSilentFromService:GetRdbService failed, err is 27394049.
06-13 01:10:56.141  1590  2849 E C01650/foundation/StepResultSet: [f3e9da00ecf0c5 17e86ed 0]GoToRow:position[0] rowCount[0] rowPos_[-1]!
06-13 01:10:56.141  1590  2849 W C01650/foundation/RdbStoreManager: [f3e9da00ecf0c5 17e86ed 0]IsConfigInvalidChanged:no bundleName
06-13 01:10:56.141  1590  2849 E C01650/foundation/SilentProxy: [f3e9da00ecf0c5 17e86ed 0]IsSupportSilentFromService:GetRdbService failed, err is 27394049.
06-13 01:10:56.142  1590  2849 E C01650/foundation/StepResultSet: [f3e9da00ecf0c5 17e86ed 0]GoToRow:position[0] rowCount[0] rowPos_[-1]!
06-13 01:10:56.142  1590  2849 W C01650/foundation/RdbStoreManager: [f3e9da00ecf0c5 17e86ed 0]IsConfigInvalidChanged:no bundleName
06-13 01:10:56.142  1590  2849 E C01650/foundation/SilentProxy: [f3e9da00ecf0c5 17e86ed 0]IsSupportSilentFromService:GetRdbService failed, err is 27394049.
06-13 01:10:56.143  1590 20831 E C01120/foundation/BMS: [f3e9da00ecf0c5 0 0][bundle_util.cpp(IsExistDir:563)]fail stat errno:2
06-13 01:10:56.143  1590 20831 E C01120/foundation/BMS: [f3e9da00ecf0c5 0 0][bundle_util.cpp(IsExistDir:563)]fail stat errno:2
06-13 01:10:56.143  1590 20831 E C01120/foundation/BMS: [f3e9da00ecf0c5 0 0][bundle_util.cpp(IsExistDir:563)]fail stat errno:2
06-13 01:10:56.146 20924 20991 E C03F00/commonUI/ArkEtsVm: [nodict]ani: Cannot attach current thread, reached the limit of EAWorkers
06-13 01:10:56.149 20924 20924 W C03F04/commonUI/MMG: [NMM:1289] Name mismatch: systemParameterEnhance != systemParameterV9
06-13 01:10:56.154 20924 20991 W C01321/commonUI/JsRuntime: [CSM256]not Connected
06-13 01:10:56.154 20924 20991 W C01321/commonUI/JsRuntime: [CSM161]not Connected
06-13 01:10:56.157  1590  2523 W C01202/foundation/Static: [f3e9da00ecf0c5 850077 0]key:bundleType not equal want
06-13 01:10:56.157  1590  2523 W C01202/foundation/Static: [f3e9da00ecf0c5 850077 0]key:bundleType not equal want
06-13 01:10:56.158  1590  3385 E C01336/foundation/AMS: [f3e9da00ecf0c5 7a4675 850077][control_interceptor.cpp90]getId fail
06-13 01:10:56.159 20924 20924 W C03F04/commonUI/MMG: [NMM:1289] Name mismatch: hms.hds.HdsBaseComponentNapi != hds.HdsBaseComponentNapi
06-13 01:10:56.161  1590  3385 W C01337/foundation/EcologicalRule: [f3e9da00ecf0c5 7a4675 850077][ERI235]failed,uid: 5523
06-13 01:10:56.163  1590  3385 W C01340/foundation/Ext: [f3e9da00ecf0c5 7a4675 850077][ABCM1972]fail
06-13 01:10:56.162 43987  8685 W C02D13/hdcd/HDC_LOG: [BeginRemoveTask:160] BeginRemoveTask taskType:4 channelId:3603582776
06-13 01:10:56.163 43987  8685 W C02D13/hdcd/HDC_LOG: [ClearOwnTasks:190] ClearOwnTasks OP_CLEAR finish, sessionId:307******156(L:10) channelIDInput:3603582776
06-13 01:10:56.163 43987  8685 W C02D13/hdcd/HDC_LOG: [TaskClassDeleteRetry:115] taskClassDeleteRetry start clear task, taskType:4 cid:3603582776 sid:307******156(L:10)
06-13 01:10:56.163 43987  8685 W C02D13/hdcd/HDC_LOG: [TaskClassDeleteRetry:134] TaskDelay task remove finish, channelId:3603582776
06-13 01:10:56.166 20924 20924 W C03F04/commonUI/MMG: [NMM:1289] Name mismatch: hms.hds.HdsVisualEffectsNapi != hds.HdsVisualEffectsNapi
06-13 01:10:56.173  1590  2274 W C04201/foundation/DMS: [a92abea0102330c 0 0] NotifyUnfreezed: pid,type:1946,3 11 |4323,11 |10558,11 |11570,3 |12307,3 |23110,17 |29837,3 |30762,3 |34047,3 |42537,3 |44875,11 |57799,11 |
06-13 01:10:56.175  3040  3040 W A06666/com.huawei.hmos.aidataservice/160002364: Info_Publisher: publish PackageChange
06-13 01:10:56.176  1590  2274 W C04201/foundation/DMS: [a92abfa01029cf4 0 0] NotifyUnfreezed: pid,type:1946,3 11 |4323,11 |10558,11 |11570,3 |12307,3 |23110,17 |29837,3 |30762,3 |34047,3 |42537,3 |44875,11 |57799,11 |
06-13 01:10:56.176  2938  2938 W A01A00/com.ohos.sceneboard/SYS_UI: LiveCapsuleListVm: start to toggleCapsuleList, param:  {"isUpwards":true,"isUpdateImmediately":false,"needAnimation":false,"needShowStatusBar":false}
06-13 01:10:56.177  2938  2938 W A01A00/com.ohos.sceneboard/SYS_UI: LiveCapsuleListVm: Visible is not changed, stop toggleCapsuleList. isForceUpdate: undefined
06-13 01:10:56.177 20924 20924 W C03F04/commonUI/MMG: [NMM:1289] Name mismatch: file.photoAccessHelperNative != file.photoAccessHelper
06-13 01:10:56.179  1590  2274 W C04201/foundation/DMS: [a92ab0a0102a9b1 0 0] NotifyUnfreezed: pid,type:1946,3 11 |4323,11 |10558,11 |11570,3 |12307,3 |23110,17 |29837,3 |30762,3 |34047,3 |42537,3 |44875,11 |57799,11 |
06-13 01:10:56.182  2938  2938 W A01B00/com.ohos.sceneboard/SCB: LauncherAbilityManager --> mBundleStatusCallback update bundleName: com.open.rundeskappIndex: 0
06-13 01:10:56.184  1590 21039 E C01650/foundation/StepResultSet: GoToRow:position[0] rowCount[0] rowPos_[-1]!
06-13 01:10:56.187  2938  2938 W A01B01/com.ohos.sceneboard/HOME: SCBSPVM: [SCBMain][id:1910]onTerminateScene, containerId=undefined scenePanelState=2 needRemoveSession=true needClearData=true shouldBackToCaller=false needClearCallerLink=undefined isSessionException=undefined
06-13 01:10:56.188  2938 19700 W C01650/com.ohos.sceneboard/RdbStoreManager: [f3e9da00ecf0c5 45b4e1 2001f5f]IsConfigInvalidChanged:no bundleName
06-13 01:10:56.188  2938 19700 E C01650/com.ohos.sceneboard/SilentProxy: [f3e9da00ecf0c5 45b4e1 2001f5f]IsSupportSilentFromService:GetRdbService failed, err is 27394049.
06-13 01:10:56.188  2938  2938 W A01B01/com.ohos.sceneboard/HOME: SCBSPVM: [SCBMain]onTerminateScene EntryAbility/com.open.rundesk/entry/0(persistentId: 1910)(containerId: 360) isActive=false isFloat=false isSplit=false isMidScene=false needRemoveSession=true isForceClean=false
06-13 01:10:56.188  2938  2938 W A01B01/com.ohos.sceneboard/HOME: SCBSPVM: [SCBMain]onTerminateScene, the scene is inActive or the scenePanelState is Recent return.
06-13 01:10:56.188  2938  2938 W A01B01/com.ohos.sceneboard/HOME: SCBSPVM: [SCBMain]onTerminateSceneFromBackgroundOrRecent immediately name:EntryAbility/com.open.rundesk/entry/0(persistentId: 1910)(containerId: 360) needRemoveSession:true
06-13 01:10:56.188  2938  2938 W A0420A/com.ohos.sceneboard/WMSLife: Request scene container session destruction, name: EntryAbility/com.open.rundesk/entry/0(persistentId: 1910)(containerId: 360) delete: true needClearData: true isSaveSnapshot: undefined isForceClean: false
06-13 01:10:56.188  2938  2938 W A04200/com.ohos.sceneboard/WINDOW: SCBSceneSession: nativeRefAvailability checking with native reference unavailable, need to clear cache.
06-13 01:10:56.188  2938  2938 W A04200/com.ohos.sceneboard/WINDOW: SCBScenePersistent: delete from persistentMap, persistentId: 1910
06-13 01:10:56.189  2938  2938 W A04200/com.ohos.sceneboard/WINDOW: SCBSpecialScenePanelViewModel: Failed to get scene containerSession with session id:1910 from special panel
06-13 01:10:56.189  2938  2938 E A04200/com.ohos.sceneboard/WINDOW: SCBSpecialScenePanelViewModel: cannot find containerSession with persistentId:1910
06-13 01:10:56.189  2938  2938 W A04222/com.ohos.sceneboard/WMSMission: [Screen:0][Panel:1]getMissionProcessor null, fallback to empty default
06-13 01:10:56.189  2938  2938 W A04222/com.ohos.sceneboard/WMSMission: [Screen:0][Panel:2]getMissionProcessor null, fallback to empty default
06-13 01:10:56.189  2938  2938 W A01B01/com.ohos.sceneboard/HOME: appInstall_CacheManager --> appAddedOrUpdated is not from app gallery, maybe from hdc install bundleName:com.open.rundesk
06-13 01:10:56.189  2938  2938 W A01B01/com.ohos.sceneboard/HOME: appInstall_CacheManager --> appAddedOrUpdated bundleName: com.open.rundesk, appIndex: 0
06-13 01:10:56.191  1590 21039 E C01336/foundation/AMS: [ABMS5117]nullptr
06-13 01:10:56.196   604 20873 I C02C02/PARAM: SystemWaitParameter startup.service.ctl.app_fwk_update_service v 5 ret 0
06-13 01:10:56.197  1590 20248 E C01650/foundation/StepResultSet: GoToRow:position[0] rowCount[0] rowPos_[-1]!
06-13 01:10:56.197  1590 20248 E C01120/foundation/BMS: [shortcut_visible_data_storage_rdb.cpp(ProcessStaticShortcutInfos:181)]GoToFirstRow failed
06-13 01:10:56.197  1590 20248 E C01650/foundation/StepResultSet: GoToRow:position[0] rowCount[0] rowPos_[-1]!
06-13 01:10:56.197  1590 20248 E C01120/foundation/BMS: [shortcut_visible_data_storage_rdb.cpp(GetStorageShortcutInfos:240)]GoToFirstRow failed
06-13 01:10:56.197  1590 20248 W C01650/foundation/RdbStoreManager: IsConfigInvalidChanged:no bundleName
06-13 01:10:56.197  1590 20248 E C01650/foundation/SilentProxy: IsSupportSilentFromService:GetRdbService failed, err is 27394049.
06-13 01:10:56.197  1590 20869 E C01650/foundation/RdbStoreManager: operator():database visitor:foundation.
06-13 01:10:56.197  1590 20248 E C01650/foundation/StepResultSet: GoToRow:position[0] rowCount[0] rowPos_[-1]!
06-13 01:10:56.197  1590 20248 E C01120/foundation/BMS: [shortcut_enabled_data_storage_rdb.cpp(FilterShortcutInfosEnabled:132)]GoToFirstRow failed
06-13 01:10:56.198  2938  2938 W A01B00/com.ohos.sceneboard/SCB: IconResourceManager: deleteIconResourceByBundle, bundleName:com.open.rundesk, tag:removeItemCache
06-13 01:10:56.198  2938  2938 W A04200/com.ohos.sceneboard/WINDOW: SCBMultiWindowManager: ignore package change event, bundleName: com.open.rundesk appIndex: 0
06-13 01:10:56.200  2938  2938 E A0001B/com.ohos.sceneboard/AA: IntelligentFormDataViewModel --> refreshCardByAppUpdate bundleName not exist.
06-13 01:10:56.201   604 21026 W C057C1/samgr/IPCWorkThread: ThreadHandler: proto:0 policy:0 name:OS_IPC_266_21026 invoker:2856352896
06-13 01:10:56.201 13170 21028 W C057C1/ard:ScreenLockEditUIExtAbility/IPCWorkThread: ThreadHandler: proto:0 policy:0 name:OS_IPC_53_21028 invoker:1290338048
