06-13 01:10:50.895  6134  6257 W C01CCD/anco_service_broker/Broker: [broker_pasteboard_observer.cpp(OnPasteboardEvent:34)]the operate is requested by anco_service_broker
06-13 01:10:50.896  6134 20787 E C01C01/anco_service_broker/PBC: ProcessPasteData# Invalid raw data size:0
06-13 01:10:50.896  6134 20787 E C01CCD/anco_service_broker/Broker: [pasteboard_broker_sa.cpp(SetPastedata:158)]failed to get pasteData from oh pasteboard.
06-13 01:10:50.897  6134  6134 E C01CCD/anco_service_broker/Broker: [keyguard_broker_sa.cpp(UpdateLockState:125)]UpdateLockState isEnable 0, result is 0
06-13 01:10:50.901  6134  6257 W C01D11/anco_service_broker/AamsBrokerService: [(DeregisterElementOperator:280)]Not find windowId[1807] in ASAC
06-13 01:10:50.901  6134  6257 W C01D11/anco_service_broker/AamsBrokerService: [(DeregisterElementOperator:280)]Not find windowId[1783] in ASAC
06-13 01:10:50.902  6134  6262 W C01D11/anco_service_broker/AamsBrokerService: [(DeregisterElementOperator:280)]Not find windowId[1782] in ASAC
06-13 01:10:50.903  6134  6262 W C01D11/anco_service_broker/AamsBrokerService: [(DeregisterElementOperator:280)]Not find windowId[1781] in ASAC
06-13 01:10:50.903  6134  6262 W C01D11/anco_service_broker/AamsBrokerService: [(DeregisterElementOperator:280)]Not find windowId[1780] in ASAC
06-13 01:10:50.903  6134  6262 W C01D11/anco_service_broker/AamsBrokerService: [(DeregisterElementOperator:280)]Not find windowId[1766] in ASAC
06-13 01:10:50.903  6134  6224 W C01D11/anco_service_broker/AamsBrokerService: [(DeregisterElementOperator:280)]Not find windowId[1765] in ASAC
06-13 01:10:50.903  6134  6224 W C01D11/anco_service_broker/AamsBrokerService: [(DeregisterElementOperator:280)]Not find windowId[1764] in ASAC
06-13 01:10:50.903  6134  6262 W C01D11/anco_service_broker/AamsBrokerService: [(DeregisterElementOperator:280)]Not find windowId[1763] in ASAC
06-13 01:10:50.904  6134  6262 W C01D11/anco_service_broker/AamsBrokerService: [(DeregisterElementOperator:280)]Not find windowId[1760] in ASAC
06-13 01:10:50.904  6134  6262 W C01D11/anco_service_broker/AamsBrokerService: [(DeregisterElementOperator:280)]Not find windowId[1759] in ASAC
06-13 01:10:50.904  6134  6262 W C01D11/anco_service_broker/AamsBrokerService: [(DeregisterElementOperator:280)]Not find windowId[1756] in ASAC
06-13 01:10:50.904  6134  6262 W C01D11/anco_service_broker/AamsBrokerService: [(DeregisterElementOperator:280)]Not find windowId[1665] in ASAC
06-13 01:10:50.904  6134  6262 W C01D11/anco_service_broker/AamsBrokerService: [(DeregisterElementOperator:280)]Not find windowId[1556] in ASAC
06-13 01:10:50.905  6134  6262 W C01D11/anco_service_broker/AamsBrokerService: [(DeregisterElementOperator:280)]Not find windowId[1554] in ASAC
06-13 01:10:50.905  6134  6262 W C01D11/anco_service_broker/AamsBrokerService: [(DeregisterElementOperator:280)]Not find windowId[1553] in ASAC
06-13 01:10:50.905  6134  6262 W C01D11/anco_service_broker/AamsBrokerService: [(DeregisterElementOperator:280)]Not find windowId[1826] in ASAC
06-13 01:10:50.906  6134  6262 W C01D11/anco_service_broker/AamsBrokerService: [(DeregisterElementOperator:280)]Not find windowId[1147] in ASAC
06-13 01:10:50.906  6134  6262 W C01D11/anco_service_broker/AamsBrokerService: [(DeregisterElementOperator:280)]Not find windowId[1141] in ASAC
06-13 01:10:50.906  6134  6262 W C01D11/anco_service_broker/AamsBrokerService: [(DeregisterElementOperator:280)]Not find windowId[1140] in ASAC
06-13 01:10:50.906  6134  6262 W C01D11/anco_service_broker/AamsBrokerService: [(DeregisterElementOperator:280)]Not find windowId[1236] in ASAC
06-13 01:10:50.906  6134  6262 W C01D11/anco_service_broker/AamsBrokerService: [(DeregisterElementOperator:280)]Not find windowId[1139] in ASAC
06-13 01:10:50.907  6134  6262 W C01D11/anco_service_broker/AamsBrokerService: [(DeregisterElementOperator:280)]Not find windowId[1136] in ASAC
06-13 01:10:50.907  6134  6262 W C01D11/anco_service_broker/AamsBrokerService: [(DeregisterElementOperator:280)]Not find windowId[1075] in ASAC
06-13 01:10:50.907  6134  6262 W C01D11/anco_service_broker/AamsBrokerService: [(DeregisterElementOperator:280)]Not find windowId[1074] in ASAC
06-13 01:10:50.907  6134  6262 W C01D11/anco_service_broker/AamsBrokerService: [(DeregisterElementOperator:280)]Not find windowId[1649] in ASAC
06-13 01:10:50.907  2654 40801 E C01560/wifi_manager_service/WifiCongestionService: HandleSignalPollChangedMsg unsupported
06-13 01:10:50.907  6134  6262 W C01D11/anco_service_broker/AamsBrokerService: [(DeregisterElementOperator:280)]Not find windowId[1826] in ASAC
06-13 01:10:50.907  6134  6262 W C01D11/anco_service_broker/AamsBrokerService: [(DeregisterElementOperator:280)]Not find windowId[1552] in ASAC
06-13 01:10:50.907  6134  6262 W C01D11/anco_service_broker/AamsBrokerService: [(DeregisterElementOperator:280)]Not find windowId[1837] in ASAC
06-13 01:10:50.907  1590 20195 W C01336/foundation/AMS: [crowd_test_interceptor.cpp54]GetAppInfo failed
06-13 01:10:50.907  6134  6224 W C01D11/anco_service_broker/AamsBrokerService: [(DeregisterElementOperator:280)]Not find windowId[1067] in ASAC
06-13 01:10:50.907  1590 20195 W C01120/foundation/BMS: get running rule -n empty
06-13 01:10:50.907  6134  6262 W C01D11/anco_service_broker/AamsBrokerService: [(DeregisterElementOperator:280)]Not find windowId[1803] in ASAC
06-13 01:10:50.908  6134  6262 W C01D11/anco_service_broker/AamsBrokerService: [(DeregisterElementOperator:280)]Not find windowId[12] in ASAC
06-13 01:10:50.908  6134  6162 W C01D11/anco_service_broker/AamsBrokerService: [(DeregisterElementOperator:280)]Not find windowId[1557] in ASAC
06-13 01:10:50.908  6134  6162 W C01D11/anco_service_broker/AamsBrokerService: [(DeregisterElementOperator:280)]Not find windowId[1072] in ASAC
06-13 01:10:50.908  6134  6162 W C01D11/anco_service_broker/AamsBrokerService: [(DeregisterElementOperator:280)]Not find windowId[1551] in ASAC
06-13 01:10:50.908  6134  6162 W C01D11/anco_service_broker/AamsBrokerService: [(DeregisterElementOperator:280)]Not find windowId[1066] in ASAC
06-13 01:10:50.908  6134  6162 W C01D11/anco_service_broker/AamsBrokerService: [(DeregisterElementOperator:280)]Not find windowId[969] in ASAC
06-13 01:10:50.908  6134  6162 W C01D11/anco_service_broker/AamsBrokerService: [(DeregisterElementOperator:280)]Not find windowId[1065] in ASAC
06-13 01:10:50.908  6134  6162 W C01D11/anco_service_broker/AamsBrokerService: [(DeregisterElementOperator:280)]Not find windowId[968] in ASAC
06-13 01:10:50.908  6134  6162 W C01D11/anco_service_broker/AamsBrokerService: [(DeregisterElementOperator:280)]Not find windowId[1258] in ASAC
06-13 01:10:50.908  6134  6162 W C01D11/anco_service_broker/AamsBrokerService: [(DeregisterElementOperator:280)]Not find windowId[1064] in ASAC
06-13 01:10:50.908  6134  6162 W C01D11/anco_service_broker/AamsBrokerService: [(DeregisterElementOperator:280)]Not find windowId[967] in ASAC
06-13 01:10:50.908  6134  6162 W C01D11/anco_service_broker/AamsBrokerService: [(DeregisterElementOperator:280)]Not find windowId[1742] in ASAC
06-13 01:10:50.908  6134  6162 W C01D11/anco_service_broker/AamsBrokerService: [(DeregisterElementOperator:280)]Not find windowId[1063] in ASAC
06-13 01:10:50.908  6134  6162 W C01D11/anco_service_broker/AamsBrokerService: [(DeregisterElementOperator:280)]Not find windowId[966] in ASAC
06-13 01:10:50.909  6134  6162 W C01D11/anco_service_broker/AamsBrokerService: [(DeregisterElementOperator:280)]Not find windowId[960] in ASAC
06-13 01:10:50.909  6134  6162 W C01D11/anco_service_broker/AamsBrokerService: [(DeregisterElementOperator:280)]Not find windowId[959] in ASAC
06-13 01:10:50.909  6134  6162 W C01D11/anco_service_broker/AamsBrokerService: [(DeregisterElementOperator:280)]Not find windowId[955] in ASAC
06-13 01:10:50.909  6134  6162 W C01D11/anco_service_broker/AamsBrokerService: [(DeregisterElementOperator:280)]Not find windowId[1817] in ASAC
06-13 01:10:50.909  6134  6162 W C01D11/anco_service_broker/AamsBrokerService: [(DeregisterElementOperator:280)]Not find windowId[1812] in ASAC
06-13 01:10:50.909  6134  6162 W C01D11/anco_service_broker/AamsBrokerService: [(DeregisterElementOperator:280)]Not find windowId[939] in ASAC
06-13 01:10:50.909  6134  6162 W C01D11/anco_service_broker/AamsBrokerService: [(DeregisterElementOperator:280)]Not find windowId[938] in ASAC
06-13 01:10:50.909  6134  6162 W C01D11/anco_service_broker/AamsBrokerService: [(DeregisterElementOperator:280)]Not find windowId[937] in ASAC
06-13 01:10:50.909  6134  6162 W C01D11/anco_service_broker/AamsBrokerService: [(DeregisterElementOperator:280)]Not find windowId[896] in ASAC
06-13 01:10:50.909  6134  6162 W C01D11/anco_service_broker/AamsBrokerService: [(DeregisterElementOperator:280)]Not find windowId[1768] in ASAC
06-13 01:10:50.909  6134  6162 W C01D11/anco_service_broker/AamsBrokerService: [(DeregisterElementOperator:280)]Not find windowId[895] in ASAC
06-13 01:10:50.909  6134  6162 W C01D11/anco_service_broker/AamsBrokerService: [(DeregisterElementOperator:280)]Not find windowId[1767] in ASAC
06-13 01:10:50.909  6134  6162 W C01D11/anco_service_broker/AamsBrokerService: [(DeregisterElementOperator:280)]Not find windowId[861] in ASAC
06-13 01:10:50.909  6134  6162 W C01D11/anco_service_broker/AamsBrokerService: [(DeregisterElementOperator:280)]Not find windowId[957] in ASAC
06-13 01:10:50.909  6134  6162 W C01D11/anco_service_broker/AamsBrokerService: [(DeregisterElementOperator:280)]Not find windowId[1755] in ASAC
06-13 01:10:50.909  6134  6162 W C01D11/anco_service_broker/AamsBrokerService: [(DeregisterElementOperator:280)]Not find windowId[785] in ASAC
06-13 01:10:50.909  6134  6162 W C01D11/anco_service_broker/AamsBrokerService: [(DeregisterElementOperator:280)]Not find windowId[770] in ASAC
06-13 01:10:50.910  6134  6162 W C01D11/anco_service_broker/AamsBrokerService: [(DeregisterElementOperator:280)]Not find windowId[52] in ASAC
06-13 01:10:50.910  6134  6162 W C01D11/anco_service_broker/AamsBrokerService: [(DeregisterElementOperator:280)]Not find windowId[138] in ASAC
06-13 01:10:50.910  6134  6162 W C01D11/anco_service_broker/AamsBrokerService: [(DeregisterElementOperator:280)]Not find windowId[1803] in ASAC
06-13 01:10:50.910  6134  6162 W C01D11/anco_service_broker/AamsBrokerService: [(DeregisterElementOperator:280)]Not find windowId[57] in ASAC
06-13 01:10:50.910  6134  6162 W C01D11/anco_service_broker/AamsBrokerService: [(DeregisterElementOperator:280)]Not find windowId[55] in ASAC
06-13 01:10:50.911  6134  6134 W C01120/anco_service_broker/BMS: GetParcelableInfo reply false
06-13 01:10:50.911  6134  6134 W C01121/anco_service_broker/BMSQuery: bundle_mgr_proxy.cpp:QueryAbilityInfo:1311 QueryAbilityInfo mutiparam from server fail
06-13 01:10:50.911  6134  6134 E C01CBD/anco_service_broker/AmsBrokerService: [AmsBroker(HasPermissionsDeclareForAbility:106)]query ability info failed from bundleMgr Ability:DataShareExtAbility, bundle:com.ohos.medialibrary.medialibrarydata.
06-13 01:10:50.911  1590 20195 W C01337/foundation/EcologicalRule: [ERI235]failed,uid: 5557
06-13 01:10:50.913  6134  6261 E C01CCD/anco_service_broker/DMS_BROKER_LOG: [(OnDisplaySizeAndDensityChanged:171)]1260 2844 ret:0
06-13 01:10:50.914  1590 20195 E C01312/foundation/DbObsMgr: [dataobs_mgr_inner_ext.cpp281]subscribers num :0
06-13 01:10:50.914  1590 20195 E C01312/foundation/DbObsMgr: [dataobs_mgr_inner_ext.cpp281]subscribers num :0
06-13 01:10:50.917  6134  6262 W C05611/anco_service_broker/ASP: [nodict][SPB][message][message_broker.cpp:93] Send: SendToOhos, url=ohos/remind, method=remind
06-13 01:10:50.918  1519 19833 E C05610/privacy_service/ASP: [super_privacy_event_service:dialog]NotifyAncoActiveStatusChange: failed to get permissionName from permissionGroup: 'LOCATION'
06-13 01:10:50.918  6134  6262 W C05611/anco_service_broker/ASP: [nodict][SPB][message][message_broker.cpp:93] Send: SendToOhos, url=ohos/remind, method=remind
06-13 01:10:50.918   772 52798 W C02B87/audio_server/AudioDeviceCommon: [GetPreferredOutputDeviceDescInner]Invalid usage[0], return current device.
06-13 01:10:50.923  6134  6262 W C05611/anco_service_broker/ASP: [nodict][SPB][message][message_broker.cpp:93] Send: SendToOhos, url=ohos/remind, method=remind
06-13 01:10:50.923  1519 19833 E C05610/privacy_service/ASP: [super_privacy_event_service:dialog]NotifyAncoActiveStatusChange: failed to get permissionName from permissionGroup: 'LOCATION'
06-13 01:10:50.923  6134  6262 W C05611/anco_service_broker/ASP: [nodict][SPB][message][message_broker.cpp:93] Send: SendToOhos, url=ohos/remind, method=remind
06-13 01:10:51.143 43019 43019 E A03D00/com.open.rundesk/JSAPP: [LanDiscovery] loadLanPeers len=308 preview=[{"hostname":"latitude-5290-2-in-1","id":"1283267036","ipMac":{"192.168.11.116":"a0:80:69:ac:98:7e"},"online":true,"platform":"Windows","username":"Li Yan"},{"hostname":"latitude-5290-2-in-1","id":"12
06-13 01:10:51.143 43019 43019 E A03D00/com.open.rundesk/JSAPP: [LanDiscovery] Parsed peers count=2
06-13 01:10:51.206  1179  1290 W C01C42/time_service/TimeService: uid:5557 id:67872175 wk:0
06-13 01:10:51.206  1179  1290 W C01C42/time_service/TimeService: bat:50 id:67872175 we:248996788 mwe:313796788
06-13 01:10:51.206  1179  1290 W C01C42/time_service/TimeService: t3 203973124
06-13 01:10:51.257  1179  1290 W C01C42/time_service/TimeService: t3 203974088
06-13 01:10:51.275 43019 43019 I A03D00/com.open.rundesk/JSAPP: [HANDSHAKE_DIAG] Event: lan-load-diag, detail: count=2, peerId: 
06-13 01:10:51.334   855   900 W C057C3/memmgrservice/IPCObjectStub: SendRequestInner: Stub(desc:*.AncoStatusSubcriber) code:0 cost:501ms
06-13 01:10:51.691  1374  1374 E C05A01/bluetooth_service/ATM: [a92ab49fca31ed9 0 0][GetHapTokenInfo]TokenID =671334685 is invalid
06-13 01:10:51.716  1385 19334 E C01500/comm_protocol_resource_manager/CommResourceManager: [a92ab49fca31ed9 0 0][(GetEncryptAddr:31)]addr is invalid.
06-13 01:10:51.856  2905  2905 E C01CCD/bms_broker/Broker: [ (OnAncoStatusChanged:89)]main handler is nullptr
06-13 01:10:51.859   968  6137 I C02C02/PARAM: SystemSetParameter name anco_state id:15445 ret:0
06-13 01:10:51.870   605   691 I C02C03/PARAM_WATCHER: ProcessParameterChange key:anco_state pid:855
06-13 01:10:51.871   605   691 I C02C03/PARAM_WATCHER: ProcessParameterChange key:anco_state pid:1383
06-13 01:10:51.871   605   691 I C02C03/PARAM_WATCHER: ProcessParameterChange key:anco_state pid:856
06-13 01:10:51.871   605   691 I C02C03/PARAM_WATCHER: ProcessParameterChange key:anco_state pid:6135
06-13 01:10:51.871   605   691 I C02C03/PARAM_WATCHER: ProcessParameterChange key:anco_state pid:6133
06-13 01:10:51.871   605   691 I C02C03/PARAM_WATCHER: ProcessParameterChange key:anco_state pid:6134
06-13 01:10:51.879  6134  6134 E C01CCD/anco_service_broker/GraphicBroker: SetVSyncEnabledLocked: set vsync rate failed, ret=40001000, rate=-1
06-13 01:10:51.882  1590 20195 W C01340/foundation/Ext: [ABCM663]normal:20967
06-13 01:10:51.882  1590 20195 W C01340/foundation/Ext: [ABCM526]empty
06-13 01:10:51.888  2905  2905 W C011FB/bms_broker/BMSBroker: [FreezeCancel:164]get all uninstall bundleNames is empty
06-13 01:10:51.888  2905 19357 E C01CCD/bms_broker/Broker: [ (OnAncoStatusChanged:89)]main handler is nullptr
06-13 01:10:51.889   968  6137 I C02C02/PARAM: SystemSetParameter name anco_state id:15446 ret:0
06-13 01:10:51.891   605   691 I C02C03/PARAM_WATCHER: ProcessParameterChange key:anco_state pid:855
06-13 01:10:51.891   605   691 I C02C03/PARAM_WATCHER: ProcessParameterChange key:anco_state pid:1383
06-13 01:10:51.891   605   691 I C02C03/PARAM_WATCHER: ProcessParameterChange key:anco_state pid:856
06-13 01:10:51.891   605   691 I C02C03/PARAM_WATCHER: ProcessParameterChange key:anco_state pid:6135
06-13 01:10:51.891   605   691 I C02C03/PARAM_WATCHER: ProcessParameterChange key:anco_state pid:6133
06-13 01:10:51.891   605   691 I C02C03/PARAM_WATCHER: ProcessParameterChange key:anco_state pid:6134
06-13 01:10:51.893  6133  6170 E C02B8A/anco_audio/AncoAudioProxy: [AncoAvSessionActive][AudioRenderProxy::AncoAvSessionActive] start active.
06-13 01:10:51.896  2938 21149 E C02B91/com.ohos.sceneboard/AVSession: [HandleEvent]not register callback event=3
06-13 01:10:51.896  3040 21150 E C02B91/com.huawei.hmos.aidataservice/AVSession: [HandleEvent]not register callback event=3
06-13 01:10:51.900  6134  6134 W C01CCD/anco_service_broker/ALARM_BROKER_LOG: [(IsTimezoneChanged:242)]timezone is not changed, last: Africa/Casablanca
06-13 01:10:51.914  6135  6135 E C01CCC/virt_device/DRBO: [nodict][input_impl.cpp(UpdateWindowInfo)]Corrupted windows info
06-13 01:10:51.914   856  2209 E C02800/multimodalinput/ContainerIpcMgr: [|1519]UdsSendEvent fail, error:-1
06-13 01:10:51.916   605   691 I C02C03/PARAM_WATCHER: ProcessParameterChange key:hmos_fusion_mgr.ctl.inner.sync_switch pid:5430
06-13 01:10:51.917  2654 41359 E C01560/wifi_manager_service/WifiCongestionService: HandleSignalPollChangedMsg unsupported
06-13 01:10:51.923  6134  6134 E C01651/anco_service_broker/shared_block: GetCellUnit: Failed to read row 1, column 2 from a SharedBlock which has 0 rows, 0 columns.
06-13 01:10:51.923  6134  6134 E C01CCD/anco_service_broker/Broker: [ (GetDataRoamingRDBValue:1279)]resultValue is empty
06-13 01:10:51.923  6134  6134 E C01CCD/anco_service_broker/Broker: [ (OnChange:1232)]GetValue failed!
06-13 01:10:51.933  6134  6134 E C01CCD/anco_service_broker/NfcBroker: (112)NfcBrokerClient::GetNfcProxy()
06-13 01:10:51.934  4527  4527 E C01C02/pasteboard_service/PBS: IsPermissionGranted# permission denied, perm=ohos.permission.SECURE_PASTE
06-13 01:10:51.934  4527  4527 E C01C02/pasteboard_service/PBS: GetValidDistributeEvent# plugin is null
06-13 01:10:51.935  4527  4527 E C01C02/pasteboard_service/PBS: GetLocalNetworkId# ret: 0, networkId:cc7db
06-13 01:10:51.935  4527  4527 E C01C02/pasteboard_service/PBS: GetLocalData# no data userId is 100.
06-13 01:10:51.935  4527  4527 E C01C02/pasteboard_service/PBS: HandleGetDataError# get local or remote data err:27787283
06-13 01:10:51.935  4527  4527 E C04111/pasteboard_service/DHDM: [devicemanagerkit][GetUdidByNetworkId]:DeviceManagerImpl::GetUdidByNetworkId error: Invalid para, pkgName: pasteboard_dm_adapter, netWorkId: ******
06-13 01:10:51.935  4527  4527 E C01C02/pasteboard_service/PBS: GetPasteDataInner# data is invalid, ret is 27787283, callPid is 6134, tokenId is 671658075
06-13 01:10:51.936  6134  6162 W C01CCD/anco_service_broker/Broker: [broker_pasteboard_observer.cpp(OnPasteboardEvent:34)]the operate is requested by anco_service_broker
06-13 01:10:51.936  6134  6261 E C01CCD/anco_service_broker/DMS_BROKER_LOG: [(OnDisplayRotationChanged:133)]0 ret:0
06-13 01:10:51.937  6134 20797 E C01C01/anco_service_broker/PBC: ProcessPasteData# Invalid raw data size:0
06-13 01:10:51.937  6134  6134 E C01CCD/anco_service_broker/Broker: [keyguard_broker_sa.cpp(UpdateLockState:125)]UpdateLockState isEnable 0, result is 0
06-13 01:10:51.937  6134 20797 E C01CCD/anco_service_broker/Broker: [pasteboard_broker_sa.cpp(SetPastedata:158)]failed to get pasteData from oh pasteboard.
06-13 01:10:51.946  1590 20195 W C01336/foundation/AMS: [crowd_test_interceptor.cpp54]GetAppInfo failed
06-13 01:10:51.947  1590 20195 W C01120/foundation/BMS: get running rule -n empty
06-13 01:10:51.951  6134  6162 W C05611/anco_service_broker/ASP: [nodict][SPB][message][message_broker.cpp:93] Send: SendToOhos, url=ohos/remind, method=remind
06-13 01:10:51.952  1519 19833 E C05610/privacy_service/ASP: [super_privacy_event_service:dialog]NotifyAncoActiveStatusChange: failed to get permissionName from permissionGroup: 'LOCATION'
06-13 01:10:51.954  6134  6162 W C05611/anco_service_broker/ASP: [nodict][SPB][message][message_broker.cpp:93] Send: SendToOhos, url=ohos/remind, method=remind
06-13 01:10:51.954  6134  6261 E C01CCD/anco_service_broker/DMS_BROKER_LOG: [(OnDisplaySizeAndDensityChanged:171)]1260 2844 ret:0
06-13 01:10:51.958  6134  6134 W C01120/anco_service_broker/BMS: GetParcelableInfo reply false
06-13 01:10:51.958  6134  6134 W C01121/anco_service_broker/BMSQuery: bundle_mgr_proxy.cpp:QueryAbilityInfo:1311 QueryAbilityInfo mutiparam from server fail
06-13 01:10:51.958  6134  6134 E C01CBD/anco_service_broker/AmsBrokerService: [AmsBroker(HasPermissionsDeclareForAbility:106)]query ability info failed from bundleMgr Ability:DataShareExtAbility, bundle:com.ohos.medialibrary.medialibrarydata.
06-13 01:10:51.959  1590 20195 W C01337/foundation/EcologicalRule: [ERI235]failed,uid: 5557
06-13 01:10:51.966  1590 20195 E C01312/foundation/DbObsMgr: [dataobs_mgr_inner_ext.cpp281]subscribers num :0
06-13 01:10:51.966  1590 20195 E C01312/foundation/DbObsMgr: [dataobs_mgr_inner_ext.cpp281]subscribers num :0
06-13 01:10:51.967  6134  6162 W C05611/anco_service_broker/ASP: [nodict][SPB][message][message_broker.cpp:93] Send: SendToOhos, url=ohos/remind, method=remind
06-13 01:10:51.968  1519 19833 E C05610/privacy_service/ASP: [super_privacy_event_service:dialog]NotifyAncoActiveStatusChange: failed to get permissionName from permissionGroup: 'LOCATION'
06-13 01:10:51.969  6134  6162 W C05611/anco_service_broker/ASP: [nodict][SPB][message][message_broker.cpp:93] Send: SendToOhos, url=ohos/remind, method=remind
06-13 01:10:51.972   772 52798 W C02B87/audio_server/AudioDeviceCommon: [GetPreferredOutputDeviceDescInner]Invalid usage[0], return current device.
06-13 01:10:52.156  1385 19334 E C01500/comm_protocol_resource_manager/CommResourceManager: [(GetEncryptAddr:31)]addr is invalid.
06-13 01:10:52.221  1179  1290 W C01C42/time_service/TimeService: t3 203974124
06-13 01:10:52.257  1179  1290 W C01C42/time_service/TimeService: t3 203975124
06-13 01:10:52.357 43019 43019 I A03D00/com.open.rundesk/JSAPP: [Index] pollOnlineStatusOnce: querying 2 ids, coreReady= true
06-13 01:10:52.358 43019 43019 I A03D00/com.open.rundesk/JSAPP: [Index] queryOnlines returned: true
06-13 01:10:52.405  1383  2045 I C02C02/PARAM: SystemSetParameter name odm.ril.hw_modem1.rssi id:141484 ret:0
06-13 01:10:52.420  1590 20195 E C057C2/foundation/IPCObjectProxy: PrintErrorDetailedInfo: failed, handle:3446 error:29189 desc:*.TelephonyObserverBroker proxy:2755013888 time:139588077409429
06-13 01:10:52.426  1590 20195 E C057C2/foundation/IPCObjectProxy: PrintErrorDetailedInfo: failed, handle:4126 error:29189 desc:*.TelephonyObserverBroker proxy:2618803328 time:139588083820367
06-13 01:10:52.431  1590 20195 E C057C2/foundation/IPCObjectProxy: PrintErrorDetailedInfo: failed, handle:5456 error:29189 desc:*.TelephonyObserverBroker proxy:2758858240 time:139588088922971
06-13 01:10:52.478 43019 43019 I A03D00/com.open.rundesk/JSAPP: [HANDSHAKE_DIAG] Event: query-onlines-result, detail: {"offlines":["160182364"],"onlines":["1283267036"]}, peerId: 
06-13 01:10:52.478 43019 43019 I A03D00/com.open.rundesk/JSAPP: [Bridge] query-online event kind: query-onlines-result detail: {"offlines":["160182364"],"onlines":["1283267036"]} peerId:
06-13 01:10:52.478 43019 43019 I A03D00/com.open.rundesk/JSAPP: [Bridge] query-online result onlines: 1 offlines: 1
06-13 01:10:52.493  1461 20590 W C01650/parent_control_service/RdbStoreManager: IsConfigInvalidChanged:no bundleName
06-13 01:10:52.493  1461 20590 E C01650/parent_control_service/SilentProxy: IsSupportSilentFromService:GetRdbService failed, err is 27394049.
06-13 01:10:52.516  1539 54441 W C05500/huawei_id_svc/AuthInnerApi: Remote systemAbility dead.
06-13 01:10:52.516 44089 65130 W C05500/com.huawei.hmos.health.core/AuthInnerApi: Remote systemAbility dead.
06-13 01:10:52.517  1157  1168 W C05500/push_manager_service/AuthInnerApi: Remote systemAbility dead.
06-13 01:10:52.518   604 21927 W C01800/samgr/SAMGR: rm task unloadTimeoutcloudinterfaceauth NF
06-13 01:10:52.522  1306  2169 W C02503/aptouch_daemon/TsaFrame: UpdateStatusIdle[1792] [0]idle out.
06-13 01:10:52.568  1306  2169 W C02503/aptouch_daemon/TsaFrame: [0]touch:1, down:1(+0)
06-13 01:10:52.582   856  1405 E A02700/multimodalinput/osfingersense: Acc pack start-4324 -4320 -4304 -4292 -4280 -4284 -4296 -4304 -4312 -4324 -4340 -4352 -4360 -4364 -4364 -4364 -4372 -4380 -4388 -4392 -4384 -4380 -4388 -4388 -4384 -4376 -4368 -4372 -4368 -4360 -4356 -4352 -4344 -4340 -4336 -4328 -4324 -4312 -4308 -4312 -4316 -4296 -4288 -4268 -4252 -4256 -4256 -4244 -4224 -4220 -4216 -4208 -4196 -4176 -4152 -4140 -4148 -4132 -4112 -4068 -4012 -3984 -3968 -3936 -3888 -3852 -3816 -3780 -3760 -3756 -3740 -3728 -3704 -3684 -3680 -3684 -3688 -3700 -3704 -3696 -3692 -3692 -3700 -3716 -3720 -3724 -3732 -3736 -3748 -3764 -3768 -3768 -3780 -3792 -3804 -3820 -3824 -3816 -3824 -3836 -3840 -3844 -3856 -3864 -3860 -3872 -3880 -3868 -3848 -3844 -3856 -3860 -3852 -3856 -3876 -3888 -3888 -3884 -3896 -3904 -3904 -3904 -3912 -3924 -3932 -3940 -3944 -3944Acc pack end
06-13 01:10:52.582   856  1405 E A02700/multimodalinput/osfingersense: fingersense_classify_touch: P = 295.000000, H = 0.333408, N A = 0.241573, N S = 0.071362, M U = 347.312500, A = 712.000000, G = 56.000000, Z = 0, P M F = 355.667145, M F = 816.243164
06-13 01:10:52.582   856  1405 W C02802/multimodalinput/KeyCommandHandler: [P:D:1106904|987]com.dragon.read.next not support long-press drag
06-13 01:10:52.584  1543 19189 E C01700/render_service/RSS: ResSchedClient::ReportData type not subscribed.
06-13 01:10:52.590   856 19144 E C02802/multimodalinput/WhitelistDataShareAccessor: [|102]GetStringValue UNIVERSAL_DRAG_CONFIG_WHITELIST failed, ret:2
06-13 01:10:52.590   856 19144 E C02802/multimodalinput/WhitelistDataShareAccessor: [|73]ReadWhitelistFromDB failed
06-13 01:10:52.594   788 19098 I C02C02/PARAM: SystemSetParameter name persist.ffrt.interval.appRate id:86407 ret:0
06-13 01:10:52.595   788 19098 I C02C02/PARAM: SystemSetParameter name persist.ffrt.interval.rsRate id:86408 ret:0
06-13 01:10:52.596   788   806 I C02C02/PARAM: SystemSetParameter name persist.ffrt.interval.appRate id:86409 ret:0
06-13 01:10:52.597   788   806 I C02C02/PARAM: SystemSetParameter name persist.ffrt.interval.rsRate id:86410 ret:0
06-13 01:10:52.600  6134 20786 E C01CCD/anco_service_broker/GraphicBroker: SetVSyncEnabledLocked: set vsync rate failed, ret=40001000, rate=1
06-13 01:10:52.726 19668 19668 E C01F04/com.huawei.hmos.skytone/CoreServiceSimJsApi: NapiAsyncBaseCompleteCallback deferred error and resolved is true
06-13 01:10:52.728 19668 19668 E C01F04/com.huawei.hmos.skytone/CoreServiceSimJsApi: NapiAsyncBaseCompleteCallback deferred error and resolved is true
06-13 01:10:52.728 19668 19668 E C01F04/com.huawei.hmos.skytone/CoreServiceSimJsApi: NapiAsyncBaseCompleteCallback deferred error and resolved is true
06-13 01:10:52.729 19668 19668 E C01F04/com.huawei.hmos.skytone/CoreServiceSimJsApi: NapiAsyncBaseCompleteCallback deferred error and resolved is true
06-13 01:10:52.753  1306  2169 W C02503/aptouch_daemon/TsaFrame: [0]touch:0, down:0
06-13 01:10:52.826  1306  2169 E A03101/aptouch_daemon/afehal: Send cmd:C7 43 
06-13 01:10:52.834  1306  2169 E A03101/aptouch_daemon/afehal: Non-frame packet:A5,01,00,00
06-13 01:10:52.888  1306  2169 E A03101/aptouch_daemon/afehal: Send cmd:C7 45 
06-13 01:10:52.890  1306  2169 E A03101/aptouch_daemon/afehal: Non-frame packet:A5,01,00,00
06-13 01:10:52.894  2905 19357 E C01CCD/bms_broker/Broker: [ (OnAncoStatusChanged:89)]main handler is nullptr
06-13 01:10:52.895   968  6137 I C02C02/PARAM: SystemSetParameter name anco_state id:15447 ret:0
06-13 01:10:52.895  6134  6134 E C01CCD/anco_service_broker/GraphicBroker: SetVSyncEnabledLocked: set vsync rate failed, ret=40001000, rate=-1
06-13 01:10:52.897   605   691 I C02C03/PARAM_WATCHER: ProcessParameterChange key:anco_state pid:855
06-13 01:10:52.897  1590 20303 W C01340/foundation/Ext: [ABCM663]normal:20968
06-13 01:10:52.897   605   691 I C02C03/PARAM_WATCHER: ProcessParameterChange key:anco_state pid:1383
06-13 01:10:52.897   605   691 I C02C03/PARAM_WATCHER: ProcessParameterChange key:anco_state pid:856
06-13 01:10:52.897  1590 20303 W C01340/foundation/Ext: [ABCM526]empty
06-13 01:10:52.898   605   691 I C02C03/PARAM_WATCHER: ProcessParameterChange key:anco_state pid:6135
06-13 01:10:52.898   605   691 I C02C03/PARAM_WATCHER: ProcessParameterChange key:anco_state pid:6133
06-13 01:10:52.899   605   691 I C02C03/PARAM_WATCHER: ProcessParameterChange key:anco_state pid:6134
06-13 01:10:52.901  1306  2169 W C02503/aptouch_daemon/TsaFrame: UpdateStatusIdle[1789] [0]idle in. 133
06-13 01:10:52.921  2654 40801 E C01560/wifi_manager_service/WifiCongestionService: HandleSignalPollChangedMsg unsupported
06-13 01:10:52.928  1306  2169 W C02503/aptouch_daemon/TsaFrame: UpdateStatusIdle[1792] [0]idle out.
06-13 01:10:52.930 43019 43019 I A03D00/com.open.rundesk/JSAPP: [HANDSHAKE_DIAG] Event: lan-wait-done, detail: recv_count=2 pong_count=2, peerId: 
06-13 01:10:52.930 43019 43019 I A03D00/com.open.rundesk/JSAPP: [HANDSHAKE_DIAG] Event: lan-wait-done, detail: recv_count=2 pong_count=2, peerId: 
06-13 01:10:52.930 43019 43019 I A03D00/com.open.rundesk/JSAPP: [HANDSHAKE_DIAG] Event: lan-wait-done, detail: recv_count=2 pong_count=2, peerId: 
06-13 01:10:52.930 43019 43019 I A03D00/com.open.rundesk/JSAPP: [HANDSHAKE_DIAG] Event: lan-discover-result, detail: peers_stored=2 ids=1283267036,1283267036, peerId: 
06-13 01:10:52.930 43019 43019 I A03D00/com.open.rundesk/JSAPP: [HANDSHAKE_DIAG] Event: lan-discovery-done, detail: LAN discovery completed, peerId: 
06-13 01:10:52.972  1306  2169 W C02503/aptouch_daemon/TsaFrame: [0]touch:1, down:1(+0)
06-13 01:10:52.980   856  1405 E A02700/multimodalinput/osfingersense: Acc pack start-4472 -4456 -4460 -4464 -4448 -4428 -4416 -4404 -4392 -4388 -4384 -4368 -4356 -4344 -4332 -4332 -4328 -4320 -4316 -4316 -4304 -4288 -4276 -4276 -4260 -4248 -4248 -4236 -4232 -4228 -4216 -4224 -4220 -4196 -4176 -4168 -4176 -4188 -4188 -4196 -4196 -4184 -4172 -4164 -4160 -4168 -4188 -4192 -4168 -4160 -4176 -4188 -4168 -4156 -4156 -4132 -4104 -4092 -4080 -4040 -3988 -3960 -3956 -3948 -3924 -3920 -3932 -3932 -3928 -3932 -3924 -3920 -3912 -3920 -3932 -3912 -3896 -3892 -3880 -3856 -3832 -3824 -3824 -3820 -3808 -3796 -3804 -3784 -3768 -3772 -3776 -3784 -3784 -3784 -3784 -3788 -3788 -3780 -3784 -3788 -3792 -3808 -3808 -3800 -3792 -3796 -3796 -3792 -3780 -3784 -3796 -3804 -3796 -3800 -3820 -3824 -3820 -3832 -3844 -3848 -3836 -3812 -3804 -3816 -3828 -3828 -3828 -3832Acc pack end
06-13 01:10:52.980   856  1405 W C02802/multimodalinput/KeyCommandHandler: [P:D:1106931|987]com.dragon.read.next not support long-press drag
06-13 01:10:52.986   856 19144 E C02802/multimodalinput/WhitelistDataShareAccessor: [|102]GetStringValue UNIVERSAL_DRAG_CONFIG_WHITELIST failed, ret:2
06-13 01:10:52.986   856 19144 E C02802/multimodalinput/WhitelistDataShareAccessor: [|73]ReadWhitelistFromDB failed
06-13 01:10:53.032  5540  5540 E C01653/com.dragon.read.next/NativePreferences: ReadSettingXml: Failed to obtain the XML root element.
06-13 01:10:53.032  5540  5540 W C01653/com.dragon.read.next/NativePreferences: ReloadFromDisk: The settingXml /***/el2/***/appl***.xml reload result is 0
06-13 01:10:53.032  5540  5540 E C01653/com.dragon.read.next/NativePreferences: ReadSettingXml: Failed to obtain the XML root element.
06-13 01:10:53.032  5540  5540 W C01653/com.dragon.read.next/NativePreferences: ReloadFromDisk: The settingXml /***/el2/***/appl***.xml reload result is 0
06-13 01:10:53.034  5540  5540 E C01653/com.dragon.read.next/NativePreferences: ReadSettingXml: Failed to obtain the XML root element.
06-13 01:10:53.034  5540  5540 W C01653/com.dragon.read.next/NativePreferences: ReloadFromDisk: The settingXml /***/el2/***/appl***.xml reload result is 0
06-13 01:10:53.034  5540  5540 E C01653/com.dragon.read.next/NativePreferences: ReadSettingXml: Failed to obtain the XML root element.
06-13 01:10:53.034  5540  5540 W C01653/com.dragon.read.next/NativePreferences: ReloadFromDisk: The settingXml /***/el2/***/appl***.xml reload result is 0
06-13 01:10:53.142 43019 43019 E A03D00/com.open.rundesk/JSAPP: [LanDiscovery] loadLanPeers len=308 preview=[{"hostname":"latitude-5290-2-in-1","id":"1283267036","ipMac":{"192.168.11.116":"a0:80:69:ac:98:7e"},"online":true,"platform":"Windows","username":"Li Yan"},{"hostname":"latitude-5290-2-in-1","id":"12
06-13 01:10:53.142 43019 43019 E A03D00/com.open.rundesk/JSAPP: [LanDiscovery] Parsed peers count=2
06-13 01:10:53.188  1306  2169 W C02503/aptouch_daemon/TsaFrame: [0]touch:0, down:0
06-13 01:10:53.231 43019 43019 I A03D00/com.open.rundesk/JSAPP: [HANDSHAKE_DIAG] Event: lan-load-diag, detail: count=2, peerId: 
06-13 01:10:53.257  1179  1290 W C01C42/time_service/TimeService: t3 203976073
06-13 01:10:53.262  1306  2169 E A03101/aptouch_daemon/afehal: Send cmd:C7 43 
06-13 01:10:53.270  1306  2169 E A03101/aptouch_daemon/afehal: Non-frame packet:A5,01,00,00
06-13 01:10:53.323  1306  2169 E A03101/aptouch_daemon/afehal: Send cmd:C7 45 
06-13 01:10:53.325  1306  2169 E A03101/aptouch_daemon/afehal: Non-frame packet:A5,01,00,00
06-13 01:10:53.336  1306  2169 W C02503/aptouch_daemon/TsaFrame: UpdateStatusIdle[1789] [0]idle in. 133
06-13 01:10:53.343  1528  1729 E C015B0/netsysnative/NetsysNativeService: ProcGetDefaultNetworkCommand 134
06-13 01:10:53.364  5540 20580 W C03F07/MUSL: res_msend_rc_ext: 638: response have no ip.
06-13 01:10:53.371  1306  2169 W C02503/aptouch_daemon/TsaFrame: UpdateStatusIdle[1792] [0]idle out.
06-13 01:10:53.386  1306  2169 W C02503/aptouch_daemon/TsaFrame: [0]touch:1, down:1(+0)
06-13 01:10:53.391   856  1405 E A02700/multimodalinput/osfingersense: Acc pack start-4312 -4336 -4328 -4320 -4324 -4324 -4312 -4304 -4316 -4328 -4320 -4312 -4312 -4316 -4320 -4328 -4340 -4352 -4356 -4344 -4340 -4348 -4356 -4352 -4352 -4352 -4356 -4356 -4364 -4360 -4344 -4348 -4348 -4352 -4344 -4324 -4324 -4344 -4360 -4352 -4336 -4328 -4336 -4344 -4328 -4320 -4336 -4344 -4348 -4352 -4344 -4340 -4352 -4360 -4368 -4372 -4356 -4340 -4336 -4328 -4332 -4344 -4360 -4356 -4328 -4312 -4312 -4308 -4292 -4284 -4300 -4312 -4304 -4296 -4296 -4292 -4284 -4292 -4300 -4292 -4292 -4296 -4288 -4268 -4252 -4244 -4244 -4220 -4160 -4100 -4068 -4028 -3984 -3936 -3896 -3856 -3828 -3804 -3776 -3752 -3744 -3736 -3708 -3680 -3680 -3680 -3656 -3620 -3612 -3616 -3608 -3608 -3592 -3572 -3560 -3548 -3536 -3528 -3528 -3532 -3532 -3528 -3528 -3520 -3528 -3552 -3556 -3540Acc pack end
06-13 01:10:53.391   856  1405 W C02802/multimodalinput/KeyCommandHandler: [P:D:1106962|987]com.dragon.read.next not support long-press drag
06-13 01:10:53.399   856 19144 E C02802/multimodalinput/WhitelistDataShareAccessor: [|102]GetStringValue UNIVERSAL_DRAG_CONFIG_WHITELIST failed, ret:2
06-13 01:10:53.399   856 19144 E C02802/multimodalinput/WhitelistDataShareAccessor: [|73]ReadWhitelistFromDB failed
06-13 01:10:53.432  3065  3065 E C05C01/oam_hisi/OAM: [oam_bfg_log_recv:1064]read len error -1
06-13 01:10:53.619  5540  5540 W C01400/com.dragon.read.next/Vsync: PrintRequestTs: recv vsync timestamp, from:WM_5540, now:139589276908908, fromRsTs:139589276645005, timeInterval:263903ns
06-13 01:10:53.776  1306  2169 W C02503/aptouch_daemon/TsaFrame: [0]touch:0, down:0
06-13 01:10:53.823   968 17033 E C01720/resource_schedule_service/SmartGC: [a92ab9a00dbed4d 0 0][ExitGCPauseSceneInner]ExitGCPauseSceneInner 139588259 139589480
06-13 01:10:53.834  1413  2072 W C02943/power_host/ThermalHdi: Read node failed, title = brightness
06-13 01:10:53.846  1306  2169 E A03101/aptouch_daemon/afehal: Send cmd:C7 43 
06-13 01:10:53.854  1306  2169 E A03101/aptouch_daemon/afehal: Non-frame packet:A5,01,00,00
06-13 01:10:53.889   788   806 I C02C02/PARAM: SystemSetParameter name persist.ffrt.interval.appRate id:86411 ret:0
06-13 01:10:53.899   788   806 I C02C02/PARAM: SystemSetParameter name persist.ffrt.interval.rsRate id:86412 ret:0
06-13 01:10:53.909  1306  2169 E A03101/aptouch_daemon/afehal: Send cmd:C7 45 
06-13 01:10:53.911  1306  2169 E A03101/aptouch_daemon/afehal: Non-frame packet:A5,01,00,00
06-13 01:10:53.923  1306  2169 W C02503/aptouch_daemon/TsaFrame: UpdateStatusIdle[1789] [0]idle in. 133
06-13 01:10:53.933  2654 40877 E C01560/wifi_manager_service/WifiCongestionService: HandleSignalPollChangedMsg unsupported
06-13 01:10:53.937  1487 53297 E C02700/sensors/ClientInfo: in GetSensorState, Can't find sensorType:12
06-13 01:10:53.945  1179  1192 W C01C42/time_service/TimeService: t3 203975812
06-13 01:10:53.945  1179  1290 W C01C42/time_service/TimeService: t3 203976073
06-13 01:10:54.046  2654 55268 E C01560/wifi_manager_service/OHWIFI_MANAGER_PERMISSION_HELPE: has no permission_name=ohos.permission.GET_WIFI_PEERS_MAC, pid=2938, uid=20020020
06-13 01:10:54.050  2938  2938 W A01A00/com.ohos.sceneboard/SYS_UI: Model.WifiController: setSignalLevelDelay:result 3
06-13 01:10:54.114  1374  1374 E C05A01/bluetooth_service/ATM: [a92ab49fca31ed9 0 0][GetHapTokenInfo]TokenID =671334685 is invalid
06-13 01:10:54.124  1385 19334 E C01500/comm_protocol_resource_manager/CommResourceManager: [a92ab49fca31ed9 0 0][(GetEncryptAddr:31)]addr is invalid.
06-13 01:10:54.206  1179  1290 W C01C42/time_service/TimeService: t3 203976088
06-13 01:10:54.213  1383  2045 I C02C02/PARAM: SystemSetParameter name odm.ril.hw_modem0.rssi id:141485 ret:0
06-13 01:10:54.221  1179  1290 W C01C42/time_service/TimeService: t3 203976124
06-13 01:10:54.230  1590 20733 E C057C2/foundation/IPCObjectProxy: PrintErrorDetailedInfo: failed, handle:3949 error:29189 desc:*.TelephonyObserverBroker proxy:2618751360 time:139589887115158
06-13 01:10:54.257  1179  1290 W C01C42/time_service/TimeService: t3 203976812
06-13 01:10:54.286  1306  2169 W C02503/aptouch_daemon/TsaFrame: UpdateStatusIdle[1792] [0]idle out.
06-13 01:10:54.329  1306  2169 W C02503/aptouch_daemon/TsaFrame: [0]touch:1, down:1(+0)
06-13 01:10:54.332   856  1405 E A02700/multimodalinput/osfingersense: Acc pack start-4316 -4320 -4328 -4332 -4324 -4312 -4312 -4316 -4320 -4316 -4324 -4336 -4336 -4312 -4316 -4328 -4312 -4292 -4292 -4296 -4300 -4300 -4292 -4296 -4292 -4268 -4252 -4276 -4292 -4292 -4300 -4284 -4260 -4264 -4280 -4280 -4264 -4260 -4256 -4244 -4236 -4236 -4228 -4208 -4208 -4220 -4220 -4216 -4212 -4208 -4200 -4200 -4216 -4224 -4216 -4204 -4208 -4204 -4176 -4132 -4108 -4084 -4064 -4060 -4032 -3992 -3980 -3972 -3964 -3964 -3956 -3940 -3940 -3952 -3952 -3952 -3952 -3936 -3944 -3952 -3948 -3948 -3952 -3936 -3924 -3924 -3920 -3920 -3928 -3912 -3900 -3908 -3920 -3920 -3924 -3924 -3912 -3924 -3948 -3948 -3916 -3808 -3664 -3616 -3672 -3708 -3716 -3732 -3732 -3736 -3740 -3736 -3740 -3756 -3768 -3764 -3768 -3776 -3776 -3776 -3780 -3792 -3796 -3800 -3800 -3792 -3796 -3804Acc pack end
06-13 01:10:54.332   856  1405 E A02700/multimodalinput/osfingersense: fingersense_classify_touch: P = 309.000000, H = 0.348566, N A = 0.177778, N S = 0.022439, M U = 276.937500, A = 720.000000, G = 144.000000, Z = 0, P M F = 502.886047, M F = 980.821289
06-13 01:10:54.334   856  1405 W C02802/multimodalinput/KeyCommandHandler: [P:D:1107017|987]com.dragon.read.next not support long-press drag
06-13 01:10:54.341   788   806 I C02C02/PARAM: SystemSetParameter name persist.ffrt.interval.appRate id:86413 ret:0
06-13 01:10:54.343   856 19144 E C02802/multimodalinput/WhitelistDataShareAccessor: [|102]GetStringValue UNIVERSAL_DRAG_CONFIG_WHITELIST failed, ret:2
06-13 01:10:54.343   856 19144 E C02802/multimodalinput/WhitelistDataShareAccessor: [|73]ReadWhitelistFromDB failed
06-13 01:10:54.343   788   806 I C02C02/PARAM: SystemSetParameter name persist.ffrt.interval.rsRate id:86414 ret:0
06-13 01:10:54.457  1385 19334 E C01500/comm_protocol_resource_manager/CommResourceManager: [(GetEncryptAddr:31)]addr is invalid.
06-13 01:10:54.516  5540  5540 E C01653/com.dragon.read.next/NativePreferences: ReadSettingXml: Failed to obtain the XML root element.
06-13 01:10:54.516  5540  5540 W C01653/com.dragon.read.next/NativePreferences: ReloadFromDisk: The settingXml /***/el2/***/appl***.xml reload result is 0
06-13 01:10:54.516  5540  5540 E C01653/com.dragon.read.next/NativePreferences: ReadSettingXml: Failed to obtain the XML root element.
06-13 01:10:54.516  5540  5540 W C01653/com.dragon.read.next/NativePreferences: ReloadFromDisk: The settingXml /***/el2/***/appl***.xml reload result is 0
06-13 01:10:54.669  2654 44541 E C01565/wifi_manager_service/DhcpIpv6Client: getIpv6RouteAddr send info ok
06-13 01:10:54.671  2654 44541 E C01565/wifi_manager_service/DhcpIpv6Client: getIpv6RouteAddr send info ok
06-13 01:10:54.671  2654 44541 E C01565/wifi_manager_service/DhcpIpv6Client: IPv6 address 2c0e:6044:***:****:****:****:****:5ff is not in EUI-64 format
06-13 01:10:54.671  2654 44541 E C01565/wifi_manager_service/DhcpIpv6Client: dns nd_opt_type invalid:31
06-13 01:10:54.731  1306  2169 W C02503/aptouch_daemon/TsaFrame: [0]touch:0, down:0
06-13 01:10:54.740 43987  8685 W C02D13/hdcd/HDC_LOG: [GetDevItem:114] GetDevItem false key:persist.hdc.root
06-13 01:10:54.742   607 64510 E C02D15/hiview/XPower: [task_118]#HighTempMonitor: no camera data found
06-13 01:10:54.743  5540  5540 E C01653/com.dragon.read.next/NativePreferences: ReadSettingXml: Failed to obtain the XML root element.
06-13 01:10:54.743  5540  5540 W C01653/com.dragon.read.next/NativePreferences: ReloadFromDisk: The settingXml /***/el2/***/appl***.xml reload result is 0
06-13 01:10:54.744  5540  5540 E C01653/com.dragon.read.next/NativePreferences: ReadSettingXml: Failed to obtain the XML root element.
06-13 01:10:54.744  5540  5540 W C01653/com.dragon.read.next/NativePreferences: ReloadFromDisk: The settingXml /***/el2/***/appl***.xml reload result is 0
06-13 01:10:54.744   607 13163 E C02D15/hiview/XPower: [task_118]#HighTempMonitor: no Window data found
06-13 01:10:54.757 20826 20826 W C02C02/PARAM: Selinux check name persist.init.debug.loglevel in u:object_r:startup_init_param:s0 [20826 2000 2000] failed
06-13 01:10:54.757 20826 20826 W C02C02/PARAM: Selinux check name persist.init.debug.loglevel in u:object_r:startup_init_param:s0 [20826 2000 2000] failed
06-13 01:10:54.757 20826 20826 W C02C02/PARAM: SystemReadParam failed!name is:persist.init.debug.loglevel,err:1002
06-13 01:10:54.759 20826 20826 W C02C02/PARAM: Selinux check name const.logsystem.versiontype in u:object_r:versiontype_param:s0 [20826 2000 2000] failed
06-13 01:10:54.759 20826 20826 W C02C02/PARAM: SystemReadParam failed!name is:const.logsystem.versiontype,err:1002
06-13 01:10:54.760 20826 20826 W C02C02/PARAM: Selinux check name musl.log.enable in u:object_r:musl_param:s0 [20826 2000 2000] failed
06-13 01:10:54.760 20826 20826 E C02C02/PARAM: Forbid to read parameter musl.log.enable
06-13 01:10:54.760 20826 20826 E C02C02/PARAM: Forbid to access parameter musl.log.enable
06-13 01:10:54.760 20826 20826 W C02C02/PARAM: Selinux check name musl.log.level in u:object_r:musl_param:s0 [20826 2000 2000] failed
06-13 01:10:54.760 20826 20826 E C02C02/PARAM: Forbid to read parameter musl.log.level
06-13 01:10:54.760 20826 20826 E C02C02/PARAM: Forbid to access parameter musl.log.level
06-13 01:10:54.760 20826 20826 W C02C02/PARAM: Selinux check name musl.ld.debug.dlopen in u:object_r:musl_param:s0 [20826 2000 2000] failed
06-13 01:10:54.760 20826 20826 E C02C02/PARAM: Forbid to read parameter musl.ld.debug.dlopen
06-13 01:10:54.760 20826 20826 E C02C02/PARAM: Forbid to access parameter musl.ld.debug.dlopen
06-13 01:10:54.760 20826 20826 W C02C02/PARAM: Selinux check name musl.ld.debug.dlclose in u:object_r:musl_param:s0 [20826 2000 2000] failed
06-13 01:10:54.760 20826 20826 E C02C02/PARAM: Forbid to read parameter musl.ld.debug.dlclose
06-13 01:10:54.760 20826 20826 E C02C02/PARAM: Forbid to access parameter musl.ld.debug.dlclose
06-13 01:10:54.760 20826 20826 W C02C02/PARAM: Selinux check name debug.hitrace.tags.enableflags in u:object_r:hitrace_param:s0 [20826 2000 2000] failed
06-13 01:10:54.760 20826 20826 E C02C02/PARAM: Forbid to read parameter debug.hitrace.tags.enableflags
06-13 01:10:54.760 20826 20826 E C02C02/PARAM: Forbid to access parameter debug.hitrace.tags.enableflags
06-13 01:10:54.774   968 17225 E C01720/resource_schedule_service/SmartGC: [a92ab1a00eb32d0 0 0][ExitGCPauseSceneInner]ExitGCPauseSceneInner 139590091 139590431
06-13 01:10:54.805 20826 20828 W C057C1/bm/IPCWorkThread: ThreadHandler: proto:0 policy:1 name:OS_IPC_0_20828 invoker:1182824960
06-13 01:10:54.806  1306  2169 E A03101/aptouch_daemon/afehal: Send cmd:C7 43 
06-13 01:10:54.806 20826 20829 W C057C1/bm/IPCWorkThread: ThreadHandler: proto:0 policy:0 name:OS_IPC_1_20829 invoker:3267997312
06-13 01:10:54.806 20826 20830 W C057C1/bm/IPCWorkThread: ThreadHandler: proto:0 policy:0 name:OS_IPC_2_20830 invoker:1182824320
06-13 01:10:54.814  1306  2169 E A03101/aptouch_daemon/afehal: Non-frame packet:A5,01,00,00
06-13 01:10:54.836   788   806 I C02C02/PARAM: SystemSetParameter name persist.ffrt.interval.appRate id:86415 ret:0
06-13 01:10:54.838   788   806 I C02C02/PARAM: SystemSetParameter name persist.ffrt.interval.rsRate id:86416 ret:0
06-13 01:10:54.854   604   630 I C02C02/PARAM: SystemWaitParameter startup.service.ctl.installs v 5 ret 0
06-13 01:10:54.863   604   630 I C02C02/PARAM: SystemSetParameter name ohos.ctl.start id:8474 ret:0
06-13 01:10:54.867  1306  2169 E A03101/aptouch_daemon/afehal: Send cmd:C7 45 
06-13 01:10:54.868  1306  2169 E A03101/aptouch_daemon/afehal: Non-frame packet:A5,01,00,00
06-13 01:10:54.880  1306  2169 W C02503/aptouch_daemon/TsaFrame: UpdateStatusIdle[1789] [0]idle in. 133
06-13 01:10:54.918 20844 20846 W C057C1/installs/IPCWorkThread: ThreadHandler: proto:0 policy:1 name:OS_IPC_0_20846 invoker:381711616
06-13 01:10:54.937  2654 41359 E C01560/wifi_manager_service/WifiCongestionService: HandleSignalPollChangedMsg unsupported
06-13 01:10:54.945  1179  1290 W C01C42/time_service/TimeService: t3 203976999
06-13 01:10:54.951 20844 20848 W C057C1/installs/IPCWorkThread: ThreadHandler: proto:0 policy:0 name:OS_IPC_1_20848 invoker:381730176
06-13 01:10:54.962  1590 20303 W C01810/foundation/SA_CLIENT: OnLoadSaSucInner SA:511 spend 0ms
06-13 01:10:55.009  1590 20831 E C01120/foundation/BMS: [f3e9da00ecf0c5 0 0][bundle_util.cpp(IsExistDir:563)]fail stat errno:2
06-13 01:10:55.010   608 51507 E C05A03/hdf_devmgr/Selinux: [f3e9da00ecf0c5 3a16a0e 0]avc:  denied  { get } for service=devices_security_interface_service sid=u:r:foundation:s0 scontext=u:r:foundation:s0 tcontext=u:object_r:hdf_devices_security_host:s0 tclass=hdf_devmgr_class permissive=0
06-13 01:10:55.010   608 51507 E C02510/hdf_devmgr/devsvc_manager_stub: [f3e9da00ecf0c5 3a16a0e 0][selinux] u:r:foundation:s0 1590 haven't "get service" permission to devices_security_interface_service
06-13 01:10:55.010  1590 20831 E C02510/foundation/hdi_servmgr_client: [f3e9da00ecf0c5 0 0]get hdi service devices_security_interface_service failed, -19
06-13 01:10:55.010  1590 20831 E C02510/foundation/devices_security_interface_prox: [f3e9da00ecf0c5 0 0]Get:get remote object failed!
06-13 01:10:55.010  1590 20831 W C011FC/foundation/BMSExt: [f3e9da00ecf0c5 0 0][SetRdDevice:193]get devicesSecurityProxy failed
06-13 01:10:55.055  1590 20831 W C01123/foundation/BMSCommon: [f3e9da00ecf0c5 0 0]The shared module(entry) infomation not exist
06-13 01:10:55.059  1590 20831 W C01121/foundation/BMSInstaller: [f3e9da00ecf0c5 0 0]com.open.rundesk not system app
06-13 01:10:55.059  1590 20831 W C01121/foundation/BMSInstaller: [f3e9da00ecf0c5 0 0]current deviceType is phone and bundle is matched with default
06-13 01:10:55.066 20844 20848 W C011FE/installs/HapVerify: [f3e9da00ecf0c5 286d914 0][hap_crl_manager.cpp(ReadCrls:122)]crl fileLen: 0
06-13 01:10:55.087  1590 20831 E C011FC/foundation/BMSExt: [f3e9da00ecf0c5 0 0][CheckAppBlackList:564]GetInfoSecStatusByType false
06-13 01:10:55.087  1590 20831 W C01650/foundation/RdbStoreManager: [f3e9da00ecf0c5 0 0]IsConfigInvalidChanged:no bundleName
06-13 01:10:55.087  1590 20831 E C01650/foundation/SilentProxy: [f3e9da00ecf0c5 0 0]IsSupportSilentFromService:GetRdbService failed, err is 27394049.
06-13 01:10:55.087  1590 20869 E C01650/foundation/RdbStoreManager: operator():database visitor:foundation.
06-13 01:10:55.088  1590 20831 E C01650/foundation/StepResultSet: [f3e9da00ecf0c5 0 0]GoToRow:position[0] rowCount[0] rowPos_[-1]!
06-13 01:10:55.088  1590 20831 E C01120/foundation/BMS: [f3e9da00ecf0c5 0 0]GoToFirstRow failed, ret: 27394061
06-13 01:10:55.088  1590 20831 E C01120/foundation/BMS: [f3e9da00ecf0c5 0 0]LoadPreInstallBundleInfo QueryData failed
06-13 01:10:55.088  1590 20831 W C01120/foundation/BMS: [f3e9da00ecf0c5 0 0]get preInstall bundleInfo failed -n: com.open.rundesk
06-13 01:10:55.089  1590 20831 W C011FF/foundation/ERMS: [f3e9da00ecf0c5 0 0][ERMS_CACHE(OnReceiveEvent:55)] OnReceiveEvent warning, invalid action.
06-13 01:10:55.090  2905  2905 W C011FB/bms_broker/BMSBroker: [f3e9da00ecf0c5 51683c 0][GetBundleInfo:1078]bundle com.open.rundesk not exist, userId=100
06-13 01:10:55.090  1590 20831 W C011FB/foundation/BMSBroker: [f3e9da00ecf0c5 0 0][GetParcelInfo:983]host reply code: 10004 ErrCode : 8585601
06-13 01:10:55.090  1590 20831 E C011FC/foundation/BMSExt: [f3e9da00ecf0c5 0 0][GetBundleInfo:88]query container ability infos failed due to error code 8585601
06-13 01:10:55.091  1590 20831 E C01650/foundation/StepResultSet: [f3e9da00ecf0c5 0 0]GoToRow:position[0] rowCount[0] rowPos_[-1]!
06-13 01:10:55.091  1590 20831 E C01120/foundation/BMS: [f3e9da00ecf0c5 0 0]GoToFirstRow failed, ret: 27394061
06-13 01:10:55.091  1590 20831 E C01120/foundation/BMS: [f3e9da00ecf0c5 0 0]LoadPreInstallBundleInfo QueryData failed
06-13 01:10:55.091  1590 20831 W C01120/foundation/BMS: [f3e9da00ecf0c5 0 0]get preInstall bundleInfo failed -n: com.open.rundesk
06-13 01:10:55.091  1590 20831 W C01123/foundation/BMSCommon: [f3e9da00ecf0c5 0 0]-u 100 has not -m entry
