06-10 23:32:57.644     0     0 I I00000/HiLog: ========Zeroth log of type: init
06-10 16:32:57.501   569   569 I I02C01/hmos_cust_carrier_mount/CustCarrierMount: MountCarrierToShared start
06-10 16:32:57.501   569   569 I I02C01/hmos_cust_carrier_mount/CustCarrierMount: success to mount carrier to shared
06-10 16:32:57.501   569   569 I I02C01/hmos_cust_carrier_mount/CustCarrierMount: MountCarrierToShared start
06-10 16:32:57.501   569   569 I I02C01/hmos_cust_carrier_mount/CustCarrierMount: success to mount ANCO_APP_DATA to shared
06-10 16:32:59.925  1148  1148 W I02C01/hmos_cust_carrier_mount/CustCarrierMount: not exsit CUST_GLOBAL_CARRIER_DIR or COTA_PARAM_CARRIER_DIR
06-10 16:33:01.478  1001  1001 E I04301/light_sensor/LIGHT_SENSOR: AlsGetSpecifyXmlFileName: phoneType error
06-15 18:04:51.787 33019  6882 W C02D13/hdcd/HDC_LOG: [BeginRemoveTask:160] BeginRemoveTask taskType:0 channelId:3065600157
06-15 18:04:51.788 33019  6882 W C02D13/hdcd/HDC_LOG: [ClearOwnTasks:190] ClearOwnTasks OP_CLEAR finish, sessionId:314******918(L:10) channelIDInput:3065600157
06-15 18:04:51.788 33019  6882 W C02D13/hdcd/HDC_LOG: [TaskClassDeleteRetry:115] taskClassDeleteRetry start clear task, taskType:0 cid:3065600157 sid:314******918(L:10)
06-15 18:04:51.788 33019  6882 W C02D13/hdcd/HDC_LOG: [TaskClassDeleteRetry:134] TaskDelay task remove finish, channelId:3065600157
06-15 18:04:52.009  1179  1290 W C01C42/time_service/TimeService: uid:1096 id:185395133 wk:0
06-15 18:04:52.009  1179  1290 W C01C42/time_service/TimeService: id:185395133 we:437617580
06-15 18:04:52.009  1179  1290 W C01C42/time_service/TimeService: t3 437612927
06-15 18:04:52.059 60274 60274 W A02112/com.ohos.FusionSearch/[FusionSearch]100_3.6.1.301.021: [SystemLoadManagerCore], current LoadLevel is 2,not start level is 2 ReleaseSearch need pause.
06-15 18:04:52.131  2654 55353 E C01560/wifi_manager_service/WifiCongestionService: HandleSignalPollChangedMsg unsupported
06-15 18:04:52.139  2868 39907 W C01560/com.huawei.hmos.location/WifiNapiEvent: not find register info.
06-15 18:04:52.157 60274 60274 W A02112/com.ohos.FusionSearch/[FusionSearch]100_3.6.1.301.021: [SearchCaller], binlog remained
06-15 18:04:52.158 60274 10100 E C04388/com.ohos.FusionSearch/file_api: [prop_n_exporter.cpp:311->operator()] Accesscore finish ret -2
06-15 18:04:52.158 60274 60274 W A02114/com.ohos.FusionSearch/[FusionSearch]: [SearchCaller], [release] connectionIdRemoteMap size is 0
06-15 18:04:52.254  2654 40949 E C01560/wifi_manager_service/OHWIFI_MANAGER_PERMISSION_HELPE: has no permission_name=ohos.permission.GET_WIFI_PEERS_MAC, pid=2938, uid=20020020
06-15 18:04:52.260  2938  2938 W A01A00/com.ohos.sceneboard/SYS_UI: Model.WifiController: setSignalLevelDelay:result 4
06-15 18:04:52.314  1543  2115 E C02515/render_service/METADATA_SRV: [0;32;31m[EraseMetadataKey:174]  fail[m
06-15 18:04:52.314  1543  2115 E C01401/render_service/Bufferqueue: <surface_buffer_impl.cpp:738-EraseMetadataKey>: EraseMetadataKey Failed with -1
06-15 18:04:52.356  1179  1290 W C01C42/time_service/TimeService: t3 437613014
06-15 18:04:52.380  7527  7527 E A03D00/com.open.rundesk/JSAPP: [LanDiscovery] discoverOnce returned=true
06-15 18:04:52.391  7527  7527 I A03D00/com.open.rundesk/JSAPP: [Index] pollOnlineStatusOnce: querying 1 ids, coreReady= true
06-15 18:04:52.392  7527  7527 I A03D00/com.open.rundesk/JSAPP: [Index] queryOnlines returned: true
06-15 18:04:52.442  1179  1290 W C01C42/time_service/TimeService: t3 437613358
06-15 18:04:52.473  7527  7527 I A03D00/com.open.rundesk/JSAPP: [HANDSHAKE_DIAG] Event: lan-discover-diag, detail: sockets=3 global_ok=true subnet_broadcasts=1 subnet_ok=3 id=176265855 local_addrs=Ok(192.168.11.100:, peerId:
06-15 18:04:52.473  7527  7527 I A03D00/com.open.rundesk/JSAPP: [HANDSHAKE_DIAG] Event: lan-raw-recv, detail: raw_recv len=79 from=192.168.11.103:21119 local=Ok(192.168.11.100:51435), peerId:
06-15 18:04:52.501  1543  2115 E C02515/render_service/METADATA_SRV: [0;32;31m[EraseMetadataKey:174]  fail[m
06-15 18:04:52.501  1543  2115 E C01401/render_service/Bufferqueue: <surface_buffer_impl.cpp:738-EraseMetadataKey>: EraseMetadataKey Failed with -1
06-15 18:04:52.591  1590  3388 W C01340/foundation/Ext: [ABCM526]empty
06-15 18:04:52.596   968  9865 E C01731/resource_schedule_service/SUSPEND_MSG: [a92ab630b491713 0 0][(UpdateServiceExtensionMap):148] not support type:0, pid=9598
06-15 18:04:52.626  7527  7527 I A03D00/com.open.rundesk/JSAPP: [HANDSHAKE_DIAG] Event: lan-raw-recv, detail: raw_recv len=79 from=192.168.11.103:21119 local=Ok(0.0.0.0:40712), peerId:
06-15 18:04:52.626  7527  7527 I A03D00/com.open.rundesk/JSAPP: [HANDSHAKE_DIAG] Event: lan-pong-diag, detail: from=192.168.11.103:21119 id=1283267036 platform=Windows my_id=176265855 local_mac=a2:83:de:e2:f4:74, peerId:
06-15 18:04:52.626  7527  7527 I A03D00/com.open.rundesk/JSAPP: [HANDSHAKE_DIAG] Event: query-onlines-result, detail: {"offlines":[],"onlines":["1283267036"]}, peerId:
06-15 18:04:52.626  7527  7527 I A03D00/com.open.rundesk/JSAPP: [HANDSHAKE_DIAG] Event: lan-pong-diag, detail: from=192.168.11.103:21119 id=1283267036 platform=Windows my_id=176265855 local_mac=a2:83:de:e2:f4:74, peerId:
06-15 18:04:52.626  7527  7527 I A03D00/com.open.rundesk/JSAPP: [HANDSHAKE_DIAG] Event: lan-raw-recv, detail: raw_recv len=79 from=192.168.11.103:21119 local=Ok(0.0.0.0:58074), peerId:
06-15 18:04:52.626  7527  7527 I A03D00/com.open.rundesk/JSAPP: [HANDSHAKE_DIAG] Event: lan-pong-diag, detail: from=192.168.11.103:21119 id=1283267036 platform=Windows my_id=176265855 local_mac=a2:83:de:e2:f4:74, peerId:
06-15 18:04:52.626  7527  7527 I A03D00/com.open.rundesk/JSAPP: [HANDSHAKE_DIAG] Event: lan-raw-recv, detail: raw_recv len=79 from=192.168.11.103:21119 local=Ok(192.168.11.100:51435), peerId:
06-15 18:04:52.626  7527  7527 I A03D00/com.open.rundesk/JSAPP: [HANDSHAKE_DIAG] Event: lan-pong-diag, detail: from=192.168.11.103:21119 id=1283267036 platform=Windows my_id=176265855 local_mac=a2:83:de:e2:f4:74, peerId:
06-15 18:04:52.626  7527  7527 I A03D00/com.open.rundesk/JSAPP: [HANDSHAKE_DIAG] Event: lan-raw-recv, detail: raw_recv len=79 from=192.168.11.103:21119 local=Ok(0.0.0.0:40712), peerId:
06-15 18:04:52.629  7527  7527 I A03D00/com.open.rundesk/JSAPP: [Bridge] query-online event kind: query-onlines-result detail: {"offlines":[],"onlines":["1283267036"]} peerId:
06-15 18:04:52.629  7527  7527 I A03D00/com.open.rundesk/JSAPP: [Bridge] query-online result onlines: 1 offlines: 0
06-15 18:04:52.646  1590  9885 W C01335/foundation/Connection: [connection_state_manager.cpp421]callerPid:9598
06-15 18:04:52.646  2654 64297 W C01560/wifi_manager_service/WifiDeviceDeathRecipient: OnRemoteDied!
06-15 18:04:52.646  1590  2079 W C0420F/foundation/WMSRecover: mock_session_manager_service.cpp OnRemoteDied: Client died, pid = 9598, isLite = 1
06-15 18:04:52.646  1590  2079 W C0420F/foundation/WMSRecover: mock_session_manager_service.cpp OnRemoteDied: Client died, pid = 9598, isLite = 0
06-15 18:04:52.647   605   605 I C02C03/PARAM_WATCHER: [watcher_manager.cpp:511]Agent died 15133 9598
06-15 18:04:52.647   605   605 I C02C03/PARAM_WATCHER: [watcher_manager.cpp:697]Delete param watcher remoteWatcherId 15133 group 154
06-15 18:04:52.649  2938  2938 W A01A00/com.ohos.sceneboard/SYS_UI: AppLifeCycleManager: onProcessDied, uid: 20020057, bundleName: com.huawei.hmsapp.totemweather, pid: 9598
06-15 18:04:52.650   855  9898 E C02699/memmgrservice/MM: UpdatePriorityLocked DIED: u=20020057 not exist, p=9598
06-15 18:04:52.657  3040  3040 W A06666/com.huawei.hmos.aidataservice/160002364: Info_Publisher: publish AppProcess
06-15 18:04:52.662  3040  9894 W A00F00/com.huawei.hmos.aidataservice/CA: [AppProcessAbility:77]: AppProcessAbility return
06-15 18:04:52.662  1543  2115 E C02515/render_service/METADATA_SRV: [0;32;31m[EraseMetadataKey:174]  fail[m
06-15 18:04:52.662  1543  2115 E C01401/render_service/Bufferqueue: <surface_buffer_impl.cpp:738-EraseMetadataKey>: EraseMetadataKey Failed with -1
06-15 18:04:52.672 64306 64314 E C02925/bms_behavior/bms_file: [BmsFileReadBuffer]: file /sys/class/hw_power/coul/coul_data/rbatt is invalid
06-15 18:04:52.750   609   609 W C02C11/appspawn/APPSPAWN: [appspawn_service.c:124]com.huawei.hmsapp.totemweather with pid 9598 exit with code:0
06-15 18:04:52.777  7527  7527 I A03D00/com.open.rundesk/JSAPP: [HANDSHAKE_DIAG] Event: lan-raw-recv, detail: raw_recv len=79 from=192.168.11.103:21119 local=Ok(0.0.0.0:58074), peerId:
06-15 18:04:52.777  7527  7527 I A03D00/com.open.rundesk/JSAPP: [HANDSHAKE_DIAG] Event: lan-pong-diag, detail: from=192.168.11.103:21119 id=1283267036 platform=Windows my_id=176265855 local_mac=a2:83:de:e2:f4:74, peerId:
06-15 18:04:52.777  7527  7527 I A03D00/com.open.rundesk/JSAPP: [HANDSHAKE_DIAG] Event: lan-pong-diag, detail: from=192.168.11.103:21119 id=1283267036 platform=Windows my_id=176265855 local_mac=a2:83:de:e2:f4:74, peerId:
06-15 18:04:52.787  1179  1290 W C01C42/time_service/TimeService: uid:5523 id:224131298 wk:0
06-15 18:04:52.787  1179  1290 W C01C42/time_service/TimeService: t3 437614927
06-15 18:04:52.791  1179 64376 W C01C42/time_service/TimeService: id:224131298 we:437643360
06-15 18:04:52.801  1157 10110 W C05300/push_manager_service/push: [a92ab630b4c2791 0 0]EncryptWithSha256: Parame is Illeage
06-15 18:04:52.816  1543  2115 E C02515/render_service/METADATA_SRV: [0;32;31m[EraseMetadataKey:174]  fail[m
06-15 18:04:52.816  1543  2115 E C01401/render_service/Bufferqueue: <surface_buffer_impl.cpp:738-EraseMetadataKey>: EraseMetadataKey Failed with -1
06-15 18:04:52.834  1311  1353 E C02925/battery_extra_host/power_hidl: [PowerHidlWriteStr]: file /sys/devices/virtual/hw_power/interface/vterm_dec write failed
06-15 18:04:52.834  1311  1353 E C02925/battery_extra_host/power_hidl: [HwPwrWriteCompatible]: write fcp 30 to /sys/class/hw_power/interface/vterm_dec fail
06-15 18:04:52.835  1659  2357 E C057C2/batterycare_service/IPCObjectProxy: PrintErrorDetailedInfo: failed, handle:8 error:1 desc:*.IBatteryExtraInterface proxy:2850187136 time:334634131125501
06-15 18:04:52.835  1659  2357 E C02510/batterycare_service/battery_extra_interface_proxy: SetBatteryExtraState_ failed, error code is 1
06-15 18:04:52.835  1659  2357 E C02930/batterycare_service/BCS/Base/Data: [106299][SetValue:133]:SetHdiValue SetValue:scene:vterm_dec, value fcp 30 failed, ret=1
06-15 18:04:52.835  1659  2357 E C02930/batterycare_service/BCS/Base/Arb_HdiParam: [106300][SetHdiValue:197]:SetHdiValue Fail: Hdi Set Fail [ret:1, module:BASP, scene:vterm_dec,             value:fcp 30]
06-15 18:04:53.144  2654 55148 E C01560/wifi_manager_service/WifiCongestionService: HandleSignalPollChangedMsg unsupported
06-15 18:04:53.158  2868 39907 W C01560/com.huawei.hmos.location/WifiNapiEvent: not find register info.
06-15 18:04:53.276  2654 64297 E C01560/wifi_manager_service/OHWIFI_MANAGER_PERMISSION_HELPE: has no permission_name=ohos.permission.GET_WIFI_PEERS_MAC, pid=2938, uid=20020020
06-15 18:04:53.281  1461  2650 W C01650/parent_control_service/RdbStoreManager: IsConfigInvalidChanged:no bundleName
06-15 18:04:53.281  1461  2650 E C01650/parent_control_service/SilentProxy: IsSupportSilentFromService:GetRdbService failed, err is 27394049.
06-15 18:04:53.285  2938  2938 W A01A00/com.ohos.sceneboard/SYS_UI: Model.WifiController: setSignalLevelDelay:result 3
06-15 18:04:53.331  1543  2115 E C02515/render_service/METADATA_SRV: [0;32;31m[EraseMetadataKey:174]  fail[m
06-15 18:04:53.331  1543  2115 E C01401/render_service/Bufferqueue: <surface_buffer_impl.cpp:738-EraseMetadataKey>: EraseMetadataKey Failed with -1
06-15 18:04:53.358  1413  2072 W C02943/power_host/ThermalHdi: Read node failed, title = brightness
06-15 18:04:53.419  1306  2169 E C02503/aptouch_daemon/PreTp: CheckMemory[830] used 7157 Kb(max 61440 Kb), power 819,
06-15 18:04:53.572  1383  2045 I C02C02/PARAM: SystemSetParameter name odm.ril.hw_modem0.rssi id:265856 ret:0
06-15 18:04:53.652   855  9899 E C03D00/utils_base: Couldn't unlinkat subFile procs: Operation not permitted
06-15 18:04:53.759  2654 55353 E C01560/wifi_manager_service/MultiLinkUtils: Chip type not suppoort Triband
06-15 18:04:53.762  2654 55353 E C01560/wifi_manager_service/MultiLinkUtils: Chip type not suppoort Triband
06-15 18:04:53.882  7527  7527 E A03D00/com.open.rundesk/JSAPP: [LanDiscovery] loadLanPeers len=157 preview=[{"hostname":"latitude-5290-2-in-1","id":"1283267036","ipMac":{"192.168.11.103":"a0:80:69:ac:98:7e"},"online":true,"platform":"Windows","username":"Li Yan"}]
06-15 18:04:53.883  7527  7527 E A03D00/com.open.rundesk/JSAPP: [LanDiscovery] Parsed peers count=1
06-15 18:04:53.948  9453  9453 E C01F04/com.huawei.hmos.skytone/CoreServiceSimJsApi: NapiAsyncBaseCompleteCallback deferred error and resolved is true
06-15 18:04:53.956  9453  9453 E C01F04/com.huawei.hmos.skytone/CoreServiceSimJsApi: NapiAsyncBaseCompleteCallback deferred error and resolved is true
06-15 18:04:53.962  9453  9453 E C01F04/com.huawei.hmos.skytone/CoreServiceSimJsApi: NapiAsyncBaseCompleteCallback deferred error and resolved is true
06-15 18:04:53.967  9453  9453 E C01F04/com.huawei.hmos.skytone/CoreServiceSimJsApi: NapiAsyncBaseCompleteCallback deferred error and resolved is true
06-15 18:04:53.980  7527  7527 I A03D00/com.open.rundesk/JSAPP: [HANDSHAKE_DIAG] Event: lan-load-diag, detail: count=1, peerId:
06-15 18:04:54.027  1543  2115 E C02515/render_service/METADATA_SRV: [0;32;31m[EraseMetadataKey:174]  fail[m
06-15 18:04:54.027  1543  2115 E C01401/render_service/Bufferqueue: <surface_buffer_impl.cpp:738-EraseMetadataKey>: EraseMetadataKey Failed with -1
06-15 18:04:54.158  2654 55148 E C01560/wifi_manager_service/WifiCongestionService: HandleSignalPollChangedMsg unsupported
06-15 18:04:54.356  1179  1290 W C01C42/time_service/TimeService: t3 437616014
06-15 18:04:54.433  1306  2169 W C02503/aptouch_daemon/TsaFrame: UpdateCtrlFlag[1870] afe[268 70 0x201] [ctrl:0X40020 ftr:0X620140] dif[57 -28] raw[36148 27459] [exp:0X0 aN:0 lo:0]
06-15 18:04:54.506  1543  2115 E C02515/render_service/METADATA_SRV: [0;32;31m[EraseMetadataKey:174]  fail[m
06-15 18:04:54.506  1543  2115 E C01401/render_service/Bufferqueue: <surface_buffer_impl.cpp:738-EraseMetadataKey>: EraseMetadataKey Failed with -1
06-15 18:04:54.523  1543  2115 E C01401/render_service/Bufferqueue: <native_window.cpp:229-NativeWindowRequestBuffer>: RequestBuffer ret:40601000, uniqueId: 6567004995585.
06-15 18:04:54.523  1543  2115 E C01406/render_service/OHOS::RS: RSSurfaceOhosVulkan: RequestBuffer failed 40601000
06-15 18:04:54.523  1543  2115 E C01406/render_service/skia: RSBaseRenderEngine::RequestFrame: request SurfaceFrame failed!
06-15 18:04:54.523  1543  2115 E C01406/render_service/skia: RSUniRenderVirtualProcessor::Init for Screen(id 4294967295): RenderFrame is null!
06-15 18:04:55.182  2654 52606 E C01560/wifi_manager_service/WifiCongestionService: HandleSignalPollChangedMsg unsupported
06-15 18:04:55.443  1179  1290 W C01C42/time_service/TimeService: t3 437616927
06-15 18:04:55.637  7527  7527 I A03D00/com.open.rundesk/JSAPP: [HANDSHAKE_DIAG] Event: lan-wait-done, detail: recv_count=2 pong_count=2, peerId:
06-15 18:04:55.637  7527  7527 I A03D00/com.open.rundesk/JSAPP: [HANDSHAKE_DIAG] Event: lan-wait-done, detail: recv_count=2 pong_count=2, peerId:
06-15 18:04:55.671   968  9841 E C01702/resource_schedule_service/CgroupSchedEnhance: [a92ab730b7a1c77 0 0]UpdateInstallsProcessGroup installs proc is not existed
06-15 18:04:55.683  1543  2115 E C02515/render_service/METADATA_SRV: [0;32;31m[EraseMetadataKey:174]  fail[m
06-15 18:04:55.683  1543  2115 E C01401/render_service/Bufferqueue: <surface_buffer_impl.cpp:738-EraseMetadataKey>: EraseMetadataKey Failed with -1
06-15 18:04:55.788  7527  7527 I A03D00/com.open.rundesk/JSAPP: [HANDSHAKE_DIAG] Event: lan-wait-done, detail: recv_count=2 pong_count=2, peerId:
06-15 18:04:55.788  7527  7527 I A03D00/com.open.rundesk/JSAPP: [HANDSHAKE_DIAG] Event: lan-discover-result, detail: peers_stored=1 ids=1283267036, peerId:
06-15 18:04:55.788  7527  7527 I A03D00/com.open.rundesk/JSAPP: [HANDSHAKE_DIAG] Event: lan-discovery-done, detail: LAN discovery completed, peerId:
06-15 18:04:55.832  1543  2115 E C02515/render_service/METADATA_SRV: [0;32;31m[EraseMetadataKey:174]  fail[m
06-15 18:04:55.832  1543  2115 E C01401/render_service/Bufferqueue: <surface_buffer_impl.cpp:738-EraseMetadataKey>: EraseMetadataKey Failed with -1
06-15 18:04:55.883  7527  7527 E A03D00/com.open.rundesk/JSAPP: [LanDiscovery] loadLanPeers len=157 preview=[{"hostname":"latitude-5290-2-in-1","id":"1283267036","ipMac":{"192.168.11.103":"a0:80:69:ac:98:7e"},"online":true,"platform":"Windows","username":"Li Yan"}]
06-15 18:04:55.884  7527  7527 E A03D00/com.open.rundesk/JSAPP: [LanDiscovery] Parsed peers count=1
06-15 18:04:55.938  7527  7527 I A03D00/com.open.rundesk/JSAPP: [HANDSHAKE_DIAG] Event: lan-load-diag, detail: count=1, peerId:
06-15 18:04:55.979  1543  2115 E C02515/render_service/METADATA_SRV: [0;32;31m[EraseMetadataKey:174]  fail[m
06-15 18:04:55.979  1543  2115 E C01401/render_service/Bufferqueue: <surface_buffer_impl.cpp:738-EraseMetadataKey>: EraseMetadataKey Failed with -1
06-15 18:04:56.205  2654 55350 E C01560/wifi_manager_service/WifiCongestionService: HandleSignalPollChangedMsg unsupported
06-15 18:04:56.356  1179  1290 W C01C42/time_service/TimeService: t3 437617580
06-15 18:04:56.524  1543  2115 E C02515/render_service/METADATA_SRV: [0;32;31m[EraseMetadataKey:174]  fail[m
06-15 18:04:56.524  1543  2115 E C01401/render_service/Bufferqueue: <surface_buffer_impl.cpp:738-EraseMetadataKey>: EraseMetadataKey Failed with -1
06-15 18:04:57.009  1179  1290 W C01C42/time_service/TimeService: uid:1096 id:185395133 wk:0
06-15 18:04:57.009  1179  1290 W C01C42/time_service/TimeService: id:185395133 we:437622580
06-15 18:04:57.009  1179  1290 W C01C42/time_service/TimeService: t3 437618927
06-15 18:04:57.220  2654 55353 E C01560/wifi_manager_service/WifiCongestionService: HandleSignalPollChangedMsg unsupported
06-15 18:04:57.390  7527  7527 I A03D00/com.open.rundesk/JSAPP: [Index] pollOnlineStatusOnce: querying 1 ids, coreReady= true
06-15 18:04:57.392  7527  7527 I A03D00/com.open.rundesk/JSAPP: [Index] queryOnlines returned: true
06-15 18:04:57.456  1590 41856 E C057C2/foundation/IPCObjectProxy: PrintErrorDetailedInfo: failed, handle:2527 error:29189 desc:*.TelephonyObserverBroker proxy:2614060416 time:334638752289563
06-15 18:04:57.460  1590 41856 E C057C2/foundation/IPCObjectProxy: PrintErrorDetailedInfo: failed, handle:4016 error:29189 desc:*.TelephonyObserverBroker proxy:2756025344 time:334638756596854
06-15 18:04:57.464  1590 41856 E C057C2/foundation/IPCObjectProxy: PrintErrorDetailedInfo: failed, handle:4360 error:29189 desc:*.TelephonyObserverBroker proxy:2756386688 time:334638760687479
06-15 18:04:57.480  1590 41856 E C057C2/foundation/IPCObjectProxy: PrintErrorDetailedInfo: failed, handle:7419 error:29189 desc:*.TelephonyObserverBroker proxy:2715203456 time:334638776885396
06-15 18:04:57.486  1590 41856 E C057C2/foundation/IPCObjectProxy: PrintErrorDetailedInfo: failed, handle:1463 error:29189 desc:*.TelephonyObserverBroker proxy:2613551232 time:334638782833313
06-15 18:04:57.489  1590 41856 E C057C2/foundation/IPCObjectProxy: PrintErrorDetailedInfo: failed, handle:9219 error:29189 desc:*.TelephonyObserverBroker proxy:2781732736 time:334638785984354
06-15 18:04:57.495  1590 41856 E C057C2/foundation/IPCObjectProxy: PrintErrorDetailedInfo: failed, handle:8419 error:29189 desc:*.TelephonyObserverBroker proxy:2768374912 time:334638791397375
06-15 18:04:57.590  7527  7527 I A03D00/com.open.rundesk/JSAPP: [HANDSHAKE_DIAG] Event: query-onlines-result, detail: {"offlines":[],"onlines":["1283267036"]}, peerId:
06-15 18:04:57.591  7527  7527 I A03D00/com.open.rundesk/JSAPP: [Bridge] query-online event kind: query-onlines-result detail: {"offlines":[],"onlines":["1283267036"]} peerId:
06-15 18:04:57.591  7527  7527 I A03D00/com.open.rundesk/JSAPP: [Bridge] query-online result onlines: 1 offlines: 0
06-15 18:04:57.597  1543  2115 E C02515/render_service/METADATA_SRV: [0;32;31m[EraseMetadataKey:174]  fail[m
06-15 18:04:57.597  1543  2115 E C01401/render_service/Bufferqueue: <surface_buffer_impl.cpp:738-EraseMetadataKey>: EraseMetadataKey Failed with -1
06-15 18:04:57.624  1543  2115 E C01401/render_service/Bufferqueue: <native_window.cpp:229-NativeWindowRequestBuffer>: RequestBuffer ret:40601000, uniqueId: 6567004995585.
06-15 18:04:57.624  1543  2115 E C01406/render_service/OHOS::RS: RSSurfaceOhosVulkan: RequestBuffer failed 40601000
06-15 18:04:57.624  1543  2115 E C01406/render_service/skia: RSBaseRenderEngine::RequestFrame: request SurfaceFrame failed!
06-15 18:04:57.624  1543  2115 E C01406/render_service/skia: RSUniRenderVirtualProcessor::Init for Screen(id 4294967295): RenderFrame is null!
06-15 18:04:57.723 64306 64314 E C02925/bms_behavior/bms_file: [BmsFileReadBuffer]: file /sys/class/hw_power/coul/coul_data/rbatt is invalid
06-15 18:04:57.955  9453  9453 E C01F04/com.huawei.hmos.skytone/CoreServiceSimJsApi: NapiAsyncBaseCompleteCallback deferred error and resolved is true
06-15 18:04:57.963  9453  9453 E C01F04/com.huawei.hmos.skytone/CoreServiceSimJsApi: NapiAsyncBaseCompleteCallback deferred error and resolved is true
06-15 18:04:57.971  9453  9453 E C01F04/com.huawei.hmos.skytone/CoreServiceSimJsApi: NapiAsyncBaseCompleteCallback deferred error and resolved is true
06-15 18:04:57.977  9453  9453 E C01F04/com.huawei.hmos.skytone/CoreServiceSimJsApi: NapiAsyncBaseCompleteCallback deferred error and resolved is true
06-15 18:04:58.207  1051  2283 E C01F04/telephony/TelephonySubsystem: slotId is invalid or esimFiles_ is null!
06-15 18:04:58.228  2654 55352 E C01560/wifi_manager_service/WifiCongestionService: HandleSignalPollChangedMsg unsupported
06-15 18:04:58.230   607  2762 E C02D19/hiview/FRAMEWORK: [Execute][ModemLogApi::GetCurrentOpenType]handle is invalid.
06-15 18:04:58.230   607  2762 E C02D19/hiview/FRAMEWORK: [Execute][ModemLogApi::IsCapturing]handle is invalid.
06-15 18:04:58.230   607  2762 E C02D19/hiview/FRAMEWORK: [Execute][ModemLogApi::GetCurrentLogMask]handle is invalid.
06-15 18:04:58.230   607  2762 E C02D19/hiview/FRAMEWORK: [Execute][ModemLogApi::GetCurrentOpenType]handle is invalid.
06-15 18:04:58.356  1179  1290 W C01C42/time_service/TimeService: t3 437619014
06-15 18:04:58.442  1179  1290 W C01C42/time_service/TimeService: t3 437620571
06-15 18:04:58.466  1413  2072 W C02943/power_host/ThermalHdi: Read node failed, title = brightness
06-15 18:04:58.512  1543  2115 E C02515/render_service/METADATA_SRV: [0;32;31m[EraseMetadataKey:174]  fail[m
06-15 18:04:58.512  1543  2115 E C01401/render_service/Bufferqueue: <surface_buffer_impl.cpp:738-EraseMetadataKey>: EraseMetadataKey Failed with -1
06-15 18:04:59.194  1539  1935 W C05500/huawei_id_svc/AuthInnerApi: Remote systemAbility dead.
06-15 18:04:59.196   604 40365 W C01800/samgr/SAMGR: rm task unloadTimeoutcloudinterfaceauth NF
06-15 18:04:59.244  2654 55350 E C01560/wifi_manager_service/WifiCongestionService: HandleSignalPollChangedMsg unsupported
06-15 18:04:59.974  1383  2045 I C02C02/PARAM: SystemSetParameter name odm.ril.hw_modem0.rssi id:265857 ret:0
06-15 18:05:00.003  1179  1290 W C01C42/time_service/TimeService: id:1239644535 we:437680571
06-15 18:05:00.003  1179  1290 W C01C42/time_service/TimeService: t3 437620927
06-15 18:05:00.006  1473  1473 W C02120/swing_service/EyeGazeSubscriber: RefreshEyeGaze#screen is locked. no need to register eye gaze
06-15 18:05:00.028  5218  5251 W C03937/com.ohos.formrenderservice/AceResource: [(100000:100000:scope)] Get double by name error, resName=sys.float.hms_material_style, errorCode=9001003
06-15 18:05:00.029  5218  5251 W C03937/com.ohos.formrenderservice/AceResource: [(100000:100000:scope)] Get double by name error, resName=sys.float.hms_material_style, errorCode=9001003
06-15 18:05:00.041   968 62463 E C01700/resource_schedule_service/RSS: [a92ab230bc0a2f0 0 0]CheckReportDataParcel: check report data no permission type=71,                count=1263, uid=20020162, pid=5218.
06-15 18:05:00.055  1543  2115 E C02515/render_service/METADATA_SRV: [0;32;31m[EraseMetadataKey:174]  fail[m
06-15 18:05:00.055  1543  2115 E C01401/render_service/Bufferqueue: <surface_buffer_impl.cpp:738-EraseMetadataKey>: EraseMetadataKey Failed with -1
06-15 18:05:00.098  5218  5251 W C03930/com.ohos.formrenderservice/AceAnimation: [(100000:100000:scope)] Time decreases, skip ModifierAnimation, lastTime:334641382992396, nowTime:334641349862846
06-15 18:05:00.107  1543  2115 E C02515/render_service/METADATA_SRV: [0;32;31m[EraseMetadataKey:174]  fail[m
06-15 18:05:00.108  1543  2115 E C01401/render_service/Bufferqueue: <surface_buffer_impl.cpp:738-EraseMetadataKey>: EraseMetadataKey Failed with -1
06-15 18:05:00.251  2654 58438 E C01560/wifi_manager_service/WifiCongestionService: HandleSignalPollChangedMsg unsupported
06-15 18:05:00.355  1179  1290 W C01C42/time_service/TimeService: t3 437622014
06-15 18:05:00.423 10129 10129 W C01650/usage_report/RdbStoreManager: IsConfigInvalidChanged:no bundleName
06-15 18:05:00.427 10129 10129 E C01650/usage_report/SilentProxy: IsSupportSilentFromService:GetRdbService failed, err is 27394049.
06-15 18:05:00.501  1543  2115 E C02515/render_service/METADATA_SRV: [0;32;31m[EraseMetadataKey:174]  fail[m
06-15 18:05:00.501  1543  2115 E C01401/render_service/Bufferqueue: <surface_buffer_impl.cpp:738-EraseMetadataKey>: EraseMetadataKey Failed with -1
06-15 18:05:00.561  1543  2115 E C02515/render_service/METADATA_SRV: [0;32;31m[EraseMetadataKey:174]  fail[m
06-15 18:05:00.561  1543  2115 E C01401/render_service/Bufferqueue: <surface_buffer_impl.cpp:738-EraseMetadataKey>: EraseMetadataKey Failed with -1
06-15 18:05:01.272  2654 55352 E C01560/wifi_manager_service/WifiCongestionService: HandleSignalPollChangedMsg unsupported
06-15 18:05:01.396 60274 60274 W A02112/com.ohos.FusionSearch/[FusionSearch]100_3.6.1.301.021: CommonUtil, forceFullGC duration: 98 ms
06-15 18:05:01.443  1179  1290 W C01C42/time_service/TimeService: t3 437622580
06-15 18:05:01.950  9453  9453 E C01F04/com.huawei.hmos.skytone/CoreServiceSimJsApi: NapiAsyncBaseCompleteCallback deferred error and resolved is true
06-15 18:05:01.955  9453  9453 E C01F04/com.huawei.hmos.skytone/CoreServiceSimJsApi: NapiAsyncBaseCompleteCallback deferred error and resolved is true
06-15 18:05:01.956  9453  9453 E C01F04/com.huawei.hmos.skytone/CoreServiceSimJsApi: NapiAsyncBaseCompleteCallback deferred error and resolved is true
06-15 18:05:01.958  9453  9453 E C01F04/com.huawei.hmos.skytone/CoreServiceSimJsApi: NapiAsyncBaseCompleteCallback deferred error and resolved is true
06-15 18:05:02.009  1179  1290 W C01C42/time_service/TimeService: uid:1096 id:185395133 wk:0
06-15 18:05:02.009  1179  1290 W C01C42/time_service/TimeService: id:185395133 we:437627580
06-15 18:05:02.009  1179  1290 W C01C42/time_service/TimeService: t3 437622927
06-15 18:05:02.295  2654 55148 E C01560/wifi_manager_service/WifiCongestionService: HandleSignalPollChangedMsg unsupported
06-15 18:05:02.356  1179  1290 W C01C42/time_service/TimeService: t3 437624927
06-15 18:05:02.391  7527  7527 I A03D00/com.open.rundesk/JSAPP: [Index] pollOnlineStatusOnce: querying 1 ids, coreReady= true
06-15 18:05:02.392  7527  7527 I A03D00/com.open.rundesk/JSAPP: [Index] queryOnlines returned: true
06-15 18:05:02.504  1543  2115 E C02515/render_service/METADATA_SRV: [0;32;31m[EraseMetadataKey:174]  fail[m
06-15 18:05:02.504  1543  2115 E C01401/render_service/Bufferqueue: <surface_buffer_impl.cpp:738-EraseMetadataKey>: EraseMetadataKey Failed with -1
06-15 18:05:02.585  7527  7527 I A03D00/com.open.rundesk/JSAPP: [HANDSHAKE_DIAG] Event: query-onlines-result, detail: {"offlines":[],"onlines":["1283267036"]}, peerId:
06-15 18:05:02.585  7527  7527 I A03D00/com.open.rundesk/JSAPP: [Bridge] query-online event kind: query-onlines-result detail: {"offlines":[],"onlines":["1283267036"]} peerId:
06-15 18:05:02.585  7527  7527 I A03D00/com.open.rundesk/JSAPP: [Bridge] query-online result onlines: 1 offlines: 0
06-15 18:05:02.613  1543  2115 E C02515/render_service/METADATA_SRV: [0;32;31m[EraseMetadataKey:174]  fail[m
06-15 18:05:02.613  1543  2115 E C01401/render_service/Bufferqueue: <surface_buffer_impl.cpp:738-EraseMetadataKey>: EraseMetadataKey Failed with -1
06-15 18:05:02.775 64306 64314 E C02925/bms_behavior/bms_file: [BmsFileReadBuffer]: file /sys/class/hw_power/coul/coul_data/rbatt is invalid
06-15 18:05:03.020 13938 50112 W C01400/com.dragon.read.next/Vsync: PrintRequestTs: recv vsync timestamp, from:lynx_vsync_connect, now:334644316351020, fromRsTs:334644315661053, timeInterval:689967ns
06-15 18:05:03.317  2654 55352 E C01560/wifi_manager_service/WifiCongestionService: HandleSignalPollChangedMsg unsupported
06-15 18:05:03.507  1413  2072 W C02943/power_host/ThermalHdi: Read node failed, title = brightness
06-15 18:05:03.571  1590 42622 E C057C2/foundation/IPCObjectProxy: PrintErrorDetailedInfo: failed, handle:3424 error:29189 desc:*.TelephonyObserverBroker proxy:2618281856 time:334644867259353
06-15 18:05:03.576  1590 42622 E C057C2/foundation/IPCObjectProxy: PrintErrorDetailedInfo: failed, handle:3741 error:29189 desc:*.TelephonyObserverBroker proxy:2617959936 time:334644872158312
06-15 18:05:03.577  1590 42622 E C057C2/foundation/IPCObjectProxy: PrintErrorDetailedInfo: failed, handle:2948 error:29189 desc:*.TelephonyObserverBroker proxy:2755723008 time:334644873431228
06-15 18:05:03.579  1590 42622 E C057C2/foundation/IPCObjectProxy: PrintErrorDetailedInfo: failed, handle:3243 error:29189 desc:*.TelephonyObserverBroker proxy:2755250944 time:334644875844249
06-15 18:05:03.587  1590 42622 E C057C2/foundation/IPCObjectProxy: PrintErrorDetailedInfo: failed, handle:5273 error:29189 desc:*.TelephonyObserverBroker proxy:2766192384 time:334644883422374
06-15 18:05:03.593  1590 42622 E C057C2/foundation/IPCObjectProxy: PrintErrorDetailedInfo: failed, handle:6387 error:29189 desc:*.TelephonyObserverBroker proxy:2706704768 time:334644889954666
06-15 18:05:03.596  1590 42622 E C057C2/foundation/IPCObjectProxy: PrintErrorDetailedInfo: failed, handle:6656 error:29189 desc:*.TelephonyObserverBroker proxy:2765432576 time:334644892088520
06-15 18:05:03.607  1543  2115 E C02515/render_service/METADATA_SRV: [0;32;31m[EraseMetadataKey:174]  fail[m
06-15 18:05:03.607  1543  2115 E C01401/render_service/Bufferqueue: <surface_buffer_impl.cpp:738-EraseMetadataKey>: EraseMetadataKey Failed with -1
06-15 18:05:03.607  1590 42622 E C057C2/foundation/IPCObjectProxy: PrintErrorDetailedInfo: failed, handle:4701 error:29189 desc:*.TelephonyObserverBroker proxy:2705533696 time:334644903450499
06-15 18:05:03.612  1590 42622 E C057C2/foundation/IPCObjectProxy: PrintErrorDetailedInfo: failed, handle:5992 error:29189 desc:*.TelephonyObserverBroker proxy:2768098304 time:334644908082791
06-15 18:05:03.615  1590 42622 E C057C2/foundation/IPCObjectProxy: PrintErrorDetailedInfo: failed, handle:9052 error:29189 desc:*.TelephonyObserverBroker proxy:2768751232 time:334644911777583
06-15 18:05:03.766  2654 52606 E C01560/wifi_manager_service/MultiLinkUtils: Chip type not suppoort Triband
06-15 18:05:03.768  2654 52606 E C01560/wifi_manager_service/MultiLinkUtils: Chip type not suppoort Triband
06-15 18:05:04.338  2654 64403 E C01560/wifi_manager_service/WifiCongestionService: HandleSignalPollChangedMsg unsupported
06-15 18:05:04.355  1179  1290 W C01C42/time_service/TimeService: t3 437625014
06-15 18:05:04.443  1179  1290 W C01C42/time_service/TimeService: t3 437626927
06-15 18:05:04.509  1543  2115 E C02515/render_service/METADATA_SRV: [0;32;31m[EraseMetadataKey:174]  fail[m
06-15 18:05:04.509  1543  2115 E C01401/render_service/Bufferqueue: <surface_buffer_impl.cpp:738-EraseMetadataKey>: EraseMetadataKey Failed with -1
06-15 18:05:05.361  2654 55148 E C01560/wifi_manager_service/WifiCongestionService: HandleSignalPollChangedMsg unsupported
06-15 18:05:05.980  9453  9453 E C01F04/com.huawei.hmos.skytone/CoreServiceSimJsApi: NapiAsyncBaseCompleteCallback deferred error and resolved is true
06-15 18:05:05.988  9453  9453 E C01F04/com.huawei.hmos.skytone/CoreServiceSimJsApi: NapiAsyncBaseCompleteCallback deferred error and resolved is true
06-15 18:05:05.993  9453  9453 E C01F04/com.huawei.hmos.skytone/CoreServiceSimJsApi: NapiAsyncBaseCompleteCallback deferred error and resolved is true
06-15 18:05:05.998  9453  9453 E C01F04/com.huawei.hmos.skytone/CoreServiceSimJsApi: NapiAsyncBaseCompleteCallback deferred error and resolved is true
06-15 18:05:06.097  1529  1866 W C057C3/media_service/IPCObjectStub: SendRequestInner: Stub(desc:IStandardScreenCaptureService) code:12 cost:1002ms
06-15 18:05:06.098  7527  8819 E C02B2E/com.open.rundesk/ScreenCaptureImpl: #450 AcquireVideoBuffer get failed
06-15 18:05:06.098  7527  8819 E C02B2E/com.open.rundesk/NativeScreenCapture: #891 AcquireVideoBuffer failed!
06-15 18:05:06.356  1179  1290 W C01C42/time_service/TimeService: t3 437627580
06-15 18:05:06.384  2654 55353 E C01560/wifi_manager_service/WifiCongestionService: HandleSignalPollChangedMsg unsupported
06-15 18:05:06.513  1543  2115 E C02515/render_service/METADATA_SRV: [0;32;31m[EraseMetadataKey:174]  fail[m
06-15 18:05:06.513  1543  2115 E C01401/render_service/Bufferqueue: <surface_buffer_impl.cpp:738-EraseMetadataKey>: EraseMetadataKey Failed with -1
06-15 18:05:06.573  1543  2115 E C02515/render_service/METADATA_SRV: [0;32;31m[EraseMetadataKey:174]  fail[m
06-15 18:05:06.573  1543  2115 E C01401/render_service/Bufferqueue: <surface_buffer_impl.cpp:738-EraseMetadataKey>: EraseMetadataKey Failed with -1
06-15 18:05:07.009  1179  1290 W C01C42/time_service/TimeService: uid:1096 id:185395133 wk:0
06-15 18:05:07.009  1179  1290 W C01C42/time_service/TimeService: id:185395133 we:437632580
06-15 18:05:07.009  1179  1290 W C01C42/time_service/TimeService: t3 437628014
06-15 18:05:07.391  7527  7527 I A03D00/com.open.rundesk/JSAPP: [Index] pollOnlineStatusOnce: querying 1 ids, coreReady= true
06-15 18:05:07.393  7527  7527 I A03D00/com.open.rundesk/JSAPP: [Index] queryOnlines returned: true
06-15 18:05:07.407  2654 52606 E C01560/wifi_manager_service/WifiCongestionService: HandleSignalPollChangedMsg unsupported
06-15 18:05:07.444  1179  1290 W C01C42/time_service/TimeService: t3 437628927
06-15 18:05:07.553  7527  7527 I A03D00/com.open.rundesk/JSAPP: [HANDSHAKE_DIAG] Event: query-onlines-result, detail: {"offlines":[],"onlines":["1283267036"]}, peerId:
06-15 18:05:07.553  7527  7527 I A03D00/com.open.rundesk/JSAPP: [Bridge] query-online event kind: query-onlines-result detail: {"offlines":[],"onlines":["1283267036"]} peerId:
06-15 18:05:07.553  7527  7527 I A03D00/com.open.rundesk/JSAPP: [Bridge] query-online result onlines: 1 offlines: 0
06-15 18:05:07.595  1543  2115 E C02515/render_service/METADATA_SRV: [0;32;31m[EraseMetadataKey:174]  fail[m
06-15 18:05:07.595  1543  2115 E C01401/render_service/Bufferqueue: <surface_buffer_impl.cpp:738-EraseMetadataKey>: EraseMetadataKey Failed with -1
06-15 18:05:07.814 64306 64314 E C02925/bms_behavior/bms_file: [BmsFileReadBuffer]: file /sys/class/hw_power/coul/coul_data/rbatt is invalid
06-15 18:05:08.355  1179  1290 W C01C42/time_service/TimeService: t3 437630927
06-15 18:05:08.363  1461  2650 W C01650/parent_control_service/RdbStoreManager: IsConfigInvalidChanged:no bundleName
06-15 18:05:08.363  1461  2650 E C01650/parent_control_service/SilentProxy: IsSupportSilentFromService:GetRdbService failed, err is 27394049.
06-15 18:05:08.425  2654 52606 E C01560/wifi_manager_service/WifiCongestionService: HandleSignalPollChangedMsg unsupported
06-15 18:05:08.516  1543  2115 E C02515/render_service/METADATA_SRV: [0;32;31m[EraseMetadataKey:174]  fail[m
06-15 18:05:08.516  1543  2115 E C01401/render_service/Bufferqueue: <surface_buffer_impl.cpp:738-EraseMetadataKey>: EraseMetadataKey Failed with -1
06-15 18:05:08.555  1413  2072 W C02943/power_host/ThermalHdi: Read node failed, title = brightness
06-15 18:05:08.933  1383  2045 I C02C02/PARAM: SystemSetParameter name odm.ril.hw_modem0.rssi id:265858 ret:0
06-15 18:05:09.182  1374 10150 W C00104/bluetooth_service/bt_hci: [20]btu_hcif_disconnection_comp_evt: Got Disconn Complete Event: reason=8, handle=129
06-15 18:05:09.183  1374 10150 W C00104/bluetooth_service/Bluetooth: [20]RFCOMM_DisconnectInd: lcid=0x004a, is_conf_needed=0
06-15 18:05:09.184  1486  1637 E C00101/softbus_server/bt_fwk_socket: (OnConnectionStateChanged:362)clientSptr->pimpl->observer_: callback is nullptr
06-15 18:05:09.186  1374 10149 W C00104/bluetooth_service/bt_rfcomm: [20]port_rfc_closed: RFCOMM connection closed, index=22, state=2 reason=Peer connection failed[16], UUID=0041, bd_addr=b8:8e:**:**:**:d9, is_server=1
06-15 18:05:09.186  1374  4041 E C00104/bluetooth_service/Bluetooth: [-1]unable to find RFCOMM slot id: 253
06-15 18:05:09.186  1486 64068 E C00101/softbus_server/bt_fwk_socket_inutputstream: (Read:46)socket read exception! ret:0 errno:0
06-15 18:05:09.186  1486 64068 W C05765/softbus_server/ConnNearby: LegacyBrLoopRead# br connection read return, connection closed. channelId=131176, socketHandle=104
06-15 18:05:09.189  1374 10151 W C00104/bluetooth_service/bt_rfcomm: [20]port_rfc_closed: RFCOMM connection closed, index=30, state=2 reason=Peer connection failed[16], UUID=003A, bd_addr=b8:8e:**:**:**:d9, is_server=1
06-15 18:05:09.189  1374 63877 E C00102/bluetooth_service/bt_service_obex_server_transpor: [-1](ReadRfcommData)socket exception! errno:0
06-15 18:05:09.189  1374 63877 E C00102/bluetooth_service/bt_service_obex_server_session: [-1](Run)transport Read failed, ret = 0
06-15 18:05:09.190  1374 10151 W C00104/bluetooth_service/bt_rfcomm: [20]port_rfc_closed: RFCOMM connection closed, index=33, state=2 reason=Peer connection failed[16], UUID=1101, bd_addr=b8:8e:**:**:**:d9, is_server=0
06-15 18:05:09.191  1374 10151 W C00104/bluetooth_service/bt_rfcomm: [20]port_rfc_closed: RFCOMM connection closed, index=36, state=2 reason=Peer connection failed[16], UUID=0000, bd_addr=b8:8e:**:**:**:d9, is_server=1
06-15 18:05:09.191  1486 64106 E C00101/softbus_server/bt_fwk_socket_inutputstream: (Read:46)socket read exception! ret:0 errno:0
06-15 18:05:09.192  1486 64106 W C05765/softbus_server/ConnNearby: LegacyBrLoopRead# br connection read return, connection closed. channelId=131177, socketHandle=105
06-15 18:05:09.192  1374 10151 E C00104/bluetooth_service/bt_rfcomm: [20]rfc_release_multiplexer_channel addr: b8:8e:**:**:**:d9
06-15 18:05:09.192  1374 10151 E C00104/bluetooth_service/bt_rfcomm: [20]rfc_timer_stop addr: b8:8e:**:**:**:d9
06-15 18:05:09.192  1486  3289 E C05765/softbus_server/ConnNearby: OnDisconnected# channel disconnected, channelId=131176, reason=-425918439
06-15 18:05:09.192  1374 10151 E C00104/bluetooth_service/bt_rfcomm: [20]rfc_collision_timer_stop addr: b8:8e:**:**:**:d9
06-15 18:05:09.192  1486  3289 W C05722/softbus_server/AuthConn: CcmpStop# ccmp stop protocol, connId=131176
06-15 18:05:09.192  1486  3289 W C05765/softbus_server/ConnNearby: OnChannelConnectDisconnected# channelId=131176, channelType=2, error=-425918439
06-15 18:05:09.192  1486  3289 E C05765/softbus_server/ConnNearby: OnChannelConnectDisconnected# channelType not tcp
06-15 18:05:09.193  1374 10151 W C00104/bluetooth_service/hw_bt_btif: [20]HiechoDelDeviceAudioCapsInfo addr=b8:8e:**:**:**:d9
06-15 18:05:09.193  1374 10151 W C00104/bluetooth_service/bt_l2cap: [20]l2cu_release_lcb: BTM_PM_OnDisconnected
06-15 18:05:09.193  1374 10151 W C00104/bluetooth_service/bt_btm_sec: [20]Got uncommon disconnection reason:Connection Timeout handle:0x0081
06-15 18:05:09.193  1385 43124 E C01500/comm_protocol_resource_manager/CommResourceManager: [(IsValidNoiseRssi:125)]Invalid rssi value, the rssi of every channel is -110.
06-15 18:05:09.193  1374 10151 W C00104/bluetooth_service/bt_btm: [20]hw_btm_sec_not_ble_auto_connect: dev_class is 2623236
06-15 18:05:09.193  1374 10151 W C00104/bluetooth_service/bt_btif: [20]bta_sys_conn_close: peer b8:8e:**:**:**:d9 id:26 app_id:1
06-15 18:05:09.194  1374 10151 W C00104/bluetooth_service/bt_btif: [20]bta_sys_conn_close: peer b8:8e:**:**:**:d9 id:26 app_id:255
06-15 18:05:09.194  1374 10151 E C00104/bluetooth_service/bt_btif: [20]HH connect status=3
06-15 18:05:09.194  1374 10151 W C00104/bluetooth_service/bt_btif: [20]bta_hh_co_close: dev_handle = 0, app_id = 1
06-15 18:05:09.194  1374 10151 W C00104/bluetooth_service/bt_btif: [20]bta_hh_co_close: Found an existing device with the same handle dev_status = 0, dev_handle =0
06-15 18:05:09.194  3040  3040 W A06666/com.huawei.hmos.aidataservice/160002364: Info_BluetoothAbility: A8:93*********:98 state 0, profile pbapProfile
06-15 18:05:09.195  1374  4041 E C00104/bluetooth_service/Bluetooth: [-1]unable to find RFCOMM slot id: 212
06-15 18:05:09.195  3040  3040 W A06666/com.huawei.hmos.aidataservice/160002364: Info_BluetoothAbility: A8:93*********:98 state 0, profile pbapProfile
06-15 18:05:09.195  1374  4041 E C00104/bluetooth_service/Bluetooth: [-1]unable to find RFCOMM slot id: 259
06-15 18:05:09.195  1374  4041 E C00104/bluetooth_service/Bluetooth: [-1]unable to find RFCOMM slot id: 261
06-15 18:05:09.195  1486 63886 E C00101/softbus_server/bt_fwk_socket_inutputstream: (Read:46)socket read exception! ret:0 errno:11
06-15 18:05:09.201  1486  3292 W C05765/softbus_server/ConnNearby: OnDataChannelDisconnected# channelId=131177, reason=-425918439
06-15 18:05:09.210  1385 43124 E C01500/comm_protocol_resource_manager/CommResourceManager: [(IsValidNoiseRssi:125)]Invalid rssi value, the rssi of every channel is -110.
06-15 18:05:09.211  1590  2274 W C04201/foundation/DMS: [a92abf30c4d23c6 0 0] NotifyUnfreezed: pid,type:1946,11 |4323,11 |7939,3 11 |9694,3 |10558,11 |13015,11 |21303,3 |23110,17 |29837,3 |31468,11 |44875,11 |45772,11 |47008,11 |56172,3 |57799,11 |
06-15 18:05:09.216  1374 10151 W C00104/bluetooth_service/bt_btif: [20]bta_sys_conn_close: peer b8:8e:**:**:**:d9 id:23 app_id:1
06-15 18:05:09.226  1590 42622 W C01337/foundation/EcologicalRule: [a92abe30c535a40 daef41 0][ERI235]failed,uid: 7259
06-15 18:05:09.232  1590  3388 E C01203/foundation/Ans: ffrt enter!
06-15 18:05:09.233  1385 43124 E C01500/comm_protocol_resource_manager/CommResourceManager: [(IsValidNoiseRssi:125)]Invalid rssi value, the rssi of every channel is -110.
06-15 18:05:09.236  1385 43124 E C01500/comm_protocol_resource_manager/CommResourceManager: [(GetEncryptAddr:31)]addr is invalid.
06-15 18:05:09.236  1590 42622 E C01F04/foundation/TelephonyCommon: get name for uid failed, error code : 8521233
06-15 18:05:09.237 37994 41182 E C01651/wear_link_service/datashare_helper_impl: UnregisterObserver: generalCtl is nullptr
06-15 18:05:09.238 37994 41182 E C01651/wear_link_service/datashare_helper_impl: UnregisterObserver: generalCtl is nullptr
06-15 18:05:09.241 37994 38240 E C057C2/wear_link_service/IPCObjectProxy: PrintErrorDetailedInfo: failed, handle:20 error:29189 desc:*.ISynergyEvent proxy:3186016128 time:334650537291644
06-15 18:05:09.241 37994 38240 E C04902/wear_link_service/WearServiceLP: [synergy_event_proxy.cpp(OnDeviceStateChange:28)]Send DeviceStateChange Err
06-15 18:05:09.247  1385 43124 E C01500/comm_protocol_resource_manager/CommResourceManager: [(IsValidNoiseRssi:125)]Invalid rssi value, the rssi of every channel is -110.
06-15 18:05:09.248  9979  9979 I C02C02/PARAM: ResetParamSecurityLabel Fd:19
06-15 18:05:09.250  1385 43124 E C01500/comm_protocol_resource_manager/CommResourceManager: [(GetEncryptAddr:31)]addr is invalid.
06-15 18:05:09.253  9694 64169 E C015C5/wei.hmos.audioaccessorymanager/NETSTACK_RCP:  id=58, httpVer:unknown, errCode:1007900028, vpnEnabled:1, NetworkError-:weakNetTlsTimeout, httpPhase:111000, dnsDur:6.44, tcpDur:276.03, tlsDur:0.00, sndDur:0.00, rcvDur:0.00, totDur:945229.68, redDur:0.00, osErr:103, sptIP6:1, proxyType:none, uptProxyMs:0, proxyCode:0, peer:122.9.**.**, lastOsIn:never, lastOsOut:17:48:44.151, sock:189, dnsFromNetsys:1, dnsStatus:1, tcpConnE:115, tryConnV4:1, tryConnV6:0, tryConnIp:122.9.**.**, tryConnPort:443, dlSpeed:0, ulSpeed:0, dlSz:0, ulSz:0, reused:0, sockType:IpConnection, cfgConnectMs:60000, cfgTransferMs:86400000, reqLen:no header sent, respLen:no header recv, lastSslRecvSz:0, lastSslSendSz:0, totalSslRecvSz:0, totalSslSendSz:0, lastEpollAct:0, headerOutSz:0, headerInSz:0, tstGlbUsr:0, tstCurUsr:0, selfCaPath:0, selfCaFile:0, selfCaBlob:0,
06-15 18:05:09.261  1156  2642 E C02220/msdp/DeviceManager: in RemoveDevice, 'mouse3' was not found
06-15 18:05:09.261  1156  2642 E C02220/msdp/EpollManager: in WaitTimeout, epoll_wait timeout
06-15 18:05:09.265  9694 10166 W C057C1/wei.hmos.audioaccessorymanager/IPCWorkThread: ThreadHandler: proto:0 policy:0 name:OS_IPC_21_10166 invoker:1313461632
06-15 18:05:09.270  9979  9979 W C02C11/com.huawei.hmos.health.core:co/APPSPAWN: errno:13 private mount to /mnt/sandbox/100/com.huawei.hmos.health.core/chip_prod/lib64/passthrough '524288' failed
06-15 18:05:09.272  9979  9979 W C02C11/com.huawei.hmos.health.core:co/APPSPAWN: check dir /data/app/el1/public/aot_compiler/ark_cache/com.huawei.hmos.health.core failed,strerror:No such file or directory
06-15 18:05:09.275   608   650 E C02510/hdf_devmgr/devmgr_uevent: value part invalid:[HID_PHYS=]
06-15 18:05:09.275   608   650 E C02510/hdf_devmgr/devmgr_uevent: value part invalid:[HID_PHYS=]
06-15 18:05:09.275  9979  9979 W C02C11/com.huawei.hmos.health.core:co/APPSPAWN: errno:2 bind mount /data/preload/app to /mnt/sandbox/100/com.huawei.hmos.health.core/data/preload/app
06-15 18:05:09.277  3040  3040 W A06666/com.huawei.hmos.aidataservice/160002364: Info_BluetoothAbility: A8:93*********:98 state 0, profile hidProfile
06-15 18:05:09.277  3040  3040 W A06666/com.huawei.hmos.aidataservice/160002364: Info_Publisher: BluetoothConnect capture requests: {"dataName":"BluetoothConnect","captureParam":{}}
06-15 18:05:09.277  3040  3040 W A06666/com.huawei.hmos.aidataservice/160002364: Info_Publisher: publish BluetoothConnect
06-15 18:05:09.277  1385 43124 E C01500/comm_protocol_resource_manager/CommResourceManager: [(BrSwitchMac1:662)]not support DUAL_MAC_D2D_SWITCH_BR_AUDIO!
06-15 18:05:09.277  1385 43124 E C01500/comm_protocol_resource_manager/CommResourceManager: [(BleAudioSwitchMac1:679)]not support DUAL_MAC_D2D_SWITCH_BLE_AUDIO!
06-15 18:05:09.277  1385 43124 E C01500/comm_protocol_resource_manager/CommResourceManager: [(SleAudioSwitchMac1:713)]not support DUAL_MAC_D2D_SWITCH_SLE_AUDIO!
06-15 18:05:09.277  1385 43124 E C01500/comm_protocol_resource_manager/CommResourceManager: [(SleAdvScanIntialSwitchMac0:766)]not support DUAL_MAC_D2D_SWITCH_SLE_ADV_SCAN!
06-15 18:05:09.277  1385 43124 E C01500/comm_protocol_resource_manager/CommResourceManager: [(PowerLimitForMac1:696)]not support DUAL_MAC_D2D_SWITCH_BLE_AUDIO!
06-15 18:05:09.277  1385 43124 E C01500/comm_protocol_resource_manager/CommResourceManager: [(BleAdvScanIntialSwitchMac1:749)]not support SWITCH_BLE_ADV_SCAN!
06-15 18:05:09.279  3040  3040 W A06666/com.huawei.hmos.aidataservice/160002364: Info_InnerSubMgr: BluetoothConnect has subscribeInfo: {"moduleId":"awareness_module","msg":{"session":{"serviceName":"AiDataService","messageName":"NotifyDataItem","senderName":"ContextAwareness","traceId":"4b891812-3a06-4a42-ae8a-7fcf37edbfae","messageVersion":"1.0"},"content":{"contentData":[{"header":{"namespace":"DataAccess","name":"BluetoothConnect"},"payload":{"accessType":"Collect","dataItems":[{"args":{},"dataEntityList":[{"state":"DISCONNECTED","devices":[{"deviceId":"A8:93:C6:C1:1F:98","deviceName":"HUAWEI WATCH 3-3D9","deviceType":"UNKNOWN"}],"dataName":"BluetoothConnect","timestamp":1781543109277,"duration":82,"startTime":1781543109195}],"changeType":"InsertOrUpdate","subscribeId":"BluetoothConnectHandleFrameworkData"}]}}]}}}
06-15 18:05:09.279  1156  2642 E C02220/msdp/EpollManager: in WaitTimeout, epoll_wait timeout
06-15 18:05:09.279  3040  3040 W A06666/com.huawei.hmos.aidataservice/160002364: Info_BluetoothAbility: A8:93*********:98 state 0, profile hidProfile
06-15 18:05:09.279  3040  3040 W A06666/com.huawei.hmos.aidataservice/160002364: BluetoothAbility: bluetooth undefined
06-15 18:05:09.280   856  1405 I C02C02/PARAM: SystemSetParameter name input.pointer.device id:1182 ret:0
06-15 18:05:09.281   605   691 I C02C03/PARAM_WATCHER: ProcessParameterChange key:input.pointer.device pid:1590
06-15 18:05:09.281 13938 14176 E C02801/com.dragon.read.next/MultimodalInputConnect: [nodict]Read result failed, code is: 35.
06-15 18:05:09.281  2938  2938 W A01B04/com.ohos.sceneboard/CC: Model.BluetoothController: listenConnectStatus, event: usual.event.bluetooth.remotedevice.CONNECT_STATUS_VALUEstate: 3
06-15 18:05:09.282  3040 10172 W A00F00/com.huawei.hmos.aidataservice/CA: [BlueToothStatusAbility:189]: id DataStorageOperator|StorageAwarenessData|Bluetooth0
06-15 18:05:09.282  3040 10172 W A00F00/com.huawei.hmos.aidataservice/CA: [BlueToothStatusAbility:229]: state "DISCONNECTED", onStates ["CONNECTED","DISCONNECTED"]
06-15 18:05:09.282  3040 10172 W A00F00/com.huawei.hmos.aidataservice/CA: [BlueToothStatusAbility:243]: Name HUAWEI WATCH 3-3D9, Type "UNKNOWN"
06-15 18:05:09.282  3040 10172 W A00F00/com.huawei.hmos.aidataservice/CA: [BlueToothStatusAbility:278]: name  deviceType null
06-15 18:05:09.282  3040 10172 W A00F00/com.huawei.hmos.aidataservice/CA: [BlueToothStatusAbility:189]: id DriveCarBluetooth
06-15 18:05:09.282  3040 10172 W A00F00/com.huawei.hmos.aidataservice/CA: [BlueToothStatusAbility:229]: state "DISCONNECTED", onStates ["CONNECTED","DISCONNECTED"]
06-15 18:05:09.282  3040 10172 W A00F00/com.huawei.hmos.aidataservice/CA: [BlueToothStatusAbility:243]: Name HUAWEI WATCH 3-3D9, Type "UNKNOWN"
