06-15 07:34:58.354  6134 28093 W C01D11/anco_service_broker/AamsBrokerService: [(DeregisterElementOperator:280)]Not find windowId[968] in ASAC
06-15 07:34:58.354  6134 28093 W C01D11/anco_service_broker/AamsBrokerService: [(DeregisterElementOperator:280)]Not find windowId[1756] in ASAC
06-15 07:34:58.354  6134 28093 W C01D11/anco_service_broker/AamsBrokerService: [(DeregisterElementOperator:280)]Not find windowId[2747] in ASAC
06-15 07:34:58.354  6134 28093 W C01D11/anco_service_broker/AamsBrokerService: [(DeregisterElementOperator:280)]Not find windowId[1074] in ASAC
06-15 07:34:58.354  6134 28093 W C01D11/anco_service_broker/AamsBrokerService: [(DeregisterElementOperator:280)]Not find windowId[1665] in ASAC
06-15 07:34:58.354  6134 28093 W C01D11/anco_service_broker/AamsBrokerService: [(DeregisterElementOperator:280)]Not find windowId[2738] in ASAC
06-15 07:34:58.354  6134 28093 W C01D11/anco_service_broker/AamsBrokerService: [(DeregisterElementOperator:280)]Not find windowId[1556] in ASAC
06-15 07:34:58.354  6134 28093 W C01D11/anco_service_broker/AamsBrokerService: [(DeregisterElementOperator:280)]Not find windowId[2736] in ASAC
06-15 07:34:58.354  6134 28093 W C01D11/anco_service_broker/AamsBrokerService: [(DeregisterElementOperator:280)]Not find windowId[1554] in ASAC
06-15 07:34:58.354  6134 28093 W C01D11/anco_service_broker/AamsBrokerService: [(DeregisterElementOperator:280)]Not find windowId[2735] in ASAC
06-15 07:34:58.354  6134 28093 W C01D11/anco_service_broker/AamsBrokerService: [(DeregisterElementOperator:280)]Not find windowId[1553] in ASAC
06-15 07:34:58.354  6134  6257 W C01D11/anco_service_broker/AamsBrokerService: [(DeregisterElementOperator:280)]Not find windowId[2811] in ASAC
06-15 07:34:58.354  6134  6257 W C01D11/anco_service_broker/AamsBrokerService: [(DeregisterElementOperator:280)]Not find windowId[1826] in ASAC
06-15 07:34:58.354  6134  6257 W C01D11/anco_service_broker/AamsBrokerService: [(DeregisterElementOperator:280)]Not find windowId[2723] in ASAC
06-15 07:34:58.354  6134  6257 W C01D11/anco_service_broker/AamsBrokerService: [(DeregisterElementOperator:280)]Not find windowId[1147] in ASAC
06-15 07:34:58.354  6134  6257 W C01D11/anco_service_broker/AamsBrokerService: [(DeregisterElementOperator:280)]Not find windowId[2722] in ASAC
06-15 07:34:58.354  6134  6257 W C01D11/anco_service_broker/AamsBrokerService: [(DeregisterElementOperator:280)]Not find windowId[1141] in ASAC
06-15 07:34:58.355  6134  6257 W C01D11/anco_service_broker/AamsBrokerService: [(DeregisterElementOperator:280)]Not find windowId[1140] in ASAC
06-15 07:34:58.355  6134  6257 W C01D11/anco_service_broker/AamsBrokerService: [(DeregisterElementOperator:280)]Not find windowId[2812] in ASAC
06-15 07:34:58.355  6134  6165 W C01D11/anco_service_broker/AamsBrokerService: [(DeregisterElementOperator:280)]Not find windowId[1236] in ASAC
06-15 07:34:58.355  6134  6165 W C01D11/anco_service_broker/AamsBrokerService: [(DeregisterElementOperator:280)]Not find windowId[1139] in ASAC
06-15 07:34:58.355  6134  6165 W C01D11/anco_service_broker/AamsBrokerService: [(DeregisterElementOperator:280)]Not find windowId[939] in ASAC
06-15 07:34:58.355  6134  6165 W C01D11/anco_service_broker/AamsBrokerService: [(DeregisterElementOperator:280)]Not find windowId[1136] in ASAC
06-15 07:34:58.355  6134  6165 W C01D11/anco_service_broker/AamsBrokerService: [(DeregisterElementOperator:280)]Not find windowId[2299] in ASAC
06-15 07:34:58.355  6134  6165 W C01D11/anco_service_broker/AamsBrokerService: [(DeregisterElementOperator:280)]Not find windowId[938] in ASAC
06-15 07:34:58.355  6134  6165 W C01D11/anco_service_broker/AamsBrokerService: [(DeregisterElementOperator:280)]Not find windowId[1075] in ASAC
06-15 07:34:58.355  6134  6165 W C01D11/anco_service_broker/AamsBrokerService: [(DeregisterElementOperator:280)]Not find windowId[1065] in ASAC
06-15 07:34:58.355  6134  6165 W C01D11/anco_service_broker/AamsBrokerService: [(DeregisterElementOperator:280)]Not find windowId[861] in ASAC
06-15 07:34:58.356  6134  6165 W C01D11/anco_service_broker/AamsBrokerService: [(DeregisterElementOperator:280)]Not find windowId[1649] in ASAC
06-15 07:34:58.356  6134  6165 W C01D11/anco_service_broker/AamsBrokerService: [(DeregisterElementOperator:280)]Not find windowId[2734] in ASAC
06-15 07:34:58.356  6134 25809 W C01D11/anco_service_broker/AamsBrokerService: [(DeregisterElementOperator:280)]Not find windowId[1552] in ASAC
06-15 07:34:58.356  6134 25809 W C01D11/anco_service_broker/AamsBrokerService: [(DeregisterElementOperator:280)]Not find windowId[1067] in ASAC
06-15 07:34:58.356  6134 25809 W C01D11/anco_service_broker/AamsBrokerService: [(DeregisterElementOperator:280)]Not find windowId[2739] in ASAC
06-15 07:34:58.356  6134 25809 W C01D11/anco_service_broker/AamsBrokerService: [(DeregisterElementOperator:280)]Not find windowId[966] in ASAC
06-15 07:34:58.356  6134 25809 W C01D11/anco_service_broker/AamsBrokerService: [(DeregisterElementOperator:280)]Not find windowId[1557] in ASAC
06-15 07:34:58.356  6134 25809 W C01D11/anco_service_broker/AamsBrokerService: [(DeregisterElementOperator:280)]Not find windowId[1072] in ASAC
06-15 07:34:58.356  6134 25809 W C01D11/anco_service_broker/AamsBrokerService: [(DeregisterElementOperator:280)]Not find windowId[2733] in ASAC
06-15 07:34:58.356  6134 25809 W C01D11/anco_service_broker/AamsBrokerService: [(DeregisterElementOperator:280)]Not find windowId[960] in ASAC
06-15 07:34:58.356  6134 25809 W C01D11/anco_service_broker/AamsBrokerService: [(DeregisterElementOperator:280)]Not find windowId[1551] in ASAC
06-15 07:34:58.356  6134 25809 W C01D11/anco_service_broker/AamsBrokerService: [(DeregisterElementOperator:280)]Not find windowId[2839] in ASAC
06-15 07:34:58.356  6134 25809 W C01D11/anco_service_broker/AamsBrokerService: [(DeregisterElementOperator:280)]Not find windowId[1066] in ASAC
06-15 07:34:58.357  6134 25809 W C01D11/anco_service_broker/AamsBrokerService: [(DeregisterElementOperator:280)]Not find windowId[2742] in ASAC
06-15 07:34:58.357  6134 25809 W C01D11/anco_service_broker/AamsBrokerService: [(DeregisterElementOperator:280)]Not find windowId[969] in ASAC
06-15 07:34:58.357  6134  6223 W C01D11/anco_service_broker/AamsBrokerService: [(DeregisterElementOperator:280)]Not find windowId[2732] in ASAC
06-15 07:34:58.357  6134  6223 W C01D11/anco_service_broker/AamsBrokerService: [(DeregisterElementOperator:280)]Not find windowId[959] in ASAC
06-15 07:34:58.357  6134  6223 W C01D11/anco_service_broker/AamsBrokerService: [(DeregisterElementOperator:280)]Not find windowId[1258] in ASAC
06-15 07:34:58.357  6134  6223 W C01D11/anco_service_broker/AamsBrokerService: [(DeregisterElementOperator:280)]Not find windowId[1064] in ASAC
06-15 07:34:58.357  6134  6223 W C01D11/anco_service_broker/AamsBrokerService: [(DeregisterElementOperator:280)]Not find windowId[2740] in ASAC
06-15 07:34:58.357 20916 21484 E C03F00/uawei.hmos.email:workScheduler/ArkEtsVm: [nodict]ani: Cannot attach current thread, reached the limit of EAWorkers
06-15 07:34:58.357  6134  6223 W C01D11/anco_service_broker/AamsBrokerService: [(DeregisterElementOperator:280)]Not find windowId[770] in ASAC
06-15 07:34:58.357  6134  6223 W C01D11/anco_service_broker/AamsBrokerService: [(DeregisterElementOperator:280)]Not find windowId[1755] in ASAC
06-15 07:34:58.357  6134  6223 W C01D11/anco_service_broker/AamsBrokerService: [(DeregisterElementOperator:280)]Not find windowId[967] in ASAC
06-15 07:34:58.357  6134  6223 W C01D11/anco_service_broker/AamsBrokerService: [(DeregisterElementOperator:280)]Not find windowId[2727] in ASAC
06-15 07:34:58.357  6134  6223 W C01D11/anco_service_broker/AamsBrokerService: [(DeregisterElementOperator:280)]Not find windowId[1742] in ASAC
06-15 07:34:58.357  6134  6223 W C01D11/anco_service_broker/AamsBrokerService: [(DeregisterElementOperator:280)]Not find windowId[1063] in ASAC
06-15 07:34:58.357  6134  6223 W C01D11/anco_service_broker/AamsBrokerService: [(DeregisterElementOperator:280)]Not find windowId[2729] in ASAC
06-15 07:34:58.357  6134  6223 W C01D11/anco_service_broker/AamsBrokerService: [(DeregisterElementOperator:280)]Not find windowId[2728] in ASAC
06-15 07:34:58.357  6134  6223 W C01D11/anco_service_broker/AamsBrokerService: [(DeregisterElementOperator:280)]Not find windowId[955] in ASAC
06-15 07:34:58.357  6134  6223 W C01D11/anco_service_broker/AamsBrokerService: [(DeregisterElementOperator:280)]Not find windowId[1817] in ASAC
06-15 07:34:58.358  6134  6223 W C01D11/anco_service_broker/AamsBrokerService: [(DeregisterElementOperator:280)]Not find windowId[1812] in ASAC
06-15 07:34:58.358  6134  6223 W C01D11/anco_service_broker/AamsBrokerService: [(DeregisterElementOperator:280)]Not find windowId[2295] in ASAC
06-15 07:34:58.358  6134  6223 W C01D11/anco_service_broker/AamsBrokerService: [(DeregisterElementOperator:280)]Not find windowId[937] in ASAC
06-15 07:34:58.358  6134  6223 W C01D11/anco_service_broker/AamsBrokerService: [(DeregisterElementOperator:280)]Not find windowId[896] in ASAC
06-15 07:34:58.358  6134  6223 W C01D11/anco_service_broker/AamsBrokerService: [(DeregisterElementOperator:280)]Not find windowId[895] in ASAC
06-15 07:34:58.358  6134  6223 W C01D11/anco_service_broker/AamsBrokerService: [(DeregisterElementOperator:280)]Not find windowId[2730] in ASAC
06-15 07:34:58.358  6134  6223 W C01D11/anco_service_broker/AamsBrokerService: [(DeregisterElementOperator:280)]Not find windowId[957] in ASAC
06-15 07:34:58.358  6134  6134 W C01120/anco_service_broker/BMS: GetParcelableInfo reply false
06-15 07:34:58.358  6134  6134 W C01121/anco_service_broker/BMSQuery: bundle_mgr_proxy.cpp:QueryAbilityInfo:1311 QueryAbilityInfo mutiparam from server fail
06-15 07:34:58.358  6134  6134 E C01CBD/anco_service_broker/AmsBrokerService: [AmsBroker(HasPermissionsDeclareForAbility:106)]query ability info failed from bundleMgr Ability:DataShareExtAbility, bundle:com.ohos.medialibrary.medialibrarydata.
06-15 07:34:58.358  6134  6264 W C01D11/anco_service_broker/AamsBrokerService: [(DeregisterElementOperator:280)]Not find windowId[2755] in ASAC
06-15 07:34:58.358  6134  6223 E C01CCD/anco_service_broker/POWER_BROKER_LOG: [(RemoveLock:51)]The map of wakeLockMap_ is empty, lock has not acquired.
06-15 07:34:58.358  6134  6223 E C01CCD/anco_service_broker/POWER_BROKER_LOG: [(ReleaseWakeLockInner:103)]removeLock failed : -4
06-15 07:34:58.358  6134  6264 W C01D11/anco_service_broker/AamsBrokerService: [(DeregisterElementOperator:280)]Not find windowId[785] in ASAC
06-15 07:34:58.358  6134  6223 W C01D11/anco_service_broker/AamsBrokerService: [(DeregisterElementOperator:280)]Not find windowId[2810] in ASAC
06-15 07:34:58.358  6134  6223 W C01D11/anco_service_broker/AamsBrokerService: [(DeregisterElementOperator:280)]Not find windowId[52] in ASAC
06-15 07:34:58.358  6134  6223 W C01D11/anco_service_broker/AamsBrokerService: [(DeregisterElementOperator:280)]Not find windowId[138] in ASAC
06-15 07:34:58.358  1590  4889 W C01337/foundation/EcologicalRule: [ERI235]failed,uid: 5557
06-15 07:34:58.358  6134  6223 W C01D11/anco_service_broker/AamsBrokerService: [(DeregisterElementOperator:280)]Not find windowId[1803] in ASAC
06-15 07:34:58.358  6134  6223 W C01D11/anco_service_broker/AamsBrokerService: [(DeregisterElementOperator:280)]Not find windowId[2815] in ASAC
06-15 07:34:58.358  6134  6223 W C01D11/anco_service_broker/AamsBrokerService: [(DeregisterElementOperator:280)]Not find windowId[57] in ASAC
06-15 07:34:58.358  6134  6223 W C01D11/anco_service_broker/AamsBrokerService: [(DeregisterElementOperator:280)]Not find windowId[55] in ASAC
06-15 07:34:58.361  1590  4889 E C01312/foundation/DbObsMgr: [dataobs_mgr_inner_ext.cpp281]subscribers num :0
06-15 07:34:58.361  1590  4889 E C01312/foundation/DbObsMgr: [dataobs_mgr_inner_ext.cpp281]subscribers num :0
06-15 07:34:58.364   772 20312 W C02B87/audio_server/AudioDeviceCommon: [GetPreferredOutputDeviceDescInner]Invalid usage[0], return current device.
06-15 07:34:58.378  2654 30594 E C01560/wifi_manager_service/WifiCongestionService: HandleSignalPollChangedMsg unsupported
06-15 07:34:58.384 20916 21484 W C01321/uawei.hmos.email:workScheduler/JsRuntime: [CSM256]not Connected
06-15 07:34:58.384 20916 21484 W C01321/uawei.hmos.email:workScheduler/JsRuntime: [CSM161]not Connected
06-15 07:34:58.393 20916 20916 E C01D02/uawei.hmos.email:workScheduler/accessibility_asacfwk: [(AccessibilitySystemAbilityClientImpl:78)]accessibility service is ready.
06-15 07:34:58.398  1590  2523 W C01202/foundation/Subscriber: Subscribe accessibility.config.ready, without any restrict subid = 20916_20020058_-1_51153_303980278
06-15 07:34:58.403 20916 20916 W C03F04/uawei.hmos.email:workScheduler/MMG: [NMM:1289] Name mismatch: file.photoAccessHelperNative != file.photoAccessHelper
06-15 07:34:58.497 20916 20916 W C03F04/uawei.hmos.email:workScheduler/MMG: [NMM:1463]Module path conflict: core.account.accountPicker
06-15 07:34:58.577  1590  4889 W C01336/foundation/AMS: [ABR2795]null sessionInfo
06-15 07:34:58.589   968 21449 E C01731/resource_schedule_service/SUSPEND_MSG: [a92abd9d128fd10 0 0][(UpdateServiceExtensionMap):148] not support type:1, pid=20916
06-15 07:34:58.701  1179  1290 W C01C42/time_service/TimeService: t3 399818415
06-15 07:34:58.758   855 21361 E C03D00/utils_base: Couldn't unlinkat subFile procs: Operation not permitted
06-15 07:34:58.810   855   855 W C057C3/memmgrservice/IPCObjectStub: SendRequestInner: Stub(desc:*.AncoStatusSubcriber) code:0 cost:502ms
06-15 07:34:59.336  2905 16021 E C01CCD/bms_broker/Broker: [ (OnAncoStatusChanged:89)]main handler is nullptr
06-15 07:34:59.338  6134  6134 E C01CCD/anco_service_broker/GraphicBroker: SetVSyncEnabledLocked: set vsync rate failed, ret=40001000, rate=-1
06-15 07:34:59.338   968  6137 I C02C02/PARAM: SystemSetParameter name anco_state id:33362 ret:0
06-15 07:34:59.341  1590 19938 W C01340/foundation/Ext: [ABCM663]normal:35050
06-15 07:34:59.341  1590 19938 W C01340/foundation/Ext: [ABCM526]empty
06-15 07:34:59.344   605   691 I C02C03/PARAM_WATCHER: ProcessParameterChange key:anco_state pid:855
06-15 07:34:59.344   605   691 I C02C03/PARAM_WATCHER: ProcessParameterChange key:anco_state pid:1383
06-15 07:34:59.344   605   691 I C02C03/PARAM_WATCHER: ProcessParameterChange key:anco_state pid:856
06-15 07:34:59.345   605   691 I C02C03/PARAM_WATCHER: ProcessParameterChange key:anco_state pid:6135
06-15 07:34:59.346   605   691 I C02C03/PARAM_WATCHER: ProcessParameterChange key:anco_state pid:6133
06-15 07:34:59.346   605   691 I C02C03/PARAM_WATCHER: ProcessParameterChange key:anco_state pid:6134
06-15 07:34:59.384  2654 25008 E C01560/wifi_manager_service/WifiCongestionService: HandleSignalPollChangedMsg unsupported
06-15 07:34:59.397  1179  1290 W C01C42/time_service/TimeService: t3 399819017
06-15 07:34:59.596   968   968 W C057C3/resource_schedule_service/IPCObjectStub: SendRequestInner: Stub(desc:*.DistributedConnection) code:1 cost:1003ms
06-15 07:34:59.819   788  3377 I C02C02/PARAM: SystemSetParameter name persist.ffrt.interval.appRate id:144580 ret:0
06-15 07:34:59.822   788  3377 I C02C02/PARAM: SystemSetParameter name persist.ffrt.interval.rsRate id:144581 ret:0
06-15 07:35:00.000  1179  1290 W C01C42/time_service/TimeService: uid:5557 id:1296636182 wk:0
06-15 07:35:00.005  1179  1290 W C01C42/time_service/TimeService: id:1239644535 we:399879017
06-15 07:35:00.005  1179  1290 W C01C42/time_service/TimeService: t3 399819719
06-15 07:35:00.026  5218  5251 W C03937/com.ohos.formrenderservice/AceResource: [(100000:100000:scope)] Get double by name error, resName=sys.float.hms_material_style, errorCode=9001003
06-15 07:35:00.026  5218  5251 W C03937/com.ohos.formrenderservice/AceResource: [(100000:100000:scope)] Get double by name error, resName=sys.float.hms_material_style, errorCode=9001003
06-15 07:35:00.388 24569 26474 W C02D13/hdcd/HDC_LOG: [GetDevItem:114] GetDevItem false key:persist.hdc.root
06-15 07:35:00.397  2654 30596 E C01560/wifi_manager_service/WifiCongestionService: HandleSignalPollChangedMsg unsupported
06-15 07:35:00.441 21531 21531 W C02C02/PARAM: Selinux check name persist.init.debug.loglevel in u:object_r:startup_init_param:s0 [21531 2000 2000] failed
06-15 07:35:00.441 21531 21531 W C02C02/PARAM: Selinux check name persist.init.debug.loglevel in u:object_r:startup_init_param:s0 [21531 2000 2000] failed
06-15 07:35:00.441 21531 21531 W C02C02/PARAM: SystemReadParam failed!name is:persist.init.debug.loglevel,err:1002
06-15 07:35:00.446 21531 21531 W C02C02/PARAM: Selinux check name const.logsystem.versiontype in u:object_r:versiontype_param:s0 [21531 2000 2000] failed
06-15 07:35:00.446 21531 21531 W C02C02/PARAM: SystemReadParam failed!name is:const.logsystem.versiontype,err:1002
06-15 07:35:00.449 21531 21531 W C02C02/PARAM: Selinux check name musl.log.enable in u:object_r:musl_param:s0 [21531 2000 2000] failed
06-15 07:35:00.449 21531 21531 E C02C02/PARAM: Forbid to read parameter musl.log.enable
06-15 07:35:00.449 21531 21531 E C02C02/PARAM: Forbid to access parameter musl.log.enable
06-15 07:35:00.449 21531 21531 W C02C02/PARAM: Selinux check name musl.log.level in u:object_r:musl_param:s0 [21531 2000 2000] failed
06-15 07:35:00.449 21531 21531 E C02C02/PARAM: Forbid to read parameter musl.log.level
06-15 07:35:00.449 21531 21531 E C02C02/PARAM: Forbid to access parameter musl.log.level
06-15 07:35:00.449 21531 21531 W C02C02/PARAM: Selinux check name musl.ld.debug.dlopen in u:object_r:musl_param:s0 [21531 2000 2000] failed
06-15 07:35:00.449 21531 21531 E C02C02/PARAM: Forbid to read parameter musl.ld.debug.dlopen
06-15 07:35:00.449 21531 21531 E C02C02/PARAM: Forbid to access parameter musl.ld.debug.dlopen
06-15 07:35:00.449 21531 21531 W C02C02/PARAM: Selinux check name musl.ld.debug.dlclose in u:object_r:musl_param:s0 [21531 2000 2000] failed
06-15 07:35:00.449 21531 21531 E C02C02/PARAM: Forbid to read parameter musl.ld.debug.dlclose
06-15 07:35:00.449 21531 21531 E C02C02/PARAM: Forbid to access parameter musl.ld.debug.dlclose
06-15 07:35:00.449 21531 21531 W C02C02/PARAM: Selinux check name debug.hitrace.tags.enableflags in u:object_r:hitrace_param:s0 [21531 2000 2000] failed
06-15 07:35:00.449 21531 21531 E C02C02/PARAM: Forbid to read parameter debug.hitrace.tags.enableflags
06-15 07:35:00.449 21531 21531 E C02C02/PARAM: Forbid to access parameter debug.hitrace.tags.enableflags
06-15 07:35:00.467 21531 21531 W C02C02/PARAM: Selinux check name persist.init.debug.loglevel in u:object_r:startup_init_param:s0 [21531 2000 2000] failed
06-15 07:35:00.467 21531 21531 W C02C02/PARAM: Selinux check name persist.init.debug.loglevel in u:object_r:startup_init_param:s0 [21531 2000 2000] failed
06-15 07:35:00.467 21531 21531 W C02C02/PARAM: SystemReadParam failed!name is:persist.init.debug.loglevel,err:1002
06-15 07:35:00.469 21531 21531 W C02C02/PARAM: Selinux check name const.logsystem.versiontype in u:object_r:versiontype_param:s0 [21531 2000 2000] failed
06-15 07:35:00.469 21531 21531 W C02C02/PARAM: SystemReadParam failed!name is:const.logsystem.versiontype,err:1002
06-15 07:35:00.470 21531 21531 W C02C02/PARAM: Selinux check name musl.log.enable in u:object_r:musl_param:s0 [21531 2000 2000] failed
06-15 07:35:00.470 21531 21531 E C02C02/PARAM: Forbid to read parameter musl.log.enable
06-15 07:35:00.470 21531 21531 E C02C02/PARAM: Forbid to access parameter musl.log.enable
06-15 07:35:00.470 21531 21531 W C02C02/PARAM: Selinux check name musl.log.level in u:object_r:musl_param:s0 [21531 2000 2000] failed
06-15 07:35:00.470 21531 21531 E C02C02/PARAM: Forbid to read parameter musl.log.level
06-15 07:35:00.470 21531 21531 E C02C02/PARAM: Forbid to access parameter musl.log.level
06-15 07:35:00.470 21531 21531 W C02C02/PARAM: Selinux check name musl.ld.debug.dlopen in u:object_r:musl_param:s0 [21531 2000 2000] failed
06-15 07:35:00.470 21531 21531 E C02C02/PARAM: Forbid to read parameter musl.ld.debug.dlopen
06-15 07:35:00.470 21531 21531 E C02C02/PARAM: Forbid to access parameter musl.ld.debug.dlopen
06-15 07:35:00.470 21531 21531 W C02C02/PARAM: Selinux check name musl.ld.debug.dlclose in u:object_r:musl_param:s0 [21531 2000 2000] failed
06-15 07:35:00.470 21531 21531 E C02C02/PARAM: Forbid to read parameter musl.ld.debug.dlclose
06-15 07:35:00.470 21531 21531 E C02C02/PARAM: Forbid to access parameter musl.ld.debug.dlclose
06-15 07:35:00.470 21531 21531 W C02C02/PARAM: Selinux check name debug.hitrace.tags.enableflags in u:object_r:hitrace_param:s0 [21531 2000 2000] failed
06-15 07:35:00.470 21531 21531 E C02C02/PARAM: Forbid to read parameter debug.hitrace.tags.enableflags
06-15 07:35:00.470 21531 21531 E C02C02/PARAM: Forbid to access parameter debug.hitrace.tags.enableflags
