06-14 08:02:52.278 11522 11522 E A00000/com.huawei.hmos.ailifesvc/ASC_com.huawei.hmos.ailifesvc: [AamSdkFunction--17.0.2.311] registerEvent catch err: {"name":"checkSdkConnection error","message":"checkSdkConnection hasConnectedDevice is false","code":-300}
06-14 08:02:52.278 11522 11522 E A00000/com.huawei.hmos.ailifesvc/ASC_com.huawei.hmos.ailifesvc: [AamSdkClient--17.0.2.311] ##onSpatialState err -300
06-14 08:02:52.280  1374 10157 E C00102/bluetooth_service/bt_server_gatt_client: [-1](GetAllDevice)request not support.
06-14 08:02:52.294  1374 11851 W C00104/bluetooth_service/bt_l2cap: [20]L2CA_SetLeGattTimeout: l2cu_no_dynamic_ccbs
06-14 08:02:52.295 11857 11857 W C04201/essorymanager:ReconnectAbility/DMS: RegisterClientDeathListener: regis reverse death
06-14 08:02:52.295  1374 11848 W C00104/bluetooth_service/bt_l2cap: [20]L2CA_SetLeGattTimeout: l2cu_no_dynamic_ccbs
06-14 08:02:52.296  1374 11848 W C00104/bluetooth_service/bt_l2cap: [20]L2CA_SetLeGattTimeout: l2cu_no_dynamic_ccbs
06-14 08:02:52.296  1590 40909 W C04201/foundation/DMS: screen_session.cpp: call BMS
06-14 08:02:52.302  1385  1502 E C01500/comm_protocol_resource_manager/CommResourceManager: [(GattServerConnected:196)]error: gatt server is not created
06-14 08:02:52.305  1385  1502 E C01500/comm_protocol_resource_manager/CommResourceManager: [(GattServerConnected:196)]error: gatt server is not created
06-14 08:02:52.307  1374 11849 W C00104/bluetooth_service/bt_l2cap: [20]L2CA_SetLeGattTimeout: l2cu_no_dynamic_ccbs
06-14 08:02:52.316   604 10017 W C01800/samgr/SAMGR: CheckCondition:usual.event.SCREEN_OFF, value:0 not pass
06-14 08:02:52.316   604 10017 W C01800/samgr/SAMGR: CheckCondition:usual.event.SCREEN_OFF, value:0 not pass
06-14 08:02:52.318   968 11016 E C01703/resource_schedule_service/socperf: [a92ab9521c4daee 0 0][HandleBatteryStatusChange]: SocPerfPlugin: socperf->HandleBatteryStatusChange invalid data
06-14 08:02:52.318  1712  3393 W C04631/CollaborationFwk/AwarenessManager: OnReceiveEvent#164: receive event usual.event.BATTERY_CHANGED
06-14 08:02:52.319   772 11994 E C02B87/audio_server/AudioServer: [SetExtraParameters]invalid subkey or value
06-14 08:02:52.353  1374 11849 W C00104/bluetooth_service/bt_l2cap: [20]l2cu_release_lcb: BTM_PM_OnDisconnected
06-14 08:02:52.354  1374 11849 W C00104/bluetooth_service/bt_btm: [20]hw_btm_sec_not_ble_auto_connect: dev_class is 2360344
06-14 08:02:52.390 11857 11857 E C01700/essorymanager:ReconnectAbility/RSS: ResSchedClient::ReportData type not subscribed.
06-14 08:02:52.395  1590  3385 W C01202/foundation/Subscriber: Subscribe usual.event.PLUGIN_PACKAGE_CHANGED,usual.event.PLUGIN_PACKAGE_ADDED,usual.event.PLUGIN_PACKAGE_REMOVED, without any restrict subid = 11857_20020062_-1_41223_232540730
06-14 08:02:52.418  1374 10157 E C00102/bluetooth_service/bt_server_observer_container: [-1](AddRemoteObject)BluetoothObserverApplicationContainer: remote exist pid(11857), uid(20020062)
06-14 08:02:52.418  1374 10157 W C00102/bluetooth_service/bt_server_host: [-1](Register)Observer list already contains given observer
06-14 08:02:52.418  1374 10157 E C00102/bluetooth_service/bt_server_observer_container: [-1](AddRemoteObject)BluetoothObserverApplicationContainer: remote exist pid(11857), uid(20020062)
06-14 08:02:52.418  1374 10157 W C00102/bluetooth_service/bt_server_host: [-1](Register)Observer list already contains given observer
06-14 08:02:52.418  1374 10157 E C00102/bluetooth_service/bt_server_observer_container: [-1](AddRemoteObject)BluetoothObserverApplicationContainer: remote exist pid(11857), uid(20020062)
06-14 08:02:52.418  1374 10157 W C00102/bluetooth_service/bt_server_host: [-1](Register)Observer list already contains given observer
06-14 08:02:52.418  1374 10157 E C00102/bluetooth_service/bt_server_observer_container: [-1](AddRemoteObject)BluetoothObserverApplicationContainer: remote exist pid(11857), uid(20020062)
06-14 08:02:52.418  1374 10157 W C00102/bluetooth_service/bt_server_host: [-1](Register)Observer list already contains given observer
06-14 08:02:52.418  1374 10157 E C00102/bluetooth_service/bt_server_observer_container: [-1](AddRemoteObject)BluetoothObserverApplicationContainer: remote exist pid(11857), uid(20020062)
06-14 08:02:52.418  1374 10157 W C00102/bluetooth_service/bt_server_host: [-1](Register)Observer list already contains given observer
06-14 08:02:52.418 11857 11857 W C03F04/essorymanager:ReconnectAbility/MMG: [NMM:1289] Name mismatch: systemParameterEnhance != systemParameterV9
06-14 08:02:52.439 11857 11969 W C00151/essorymanager:ReconnectAbility/nearlink_fwk: [operator():388]execute serviceStartedFunc_, sle is enabled, maybe app is freezed before.
06-14 08:02:52.440 11857 11990 W C02D07/essorymanager:ReconnectAbility/Verify: invalid configName=
06-14 08:02:52.441 11857 11972 W C02D07/essorymanager:ReconnectAbility/Verify: invalid configName=
06-14 08:02:52.443 11857 11857 W C03F04/essorymanager:ReconnectAbility/MMG: [NMM:1289] Name mismatch: aam_connection_client != AudioAccessoryManager
06-14 08:02:52.445  1374 11851 W C00104/bluetooth_service/bt_l2cap: [20]L2CA_SetLeGattTimeout: l2cu_no_dynamic_ccbs
06-14 08:02:52.445  1374 11824 E C00102/bluetooth_service/bt_service_hfp_ag: [6](ProcessDefaultEvent)Invalid address[08:31:**:**:**:FD]
06-14 08:02:52.445  1374 11849 W C00104/bluetooth_service/bt_l2cap: [20]L2CA_SetLeGattTimeout: l2cu_no_dynamic_ccbs
06-14 08:02:52.445  1374 11849 W C00104/bluetooth_service/bt_l2cap: [20]LCID: 0x0040  st: W4_L2CA_CON_RSP  evt: UPPER_LAYER_CONNECT_RSP
06-14 08:02:52.446 11857 11980 W C01650/essorymanager:ReconnectAbility/RdbStoreManager: IsConfigInvalidChanged:no bundleName
06-14 08:02:52.446 11857 11990 W C02D07/essorymanager:ReconnectAbility/Verify: invalid configName=
06-14 08:02:52.447 11857 11980 E C01650/essorymanager:ReconnectAbility/SilentProxy: IsSupportSilentFromService:GetRdbService failed, err is 27394049.
06-14 08:02:52.447  1374 11849 W C00104/bluetooth_service/bt_l2cap: [20]LCID: 0x0041  st: W4_L2CA_CON_RSP  evt: UPPER_LAYER_CONNECT_RSP
06-14 08:02:52.447  1374 11848 W C00104/bluetooth_service/bt_l2cap: [20]LCID: 0x004f  st: W4_L2CA_CON_RSP  evt: UPPER_LAYER_CONNECT_RSP
06-14 08:02:52.455 11857 11972 E C00150/essorymanager:ReconnectAbility/nearlink_napi: [operator():111]AddProcessor end
06-14 08:02:52.455 11857 11972 E C00150/essorymanager:ReconnectAbility/nearlink_napi: [operator():111]AddProcessor end
06-14 08:02:52.455 11857 11990 E C00150/essorymanager:ReconnectAbility/nearlink_napi: [operator():111]AddProcessor end
06-14 08:02:52.457  1486 10204 E C02242/softbus_server/BleAlgorithm: TwsBleRange# Invalid advPower=<private>
06-14 08:02:52.471 11857 11857 W C03F04/essorymanager:ReconnectAbility/MMG: [NMM:1463]Module path conflict: collaboration.rcp
06-14 08:02:52.488  1374 11849 E C00104/bluetooth_service/bt_l2cap: [20]l2cu_adjust_out_mps bad packet size: 0  will use MPS: 0
06-14 08:02:52.488 11857 11857 W C03F04/essorymanager:ReconnectAbility/MMG: [NMM:1463]Module path conflict: core.account.extendservice
06-14 08:02:52.488  1374 11848 W C00104/bluetooth_service/bt_avp: [20]AvdtCcbGetAllocateNum : allocate 0
06-14 08:02:52.488  1374 11848 W C00104/bluetooth_service/btm_acl: [20]Unable to find active acl
06-14 08:02:52.488  1374 11848 W C00104/bluetooth_service/hw_bt_btif: [20]HwBtifStorageAddRemoteUuidForIncomingCon
06-14 08:02:52.488  1374 11849 W C00104/bluetooth_service/hw_bt_btif: [4]HwSendRemoteDeviceUuidToUpperLayer need add uuid 0x110b
06-14 08:02:52.488  1374 11848 W C00104/bluetooth_service/bt_btif: [20]bta_dm_pm_cback new conn_srvc count:4, id:18, app_id:0, peer_bdaddr:08:31:**:**:**:fd
06-14 08:02:52.488  1374 11849 W C00104/bluetooth_service/hw_bt_btif: [4]HwSendRemoteDeviceUuidToUpperLayer judege uuid already saved : 1
06-14 08:02:52.488  1374 11851 E C00102/bluetooth_service/bt_service_a2dp: [4](bta2dp_mandatory_codec_preferred_callback)enter
06-14 08:02:52.489  1374 11849 E C00104/bluetooth_service/bt_l2cap: [20]l2cu_adjust_out_mps bad packet size: 0  will use MPS: 0
06-14 08:02:52.505  1374 11851 E C00104/bluetooth_service/bt_l2cap: [20]l2cu_adjust_out_mps bad packet size: 0  will use MPS: 0
06-14 08:02:52.505  1590 40909 E C01F10/foundation/CallManager: Permission denied.
06-14 08:02:52.511 11857 11857 W C03F07/MUSL-LDSO: load libc++_shared.so failed, namespace=ndk no inherits, errno=2
06-14 08:02:52.518  1374 11851 W C00104/bluetooth_service/btm_acl: [20]Remote version information is invalid
06-14 08:02:52.518  1374 11851 W C00104/bluetooth_service/btm_acl: [20]Remote version information is invalid
06-14 08:02:52.519  1374 11851 W C00104/bluetooth_service/btm_acl: [20]Remote version information is invalid
06-14 08:02:52.519  1374 11851 W C00104/bluetooth_service/btm_acl: [20]Remote version information is invalid
06-14 08:02:52.519  1374 11851 W C00104/bluetooth_service/btm_acl: [20]Remote version information is invalid
06-14 08:02:52.519  1374 11851 W C00104/bluetooth_service/btm_acl: [20]Remote version information is invalid
06-14 08:02:52.519  1374 11851 W C00104/bluetooth_service/btm_acl: [20]Remote version information is invalid
06-14 08:02:52.519  1374 11851 W C00104/bluetooth_service/btm_acl: [20]Remote version information is invalid
06-14 08:02:52.519  1374 11851 W C00104/bluetooth_service/btm_acl: [20]Remote version information is invalid
06-14 08:02:52.519  1374 11851 W C00104/bluetooth_service/btm_acl: [20]Remote version information is invalid
06-14 08:02:52.519  1374 11851 W C00104/bluetooth_service/btm_acl: [20]Remote version information is invalid
06-14 08:02:52.531 11857 11857 W C03F04/essorymanager:ReconnectAbility/MMG: [NMM:1289] Name mismatch: hms.hds.HdsBaseComponentNapi != hds.HdsBaseComponentNapi
06-14 08:02:52.535 11857 11857 W C03F04/essorymanager:ReconnectAbility/MMG: [NMM:1289] Name mismatch: hms.hds.HdsVisualEffectsNapi != hds.HdsVisualEffectsNapi
06-14 08:02:52.537  1374 11851 E C00102/bluetooth_service/bt_service_avrcp_tg_media: [4](QueryAppSettingsMode)avsession controller wasn't prepared
06-14 08:02:52.537  1374 11849 W C00104/bluetooth_service/Bluetooth: [20]08:31:**:**:**:fd : SetAppSettings: AppSetings shuffle:1 repeat:1
06-14 08:02:52.539 11857 11857 W C03F04/essorymanager:ReconnectAbility/MMG: [NMM:1289] Name mismatch: hms.hds.HdsMaterialNapi != hds.HdsMaterialNapi
06-14 08:02:52.550  1374 11851 W C00102/bluetooth_service/bt_service_avrcp_tg_volume: [4](SwitchAbsVolumeDevice)Not current active device, skip 08:31:**:**:**:fd.
06-14 08:02:52.551  1374 11849 W C00104/bluetooth_service/bt_btif: [20]bta_ag_idx_by_bdaddr: No ag scb for 08:31:**:**:**:fd
06-14 08:02:52.559 11857 11980 E C03F00/essorymanager:ReconnectAbility/ArkEtsVm: [nodict]ani: Cannot attach current thread, reached the limit of EAWorkers
06-14 08:02:52.559  1590 60356 E C01120/foundation/BMS: ohos.permission.WRITE_SOUND_RECORD_IN_FILE_MANAGER not in ATM
06-14 08:02:52.561 11857 11857 E A00000/essorymanager:ReconnectAbility/AudioAccessoryManagerTag: [DeviceSoftBus--] --registerDevice failed! Invalid MAC address.!
06-14 08:02:52.563  1374 11849 E C00104/bluetooth_service/hw_bt_btif: [20]HiechoRegisterRspService: the service 41 has register
06-14 08:02:52.564  1374 11849 E C00102/bluetooth_service/bt_service_avrcp_tg_media: [4](GetPlayStatus)avsession not ok
06-14 08:02:52.564  1374 11849 W C00104/bluetooth_service/Bluetooth: [20]PlaybackStatusNotificationResponse interim:1, PlayStatus:0
06-14 08:02:52.564  1374 11849 W C00104/bluetooth_service/Bluetooth: [20]08:31:**:**:**:fd PlaybackStatusNotificationResponse play_status_changed first:1, second:15
06-14 08:02:52.564  1374 11849 W C00104/bluetooth_service/Bluetooth: [20]PlaybackStatusNotificationResponse state:0, last_play_status:2
06-14 08:02:52.564  1374 11849 W C00104/bluetooth_service/Bluetooth: [20]08:31:**:**:**:fd PlaybackStatusNotificationResponse send_message_cb. last_play_status:0
06-14 08:02:52.564  1374 11849 W C00104/bluetooth_service/Bluetooth: [20]08:31:**:**:**:fd PlaybackStatusNotificationResponse resend ok. play_status_changed first:0, second:0
06-14 08:02:52.564 11857 11980 W C01321/essorymanager:ReconnectAbility/JsRuntime: [CSM256]not Connected
06-14 08:02:52.564 11857 11980 W C01321/essorymanager:ReconnectAbility/JsRuntime: [CSM161]not Connected
06-14 08:02:52.566 11857 11857 W A00000/essorymanager:ReconnectAbility/AudioAccessoryManagerTag: [ConnectionClient--17.0.1.123] --getHeadsetAdapterOrCreate: headsetAdapter is null, please create HeadsetAdapter first!
06-14 08:02:52.568  1590  3388 W C01202/foundation/Subscriber: Subscribe usual.event.bluetooth.activeaddr.DEVICE_ID, without any restrict subid = 11857_20020062_-1_41224_232540903
06-14 08:02:52.572 11857 12004 E C01610/essorymanager:ReconnectAbility/StoreUtil: GetSubPath: The opendir error:2, path:/da***kup
06-14 08:02:52.574 11857 11857 W A00000/essorymanager:ReconnectAbility/AudioAccessoryManagerTag: [FileUtils--17.0.1.123] --read file error reading failed: [Error: No such file or directory]
06-14 08:02:52.575 11857 12000 E C01630/essorymanager:ReconnectAbility/DistributedDB: [a92ab1521c8a48a 0 0][SQLite] Error[21], sys[2], msg: misuse at line 180885 of [f1e31fd996] 
06-14 08:02:52.578 11857 11857 W A00000/essorymanager:ReconnectAbility/AudioAccessoryManagerTag: [AiEqStateManager--17.0.1.123] --onStateChanged No device has AI EQ enabled.
06-14 08:02:52.579  1374 11851 W C00104/bluetooth_service/bt_l2cap: [20]LCID: 0x0056  st: W4_L2CA_CON_RSP  evt: UPPER_LAYER_CONNECT_RSP
06-14 08:02:52.580 11857 12000 W C01630/essorymanager:ReconnectAbility/DistributedDB: [a92ab1521c8a48a 0 0][InitCurrentMaxStamp] Reset statement failed: -100
06-14 08:02:52.582 11857 12000 E C01610/essorymanager:ReconnectAbility/StoreUtil: [a92ab1521c8a48a 0 0]SetServiceGid: file not exit, filePath:/da***.db ,code:2
06-14 08:02:52.584 11857 11972 W C02D07/essorymanager:ReconnectAbility/Verify: invalid configName=
06-14 08:02:52.584 11857 11972 E C00150/essorymanager:ReconnectAbility/nearlink_napi: [operator():111]AddProcessor end
06-14 08:02:52.591  1590 40909 W C01300/foundation/AAFwk: [permission_verification.cpp66]ohos.permission.GET_RUNNING_INFO: PERMISSION_DENIED
06-14 08:02:52.591  1590  2079 W C01300/foundation/AAFwk: [permission_verification.cpp66]ohos.permission.GET_RUNNING_INFO: PERMISSION_DENIED
06-14 08:02:52.591 11857 11970 W C01653/essorymanager:ReconnectAbility/NativePreferences: LoadFromDisk: The settingXml /***/el2/***/audi***pref load failed.
06-14 08:02:52.593  1590  2079 W C01300/foundation/AAFwk: [permission_verification.cpp66]ohos.permission.GET_RUNNING_INFO: PERMISSION_DENIED
06-14 08:02:52.595  1374 11851 W C00104/bluetooth_service/bt_avp: [20]avdt_ccb_hdl_getcap_cmd restore capability to 	name: AAC
06-14 08:02:52.595  1374 11851 W C00104/bluetooth_service/bt_avp: 	objectType: (MPEG-2 AAC LC) (0x80)
06-14 08:02:52.595  1374 11851 W C00104/bluetooth_service/bt_avp: 	samp_freq: 44100 (0x0001)
06-14 08:02:52.595  1374 11851 W C00104/bluetooth_service/bt_avp: 	ch_mode: Stereo (0x04)
06-14 08:02:52.595  1374 11851 W C00104/bluetooth_service/bt_avp: 	variableBitRateSupport: false
06-14 08:02:52.595  1374 11851 W C00104/bluetooth_service/bt_avp: 	bitRate: 192000
06-14 08:02:52.595  1374 11851 W C00104/bluetooth_service/bt_avp:  for current device
06-14 08:02:52.595  1590 40909 W C01300/foundation/AAFwk: [permission_verification.cpp66]ohos.permission.GET_RUNNING_INFO: PERMISSION_DENIED
06-14 08:02:52.595  1590  5985 W C01300/foundation/AAFwk: [permission_verification.cpp66]ohos.permission.GET_RUNNING_INFO: PERMISSION_DENIED
06-14 08:02:52.596  1590  5985 W C01300/foundation/AAFwk: [permission_verification.cpp66]ohos.permission.GET_RUNNING_INFO: PERMISSION_DENIED
06-14 08:02:52.597  1590  5985 W C01300/foundation/AAFwk: [permission_verification.cpp66]ohos.permission.GET_RUNNING_INFO: PERMISSION_DENIED
06-14 08:02:52.597  1374 11851 W C00104/bluetooth_service/hw_bt_sdp: [20]SDP - Rcvd L2CAP disc, process pend sdp ccb: 0x4f
06-14 08:02:52.597 11857 11857 W A00000/essorymanager:ReconnectAbility/AudioAccessoryManagerTag: [AppResourceApi--17.0.1.123] --not agree privacy
06-14 08:02:52.597  1590  5985 W C01300/foundation/AAFwk: [permission_verification.cpp66]ohos.permission.GET_RUNNING_INFO: PERMISSION_DENIED
06-14 08:02:52.602 11857 11965 W C02B8E/essorymanager:ReconnectAbility/AamConnectionSvc: [8][OnAddSystemAbility:37]:OnAddSystemAbility Adapter is creating, do not recreate
06-14 08:02:52.604 11856 11886 E C02B8E/aam_connection_svc/AamConnectionSvc: [271][CheckReportEveironment:22]:AcsAnalytics is uninit, try init
06-14 08:02:52.604 11856 11886 W C04707/aam_connection_svc/HaClient: Getxattr not permitted
06-14 08:02:52.604 11856 11886 E C04707/aam_connection_svc/HaClient: Failed to write into file's xattr: Invalid argument
06-14 08:02:52.604 11856 11886 W C04707/aam_connection_svc/HaClient: Recursive auth failed: invalid path
06-14 08:02:52.604 11856 11886 E C04707/aam_connection_svc/HaClient: Authorize db to service failed.
06-14 08:02:52.604 11856 11886 E C04707/aam_connection_svc/HaClient: Db evn create failed.
06-14 08:02:52.604   605 33483 I C02C03/PARAM_WATCHER: SendLocalChange start keyPrefix persist.sys.graphic.animationscale remoteWatcherId 11286
06-14 08:02:52.605 11856 11886 E C02B8E/aam_connection_svc/AamConnectionSvc: [278][Parse:69]:AdapterConfig not contain key!
06-14 08:02:52.605 11857 11990 W C02B8F/essorymanager:ReconnectAbility/AamConnectionClient: [9][SendRequestHelper:48]:[1]service ret not zero[22273]
06-14 08:02:52.605   605 33483 I C02C03/PARAM_WATCHER: [watcher_manager.cpp:187]Add watcher persist.sys.graphic.animationscale remoteWatcherId: 11286 groupId 71 success
06-14 08:02:52.605 11857 11857 I C02C03/PARAM_WATCHER: Add watcher keyPrefix persist.sys.graphic.animationscale remoteWatcherId 11286 success
06-14 08:02:52.605  1712 12009 E C04619/CollaborationFwk/Detect: [action_detect_manager.cpp:2301]LoadWindowStateLite# enter 10
06-14 08:02:52.607 11857 11857 W C01409/essorymanager:ReconnectAbility/APS_MANAGER: redo Connect
06-14 08:02:52.608  1374 11849 W C00104/bluetooth_service/hw_bt_btm: [4]remote version info [08:31:**:**:**:fd]: lmp_ver b, mfct_set 10f, lmp_subver 1565
06-14 08:02:52.608  1374 11849 E C00102/bluetooth_service/bt_service_avrcp_tg_media: [4](GetPlayStatus)avsession not ok
06-14 08:02:52.608 11857 11857 W C0420A/essorymanager:ReconnectAbility/WMSLife: IsWindowSessionInvalid: already destroyed or not created! id: 0 state_: 0
06-14 08:02:52.608 11857 11857 E C04200/essorymanager:ReconnectAbility/WMS: SetWindowType: Session is invalid
06-14 08:02:52.608  1374 11849 W C00104/bluetooth_service/Bluetooth: [20]PlaybackStatusNotificationResponse interim:1, PlayStatus:0
06-14 08:02:52.608  1374 11849 W C00104/bluetooth_service/Bluetooth: [20]08:31:**:**:**:fd PlaybackStatusNotificationResponse play_status_changed first:1, second:15
06-14 08:02:52.608  1374 11849 W C00104/bluetooth_service/Bluetooth: [20]08:31:**:**:**:fd PlaybackStatusNotificationResponse send_message_cb. last_play_status:0
06-14 08:02:52.611 11857 11857 E C04200/essorymanager:ReconnectAbility/IMockSessionManager: [nodict]Read result failed, code is: 4.
06-14 08:02:52.611 11857 11857 E C04200/essorymanager:ReconnectAbility/IMockSessionManager: [nodict]Read result failed, code is: 4.
06-14 08:02:52.612  2938  4247 E C04200/com.ohos.sceneboard/WMS: VerifyPermissionByCallerToken: permission ohos.permission.CALLED_UIEXTENSION_ON_LOCK_SCREEN: PERMISSION_DENIED, callingTokenID:<private>, ret:-1
06-14 08:02:52.612  2938  4498 E C04204/com.ohos.sceneboard/WMSScb: SetRSUIContext: RSUIContext is null, RSNode [id: 50925427228674], RSUIContext is null
06-14 08:02:52.612  2938  4498 E C04201/com.ohos.sceneboard/DMS: GetScreenSession: Error found screen session with id: 18446744073709551615
06-14 08:02:52.613  2938  2938 W A01A00/com.ohos.sceneboard/SYS_UI: SCBSysDialog --> 11856-671590009 onRemoteReady Success! 309738
06-14 08:02:52.615 11857 11857 W C01C30/essorymanager:ReconnectAbility/SclockKit: [screenlock_manager.cpp(GetProxy:393)]Redo GetScreenLockManagerProxy
06-14 08:02:52.617 11857 11857 W A00000/essorymanager:ReconnectAbility/AudioAccessoryManagerTag: [FileUtils--17.0.1.123] --read file error reading failed: [Error: No such file or directory]
06-14 08:02:52.617 11857 11857 W A00000/essorymanager:ReconnectAbility/AudioAccessoryManagerTag: [FeatureApi--17.0.1.123] --[nearby_00003C] read from local
06-14 08:02:52.617 11857 11857 W C0420A/essorymanager:ReconnectAbility/WMSLife: GetAttachStateSyncResult: lifecycleCallback is null
06-14 08:02:52.617 11857 11969 E C0420A/essorymanager:ReconnectAbility/WMSLife: NotifyUIExtHostRectChangeInGlobalDisplayListeners: uiContent is null
06-14 08:02:52.618 11857 11857 E A00000/essorymanager:ReconnectAbility/AudioAccessoryManagerTag: [AudioKVStore.KVDaoManager--17.0.1.123] --get failed from [audio_app_store_id_main] with [***************], e: 15100004[Not found.]
06-14 08:02:52.620 11857 11857 E A00000/essorymanager:ReconnectAbility/AudioAccessoryManagerTag: [AudioKVStore.KVDaoManager--17.0.1.123] --get failed from [audio_app_store_id_main] with [***************], e: 15100004[Not found.]
06-14 08:02:52.621 11856 11886 E C02B8E/aam_connection_svc/AamConnectionSvc: [293][GetAudioDevice:173]:AAMCS GetAudioDevice failed, mac empty
06-14 08:02:52.621 11856 11886 E C00101/aam_connection_svc/bt_fwk_remote_device: (IsValidBluetoothRemoteDevice:75)invalid bluetooth addr, address_: 
06-14 08:02:52.621 11856 11886 E C00101/aam_connection_svc/bt_fwk_hfp_ag: (GetDeviceState:161)invalid param.
06-14 08:02:52.621 11857 11857 E C0420A/essorymanager:ReconnectAbility/WMSLife: NotifyUIExtHostWindowRectChangeListeners: uiContent is null
06-14 08:02:52.622 11857 11857 W C04200/essorymanager:ReconnectAbility/WindowSessionImpl: UpdateViewportConfig: uiContent is null!
06-14 08:02:52.622 11857 12007 E C04388/essorymanager:ReconnectAbility/file_api: [prop_n_exporter.cpp:311->operator()] Accesscore finish ret -2
06-14 08:02:52.622 11857 11857 W C0420D/essorymanager:ReconnectAbility/WMSUiext: UpdateSessionViewportConfigInner: uiContent is null!
06-14 08:02:52.622 11857 11857 E A00000/essorymanager:ReconnectAbility/AudioAccessoryManagerTag: [getThemeAppApplyTime err: No such file or directory--17.0.1.123] 
06-14 08:02:52.622 11857 11972 E C04388/essorymanager:ReconnectAbility/file_api: [prop_n_exporter.cpp:311->operator()] Accesscore finish ret -2
06-14 08:02:52.622 11857 12007 E C04388/essorymanager:ReconnectAbility/file_api: [prop_n_exporter.cpp:311->operator()] Accesscore finish ret -2
06-14 08:02:52.623  1374 11848 E C00104/bluetooth_service/bt_l2cap: [20]l2cu_adjust_out_mps bad packet size: 0  will use MPS: 0
06-14 08:02:52.623 11857 11970 E C01651/essorymanager:ReconnectAbility/data_share_manager_impl: RegisterClientDeathObserver: RegisterClientDeathObserver failed, bundleName is com.huawei.hmos.audioaccessorymanager
06-14 08:02:52.623 11857 11970 E C01651/essorymanager:ReconnectAbility/data_share_manager_impl: GetDataShareServiceProxy: RegisterClientDeathObserver failed
06-14 08:02:52.626  2938  2938 E C04201/com.ohos.sceneboard/DMS: GetScreenSession: Error found screen session with id: 18446744073709551615
06-14 08:02:52.630 11857 11857 W C0391F/essorymanager:ReconnectAbility/AceImage: [(-2:-1:undefined)] mkdir cache file path failed.
06-14 08:02:52.630   605 33483 I C02C03/PARAM_WATCHER: SendLocalChange start keyPrefix persist.sys.arkui.animationscale remoteWatcherId 11286
06-14 08:02:52.631   605 33483 I C02C03/PARAM_WATCHER: [watcher_manager.cpp:187]Add watcher persist.sys.arkui.animationscale remoteWatcherId: 11286 groupId 163 success
06-14 08:02:52.631 11857 11857 I C02C03/PARAM_WATCHER: Add watcher keyPrefix persist.sys.arkui.animationscale remoteWatcherId 11286 success
06-14 08:02:52.631 11857 11857 E C03900/essorymanager:ReconnectAbility/Ace: [(-2:-1:undefined)] ConfigParserBase read system UI correction config file failed
06-14 08:02:52.631 11857 11857 W C03900/essorymanager:ReconnectAbility/Ace: [(-2:-1:undefined)] ArkUiFeatureParamManager failed to load UI correction config file
06-14 08:02:52.631  1541 10779 E C057CB/hianalytics/MessageParcel: WriteRawData: data is null or size:0 not ok, time:232540966659829
06-14 08:02:52.632  1541 10779 W C04707/hianalytics/HaService: OnRemoteRequest failed 5:10008010
06-14 08:02:52.632  1541 10771 E C057CB/hianalytics/MessageParcel: WriteRawData: data is null or size:0 not ok, time:232540967017121
06-14 08:02:52.632  1541 10771 W C04707/hianalytics/HaService: OnRemoteRequest failed 5:10008010
06-14 08:02:52.633   838   857 E C02F06/huks_service/HUKS: MatchSaConfig: match sa config, need de 1, need with withUser 0,need uid 3012.
06-14 08:02:52.636  1590 60356 W C01650/foundation/RdbStoreManager: IsConfigInvalidChanged:no bundleName
06-14 08:02:52.636  1590 60356 E C01650/foundation/SilentProxy: IsSupportSilentFromService:GetRdbService failed, err is 27394049.
06-14 08:02:52.636  1590 11878 E C01650/foundation/RdbStoreManager: operator():database visitor:foundation.
06-14 08:02:52.650 11857 11857 W C03900/essorymanager:ReconnectAbility/Ace: [(100000:100000:scope)] Invalid config:zh_CN-long-notround-vertical-dark-phone-xxhdpi
06-14 08:02:52.651   968   968 E C01700/resource_schedule_service/RSS: [a92ab5521c9ef1c 0 0]DeliverResource, PluginMgr resType 511 no lib register!
06-14 08:02:52.653 11857 11857 W C03F07/MUSL-LDSO: load absolute_path /system/lib64/libtransform_interaction_ext.z.so: check ns accessible failed namespace=ndk.
06-14 08:02:52.653 11857 11857 W C03F07/MUSL-LDSO: load /system/lib64/libtransform_interaction_ext.z.so failed, namespace=ndk no inherits, errno=2
06-14 08:02:52.653 11857 11857 W C03F07/MUSL-LDSO: load /system/lib64/libtransform_interaction_ext.z.so failed, namespace=default, errno=2
06-14 08:02:52.653 11857 11857 W C03F07/MUSL-LDSO: dlopen_impl load library header failed for /system/lib64/libtransform_interaction_ext.z.so
06-14 08:02:52.653 11857 11857 E C03934/essorymanager:ReconnectAbility/AceUIEvent: [(100000:100000:scope)] AceTransform load failed: Error loading shared library /system/lib64/libtransform_interaction_ext.z.so: No such file or directory
06-14 08:02:52.653 11857 11857 W C03900/essorymanager:ReconnectAbility/Ace: [(100000:100000:scope)] not found systemTheme in HapModuleInfo, loading default OHOS_THEME
06-14 08:02:52.653  1374 11851 E C00104/bluetooth_service/bt_rfcomm: [20]rfc_timer_stop addr: 08:31:**:**:**:fd
06-14 08:02:52.653 11857 11857 W C03900/essorymanager:ReconnectAbility/Ace: [(100000:100000:scope)] GetAsset failed: resources/styles/default.json
06-14 08:02:52.662 11857 11857 W C01406/essorymanager:ReconnectAbility/OHOS::RS: RSNodeMap::UnregisterNode: node id 50925427228674 not found
06-14 08:02:52.663 11857 11857 W C01406/essorymanager:ReconnectAbility/OHOS::RS: RSNodeMap::UnregisterNode: node id 50925427228674 not found
06-14 08:02:52.665 11857 11857 E C01D02/essorymanager:ReconnectAbility/accessibility_asacfwk: [(AccessibilitySystemAbilityClientImpl:78)]accessibility service is ready.
06-14 08:02:52.667  1590  3380 W C01202/foundation/Subscriber: Subscribe accessibility.config.ready, without any restrict subid = 11857_20020062_-1_41231_232541001
06-14 08:02:52.667   605 33483 I C02C03/PARAM_WATCHER: SendLocalChange start keyPrefix debug.graphic.frame remoteWatcherId 11286
06-14 08:02:52.668   605 33483 I C02C03/PARAM_WATCHER: [watcher_manager.cpp:187]Add watcher debug.graphic.frame remoteWatcherId: 11286 groupId 164 success
06-14 08:02:52.668 11857 11857 I C02C03/PARAM_WATCHER: Add watcher keyPrefix debug.graphic.frame remoteWatcherId 11286 success
06-14 08:02:52.669  1590 60356 W C04201/foundation/DMS: screen_cutout_controller.cpp GetCutoutArea: display:[ID: 0, W: 1260, H: 2844, R: 0,Mode 0]
06-14 08:02:52.672   605 33483 I C02C03/PARAM_WATCHER: SendLocalChange start keyPrefix persist.ace.trace.layout.enabled remoteWatcherId 11286
06-14 08:02:52.672   605 33483 I C02C03/PARAM_WATCHER: [watcher_manager.cpp:187]Add watcher persist.ace.trace.layout.enabled remoteWatcherId: 11286 groupId 165 success
06-14 08:02:52.672 11857 12002 I C02C03/PARAM_WATCHER: Add watcher keyPrefix persist.ace.trace.layout.enabled remoteWatcherId 11286 success
06-14 08:02:52.672   605 33483 I C02C03/PARAM_WATCHER: SendLocalChange start keyPrefix persist.ace.trace.inputevent.enabled remoteWatcherId 11286
06-14 08:02:52.673   605 33483 I C02C03/PARAM_WATCHER: [watcher_manager.cpp:187]Add watcher persist.ace.trace.inputevent.enabled remoteWatcherId: 11286 groupId 166 success
06-14 08:02:52.673 11857 12002 I C02C03/PARAM_WATCHER: Add watcher keyPrefix persist.ace.trace.inputevent.enabled remoteWatcherId 11286 success
06-14 08:02:52.673   605 33483 I C02C03/PARAM_WATCHER: SendLocalChange start keyPrefix const.security.developermode.state remoteWatcherId 11286
06-14 08:02:52.673   605 33483 I C02C03/PARAM_WATCHER: [watcher_manager.cpp:187]Add watcher const.security.developermode.state remoteWatcherId: 11286 groupId 167 success
06-14 08:02:52.673 11857 12002 I C02C03/PARAM_WATCHER: Add watcher keyPrefix const.security.developermode.state remoteWatcherId 11286 success
06-14 08:02:52.674   605 33483 I C02C03/PARAM_WATCHER: SendLocalChange start keyPrefix persist.ace.debug.statemgr.enabled remoteWatcherId 11286
06-14 08:02:52.674   605 33483 I C02C03/PARAM_WATCHER: [watcher_manager.cpp:187]Add watcher persist.ace.debug.statemgr.enabled remoteWatcherId: 11286 groupId 168 success
06-14 08:02:52.674 11857 12002 I C02C03/PARAM_WATCHER: Add watcher keyPrefix persist.ace.debug.statemgr.enabled remoteWatcherId 11286 success
06-14 08:02:52.674   605 33483 I C02C03/PARAM_WATCHER: SendLocalChange start keyPrefix persist.ace.debug.boundary.enabled remoteWatcherId 11286
06-14 08:02:52.674   605 33483 I C02C03/PARAM_WATCHER: [watcher_manager.cpp:187]Add watcher persist.ace.debug.boundary.enabled remoteWatcherId: 11286 groupId 169 success
06-14 08:02:52.674 11857 12002 I C02C03/PARAM_WATCHER: Add watcher keyPrefix persist.ace.debug.boundary.enabled remoteWatcherId 11286 success
06-14 08:02:52.674   605 33483 I C02C03/PARAM_WATCHER: SendLocalChange start keyPrefix persist.ace.performance.monitor.enabled remoteWatcherId 11286
06-14 08:02:52.675   605 33483 I C02C03/PARAM_WATCHER: [watcher_manager.cpp:187]Add watcher persist.ace.performance.monitor.enabled remoteWatcherId: 11286 groupId 170 success
06-14 08:02:52.675 11857 12002 I C02C03/PARAM_WATCHER: Add watcher keyPrefix persist.ace.performance.monitor.enabled remoteWatcherId 11286 success
06-14 08:02:52.679 11857 11857 W C03900/essorymanager:ReconnectAbility/Ace: [(100000:100000:scope)] GetAsset failed: manifest.json
06-14 08:02:52.680 11857 11857 W C01406/essorymanager:ReconnectAbility/OHOS::RS: RSNodeMap::UnregisterNode: node id 50925427228674 not found
06-14 08:02:52.681 11857 11857 W C03F01/essorymanager:ReconnectAbility/NAPI: [AddCleanupHook] AddCleanupHook Failed, data cannot register multiple times, enable cross-thread check for more information.
06-14 08:02:52.683  1374 11848 E C00104/bluetooth_service/bt_rfcomm: [20]rfc_timer_stop addr: 08:31:**:**:**:fd
06-14 08:02:52.695 11857 11857 W C03926/essorymanager:ReconnectAbility/AceTheme: [(100000:100000:scope)] style 125829872 not contains sheet_pattern!
06-14 08:02:52.695 11857 11857 W C03926/essorymanager:ReconnectAbility/AceTheme: [(100000:100000:scope)] style sheet_pattern not contains corner_radius_none!
06-14 08:02:52.695 11857 11857 E C03949/essorymanager:ReconnectAbility/AceSheet: [(100000:100000:scope)] radius is not correct type
06-14 08:02:52.696 11857 11857 W A00000/essorymanager:ReconnectAbility/AudioAccessoryManagerTag: [AudioRdb.RdbStoreManager--17.0.1.123] --initRdbStore checkResult -> [ok], rebuildCount -> [0].
06-14 08:02:52.697 11857 11857 W A00000/essorymanager:ReconnectAbility/AudioAccessoryManagerTag: [AudioRdb.RdbStoreManager--17.0.1.123] --checkRdbVersion current[204], target[204], rebuilt[0].
06-14 08:02:52.697 11857 11857 W A00000/essorymanager:ReconnectAbility/AudioAccessoryManagerTag: [AudioRdb.RdbStoreManager--17.0.1.123] --checkRdbVersion finish. took [1] ms.
06-14 08:02:52.697 11857 11857 W A00000/essorymanager:ReconnectAbility/AudioAccessoryManagerTag: [AudioRdb.RdbStoreManager--17.0.1.123] --initRdbStore success.
06-14 08:02:52.697 11857 11857 W A00000/essorymanager:ReconnectAbility/AudioAccessoryManagerTag: [AudioRdb.RdbStoreManager--17.0.1.123] --initRdbStore finish. took [106] ms. rebuildCount[0].
06-14 08:02:52.697  2654 10171 E C01560/wifi_manager_service/WifiCongestionService: HandleSignalPollChangedMsg unsupported
06-14 08:02:52.698 11857 11857 E C03949/essorymanager:ReconnectAbility/AceSheet: [(100000:100000:scope)] radius is not correct type
06-14 08:02:52.700 11857 11857 E C057C2/essorymanager:ReconnectAbility/IPCObjectProxy: PrintErrorDetailedInfo: failed, handle:0 error:7 desc:*.accessToken proxy:1280415360 time:232541035325454
06-14 08:02:52.700 11857 11857 E C02B3F/essorymanager:ReconnectAbility/VIDEOPROCESSENGINE: [nodict][video_processing_client.cpp][GetFeatureParameter 99] proxy is null!
06-14 08:02:52.700 11857 11857 E C03900/essorymanager:ReconnectAbility/Ace: [(100000:100000:scope)] UIContent set compensasion angle empty
06-14 08:02:52.701   604 10011 I C02C02/PARAM: SystemWaitParameter startup.service.ctl.video_processing_service v 5 ret 0
06-14 08:02:52.702 11857 11857 W C03926/essorymanager:ReconnectAbility/AceTheme: [(100000:100000:scope)] style 125829872 not contains app_theme_pattern!
06-14 08:02:52.702 11857 11857 E C01E00/essorymanager:ReconnectAbility/ResourceManager: ref <private> id not found
06-14 08:02:52.702 11857 11857 E C01E00/essorymanager:ReconnectAbility/ResourceManager: ref <private> id not found
06-14 08:02:52.702 11857 11857 W C03937/essorymanager:ReconnectAbility/AceResource: [(100000:100000:scope)] Get pattern by name error, name=app_theme_pattern
06-14 08:02:52.702 11857 11857 E C01E00/essorymanager:ReconnectAbility/ResourceManager: ref <private> id not found
06-14 08:02:52.702 11857 11857 E C01E00/essorymanager:ReconnectAbility/ResourceManager: ref <private> id not found
06-14 08:02:52.702 11857 11857 W C03937/essorymanager:ReconnectAbility/AceResource: [(100000:100000:scope)] Get pattern by name error, name=app_theme_pattern
06-14 08:02:52.702 11857 11857 W C03926/essorymanager:ReconnectAbility/AceTheme: [(100000:100000:scope)] style app_theme_pattern not contains app_theme_drag_distancethreshold!
06-14 08:02:52.703 11857 11857 W C03926/essorymanager:ReconnectAbility/AceTheme: [(100000:100000:scope)] style text_pattern not contains linear_split_child_min_size!
06-14 08:02:52.703 11857 11857 W C03926/essorymanager:ReconnectAbility/AceTheme: [(100000:100000:scope)] style text_pattern not contains menu_celia_ask_is_support!
06-14 08:02:52.703 11857 11857 W C03926/essorymanager:ReconnectAbility/AceTheme: [(100000:100000:scope)] style 125829872 not contains scrollable_pattern!
06-14 08:02:52.705   604 10011 I C02C02/PARAM: SystemSetParameter name ohos.ctl.start id:13360 ret:0
06-14 08:02:52.705  1590  2523 W C01202/foundation/Subscriber: Subscribe usual.event.CLICK_STATUSBAR, without any restrict subid = 11857_20020062_-1_41232_232541040
06-14 08:02:52.706 11857 11857 W C0390D/essorymanager:ReconnectAbility/AceOverlay: [(100000:100000:scope)] failed to get foldCreaseRegion
06-14 08:02:52.706 11857 11857 W C03949/essorymanager:ReconnectAbility/AceSheet: [(100000:100000:scope)] FoldCreaseRegion is invalid.
06-14 08:02:52.710 11857 11857 W C03926/essorymanager:ReconnectAbility/AceTheme: [(100000:100000:scope)] style 125829872 not contains image_pattern!
06-14 08:02:52.712  1374 11851 E C00104/bluetooth_service/bt_rfcomm: [20]rfc_timer_stop addr: 08:31:**:**:**:fd
06-14 08:02:52.713  1374 11851 E C00104/bluetooth_service/bt_rfcomm: [20]rfc_timer_stop addr: 08:31:**:**:**:fd
06-14 08:02:52.713  1374 11848 W C00104/bluetooth_service/bt_btif: [20]bta_dm_pm_cback new conn_srvc count:5, id:5, app_id:0, peer_bdaddr:08:31:**:**:**:fd
06-14 08:02:52.713  1374 11848 W C00104/bluetooth_service/bt_btif: [20]bta_ag_rfc_open: ag_conn_timeout: 5000
06-14 08:02:52.713  1374 11848 W C00104/bluetooth_service/Bluetooth: [20]bta_ag_create_sco: device 08:31:**:**:**:fd is not active, active_device=00:00:**:**:**:00
06-14 08:02:52.713  1374 11848 W C00104/bluetooth_service/Bluetooth: [20]SCO_state_change: [BTA_AG_SCO_SHUTDOWN_ST(0x00)]->[BTA_AG_SCO_LISTEN_ST(0x01)] after event [BTA_AG_SCO_LISTEN_E(0x00)]
06-14 08:02:52.713  1374 11849 W C00104/bluetooth_service/hw_bt_btif: [4]HwBtifStorageAddRemoteUuidForIncomingCon
06-14 08:02:52.713  1374 11849 E C00104/bluetooth_service/hw_bt_btif: [4]HwTwsDdmGetCompanion: The companion device is empty for 08:31:**:**:**:fd
06-14 08:02:52.713  1374 11849 W C00104/bluetooth_service/hw_bt_btif: [4]HwSendRemoteDeviceUuidToUpperLayer need add uuid 0x111e
06-14 08:02:52.713  1374 11849 W C00104/bluetooth_service/hw_bt_btif: [4]HwSendRemoteDeviceUuidToUpperLayer judege uuid already saved : 1
06-14 08:02:52.713   772   772 E C02B8B/audio_server/AudioConnectedDevice: [GetDeviceByDeviceType]Get device failed, make new BLUETOOTH_SCO
06-14 08:02:52.714   772   772 W C02B8B/audio_server/AudioBluetoothManager: [comm][OnConnectionStateChanged] state: 0 device: 08:31:**:**:**:FD
06-14 08:02:52.714  1486 10204 W C05762/softbus_server/ConnProxy: OnConnectionStateChanged# hfp OnConnectionStateChanged 08:31:A4:**:**:FD to 0
06-14 08:02:52.714  1486 10204 W C04902/softbus_server/WearServiceLP: [reconnect_observer.cpp(OnConnectionStateChanged:49)]hfp OnConnectionStateChanged 08:3******A:FD to 0
06-14 08:02:52.715 11856 11886 E C02B8E/aam_connection_svc/AamConnectionSvc: [296][CheckReportEveironment:22]:AcsAnalytics is uninit, try init
06-14 08:02:52.715 11857 11857 W C03949/essorymanager:ReconnectAbility/AceSheet: [(100000:100000:scope)] FoldCreaseRegion is invalid.
06-14 08:02:52.716  1590  2274 W C04201/foundation/DMS: [a92abf521c173cc 0 0] NotifyUnfreezed: pid,type:1946,11 |4323,11 |10558,11 |23110,17 |29837,3 |31468,11 |44875,3 11 |45772,11 |57799,11 |
06-14 08:02:52.716 11857 11857 W C03949/essorymanager:ReconnectAbility/AceSheet: [(100000:100000:scope)] FoldCreaseRegion is invalid.
06-14 08:02:52.717 11857 11857 W C03949/essorymanager:ReconnectAbility/AceSheet: [(100000:100000:scope)] FoldCreaseRegion is invalid.
06-14 08:02:52.717 11856 11886 W C04707/aam_connection_svc/HaClient: Getxattr not permitted
06-14 08:02:52.717 11856 11886 E C04707/aam_connection_svc/HaClient: Failed to write into file's xattr: Invalid argument
06-14 08:02:52.717 11856 11886 W C04707/aam_connection_svc/HaClient: Recursive auth failed: invalid path
06-14 08:02:52.717 11856 11886 E C04707/aam_connection_svc/HaClient: Authorize db to service failed.
06-14 08:02:52.717 11856 11886 E C04707/aam_connection_svc/HaClient: Db evn create failed.
06-14 08:02:52.717 11857 11857 W C01409/essorymanager:ReconnectAbility/APS_MANAGER: redo Connect
06-14 08:02:52.718 11857 11857 E C057C2/essorymanager:ReconnectAbility/IPCObjectProxy: PrintErrorDetailedInfo: failed, handle:42 error:-1 desc:*.IApsManager proxy:1307135360 time:232541052880662
06-14 08:02:52.718 11857 11857 E C01409/essorymanager:ReconnectAbility/APS_MANAGER: [ApsManagerProxy::GetEvent] SendRequest is failed, error code: <private>
06-14 08:02:52.718 11857 11857 E C01409/essorymanager:ReconnectAbility/APS_MANAGER: [GetEvent] write errorCode failed
06-14 08:02:52.718 11857 11857 E C02B90/essorymanager:ReconnectAbility/AamVideoPlayer: [12][IsVideoPlayerExist:23]:aam egl VideoPlayerManager find videoplayer error 6627134544391
06-14 08:02:52.718  3040  3040 W A06666/com.huawei.hmos.aidataservice/160002364: Info_BluetoothAbility: DA:4D*********:01 state 1, profile handsFreeProfile
06-14 08:02:52.719  3040  3040 W A06666/com.huawei.hmos.aidataservice/160002364: Info_BluetoothAbility: DA:4D*********:01 state 1, profile handsFreeProfile
06-14 08:02:52.720 12307 12307 W A00000/wei.hmos.audioaccessorymanager/AudioAccessoryManagerTag: [AudioDeviceLabel[08:31:*:*:*:FD]--17.0.1.123] --refreshConnectState: is not current device!
06-14 08:02:52.721   605 33483 I C02C03/PARAM_WATCHER: SendLocalChange start keyPrefix debug.graphic.debug_layer remoteWatcherId 11286
06-14 08:02:52.721   602 10409 E C04300/storage_manager/StorageManager: [GetFreeSize:88] StorageTotalStatusService::GetFreeSize success, (/data)freeSize=244712480768
06-14 08:02:52.721   605 33483 I C02C03/PARAM_WATCHER: [watcher_manager.cpp:187]Add watcher debug.graphic.debug_layer remoteWatcherId: 11286 groupId 202 success
06-14 08:02:52.722 11857 11857 I C02C03/PARAM_WATCHER: Add watcher keyPrefix debug.graphic.debug_layer remoteWatcherId 11286 success
06-14 08:02:52.728 11857 11857 E C01400/essorymanager:ReconnectAbility/OpenGLWrapper: EglWrapperHookLayer init Failed!
06-14 08:02:52.728  1374 11848 W C00104/bluetooth_service/bt_btif: [20]bta_av_config_ind cancel accept_signalling_timer
06-14 08:02:52.728  1374 11848 W C00104/bluetooth_service/a2dp_aac_encoder: [20]Restricting AVDTP MTU size from 65535 to 663
06-14 08:02:52.728 11857 11857 W C01409/essorymanager:ReconnectAbility/APS_MANAGER: redo Connect
06-14 08:02:52.729  1669 10664 E C01409/aps_manager/APS_MANAGER: RegisterAppCallback not find pid = 11857
06-14 08:02:52.729 11857 11857 E C01409/essorymanager:ReconnectAbility/APS_MANAGER: [ApsManagerProxy::RegCommonCallback] return params error
06-14 08:02:52.729 11857 11857 W C01409/essorymanager:ReconnectAbility/APS_MANAGER: RegCommonCallbackInner Register callback failed, delete callback
06-14 08:02:52.729  1669 10662 E C01409/aps_manager/APS_MANAGER: RegisterGameFpsListener permission verification failed or not target pkg
06-14 08:02:52.729 11857 11857 E C01409/essorymanager:ReconnectAbility/APS_MANAGER: ApsGameFpsController::RegisterGameFpsListener delete callback
06-14 08:02:52.730  1374 11848 W C00104/bluetooth_service/bt_btif: [20]peer_address=08:31:**:**:**:fd is not active device
06-14 08:02:52.730  1374 11848 W C00104/bluetooth_service/hw_a2dp_offload: [20]DispatchEvt:2, not find peer, PeerAddr:08:31:**:**:**:fd
06-14 08:02:52.736 12022 12037 W C057C1/video_processing_service/IPCWorkThread: ThreadHandler: proto:0 policy:1 name:OS_IPC_0_12037 invoker:1413509760
06-14 08:02:52.741 11857 11857 W C02510/essorymanager:ReconnectAbility/load_hdi: OpenHdiServiceImpl failed to get symbol of 'MapperImplRelease', do_dlsym failed: Symbol not found: MapperImplRelease, version: null so=/vendor/lib64/chipsetsdk/libmapper_service_1.0.z.so
06-14 08:02:52.741 11857 11857 W C02510/essorymanager:ReconnectAbility/load_hdi: OpenHdiServiceImpl failed to get symbol of 'MetadataImplRelease', do_dlsym failed: Symbol not found: MetadataImplRelease, version: null so=/vendor/lib64/chipsetsdk/libmetadata_service_1.1.z.so
06-14 08:02:52.742 11857 11857 W C02510/essorymanager:ReconnectAbility/load_hdi: OpenHdiServiceImpl failed to get symbol of 'MapperImplRelease', do_dlsym failed: Symbol not found: MapperImplRelease, version: null so=/vendor/lib64/chipsetsdk/libmapper_service_1.2.z.so
06-14 08:02:52.742 11857 11857 W C02510/essorymanager:ReconnectAbility/load_hdi: OpenHdiServiceImpl failed to get symbol of 'MapperImplRelease', do_dlsym failed: Symbol not found: MapperImplRelease, version: null so=/vendor/lib64/passthrough/libmapper_service_1.3.z.so
06-14 08:02:52.743  1374 11849 E C00104/bluetooth_service/bt_l2cap: [20]l2cu_adjust_out_mps bad packet size: 0  will use MPS: 0
06-14 08:02:52.750   605 33483 E C02C03/PARAM_WATCHER: [watcher_manager.cpp:163]app not have permission watch param:persist.rosen.animationtrace.enabled uid:20020062 pid:11857
06-14 08:02:52.750 11857 11857 E C02C03/essorymanager:ReconnectAbility/PARAM_WATCHER: [nodict]Read result failed, code is: 1.
06-14 08:02:52.750 11857 11857 E C02C03/PARAM_WATCHER: Failed to add watcher for persist.rosen.animationtrace.enabled
06-14 08:02:52.750 11857 11857 I C02C03/PARAM_WATCHER: [watcher_manager_kits.cpp:241]ParamWatcher destructor start
06-14 08:02:52.750 11857 11857 E C02C03/PARAM_WATCHER: SystemWatchParameter is failed!keyPrefix is:persist.rosen.animationtrace.enabled,errNum is:-1
06-14 08:02:52.750 11857 11857 E C02C0B/BEGET: [service_watcher.c:85]WatchParameter failed! the errNum is -1
06-14 08:02:52.751   605   605 I C02C03/PARAM_WATCHER: SendLocalChange start keyPrefix sys.graphic.openTestModeTrace remoteWatcherId 11286
06-14 08:02:52.751   605   605 I C02C03/PARAM_WATCHER: [watcher_manager.cpp:187]Add watcher sys.graphic.openTestModeTrace remoteWatcherId: 11286 groupId 74 success
06-14 08:02:52.751 11857 11857 I C02C03/PARAM_WATCHER: Add watcher keyPrefix sys.graphic.openTestModeTrace remoteWatcherId 11286 success
06-14 08:02:52.752 11857 11857 W C03926/essorymanager:ReconnectAbility/AceTheme: [(100000:100000:scope)] style 125829872 not contains drag_bar_pattern!
06-14 08:02:52.754 11857 11857 W C03949/essorymanager:ReconnectAbility/AceSheet: [(100000:100000:scope)] FoldCreaseRegion is invalid.
06-14 08:02:52.754 11857 11857 W C03949/essorymanager:ReconnectAbility/AceSheet: [(100000:100000:scope)] FoldCreaseRegion is invalid.
06-14 08:02:52.758  1590  5985 W C01336/foundation/AMS: [ERM867]not uiextension
06-14 08:02:52.759  1534  1534 E C01C10/inputmethod_service/ImsaKit: line: 171, function: NotifyInputStop,nullptr clientInfo or no need to notify
06-14 08:02:52.761 11857 11857 W A00000/essorymanager:ReconnectAbility/AudioAccessoryManagerTag: [AudioRdb.SqlUtils--17.0.1.123] --getPropertyByName end. property[uid] not column of table[USER_LOGIN].
06-14 08:02:52.761 11857 11857 W A00000/essorymanager:ReconnectAbility/AudioAccessoryManagerTag: [FileUtils--17.0.1.123] --read file error reading failed: [Error: No such file or directory]
06-14 08:02:52.765  1543 11953 E C01700/render_service/RSS: ResSchedClient::ReportData type not subscribed.
06-14 08:02:52.767   788   788 I C02C02/PARAM: SystemSetParameter name persist.ffrt.interval.rsRate id:121383 ret:0
06-14 08:02:52.768 11857 11857 W A00000/essorymanager:ReconnectAbility/AudioAccessoryManagerTag: [AudioDeviceLabel[08:31:*:*:*:FD]--17.0.1.123] --refreshConnectState: is not current device!
06-14 08:02:52.768 11857 11857 E A00000/essorymanager:ReconnectAbility/AudioAccessoryManagerTag: [AudioKVStore.KVDaoManager--17.0.1.123] --get failed from [audio_app_store_id_main] with [e82c23ad***********************************************************owRecord], e: 15100004[Not found.]
06-14 08:02:52.768 11857 11857 E A00000/essorymanager:ReconnectAbility/AudioAccessoryManagerTag: [AudioKVStore.KVDaoManager--17.0.1.123] --get failed from [audio_app_store_id_main] with [e82c23ad******************************************************************romBegin], e: 15100004[Not found.]
06-14 08:02:52.771 11857 11857 W C03949/essorymanager:ReconnectAbility/AceSheet: [(100000:100000:scope)] FoldCreaseRegion is invalid.
06-14 08:02:52.771 11857 11857 W C03949/essorymanager:ReconnectAbility/AceSheet: [(100000:100000:scope)] FoldCreaseRegion is invalid.
06-14 08:02:52.774  1374 11849 I C02C02/PARAM: SystemSetParameter name persist.bluetooth.vgs id:85 ret:1001
06-14 08:02:52.774  1374 11849 E C02C0B/BEGET: [param_request.c:217]SystemSetParameter failed! name is :persist.bluetooth.vgs, the errNum is:1001
06-14 08:02:52.774  1374 11849 E C02C0B/BEGET: [parameter.c:98]SetParameter failed! the errNum is:1001
06-14 08:02:52.774 11857 11857 E A00000/essorymanager:ReconnectAbility/AudioAccessoryManagerTag: [AudioNearby-BusinessManager--17.0.1.123] --validList is null
06-14 08:02:52.774  1374 11849 E C00104/bluetooth_service/Bluetooth: [20]sdp_connect_cfm: invoked with non OK status
06-14 08:02:52.776 12022 12044 W C057C1/video_processing_service/IPCWorkThread: ThreadHandler: proto:0 policy:0 name:OS_IPC_1_12044 invoker:1413510400
06-14 08:02:52.783   968  9943 E C01720/resource_schedule_service/SmartGC: [a92abf521cbf3b5 0 0][ExitGCPauseSceneInner]ExitGCPauseSceneInner 232541017 232541118
06-14 08:02:52.788  1374 11851 W C00104/bluetooth_service/bt_l2cap: [20]LCID: 0x0042  st: W4_L2CA_CON_RSP  evt: UPPER_LAYER_CONNECT_RSP
06-14 08:02:52.791  1590 12045 W C057C1/foundation/IPCWorkThread: ThreadHandler: proto:0 policy:0 name:OS_IPC_398_12045 invoker:2619938816
06-14 08:02:52.792 11857 11857 W A00000/essorymanager:ReconnectAbility/AudioAccessoryManagerTag: [FileUtils--17.0.1.123] --read file error reading failed: [Error: No such file or directory]
06-14 08:02:52.794 11857 11857 E C01651/essorymanager:ReconnectAbility/datashare_result_set_proxy: GoToNextRow: failed code:1001
06-14 08:02:52.795 11857 11857 E A00000/essorymanager:ReconnectAbility/ASC_com.huawei.hmos.audioaccess: [AamSdkFunction--17.0.1.123] registerEvent catch err: {"name":"checkSdkConnection error","message":"checkSdkConnection hasConnectedDevice is false","code":-300}
06-14 08:02:52.795 11857 11857 E A00000/essorymanager:ReconnectAbility/ASC_com.huawei.hmos.audioaccess: [AamSdkClient--17.0.1.123] onConnection err -300
06-14 08:02:52.800 11857 11857 W A00000/essorymanager:ReconnectAbility/AudioAccessoryManagerTag: [FileUtils--17.0.1.123] --read file error reading failed: [Error: No such file or directory]
06-14 08:02:52.805 11857 11857 W A00000/essorymanager:ReconnectAbility/AudioAccessoryManagerTag: [FileUtils--17.0.1.123] --read file error reading failed: [Error: No such file or directory]
06-14 08:02:52.807 11857 11857 W A00000/essorymanager:ReconnectAbility/AudioAccessoryManagerTag: [FileUtils--17.0.1.123] --read file error reading failed: [Error: No such file or directory]
06-14 08:02:52.809 11857 11857 W A00000/essorymanager:ReconnectAbility/AudioAccessoryManagerTag: [FileUtils--17.0.1.123] --read file error reading failed: [Error: No such file or directory]
06-14 08:02:52.812 11857 11857 W A00000/essorymanager:ReconnectAbility/AudioAccessoryManagerTag: [FileUtils--17.0.1.123] --read file error reading failed: [Error: No such file or directory]
