06-14 08:02:52.126 11522 11522 E C01653/com.huawei.hmos.ailifesvc/PreferencesJsKit: SetAction: throw error: code = 401 , message = Parameter error. The context is invalid.
06-14 08:02:52.126 11522 11522 E A0DDFF/com.huawei.hmos.ailifesvc/PreferencesUtil: 2 - get fail, error code: 401
06-14 08:02:52.127 11522 11522 W A0DDFF/com.huawei.hmos.ailifesvc/PermissionsUtil: 3 - start getOsAccountId
06-14 08:02:52.127 11522 11522 W A0DDFF/com.huawei.hmos.ailifesvc/EnvironmentManager: 4 - task state 0
06-14 08:02:52.127 11522 11522 W A0DDFF/com.huawei.hmos.ailifesvc/EnvironmentManager: 5 - enter init callerBundleName:  
06-14 08:02:52.127 11856 11907 W C02B8E/aam_connection_svc/AamConnectionSvc: [81][SetState:54]:[aamAI] SetState json json state
06-14 08:02:52.127 11856 11902 E C02B8E/aam_connection_svc/AamConnectionSvc: [85][GetDeviceType:232]:GetDeviceType err
06-14 08:02:52.129 11856 11907 W C02B8E/aam_connection_svc/AamConnectionSvc: [106][SetState:138]:PsCloudPair noncompliant json state
06-14 08:02:52.129  1590 60356 W C01337/foundation/EcologicalRule: [ERI235]failed,uid: 7878
06-14 08:02:52.129 51489 11913 W C057C1/nearlink_service/IPCWorkThread: ThreadHandler: proto:0 policy:0 name:OS_IPC_6_11913 invoker:979399936
06-14 08:02:52.130 51489 11915 W C057C1/nearlink_service/IPCWorkThread: ThreadHandler: proto:0 policy:0 name:OS_IPC_7_11915 invoker:979402496
06-14 08:02:52.131 11856 11912 W C02B8E/aam_connection_svc/AamConnectionSvc: [141][AddNewDevice:259]:Add device 08:31:xxxxxxxx:FD success
06-14 08:02:52.131 11856 11904 W C02B8E/aam_connection_svc/AamConnectionSvc: [145][Connect:232]:AamSdkServiceExtManager::Connect state is connected return
06-14 08:02:52.131 11856 11904 W C02B8E/aam_connection_svc/AamConnectionSvc: [148][RegistDomain:181]:[AcsDDS]discards for domain 08:31:xxxxxxxx:FD already exist!
06-14 08:02:52.131 11856 11904 W C02B8E/aam_connection_svc/AamConnectionSvc: [152][AddNewDevice:249]:AcsAudioDeviceManager::AddDevice fail! device[08:31:xxxxxxxx:FD] is existed!
06-14 08:02:52.136  1590  2274 W C04201/foundation/DMS: [a92ab3521c20004 0 0] NotifyUnfreezed: pid,type:1946,11 |4323,11 |10558,11 |12307,3 |23110,17 |29837,3 |31468,11 |44875,3 11 |45772,11 |57799,11 |
06-14 08:02:52.139 11856 11902 W C02B8E/aam_connection_svc/AamConnectionSvc: [158][GetSleAddrByBtAddr:213]:[aamSle] GetSleAddrByBtAddr error
06-14 08:02:52.139 11856 11907 W C04707/aam_connection_svc/HaClient: Getxattr not permitted
06-14 08:02:52.139 11856 11907 E C04707/aam_connection_svc/HaClient: Failed to write into file's xattr: Invalid argument
06-14 08:02:52.140 11856 11907 W C01650/aam_connection_svc/RdbStoreManager: IsConfigInvalidChanged:no bundleName
06-14 08:02:52.140 51489 51489 E C05A01/nearlink_service/ATM: [GetHapTokenInfo]TokenID =671590009 is invalid
06-14 08:02:52.140 11522 11522 W A0DDFF/com.huawei.hmos.ailifesvc/CommonUtil: 6 - getUserId from cache true
06-14 08:02:52.141 11856 11907 E C01650/aam_connection_svc/SilentProxy: IsSupportSilentFromService:GetRdbService failed, err is 27394049.
06-14 08:02:52.141 51489 51489 E C05A01/nearlink_service/ATM: [GetHapTokenInfo]TokenID =671590009 is invalid
06-14 08:02:52.141 12307 52493 E C02B8F/wei.hmos.audioaccessorymanager/AamConnectionClient: [57501][ResetClientState:90]:AAMCS release ResetClientState!
06-14 08:02:52.142 11522 11522 W A0DDFF/com.huawei.hmos.ailifesvc/HuksUtil: 7 - [Exist]isKeyItemExist success
06-14 08:02:52.142 11522 11522 W A0DDFF/com.huawei.hmos.ailifesvc/HuksUtil: 8 - init is existed
06-14 08:02:52.142 11522 11522 W A0DDFF/com.huawei.hmos.ailifesvc/EnvironmentManager: 9 - task state 2 error TypeError
06-14 08:02:52.143 11522 11522 W A0DDFF/com.huawei.hmos.ailifesvc/EnvironmentManager: 10 - task rest
06-14 08:02:52.143 11522 11522 W A0DDFF/com.huawei.hmos.ailifesvc/StartUpTaskManager: 11 - initialize start
06-14 08:02:52.143 11522 11522 W A0DDFF/com.huawei.hmos.ailifesvc/PermissionsUtil: 12 - start getOsAccountId
06-14 08:02:52.144  1590 60356 W C01337/foundation/EcologicalRule: [ERI235]failed,uid: 7878
06-14 08:02:52.144 11522 11522 W A0DDFF/com.huawei.hmos.ailifesvc/StartTaskServiceExtAbility: 13 - onRequest, called 1
06-14 08:02:52.144 11522 11522 W A0DDFF/com.huawei.hmos.ailifesvc/PermissionsUtil: 14 - start getOsAccountId
06-14 08:02:52.145 11856 11886 E C02B8E/aam_connection_svc/AamConnectionSvc: [172][ReleaseAdapter:85]:AAMCS releaseadapter find id error
06-14 08:02:52.146  1590  2079 W C01336/foundation/AMS: [ABR1579]nullptr
06-14 08:02:52.146 12307 12307 E C02B86/wei.hmos.audioaccessorymanager/AudioFramework: [GetDeviceStreamInfo]streamInfo empty
06-14 08:02:52.146 12307 12307 E C02B86/wei.hmos.audioaccessorymanager/AudioFramework: [GetDeviceStreamInfo]streamInfo empty
06-14 08:02:52.146 12307 12307 E C02B86/wei.hmos.audioaccessorymanager/AudioFramework: [GetDeviceStreamInfo]streamInfo empty
06-14 08:02:52.146 12307 12307 E C02B86/wei.hmos.audioaccessorymanager/AudioFramework: [GetDeviceStreamInfo]streamInfo empty
06-14 08:02:52.146  1590  2079 W C01336/foundation/AMS: [ABR1579]nullptr
06-14 08:02:52.146 11856 11886 E C02B8E/aam_connection_svc/AamConnectionSvc: [175][GetAdapter:102]:AAMCS get id failed 49120
06-14 08:02:52.146 11856 11907 W C04707/aam_connection_svc/HaClient: Recursive auth failed: invalid path
06-14 08:02:52.146 11856 11907 E C04707/aam_connection_svc/HaClient: Authorize db to service failed.
06-14 08:02:52.146 11856 11907 E C04707/aam_connection_svc/HaClient: Db evn create failed.
06-14 08:02:52.146 11856 11907 E C02B8E/aam_connection_svc/AamConnectionSvc: [177][CheckReportEveironment:22]:AcsAnalytics is uninit, try init
06-14 08:02:52.146 11856 11886 E C02B8E/aam_connection_svc/AamConnectionSvc: [178][CheckReportEveironment:22]:AcsAnalytics is uninit, try init
06-14 08:02:52.146  1590  2079 W C01336/foundation/AMS: [ABR1579]nullptr
06-14 08:02:52.147 11522 11868 E C01651/com.huawei.hmos.ailifesvc/data_share_manager_impl: RegisterClientDeathObserver: RegisterClientDeathObserver failed, bundleName is com.huawei.hmos.ailifesvc
06-14 08:02:52.147 11522 11868 E C01651/com.huawei.hmos.ailifesvc/data_share_manager_impl: GetDataShareServiceProxy: RegisterClientDeathObserver failed
06-14 08:02:52.147  1590  2079 W C01336/foundation/AMS: [ABR1579]nullptr
06-14 08:02:52.147 11856 11907 W C04707/aam_connection_svc/HaClient: Getxattr not permitted
06-14 08:02:52.147 11856 11907 E C04707/aam_connection_svc/HaClient: Failed to write into file's xattr: Invalid argument
06-14 08:02:52.147 11856 11907 W C04707/aam_connection_svc/HaClient: Recursive auth failed: invalid path
06-14 08:02:52.147 11856 11907 E C04707/aam_connection_svc/HaClient: Authorize db to service failed.
06-14 08:02:52.147 11856 11907 E C04707/aam_connection_svc/HaClient: Db evn create failed.
06-14 08:02:52.147 11856 11886 W C04707/aam_connection_svc/HaClient: Getxattr not permitted
06-14 08:02:52.148 11856 11886 E C04707/aam_connection_svc/HaClient: Failed to write into file's xattr: Invalid argument
06-14 08:02:52.148 11856 11886 W C04707/aam_connection_svc/HaClient: Recursive auth failed: invalid path
06-14 08:02:52.148 11856 11886 E C04707/aam_connection_svc/HaClient: Authorize db to service failed.
06-14 08:02:52.148 11856 11886 E C04707/aam_connection_svc/HaClient: Db evn create failed.
06-14 08:02:52.148 11522 11522 W A0DDFF/com.huawei.hmos.ailifesvc/StartTaskServiceExtAbility: 15 - onRequest, called 2
06-14 08:02:52.149 11522 11522 W A0DDFF/com.huawei.hmos.ailifesvc/PermissionsUtil: 16 - start getOsAccountId
06-14 08:02:52.149 12307 12307 E C02B8F/wei.hmos.audioaccessorymanager/AamConnectionClient: [57509][NapiBindId:570]:AAMCS id failed in find id
06-14 08:02:52.149   602 10409 E C04300/storage_manager/StorageManager: [GetFreeSize:88] StorageTotalStatusService::GetFreeSize success, (/data)freeSize=244699664384
06-14 08:02:52.150 12307 12307 W A00000/wei.hmos.audioaccessorymanager/AudioAccessoryManagerTag: [AiEqStateManager--17.0.1.123] --onStateChanged No device has AI EQ enabled.
06-14 08:02:52.150 12307 12307 E C02B86/wei.hmos.audioaccessorymanager/AudioFramework: [GetDeviceStreamInfo]streamInfo empty
06-14 08:02:52.150 12307 12307 E C02B86/wei.hmos.audioaccessorymanager/AudioFramework: [GetDeviceStreamInfo]streamInfo empty
06-14 08:02:52.150 12307 12307 E C02B86/wei.hmos.audioaccessorymanager/AudioFramework: [GetDeviceStreamInfo]streamInfo empty
06-14 08:02:52.150 12307 12307 E C02B86/wei.hmos.audioaccessorymanager/AudioFramework: [GetDeviceStreamInfo]streamInfo empty
06-14 08:02:52.151 11522 11522 W A0DDFF/com.huawei.hmos.ailifesvc/StartTaskServiceExtAbility: 17 - onRequest, called 3
06-14 08:02:52.151 11522 11522 W A0DDFF/com.huawei.hmos.ailifesvc/PermissionsUtil: 18 - start getOsAccountId
06-14 08:02:52.151 12307 12307 E C02B8F/wei.hmos.audioaccessorymanager/AamConnectionClient: [57513][NapiBindId:570]:AAMCS id failed in find id
06-14 08:02:52.152 12307 12307 E C02B86/wei.hmos.audioaccessorymanager/AudioFramework: [GetDeviceStreamInfo]streamInfo empty
06-14 08:02:52.152 12307 12307 E C02B86/wei.hmos.audioaccessorymanager/AudioFramework: [GetDeviceStreamInfo]streamInfo empty
06-14 08:02:52.152 12307 12307 E C02B86/wei.hmos.audioaccessorymanager/AudioFramework: [GetDeviceStreamInfo]streamInfo empty
06-14 08:02:52.152 12307 12307 E C02B86/wei.hmos.audioaccessorymanager/AudioFramework: [GetDeviceStreamInfo]streamInfo empty
06-14 08:02:52.152  1622 10803 W C01650/distributeddata/RdbStoreManager: IsConfigInvalidChanged:Not found config cache, path: /***/el2/***/Sma***.db
06-14 08:02:52.152 12307 12307 E C02B8F/wei.hmos.audioaccessorymanager/AamConnectionClient: [57516][NapiBindId:570]:AAMCS id failed in find id
06-14 08:02:52.152 12307 12307 E C02B86/wei.hmos.audioaccessorymanager/AudioFramework: [GetDeviceStreamInfo]streamInfo empty
06-14 08:02:52.152 12307 12307 E C02B86/wei.hmos.audioaccessorymanager/AudioFramework: [GetDeviceStreamInfo]streamInfo empty
06-14 08:02:52.152 12307 12307 E C02B86/wei.hmos.audioaccessorymanager/AudioFramework: [GetDeviceStreamInfo]streamInfo empty
06-14 08:02:52.152 12307 12307 E C02B86/wei.hmos.audioaccessorymanager/AudioFramework: [GetDeviceStreamInfo]streamInfo empty
06-14 08:02:52.152 12307 12307 E C02B8F/wei.hmos.audioaccessorymanager/AamConnectionClient: [57519][NapiBindId:570]:AAMCS id failed in find id
06-14 08:02:52.153 11856 11886 E C02B8E/aam_connection_svc/AamConnectionSvc: [194][CheckReportEveironment:22]:AcsAnalytics is uninit, try init
06-14 08:02:52.153 11522 11522 W A0DDFF/com.huawei.hmos.ailifesvc/StartTaskServiceExtAbility: 19 - onRequest, called 4
06-14 08:02:52.153 12307 12307 E C02B86/wei.hmos.audioaccessorymanager/AudioFramework: [GetDeviceStreamInfo]streamInfo empty
06-14 08:02:52.153 12307 12307 E C02B86/wei.hmos.audioaccessorymanager/AudioFramework: [GetDeviceStreamInfo]streamInfo empty
06-14 08:02:52.153 12307 12307 E C02B86/wei.hmos.audioaccessorymanager/AudioFramework: [GetDeviceStreamInfo]streamInfo empty
06-14 08:02:52.153 12307 12307 E C02B86/wei.hmos.audioaccessorymanager/AudioFramework: [GetDeviceStreamInfo]streamInfo empty
06-14 08:02:52.153 12307 12307 E C02B8F/wei.hmos.audioaccessorymanager/AamConnectionClient: [57522][NapiBindId:570]:AAMCS id failed in find id
06-14 08:02:52.153 11522 11522 W A0DDFF/com.huawei.hmos.ailifesvc/PermissionsUtil: 20 - start getOsAccountId
06-14 08:02:52.153 12307 12307 E C02B86/wei.hmos.audioaccessorymanager/AudioFramework: [GetDeviceStreamInfo]streamInfo empty
06-14 08:02:52.153 12307 12307 E C02B86/wei.hmos.audioaccessorymanager/AudioFramework: [GetDeviceStreamInfo]streamInfo empty
06-14 08:02:52.153 12307 12307 E C02B86/wei.hmos.audioaccessorymanager/AudioFramework: [GetDeviceStreamInfo]streamInfo empty
06-14 08:02:52.153 12307 12307 E C02B86/wei.hmos.audioaccessorymanager/AudioFramework: [GetDeviceStreamInfo]streamInfo empty
06-14 08:02:52.153  1622 10803 E C01610/distributeddata/DataBaseUtilsAcl: SetAcl: Failed to write into file's xattr: Operation not permitted
06-14 08:02:52.154 11522 11522 W A0DDFF/com.huawei.hmos.ailifesvc/StartTaskServiceExtAbility: 21 - onRequest, called 5
06-14 08:02:52.154 11522 11522 W A0DDFF/com.huawei.hmos.ailifesvc/PermissionsUtil: 22 - start getOsAccountId
06-14 08:02:52.154 11856 11886 W C04707/aam_connection_svc/HaClient: Getxattr not permitted
06-14 08:02:52.154 11856 11886 E C04707/aam_connection_svc/HaClient: Failed to write into file's xattr: Invalid argument
06-14 08:02:52.154 11856 11886 W C04707/aam_connection_svc/HaClient: Recursive auth failed: invalid path
06-14 08:02:52.154 11856 11886 E C04707/aam_connection_svc/HaClient: Authorize db to service failed.
06-14 08:02:52.154 11856 11886 E C04707/aam_connection_svc/HaClient: Db evn create failed.
06-14 08:02:52.155 11856 11886 E C02B8E/aam_connection_svc/AamConnectionSvc: [201][Parse:69]:AdapterConfig not contain key!
06-14 08:02:52.155 11856 11886 W C02B8E/aam_connection_svc/AamConnectionSvc: [206][CreateAdapter:71]:AAMCS process name MainExtensionAbility
06-14 08:02:52.155 12307 52493 W C02B8F/wei.hmos.audioaccessorymanager/AamConnectionClient: [57524][SendRequestHelper:48]:[1]service ret not zero[44534]
06-14 08:02:52.155 12307 52493 E C02B8F/wei.hmos.audioaccessorymanager/AamConnectionClient: [57528][OnLinkStateChanged:18]:AAMCS OnLinkStateChanged id=**534 result=1 reason=1
06-14 08:02:52.157 11856 11886 E C02B8E/aam_connection_svc/AamConnectionSvc: [220][GetAudioDevice:173]:AAMCS GetAudioDevice failed, mac empty
06-14 08:02:52.157 11856 11886 E C00101/aam_connection_svc/bt_fwk_remote_device: (IsValidBluetoothRemoteDevice:75)invalid bluetooth addr, address_: 
06-14 08:02:52.157 11856 11886 E C00101/aam_connection_svc/bt_fwk_hfp_ag: (GetDeviceState:161)invalid param.
06-14 08:02:52.159  1622 10803 W C01610/distributeddata/DataBaseUtilsAcl: AclFromFile: The getxattr failed. error Permission denied path /da***se/
06-14 08:02:52.159  1622 10803 E C01610/distributeddata/DataBaseUtilsAcl: SetAcl: Failed to write into file's xattr: Operation not permitted
06-14 08:02:52.159  1622 10803 E C01610/distributeddata/DataBaseUtilsAcl: SetAcl: Failed to write into file's xattr: Operation not permitted
06-14 08:02:52.160  1622 10803 E C01610/distributeddata/DataBaseUtilsAcl: SetAcl: Failed to write into file's xattr: Operation not permitted
06-14 08:02:52.160  1622 10803 E C01610/distributeddata/DataBaseUtilsAcl: SetAcl: Failed to write into file's xattr: Operation not permitted
06-14 08:02:52.160  1622 10803 E C01610/distributeddata/DataBaseUtilsAcl: SetAcl: Failed to write into file's xattr: Operation not permitted
06-14 08:02:52.160  1622 10803 E C01610/distributeddata/DataBaseUtilsAcl: SetAcl: Failed to write into file's xattr: Operation not permitted
06-14 08:02:52.161 12307 12307 W A00000/wei.hmos.audioaccessorymanager/AudioAccessoryManagerTag: [NotificationBroadcast_NBEnvManager--17.0.1.123] --active device disable
06-14 08:02:52.162 12307 12307 E C01612/wei.hmos.audioaccessorymanager/JSUtil: GetValue: test ((statusMsg.status == napi_ok)) failed: no property value.type
06-14 08:02:52.162 12307 12307 E C01612/wei.hmos.audioaccessorymanager/JSUtil: GetValue: test ((statusMsg.status == napi_ok) && (length > 0)) failed: get_array failed!
06-14 08:02:52.162 12307 12307 E C01612/wei.hmos.audioaccessorymanager/JSUtil: GetValue: test ((statusMsg.status == napi_ok) && (length > 0)) failed: get_array failed!
06-14 08:02:52.163 12307 12307 E C01612/wei.hmos.audioaccessorymanager/JSUtil: GetValue: test ((statusMsg.status == napi_ok) && (length > 0)) failed: get_array failed!
06-14 08:02:52.163 12307 12307 E C02B86/wei.hmos.audioaccessorymanager/AudioFramework: [GetDeviceStreamInfo]streamInfo empty
06-14 08:02:52.163 12307 12307 E C02B86/wei.hmos.audioaccessorymanager/AudioFramework: [GetDeviceStreamInfo]streamInfo empty
06-14 08:02:52.163 12307 12307 E C02B86/wei.hmos.audioaccessorymanager/AudioFramework: [GetDeviceStreamInfo]streamInfo empty
06-14 08:02:52.163 12307 12307 E C02B86/wei.hmos.audioaccessorymanager/AudioFramework: [GetDeviceStreamInfo]streamInfo empty
06-14 08:02:52.164 12307 12307 E C02B86/wei.hmos.audioaccessorymanager/AudioFramework: [GetDeviceStreamInfo]streamInfo empty
06-14 08:02:52.164 12307 12307 E C02B86/wei.hmos.audioaccessorymanager/AudioFramework: [GetDeviceStreamInfo]streamInfo empty
06-14 08:02:52.164 12307 12307 E C02B86/wei.hmos.audioaccessorymanager/AudioFramework: [GetDeviceStreamInfo]streamInfo empty
06-14 08:02:52.164 12307 12307 E C02B86/wei.hmos.audioaccessorymanager/AudioFramework: [GetDeviceStreamInfo]streamInfo empty
06-14 08:02:52.164 12307 12307 E C02B86/wei.hmos.audioaccessorymanager/AudioFramework: [GetDeviceStreamInfo]streamInfo empty
06-14 08:02:52.164 12307 12307 E C02B86/wei.hmos.audioaccessorymanager/AudioFramework: [GetDeviceStreamInfo]streamInfo empty
06-14 08:02:52.164 12307 12307 E C02B86/wei.hmos.audioaccessorymanager/AudioFramework: [GetDeviceStreamInfo]streamInfo empty
06-14 08:02:52.164 12307 12307 E C02B86/wei.hmos.audioaccessorymanager/AudioFramework: [GetDeviceStreamInfo]streamInfo empty
06-14 08:02:52.165 12307 12307 E C02B86/wei.hmos.audioaccessorymanager/AudioFramework: [GetDeviceStreamInfo]streamInfo empty
06-14 08:02:52.165 12307 12307 E C02B86/wei.hmos.audioaccessorymanager/AudioFramework: [GetDeviceStreamInfo]streamInfo empty
06-14 08:02:52.165 12307 12307 E C02B86/wei.hmos.audioaccessorymanager/AudioFramework: [GetDeviceStreamInfo]streamInfo empty
06-14 08:02:52.165 12307 12307 E C02B86/wei.hmos.audioaccessorymanager/AudioFramework: [GetDeviceStreamInfo]streamInfo empty
06-14 08:02:52.165 11856 11886 E C02B8E/aam_connection_svc/AamConnectionSvc: [224][GetState:51]:PsAppInfo::GetState get infoType failed
06-14 08:02:52.166  1590 60356 W C01336/foundation/AMS: [ABR2795]null sessionInfo
06-14 08:02:52.168 12307 12307 E C02B86/wei.hmos.audioaccessorymanager/AudioFramework: [GetDeviceStreamInfo]streamInfo empty
06-14 08:02:52.168 12307 12307 E C02B86/wei.hmos.audioaccessorymanager/AudioFramework: [GetDeviceStreamInfo]streamInfo empty
06-14 08:02:52.168 12307 12307 E C02B86/wei.hmos.audioaccessorymanager/AudioFramework: [GetDeviceStreamInfo]streamInfo empty
06-14 08:02:52.168 12307 12307 E C02B86/wei.hmos.audioaccessorymanager/AudioFramework: [GetDeviceStreamInfo]streamInfo empty
06-14 08:02:52.168 12307 12307 E C02B86/wei.hmos.audioaccessorymanager/AudioFramework: [GetDeviceStreamInfo]streamInfo empty
06-14 08:02:52.168 12307 12307 E C02B86/wei.hmos.audioaccessorymanager/AudioFramework: [GetDeviceStreamInfo]streamInfo empty
06-14 08:02:52.168 12307 12307 E C02B86/wei.hmos.audioaccessorymanager/AudioFramework: [GetDeviceStreamInfo]streamInfo empty
06-14 08:02:52.168 12307 12307 E C02B86/wei.hmos.audioaccessorymanager/AudioFramework: [GetDeviceStreamInfo]streamInfo empty
06-14 08:02:52.168 12307 12307 E C02B86/wei.hmos.audioaccessorymanager/AudioFramework: [GetDeviceStreamInfo]streamInfo empty
06-14 08:02:52.168 12307 12307 E C02B86/wei.hmos.audioaccessorymanager/AudioFramework: [GetDeviceStreamInfo]streamInfo empty
06-14 08:02:52.168 12307 12307 E C02B86/wei.hmos.audioaccessorymanager/AudioFramework: [GetDeviceStreamInfo]streamInfo empty
06-14 08:02:52.168 12307 12307 E C02B86/wei.hmos.audioaccessorymanager/AudioFramework: [GetDeviceStreamInfo]streamInfo empty
06-14 08:02:52.168 12307 12307 E C02B86/wei.hmos.audioaccessorymanager/AudioFramework: [GetDeviceStreamInfo]streamInfo empty
06-14 08:02:52.168 12307 12307 E C02B86/wei.hmos.audioaccessorymanager/AudioFramework: [GetDeviceStreamInfo]streamInfo empty
06-14 08:02:52.168 12307 12307 E C02B86/wei.hmos.audioaccessorymanager/AudioFramework: [GetDeviceStreamInfo]streamInfo empty
06-14 08:02:52.168 12307 12307 E C02B86/wei.hmos.audioaccessorymanager/AudioFramework: [GetDeviceStreamInfo]streamInfo empty
06-14 08:02:52.169 12307 12307 E C02B86/wei.hmos.audioaccessorymanager/AudioFramework: [GetDeviceStreamInfo]streamInfo empty
06-14 08:02:52.169 12307 12307 E C02B86/wei.hmos.audioaccessorymanager/AudioFramework: [GetDeviceStreamInfo]streamInfo empty
06-14 08:02:52.169 12307 12307 E C02B86/wei.hmos.audioaccessorymanager/AudioFramework: [GetDeviceStreamInfo]streamInfo empty
06-14 08:02:52.169 12307 12307 E C02B86/wei.hmos.audioaccessorymanager/AudioFramework: [GetDeviceStreamInfo]streamInfo empty
06-14 08:02:52.170 12307 12307 E C02B86/wei.hmos.audioaccessorymanager/AudioFramework: [GetDeviceStreamInfo]streamInfo empty
06-14 08:02:52.170 12307 12307 E C02B86/wei.hmos.audioaccessorymanager/AudioFramework: [GetDeviceStreamInfo]streamInfo empty
06-14 08:02:52.170 12307 12307 E C02B86/wei.hmos.audioaccessorymanager/AudioFramework: [GetDeviceStreamInfo]streamInfo empty
06-14 08:02:52.170 12307 12307 E C02B86/wei.hmos.audioaccessorymanager/AudioFramework: [GetDeviceStreamInfo]streamInfo empty
06-14 08:02:52.170 11856 11886 E C02B8E/aam_connection_svc/AamConnectionSvc: [228][GetState:51]:PsAppInfo::GetState get infoType failed
06-14 08:02:52.171 12307 12307 E C02B86/wei.hmos.audioaccessorymanager/AudioFramework: [GetDeviceStreamInfo]streamInfo empty
06-14 08:02:52.171 12307 12307 E C02B86/wei.hmos.audioaccessorymanager/AudioFramework: [GetDeviceStreamInfo]streamInfo empty
06-14 08:02:52.171 12307 12307 E C02B86/wei.hmos.audioaccessorymanager/AudioFramework: [GetDeviceStreamInfo]streamInfo empty
06-14 08:02:52.171 12307 12307 E C02B86/wei.hmos.audioaccessorymanager/AudioFramework: [GetDeviceStreamInfo]streamInfo empty
06-14 08:02:52.173 11522 11522 W A0DDFF/com.huawei.hmos.ailifesvc/PermissionsUtil: 23 - result rowCount: 2
06-14 08:02:52.173 11522 11522 W A0DDFF/com.huawei.hmos.ailifesvc/PermissionsUtil: 24 - queryIsSign: true
06-14 08:02:52.175 12307 12307 W A00000/wei.hmos.audioaccessorymanager/AudioAccessoryManagerTag: [NotificationBroadcast_NBEnvManager--17.0.1.123] --active device disable
06-14 08:02:52.176 11856 11886 E C02B8E/aam_connection_svc/AamConnectionSvc: [232][GetState:51]:PsAppInfo::GetState get infoType failed
06-14 08:02:52.176 12307 12307 W A00000/wei.hmos.audioaccessorymanager/AudioAccessoryManagerTag: [AiEqStateManager--17.0.1.123] --onStateChanged No device has AI EQ enabled.
06-14 08:02:52.178  2938  2938 W A01A00/com.ohos.sceneboard/SYS_UI: Dialog-ServiceExtensionAbility1 --> 11856-671590009 onRemoteRequest parameters com.huawei.hmos.audioaccessorymanager ReconnectAbility
06-14 08:02:52.178  2938  2938 W A04200/com.ohos.sceneboard/WINDOW: SCBScreenSession: enable rotate successful, enable reason:sysDialog
06-14 08:02:52.179 11856 11856 E C02B8E/aam_connection_svc/AamConnectionSvc: [238][GetState:51]:PsAppInfo::GetState get infoType failed
06-14 08:02:52.179  2938  2938 W A0421D/com.ohos.sceneboard/WMSRotation: [getTargetRotation] bundleName:com.dragon.read.next requestOrientation:0 isScreenLocked:true isPlacedRotateFriendlyDevicePlaced:false fixedRotation: -1 rotationCommand: {"isIgnorePlacedState":false,"isFromDropDown":false}
06-14 08:02:52.179   855  9950 E C02699/memmgrservice/MM: UpdateAppMemcgParam app 20020020 not exist
06-14 08:02:52.179   855  9950 E C02699/memmgrservice/MM: UpdateAppMemcgParam app 20020020 not exist
06-14 08:02:52.179 11522 11522 W A0DDFF/com.huawei.hmos.ailifesvc/StartTaskServiceManager: 25 - onRequest call
06-14 08:02:52.179  2938  2938 W A01B00/com.ohos.sceneboard/SCB: ScbStatusBarStatusManager: onStatusBarEnabledChange, enable :false, caller : undefined
06-14 08:02:52.180 11522 11522 W A0DDFF/com.huawei.hmos.ailifesvc/StartTaskServiceManager: 26 - onRequest type 8
06-14 08:02:52.180 11522 11522 W A0DDFF/com.huawei.hmos.ailifesvc/AudioCardUpdateTask: 27 - AudioCardUpdateTask init
06-14 08:02:52.180 11522 11522 W A0DDFF/com.huawei.hmos.ailifesvc/ExternalDeviceManagerFactory: 28 - device type: 1
06-14 08:02:52.180 11522 11522 W A0DDFF/com.huawei.hmos.ailifesvc/AudioDeviceManager: 29 - AamSdkClient init start isInit: false
06-14 08:02:52.180  2938  2938 W A01A00/com.ohos.sceneboard/SYS_UI: SCBSysDialog --> sysDialogZOrder:1 list.length:1 ["11856-671590009"]
06-14 08:02:52.180 11522 11522 W A0DDFF/com.huawei.hmos.ailifesvc/AudioDeviceManager: 30 - AamSdkClient init success.
06-14 08:02:52.180 11522 11522 W A0DDFF/com.huawei.hmos.ailifesvc/StartTaskServiceManager: 31 - startTaskTimer
06-14 08:02:52.181 11522 11522 W A0DDFF/com.huawei.hmos.ailifesvc/AudioCardUpdateTask: 32 - task begin
06-14 08:02:52.181 11522 11522 W A0DDFF/com.huawei.hmos.ailifesvc/AudioDeviceManager: 33 - subscribeAudioDeviceEvent tag:AudioCardUpdateTask, eventTypes:deviceConnect|batteryReport|noiseState
06-14 08:02:52.181 11856 11856 E C02B8E/aam_connection_svc/AamConnectionSvc: [242][GetState:51]:PsAppInfo::GetState get infoType failed
06-14 08:02:52.181 11522 11522 W A0DDFF/com.huawei.hmos.ailifesvc/ExternalDeviceManager: 34 - subscribeAudioDeviceEvent tag:AudioCardUpdateTask, eventTypes:deviceConnect|batteryReport|noiseState
06-14 08:02:52.181 11522 11522 W A0DDFF/com.huawei.hmos.ailifesvc/AudioCardUpdateTask: 35 - onRequestFresh call 2
06-14 08:02:52.181 11522 11522 W A0DDFF/com.huawei.hmos.ailifesvc/AudioCardUpdateTask: 36 - enter getAllHandSetCards :
06-14 08:02:52.181 11522 11522 W A0DDFF/com.huawei.hmos.ailifesvc/PermissionsUtil: 37 - result rowCount: 2
06-14 08:02:52.182 11522 11522 W A0DDFF/com.huawei.hmos.ailifesvc/PermissionsUtil: 38 - queryIsSign: true
06-14 08:02:52.182 11856 11886 E C02B8E/aam_connection_svc/AamConnectionSvc: [247][GetState:51]:PsAppInfo::GetState get infoType failed
06-14 08:02:52.182 11522 11522 W A0DDFF/com.huawei.hmos.ailifesvc/SvcAccountAdapter: 39 - account init
06-14 08:02:52.184  2938  4247 W C04207/com.ohos.sceneboard/WMSFocus: NotifyHighlightChange: Invalid [16, 0]
06-14 08:02:52.185 11856 11886 E C02B8E/aam_connection_svc/AamConnectionSvc: [251][GetState:51]:PsAppInfo::GetState get infoType failed
06-14 08:02:52.185  2938  2938 W A01B0A/com.ohos.sceneboard/GESTURE: SCBGestureNavBar --> navbar disappearance SCBGestureNavBar registerGestureEnabledCallback false
06-14 08:02:52.186  1473 10096 E C02120/swing_service/SwingTaskHandler: CancelTask#failed:1.
06-14 08:02:52.186  1473 10096 E C02120/swing_service/SwingTaskHandler: CancelTask#failed:1.
06-14 08:02:52.187   772   772 W C02B8B/audio_server/DfxMsgManager: [UpdateAppState]discard repeated app state
06-14 08:02:52.188 11856 11886 E C02B8E/aam_connection_svc/AamConnectionSvc: [255][GetState:51]:PsAppInfo::GetState get infoType failed
06-14 08:02:52.192   951 11950 W C057C1/resource_schedule_executor/IPCWorkThread: ThreadHandler: proto:0 policy:0 name:OS_IPC_182_11950 invoker:2468931072
06-14 08:02:52.193 12307 12307 W A00000/wei.hmos.audioaccessorymanager/AudioAccessoryManagerTag: [AiEqStateManager--17.0.1.123] --onStateChanged No device has AI EQ enabled.
06-14 08:02:52.193  1051  1196 E C01F0B/telephony/NetworkSearch: params is nullptr.
06-14 08:02:52.194 11522 11522 W A0DDFF/com.huawei.hmos.ailifesvc/PermissionsUtil: 40 - result rowCount: 2
06-14 08:02:52.194 11522 11522 W A0DDFF/com.huawei.hmos.ailifesvc/PermissionsUtil: 41 - queryIsSign: true
06-14 08:02:52.195 11522 11522 W A0DDFF/com.huawei.hmos.ailifesvc/SvcAccountAdapter: 42 - account isInit
06-14 08:02:52.195   856  1405 E C02803/multimodalinput/InputWindowsManager: [|8877]failed to find focusWindowId:16
06-14 08:02:52.195  1473 11949 W C02120/swing_service/SnprSubscriber: OnFocusChanged#no need refresh register state, isLauncherWindow is 0
06-14 08:02:52.195 11522 11522 W A0DDFF/com.huawei.hmos.ailifesvc/DeviceReportTask: 43 - StartUpDeviceReportTask runTask begin
06-14 08:02:52.195  1473 11949 W C02120/swing_service/FocusChangedListener: NotifyFocusChanged#isLauncherOr3dTouchScene_ is 0, isQuickPayWindow_ is 0
06-14 08:02:52.195  1473 11949 W C02120/swing_service/BarcodeScanSubscriber: OnFocusChanged#no need refresh register state, isLauncherWindow is 0
06-14 08:02:52.195   856  1405 E C02803/multimodalinput/InputWindowsManager: [|2422]CHKPV(lastPointerEventCopy) is null
06-14 08:02:52.195   856  1405 E C02803/multimodalinput/InputWindowsManager: [|8877]failed to find focusWindowId:16
06-14 08:02:52.195   856  1405 E C02803/multimodalinput/InputWindowsManager: [|2422]CHKPV(lastPointerEventCopy) is null
06-14 08:02:52.196 11856 11886 E C02B8E/aam_connection_svc/AamConnectionSvc: [259][GetState:51]:PsAppInfo::GetState get infoType failed
06-14 08:02:52.196  2938  2938 W C0393B/com.ohos.sceneboard/AceWindowScene: [(100000:100000:scope)] parentId:388, nodeId:390, sessionId:16
06-14 08:02:52.196 11522 11522 W A0DDFF/com.huawei.hmos.ailifesvc/DbHelper: 44 - task state 0
06-14 08:02:52.197 11522 11522 W A0DDFF/com.huawei.hmos.ailifesvc/DbHelper: 45 - init database AppCom******
06-14 08:02:52.197  2938  2938 W C0393B/com.ohos.sceneboard/AceWindowScene: [(100000:100000:scope)] parentId:613, nodeId:615, sessionId:22
06-14 08:02:52.197  2938  2938 W C0393B/com.ohos.sceneboard/AceWindowScene: [(100000:100000:scope)] parentId:664, nodeId:666, sessionId:28
06-14 08:02:52.198 11522 11522 W A0DDFF/com.huawei.hmos.ailifesvc/PermissionsUtil: 46 - result rowCount: 2
06-14 08:02:52.198 11522 11522 W A0DDFF/com.huawei.hmos.ailifesvc/PermissionsUtil: 47 - queryIsSign: true
06-14 08:02:52.199 11522 11522 W A0DDFF/com.huawei.hmos.ailifesvc/StartTaskServiceManager: 48 - onRequest call
06-14 08:02:52.199 11522 11522 W A0DDFF/com.huawei.hmos.ailifesvc/StartTaskServiceManager: 49 - same task is running 8
06-14 08:02:52.199 11522 11522 W A0DDFF/com.huawei.hmos.ailifesvc/AudioCardUpdateTask: 50 - onNewRequest
06-14 08:02:52.200 11522 11522 W A0DDFF/com.huawei.hmos.ailifesvc/PermissionsUtil: 51 - result rowCount: 2
06-14 08:02:52.200 11522 11522 W A0DDFF/com.huawei.hmos.ailifesvc/PermissionsUtil: 52 - queryIsSign: true
06-14 08:02:52.201 11522 11522 W A0DDFF/com.huawei.hmos.ailifesvc/StartTaskServiceManager: 53 - onRequest call
06-14 08:02:52.201 11522 11522 W A0DDFF/com.huawei.hmos.ailifesvc/StartTaskServiceManager: 54 - same task is running 8
06-14 08:02:52.201 11522 11522 W A0DDFF/com.huawei.hmos.ailifesvc/AudioCardUpdateTask: 55 - onNewRequest
06-14 08:02:52.201 11522 11522 W A0DDFF/com.huawei.hmos.ailifesvc/PermissionsUtil: 56 - result rowCount: 2
06-14 08:02:52.202  1590  2079 W C01336/foundation/AMS: [ABMS4382]not autofill
06-14 08:02:52.202 11522 11522 W A0DDFF/com.huawei.hmos.ailifesvc/PermissionsUtil: 57 - queryIsSign: true
06-14 08:02:52.202  2938  2938 W C04200/com.ohos.sceneboard/Session: TransferFocusStateEvent: windowEventChannel_ is null
06-14 08:02:52.202  2938  4247 E C04215/com.ohos.sceneboard/WMSHierarchy: SceneZOrderCheckProcess: ZOrderCheck start
06-14 08:02:52.203 11522 11522 W A0DDFF/com.huawei.hmos.ailifesvc/StartTaskServiceManager: 58 - onRequest call
06-14 08:02:52.203 11522 11522 W A0DDFF/com.huawei.hmos.ailifesvc/StartTaskServiceManager: 59 - same task is running 8
06-14 08:02:52.203 11522 11522 W A0DDFF/com.huawei.hmos.ailifesvc/AudioCardUpdateTask: 60 - onNewRequest
06-14 08:02:52.203 11522 11522 W A0DDFF/com.huawei.hmos.ailifesvc/PermissionsUtil: 61 - result rowCount: 2
06-14 08:02:52.204   856  1405 E C02803/multimodalinput/InputWindowsManager: [|2422]CHKPV(lastPointerEventCopy) is null
06-14 08:02:52.204 11522 11522 W A0DDFF/com.huawei.hmos.ailifesvc/PermissionsUtil: 62 - queryIsSign: true
06-14 08:02:52.204  1534 10341 E C01C10/inputmethod_service/ImsaKit: line: 171, function: NotifyInputStop,nullptr clientInfo or no need to notify
06-14 08:02:52.205 11522 11522 W A0DDFF/com.huawei.hmos.ailifesvc/StartTaskServiceManager: 63 - onRequest call
06-14 08:02:52.205 11522 11522 W A0DDFF/com.huawei.hmos.ailifesvc/StartTaskServiceManager: 64 - same task is running 8
06-14 08:02:52.205 11522 11522 W A0DDFF/com.huawei.hmos.ailifesvc/AudioCardUpdateTask: 65 - onNewRequest
06-14 08:02:52.206  1590  2079 E C01345/foundation/UIExt: [ui_extension_ability_manager.cpp884]scb not allow bind process
06-14 08:02:52.208  1590 11838 E C01120/foundation/BMS: ohos.permission.WRITE_SOUND_RECORD_IN_FILE_MANAGER not in ATM
06-14 08:02:52.208  1051  1196 E C01F0B/telephony/NetworkSearch: params is nullptr.
06-14 08:02:52.210  1622  5423 W C01650/distributeddata/RdbStoreManager: IsConfigInvalidChanged:Not found config cache, path: /***/el2/***/AIL***.db
06-14 08:02:52.210  1590 11838 E C01700/foundation/RSS: ResSchedClient::ReportData type not subscribed.
06-14 08:02:52.211  1622  5423 E C01610/distributeddata/DataBaseUtilsAcl: SetAcl: Failed to write into file's xattr: Operation not permitted
06-14 08:02:52.212  1012  6210 W C01650/netmanager/RdbStoreManager: IsConfigInvalidChanged:no bundleName
06-14 08:02:52.212  1012  6210 E C01650/netmanager/SilentProxy: IsSupportSilentFromService:GetRdbService failed, err is 27394049.
06-14 08:02:52.213  1306  2175 W C02503/aptouch_daemon/DriverListener: GetStatus[878] [0]status:0x8001c5
06-14 08:02:52.213  1306  2175 W C02503/aptouch_daemon/DriverListener: UpdateStatus[895] [0]status:0x8001c5
06-14 08:02:52.214  1306  2175 W C02503/aptouch_daemon/DriverListener: GetStatus[878] [0]status:0x8001c5
06-14 08:02:52.215  1399  2949 W C01650/dlp_hide_service_sa/RdbStoreManager: IsConfigInvalidChanged:no bundleName
06-14 08:02:52.215  1399  2949 E C01650/dlp_hide_service_sa/SilentProxy: IsSupportSilentFromService:GetRdbService failed, err is 27394049.
06-14 08:02:52.215  1669 10662 E C00103/aps_manager/WirelessHIDAccessoryManager: [GetConnectedAccessory:115]Get proxy failed
06-14 08:02:52.215  1669 10662 E C00103/aps_manager/WirelessHIDAccessoryManager: [GetConnectedAccessory:100]GetConnectedAccessory failed
06-14 08:02:52.215  1669 10662 W C01409/aps_manager/APS_MANAGER: StylusWhitelist get connected accessory fail.
06-14 08:02:52.215  1399  2949 E C01610/dlp_hide_service_sa/DataBaseUtilsAcl: SetAcl: Failed to write into file's xattr: Permission denied
06-14 08:02:52.217  1622 10803 W C01650/distributeddata/RdbStoreManager: IsConfigInvalidChanged:Not found config cache, path: /***/el2/***/aud***.db
06-14 08:02:52.218  1306  2169 E A03101/aptouch_daemon/afehal: Get frame timeout, pen_status=0x0, force read=000000a5
06-14 08:02:52.218  1306  2169 E A03101/aptouch_daemon/afehal: ------>logout_FW_run_status_SynaOnly loopTime: 1<------
06-14 08:02:52.218  1306  2169 E A03101/aptouch_daemon/afehal: read_FW_run_status_SynaOnly
06-14 08:02:52.218  1306  2169 E A03101/aptouch_daemon/afehal: Send cmd:C7 06 
06-14 08:02:52.220 11857 11857 I C02C02/PARAM: ResetParamSecurityLabel Fd:19
06-14 08:02:52.220  1306  2169 E A03101/aptouch_daemon/afehal: Get response code:A5,01,80,01,EF,BE
06-14 08:02:52.220  1306  2169 E A03101/aptouch_daemon/afehal: read_ram[0]=0xa5
06-14 08:02:52.220  1306  2169 E A03101/aptouch_daemon/afehal: read_ram[1]=0x01
06-14 08:02:52.220  1306  2169 E A03101/aptouch_daemon/afehal: read_ram[2]=0x80
06-14 08:02:52.220  1306  2169 E A03101/aptouch_daemon/afehal: read_ram[3]=0x01
06-14 08:02:52.220  1306  2169 E A03101/aptouch_daemon/afehal: Copy Size=384
06-14 08:02:52.220  1306  2169 E A03101/aptouch_daemon/afehal:     0000 0001 0002 0003 0004 0005 0006 0007 0008 0009 000a 000b 000c 000d 000e 000f 
06-14 08:02:52.220  1306  2169 E A03101/aptouch_daemon/afehal:   0:beef 0000 0000 0000 0000 0000 0073 000d 0000 0000 0000 0000 0000 0000 02b6 000d 
06-14 08:02:52.220  1306  2169 E A03101/aptouch_daemon/afehal:  16:02a9 0000 0000 0000 0000 0000 0000 0000 0000 0000 0000 0000 0000 0000 0000 0000 
06-14 08:02:52.220  1306  2169 E A03101/aptouch_daemon/afehal:  32:0000 0000 0000 0000 0000 0000 0000 0000 0000 0000 0000 0000 0000 0000 0000 0000 
06-14 08:02:52.220  1306  2169 E A03101/aptouch_daemon/afehal:  48:0000 0000 0000 0000 0000 0000 0000 0000 0000 0000 0000 0000 0000 0000 0000 0000 
06-14 08:02:52.220  1306  2169 E A03101/aptouch_daemon/afehal:  64:0000 0000 0000 0000 0000 0000 0000 0000 0000 0000 0000 0000 0000 0000 0000 0000 
06-14 08:02:52.220  1306  2169 E A03101/aptouch_daemon/afehal:  80:0000 0000 0000 0000 0000 0000 0000 0000 0000 0000 0000 0000 0000 0000 0000 0000 
06-14 08:02:52.220  1306  2169 E A03101/aptouch_daemon/afehal:  96:0000 0000 0000 0000 0000 0000 0000 0000 0000 0000 0000 0000 0000 0000 0000 0000 
06-14 08:02:52.220  1306  2169 E A03101/aptouch_daemon/afehal: 112:0000 0000 0000 0000 0000 0000 0000 0000 02b6 0000 0000 0000 02b6 0000 0000 0000 
06-14 08:02:52.220  1306  2169 E A03101/aptouch_daemon/afehal: 128:0000 0000 0000 0000 02b6 0000 0000 0230 0073 0000 02b6 02b6 0000 0000 0000 0000 
06-14 08:02:52.220  1306  2169 E A03101/aptouch_daemon/afehal: 144:0000 0000 02b5 0001 0000 0000 0000 0000 0000 0000 0000 0000 0000 0000 0000 0000 
06-14 08:02:52.220  1306  2169 E A03101/aptouch_daemon/afehal: 160:0000 0000 0000 0000 0001 0000 02b5 0001 0000 0000 0000 0000 0000 0000 0000 0000 
06-14 08:02:52.220  1306  2169 E A03101/aptouch_daemon/afehal: 176:0000 0000 0000 0000 0000 0000 0000 0000 0000 0000 0000 0000 0000 0000 0000 0000 
06-14 08:02:52.227 11522 11522 W C03F01/com.huawei.hmos.ailifesvc/NAPI: [a92ab9521c3595c 0 0][AddCleanupHook] AddCleanupHook Failed, data cannot register multiple times, enable cross-thread check for more information.
06-14 08:02:52.227 11522 11522 W A0DDFF/com.huawei.hmos.ailifesvc/DbHelper: [a92ab9521c3595c 0 0]66 - database AppCom****** new version 6 old version 6
06-14 08:02:52.227 11522 11522 W A0DDFF/com.huawei.hmos.ailifesvc/AppCommonDb: [a92ab9521c3595c 0 0]67 - checkDbStruct start
06-14 08:02:52.227 11522 11522 W C03F01/com.huawei.hmos.ailifesvc/NAPI: [a92ab9521c3595c 0 0][AddCleanupHook] AddCleanupHook Failed, data cannot register multiple times, enable cross-thread check for more information.
06-14 08:02:52.228 11522 11522 W A0DDFF/com.huawei.hmos.ailifesvc/DbHelper: [a92ab9521c3595c 0 0]68 - isDbExists version 6
06-14 08:02:52.229 11522 11870 W C02D07/com.huawei.hmos.ailifesvc/Verify: invalid configName=
06-14 08:02:52.230  1306  2169 E A03101/aptouch_daemon/afehal: read_FW_run_status_SynaOnly
06-14 08:02:52.230  1306  2169 E A03101/aptouch_daemon/afehal: Send cmd:C7 06 
06-14 08:02:52.231  1622  5423 W C01610/distributeddata/DataBaseUtilsAcl: AclFromFile: The getxattr failed. error Permission denied path /da***se/
06-14 08:02:52.231  1622  5423 E C01610/distributeddata/DataBaseUtilsAcl: SetAcl: Failed to write into file's xattr: Operation not permitted
06-14 08:02:52.231  1622  5423 E C01610/distributeddata/DataBaseUtilsAcl: SetAcl: Failed to write into file's xattr: Operation not permitted
06-14 08:02:52.232 11857 11857 W C02C11/essorymanager:ReconnectAbility/APPSPAWN: errno:13 private mount to /mnt/sandbox/100/com.huawei.hmos.audioaccessorymanager/chip_prod/lib64/passthrough '524288' failed
06-14 08:02:52.232  1306  2169 E A03101/aptouch_daemon/afehal: Get response code:A5,01,80,01,EF,BE
06-14 08:02:52.232  1306  2169 E A03101/aptouch_daemon/afehal: read_ram[0]=0xa5
06-14 08:02:52.232  1306  2169 E A03101/aptouch_daemon/afehal: read_ram[1]=0x01
06-14 08:02:52.232  1306  2169 E A03101/aptouch_daemon/afehal: read_ram[2]=0x80
06-14 08:02:52.232  1306  2169 E A03101/aptouch_daemon/afehal: read_ram[3]=0x01
06-14 08:02:52.232  1306  2169 E A03101/aptouch_daemon/afehal: Copy Size=384
06-14 08:02:52.232  1306  2169 E A03101/aptouch_daemon/afehal:     0000 0001 0002 0003 0004 0005 0006 0007 0008 0009 000a 000b 000c 000d 000e 000f 
06-14 08:02:52.232  1306  2169 E A03101/aptouch_daemon/afehal:   0:beef 0000 0000 0000 0000 0000 0073 000d 0000 0000 0000 0000 0000 0000 02b6 000d 
06-14 08:02:52.232  1306  2169 E A03101/aptouch_daemon/afehal:  16:02a9 0000 0000 0000 0000 0000 0000 0000 0000 0000 0000 0000 0000 0000 0000 0000 
06-14 08:02:52.232  1306  2169 E A03101/aptouch_daemon/afehal:  32:0000 0000 0000 0000 0000 0000 0000 0000 0000 0000 0000 0000 0000 0000 0000 0000 
06-14 08:02:52.232  1622  5423 E C01610/distributeddata/DataBaseUtilsAcl: SetAcl: Failed to write into file's xattr: Operation not permitted
06-14 08:02:52.232  1306  2169 E A03101/aptouch_daemon/afehal:  48:0000 0000 0000 0000 0000 0000 0000 0000 0000 0000 0000 0000 0000 0000 0000 0000 
06-14 08:02:52.232  1306  2169 E A03101/aptouch_daemon/afehal:  64:0000 0000 0000 0000 0000 0000 0000 0000 0000 0000 0000 0000 0000 0000 0000 0000 
06-14 08:02:52.232  1622  5423 E C01610/distributeddata/DataBaseUtilsAcl: SetAcl: Failed to write into file's xattr: Operation not permitted
06-14 08:02:52.232  1306  2169 E A03101/aptouch_daemon/afehal:  80:0000 0000 0000 0000 0000 0000 0000 0000 0000 0000 0000 0000 0000 0000 0000 0000 
06-14 08:02:52.232  1622  5423 E C01610/distributeddata/DataBaseUtilsAcl: SetAcl: Failed to write into file's xattr: Operation not permitted
06-14 08:02:52.232  1306  2169 E A03101/aptouch_daemon/afehal:  96:0000 0000 0000 0000 0000 0000 0000 0000 0000 0000 0000 0000 0000 0000 0000 0000 
06-14 08:02:52.232  1622  5423 E C01610/distributeddata/DataBaseUtilsAcl: SetAcl: Failed to write into file's xattr: Operation not permitted
06-14 08:02:52.232  1306  2169 E A03101/aptouch_daemon/afehal: 112:0000 0000 0000 0000 0000 0000 0000 0000 02b6 0000 0000 0000 02b6 0000 0000 0000 
06-14 08:02:52.232  1306  2169 E A03101/aptouch_daemon/afehal: 128:0000 0000 0000 0000 02b6 0000 0000 0230 0073 0000 02b6 02b6 0000 0000 0000 0000 
06-14 08:02:52.232  1306  2169 E A03101/aptouch_daemon/afehal: 144:0000 0000 02b5 0001 0000 0000 0000 0000 0000 0000 0000 0000 0000 0000 0000 0000 
06-14 08:02:52.232  1622  5423 E C01610/distributeddata/DataBaseUtilsAcl: SetAcl: Failed to write into file's xattr: Operation not permitted
06-14 08:02:52.232  1306  2169 E A03101/aptouch_daemon/afehal: 160:0000 0000 0000 0000 0001 0000 02b5 0001 0000 0000 0000 0000 0000 0000 0000 0000 
06-14 08:02:52.232  1622  5423 E C01610/distributeddata/DataBaseUtilsAcl: SetAcl: Failed to write into file's xattr: Operation not permitted
06-14 08:02:52.232  1306  2169 E A03101/aptouch_daemon/afehal: 176:0000 0000 0000 0000 0000 0000 0000 0000 0000 0000 0000 0000 0000 0000 0000 0000 
06-14 08:02:52.232  1622  5423 E C01610/distributeddata/DataBaseUtilsAcl: SetAcl: Failed to write into file's xattr: Operation not permitted
06-14 08:02:52.232  1622  5423 E C01610/distributeddata/DataBaseUtilsAcl: SetAcl: Failed to write into file's xattr: Operation not permitted
06-14 08:02:52.232 11522 11522 W A0DDFF/com.huawei.hmos.ailifesvc/AppCommonDb: [a92ab9521c3595c 0 0]69 - checkDbStruct finish
06-14 08:02:52.232  1622  5423 E C01610/distributeddata/DataBaseUtilsAcl: SetAcl: Failed to write into file's xattr: Operation not permitted
06-14 08:02:52.232   602 10409 E C04300/storage_manager/StorageManager: [GetFreeSize:88] StorageTotalStatusService::GetFreeSize success, (/data)freeSize=244699549696
06-14 08:02:52.232  1622  5423 E C01610/distributeddata/DataBaseUtilsAcl: SetAcl: Failed to write into file's xattr: Operation not permitted
06-14 08:02:52.232  1622  5423 E C01610/distributeddata/DataBaseUtilsAcl: SetAcl: Failed to write into file's xattr: Operation not permitted
06-14 08:02:52.233  1622  5423 W C01650/distributeddata/RdbStoreImpl: ExchangeSlaverToMaster:exchange st:3, AIL***.db,
06-14 08:02:52.233 11857 11857 W C02C11/essorymanager:ReconnectAbility/APPSPAWN: check dir /data/app/el1/public/aot_compiler/ark_cache/com.huawei.hmos.audioaccessorymanager failed,strerror:No such file or directory
06-14 08:02:52.233 11522 11522 W A0DDFF/com.huawei.hmos.ailifesvc/DbHelper: [a92ab9521c3595c 0 0]70 - task state 2
06-14 08:02:52.233 11522 11522 W A0DDFF/com.huawei.hmos.ailifesvc/DbHelper: [a92ab9521c3595c 0 0]71 - A*********** query fields is empty, query all data from table Device***********
06-14 08:02:52.234 11857 11857 W C02C11/essorymanager:ReconnectAbility/APPSPAWN: errno:2 bind mount /data/preload/app to /mnt/sandbox/100/com.huawei.hmos.audioaccessorymanager/data/preload/app
06-14 08:02:52.234 11522 11961 E C04388/com.huawei.hmos.ailifesvc/file_api: [a92ab9521c3595c 0 0][prop_n_exporter.cpp:311->operator()] Accesscore finish ret -2
06-14 08:02:52.235 11522 11522 W A0DDFF/com.huawei.hmos.ailifesvc/DeviceReportTask: [a92ab9521c3595c 0 0]72 - StartUpDeviceReportTask device report all uploaded
06-14 08:02:52.240 11522 11522 W A0DDFF/com.huawei.hmos.ailifesvc/AudioCardUpdateTask: 73 - result rowCount: 0
06-14 08:02:52.240 11522 11522 E A0DDFF/com.huawei.hmos.ailifesvc/AudioCardUpdateTask: 74 - rowCount is empty
06-14 08:02:52.240 11522 11522 W A0DDFF/com.huawei.hmos.ailifesvc/AudioCardUpdateTask: 75 - updateAllHandSetCards start 0
06-14 08:02:52.240 11857 11857 E C05A06/essorymanager:ReconnectAbility/CODE_SIGN: [XpmIoctl]:Ioctl cmd 40087803 failed: Invalid argument (ignore)
06-14 08:02:52.242  1306  2169 E A03101/aptouch_daemon/afehal: Get frame timeout again, need reset
06-14 08:02:52.243  1306  2169 W C02503/aptouch_daemon/DriverListener: ProcessStatus[913] [0]status:0x8001c5
06-14 08:02:52.243  1306  2169 W C02503/aptouch_daemon/DriverListener: operator()[392] [0]RegListeningAppInfo b=0
06-14 08:02:52.243  1306  2169 W C02503/aptouch_daemon/DriverListener: ProcessStatus[934] -
06-14 08:02:52.243 11857 11964 W C057C1/essorymanager:ReconnectAbility/IPCWorkThread: ThreadHandler: proto:0 policy:1 name:OS_IPC_0_11964 invoker:1365341824
06-14 08:02:52.243 11857 11965 W C057C1/essorymanager:ReconnectAbility/IPCWorkThread: ThreadHandler: proto:0 policy:0 name:OS_IPC_1_11965 invoker:1272952960
06-14 08:02:52.244  1622 10803 W C01610/distributeddata/DataBaseUtilsAcl: AclFromFile: The getxattr failed. error Permission denied path /da***se/
06-14 08:02:52.244  1622 10803 E C01610/distributeddata/DataBaseUtilsAcl: SetAcl: Failed to write into file's xattr: Operation not permitted
06-14 08:02:52.244  1622 10803 E C01610/distributeddata/DataBaseUtilsAcl: SetAcl: Failed to write into file's xattr: Operation not permitted
06-14 08:02:52.244  1622 10803 E C01610/distributeddata/DataBaseUtilsAcl: SetAcl: Failed to write into file's xattr: Operation not permitted
06-14 08:02:52.244  1622 10803 E C01610/distributeddata/DataBaseUtilsAcl: SetAcl: Failed to write into file's xattr: Operation not permitted
06-14 08:02:52.244  1622 10803 E C01610/distributeddata/DataBaseUtilsAcl: SetAcl: Failed to write into file's xattr: Operation not permitted
06-14 08:02:52.244  1622 10803 E C01610/distributeddata/DataBaseUtilsAcl: SetAcl: Failed to write into file's xattr: Operation not permitted
06-14 08:02:52.245  1590 11838 W C01336/foundation/AMS: [resident_process_manager.cpp269]rdbResult: 5
06-14 08:02:52.245  1590 11838 W C01311/foundation/AppMS: [AMSI11052]no bind permission
06-14 08:02:52.249  3040  3040 W A06666/com.huawei.hmos.aidataservice/160002364: Info_Publisher: publish AppProcess
06-14 08:02:52.250  1590 11837 W C01300/foundation/AAFwk: [event_handler_wrap.cpp118]can't find event: 14_11857 
06-14 08:02:52.250  3040 11843 W A00F00/com.huawei.hmos.aidataservice/CA: [AppProcessAbility:77]: AppProcessAbility return
06-14 08:02:52.253 11857 11969 W C057C1/essorymanager:ReconnectAbility/IPCWorkThread: ThreadHandler: proto:0 policy:0 name:OS_IPC_2_11969 invoker:1288716288
06-14 08:02:52.259 11522 11522 W C03F01/com.huawei.hmos.ailifesvc/NAPI: [AddCleanupHook] AddCleanupHook Failed, data cannot register multiple times, enable cross-thread check for more information.
06-14 08:02:52.259 11522 11961 E C04388/com.huawei.hmos.ailifesvc/file_api: [prop_n_exporter.cpp:311->operator()] Accesscore finish ret -2
06-14 08:02:52.262 11857 11857 W C01305/essorymanager:ReconnectAbility/Base: [zip_file.cpp(ExtractToBufByName:966)]GetEntry from pkgContextInfo.json err
06-14 08:02:52.263  1374 11849 W C00104/bluetooth_service/l2c_ble: [20]link_xmit_data_q is null
06-14 08:02:52.264  1374 11849 W C00104/bluetooth_service/hw_bt_btif: [20]HwTwsFusionPairBleCreated: Remove pri
06-14 08:02:52.264  1374 11849 W C00104/bluetooth_service/bt_btm: [20]HwBleAclCancel: addr(08:31:**:**:**:fd) acl state: 1
06-14 08:02:52.264  1374 11849 W C00104/bluetooth_service/bt_btm: [20]BtmResumeBleScan: ble scan is resumed by other bg activity
06-14 08:02:52.264  1374 11848 W C00104/bluetooth_service/bt_l2cap: [20]L2CA_SetLeGattTimeout: l2cu_no_dynamic_ccbs
06-14 08:02:52.265 11857 11857 W C01321/essorymanager:ReconnectAbility/JsRuntime: [CSM161]not Connected
06-14 08:02:52.266 11857 11857 W C01E00/essorymanager:ReconnectAbility/ResourceManager: update userId, currentUserId_= 0, userId= 100
06-14 08:02:52.266   605 33483 I C02C03/PARAM_WATCHER: [watcher_manager.cpp:72]Add remote watcher remoteWatcherId 11286 11857 success
06-14 08:02:52.267   605 33483 I C02C03/PARAM_WATCHER: SendLocalChange start keyPrefix persist.hdc.jdwp remoteWatcherId 11286
06-14 08:02:52.269 11857 11970 W C01653/essorymanager:ReconnectAbility/NativePreferences: LoadFromDisk: The settingXml /***/el1/***/i18*** load failed.
06-14 08:02:52.269   605 33483 I C02C03/PARAM_WATCHER: [watcher_manager.cpp:187]Add watcher persist.hdc.jdwp remoteWatcherId: 11286 groupId 154 success
06-14 08:02:52.270 11857 11983 I C02C03/PARAM_WATCHER: Add watcher keyPrefix persist.hdc.jdwp remoteWatcherId 11286 success
06-14 08:02:52.270 11857 11857 E C01301/essorymanager:ReconnectAbility/CompatiblePolicyDeviceType: [calculateResourceType:81]deviceType is empty.
06-14 08:02:52.277 11522 11522 E C01651/com.huawei.hmos.ailifesvc/datashare_result_set_proxy: GoToNextRow: failed code:1001
06-14 08:02:52.278 11522 11522 E A00000/com.huawei.hmos.ailifesvc/ASC_com.huawei.hmos.ailifesvc: [AamSdkFunction--17.0.2.311] registerEvent catch err: {"name":"checkSdkConnection error","message":"checkSdkConnection hasConnectedDevice is false","code":-300}
06-14 08:02:52.278 11522 11522 E A00000/com.huawei.hmos.ailifesvc/ASC_com.huawei.hmos.ailifesvc: [AamSdkClient--17.0.2.311] onConnection err -300
06-14 08:02:52.278 11522 11522 E A00000/com.huawei.hmos.ailifesvc/ASC_com.huawei.hmos.ailifesvc: [AamSdkFunction--17.0.2.311] registerEvent catch err: {"name":"checkSdkConnection error","message":"checkSdkConnection hasConnectedDevice is false","code":-300}
06-14 08:02:52.278 11522 11522 E A00000/com.huawei.hmos.ailifesvc/ASC_com.huawei.hmos.ailifesvc: [AamSdkClient--17.0.2.311] onBattery err -300
