06-13 01:10:28.872  1306  2169 E A03101/aptouch_daemon/afehal: read_ram[3]=0x01
06-13 01:10:28.872  1306  2169 E A03101/aptouch_daemon/afehal: Copy Size=384
06-13 01:10:28.872  1306  2169 E A03101/aptouch_daemon/afehal:     0000 0001 0002 0003 0004 0005 0006 0007 0008 0009 000a 000b 000c 000d 000e 000f 
06-13 01:10:28.872  1306  2169 E A03101/aptouch_daemon/afehal:   0:beef 0000 0000 0000 0000 0000 00cf 007a 0000 0000 0000 0000 0000 0000 03bd 007a 
06-13 01:10:28.873  1306  2169 E A03101/aptouch_daemon/afehal:  16:0343 0000 0000 0000 0000 0000 0000 0000 0000 0000 0000 0000 0000 0000 0000 0000 
06-13 01:10:28.873  1306  2169 E A03101/aptouch_daemon/afehal:  32:0000 0000 0000 0000 0000 0000 0000 0000 0000 0000 0000 0000 0000 0000 0000 0000 
06-13 01:10:28.873  1306  2169 E A03101/aptouch_daemon/afehal:  48:0000 0000 0000 0000 0000 0000 0000 0000 0000 0000 0000 0000 0000 0000 0000 0000 
06-13 01:10:28.873  1306  2169 E A03101/aptouch_daemon/afehal:  64:0000 0000 0000 0000 0000 0000 0000 0000 0000 0000 0000 0000 0000 0000 0000 0000 
06-13 01:10:28.873  1306  2169 E A03101/aptouch_daemon/afehal:  80:0000 0000 0000 0000 0000 0000 0000 0000 0000 0000 0000 0000 0000 0000 0000 0000 
06-13 01:10:28.873  1306  2169 E A03101/aptouch_daemon/afehal:  96:0000 0000 0000 0000 0000 0000 0000 0000 0000 0000 0000 0000 0000 0000 0000 0000 
06-13 01:10:28.873  1306  2169 E A03101/aptouch_daemon/afehal: 112:0000 0000 0000 0000 0000 0000 0000 0000 03bd 0000 0000 0000 03bd 0000 0000 0000 
06-13 01:10:28.873  1306  2169 E A03101/aptouch_daemon/afehal: 128:0000 0000 0000 0000 03bd 0000 0000 0282 00cf 0000 03be 03bd 0000 0000 0000 0000 
06-13 01:10:28.873  1306  2169 E A03101/aptouch_daemon/afehal: 144:0000 0000 03bc 0001 0000 0000 0000 0000 0000 0000 0000 0000 0000 0000 0000 0000 
06-13 01:10:28.873  1306  2169 E A03101/aptouch_daemon/afehal: 160:0000 0000 0000 0000 0001 0000 03bc 0001 0000 0000 0000 0000 0000 0000 0000 0000 
06-13 01:10:28.873  1306  2169 E A03101/aptouch_daemon/afehal: 176:0000 0000 0000 0000 0000 0000 0000 0000 0000 0000 0000 0000 0000 0000 0000 0000 
06-13 01:10:28.884  1306  2169 E A03101/aptouch_daemon/afehal: Get frame 0636c0a5 at retry
06-13 01:10:28.896  1306  2169 E A03101/aptouch_daemon/afehal: Occasional timeout but restored, trigger DMD
06-13 01:10:29.074  2938  2938 W A01C05/com.ohos.sceneboard/FORM: FormHostService: formHost notifyInvisibleForms success, cardId is 72882594
06-13 01:10:29.388  1306  2169 E A03101/aptouch_daemon/afehal: Send cmd:C7 43 
06-13 01:10:29.397  1306  2169 E A03101/aptouch_daemon/afehal: Non-frame packet:A5,01,00,00
06-13 01:10:29.452  1306  2169 E A03101/aptouch_daemon/afehal: Send cmd:C7 45 
06-13 01:10:29.454  1306  2169 E A03101/aptouch_daemon/afehal: Non-frame packet:A5,01,00,00
06-13 01:10:29.491  2938  2938 W A01A00/com.ohos.sceneboard/SYS_UI: AppLifeCycleManager: onProcessDied, uid: 20020112, bundleName: com.huawei.hmos.quickpay, pid: 20531
06-13 01:10:29.492  3040  3040 W A06666/com.huawei.hmos.aidataservice/160002364: Info_Publisher: publish AppProcess
06-13 01:10:29.496  3040 19271 W A00F00/com.huawei.hmos.aidataservice/CA: [AppProcessAbility:77]: AppProcessAbility return
06-13 01:10:30.166  2938  2938 W A01A00/com.ohos.sceneboard/SYS_UI: SignalStatus-SignalModel: updateCellularType, slotId  --0-- signalType: 9 
06-13 01:10:30.168  2938  2938 W A01A00/com.ohos.sceneboard/SYS_UI: SignalStatus-SignalModel: updateCellularType, slotId  --0-- signalType: 9 
06-13 01:10:30.168  2938  2938 W A01A00/com.ohos.sceneboard/SYS_UI: SignalComponent-StackSignalIcon --> refreshCelluarDisplay: 0, 5, false， 3
06-13 01:10:30.168  2938  2938 W A01A00/com.ohos.sceneboard/SYS_UI: SignalStatus-SignalModel: updateCellularType, slotId  --1-- signalType: 9 
06-13 01:10:30.168  2938  2938 W A01A00/com.ohos.sceneboard/SYS_UI: SignalStatus-SignalModel: updateCellularType, slotId  --1-- signalType: 9 
06-13 01:10:30.169  2938  2938 W A01A00/com.ohos.sceneboard/SYS_UI: SignalComponent-StackSignalIcon --> refreshCelluarDisplay: 1, 4, false， 3
06-13 01:10:30.169  2938  2938 W A01A00/com.ohos.sceneboard/SYS_UI: SignalComponent-SignalIcon --> refreshCelluarDisplay: 0, 9, false, true, 5
06-13 01:10:30.170  2938  2938 W A01A00/com.ohos.sceneboard/SYS_UI: SignalComponent-SignalIcon --> refreshCelluarDisplay: 1, 9, false, true, 4
06-13 01:10:30.176  2938  2938 W A01A00/com.ohos.sceneboard/SYS_UI: SignalStatus-SignalModel: slotId: 1 ,regState value: 1 ,cfgTech value: 9
06-13 01:10:30.603   856  1405 E A02700/multimodalinput/osfingersense: Acc pack start-3924 -3920 -3924 -3932 -3928 -3928 -3928 -3920 -3900 -3896 -3908 -3924 -3924 -3932 -3936 -3920 -3920 -3928 -3924 -3908 -3900 -3912 -3924 -3924 -3916 -3920 -3924 -3920 -3916 -3908 -3896 -3896 -3900 -3892 -3888 -3904 -3924 -3912 -3904 -3908 -3908 -3900 -3892 -3888 -3888 -3884 -3880 -3892 -3892 -3872 -3868 -3868 -3872 -3872 -3860 -3856 -3860 -3852 -3848 -3848 -3844 -3844 -3848 -3832 -3804 -3796 -3792 -3736 -3608 -3456 -3292 -3116 -2956 -2792 -2616 -2472 -2356 -2268 -2212 -2192 -2204 -2216 -2212 -2236 -2192 -2028 -1988 -2180 -2412 -2636 -2836 -2920 -3004 -3000 -2968 -2952 -2944 -2940 -2952 -2984 -3032 -3076 -3108 -3124 -3132 -3152 -3184 -3208 -3224 -3256 -3288 -3324 -3360 -3396 -3408 -3420 -3448 -3480 -3504 -3512 -3512 -3532 -3572 -3612 -3644 -3664 -3688 -3728Acc pack end
06-13 01:10:30.603   856  1405 E A02700/multimodalinput/osfingersense: fingersense_classify_touch: P = 337.000000, H = 0.449640, N A = 0.032854, N S = 0.000740, M U = 464.625000, A = 1948.000000, G = 232.000000, Z = 0, P M F = 512.299072, M F = 1926.409302
06-13 01:10:30.730  1306  2169 E A03101/aptouch_daemon/afehal: Send cmd:C7 43 
06-13 01:10:30.739  1306  2169 E A03101/aptouch_daemon/afehal: Non-frame packet:A5,01,00,00
06-13 01:10:30.792  1306  2169 E A03101/aptouch_daemon/afehal: Send cmd:C7 45 
06-13 01:10:30.795  1306  2169 E A03101/aptouch_daemon/afehal: Non-frame packet:A5,01,00,00
06-13 01:10:31.301   856  1405 E A02700/multimodalinput/osfingersense: Acc pack start-3808 -3816 -3808 -3788 -3780 -3780 -3776 -3768 -3764 -3764 -3768 -3772 -3780 -3780 -3768 -3764 -3772 -3772 -3772 -3768 -3760 -3760 -3776 -3784 -3772 -3772 -3788 -3800 -3800 -3792 -3788 -3788 -3792 -3796 -3796 -3800 -3808 -3820 -3812 -3796 -3796 -3816 -3828 -3824 -3820 -3820 -3824 -3832 -3836 -3828 -3828 -3836 -3848 -3868 -3876 -3868 -3864 -3864 -3864 -3860 -3856 -3860 -3860 -3856 -3856 -3860 -3872 -3856 -3804 -3744 -3704 -3664 -3620 -3580 -3528 -3356 -2916 -2392 -2184 -2332 -2636 -2996 -3304 -3492 -3596 -3656 -3700 -3736 -3752 -3756 -3764 -3764 -3728 -3700 -3672 -3648 -3616 -3588 -3580 -3568 -3548 -3532 -3520 -3520 -3524 -3548 -3564 -3572 -3588 -3592 -3588 -3592 -3600 -3616 -3612 -3596 -3612 -3632 -3640 -3640 -3652 -3668 -3680 -3692 -3696 -3704 -3712 -3728Acc pack end
06-13 01:10:31.302   856  1405 E A02700/multimodalinput/osfingersense: fingersense_classify_touch: P = 213.000000, H = 0.701709, N A = 0.044917, N S = 0.001963, M U = 201.875000, A = 1692.000000, G = 524.000000, Z = 0, P M F = 850.297241, M F = 1616.866089
06-13 01:10:31.742  1306  2169 E A03101/aptouch_daemon/afehal: Send cmd:C7 43 
06-13 01:10:31.750  1306  2169 E A03101/aptouch_daemon/afehal: Non-frame packet:A5,01,00,00
06-13 01:10:31.804  1306  2169 E A03101/aptouch_daemon/afehal: Send cmd:C7 45 
06-13 01:10:31.805  1306  2169 E A03101/aptouch_daemon/afehal: Non-frame packet:A5,01,00,00
06-13 01:10:32.084   856  1405 E A02700/multimodalinput/osfingersense: Acc pack start-3760 -3780 -3792 -3788 -3784 -3784 -3788 -3796 -3800 -3804 -3800 -3792 -3792 -3800 -3808 -3816 -3812 -3812 -3832 -3844 -3832 -3824 -3828 -3828 -3820 -3816 -3824 -3832 -3836 -3836 -3836 -3840 -3832 -3828 -3828 -3824 -3816 -3820 -3832 -3832 -3836 -3840 -3832 -3824 -3824 -3824 -3824 -3824 -3820 -3816 -3816 -3816 -3804 -3804 -3808 -3812 -3800 -3784 -3768 -3772 -3760 -3744 -3744 -3676 -3476 -3208 -2904 -2544 -2188 -1848 -1548 -1336 -1204 -1168 -1228 -1532 -1760 -2020 -2268 -2492 -2672 -2812 -2920 -3008 -3076 -3128 -3168 -3188 -3208 -3236 -3260 -3276 -3300 -3332 -3376 -3428 -3492 -3552 -3588 -3624 -3668 -3708 -3740 -3776 -3820 -3836 -3840 -3860 -3880 -3900 -3908 -3904 -3916 -3944 -3968 -3984 -3988 -3992 -4012 -4032 -4048 -4060 -4084 -4120 -4144 -4168 -4188 -4212Acc pack end
06-13 01:10:32.084   856  1405 E A02700/multimodalinput/osfingersense: fingersense_classify_touch: P = 311.000000, H = 0.508414, N A = 0.021025, N S = 0.001069, M U = 682.406250, A = 3044.000000, G = 360.000000, Z = 0, P M F = 506.736328, M F = 2740.814941
06-13 01:10:32.129  5540  5540 W A0FF00/com.dragon.read.next/lottie_ohos: <Coordinator> canvas(43234) indeterminate attached or not, treat it as attached.
06-13 01:10:32.129  5540  5540 W A0FF00/com.dragon.read.next/lottie_ohos: <Coordinator> coordinator register canvas(43234) callbacks.
06-13 01:10:32.129  5540  5540 W A0FF00/com.dragon.read.next/lottie_ohos: <Coordinator> canvas(43234) is attached to UItree and visible
06-13 01:10:32.129  5540  5540 W A0FF00/com.dragon.read.next/lottie_ohos: <Coordinator> do NOT notify animation(__lottie_element_283) for indeterminate canvas(43234) status.
06-13 01:10:32.133  5540  5540 W A0FF00/com.dragon.read.next/lottie_ohos: <loading(__lottie_element_283)-> animation playing with indeterminate canvas status.
06-13 01:10:32.205  1306  2169 E A03101/aptouch_daemon/afehal: Send cmd:C7 43 
06-13 01:10:32.213  1306  2169 E A03101/aptouch_daemon/afehal: Non-frame packet:A5,01,00,00
06-13 01:10:32.270  1306  2169 E A03101/aptouch_daemon/afehal: Send cmd:C7 45 
06-13 01:10:32.273  1306  2169 E A03101/aptouch_daemon/afehal: Non-frame packet:A5,01,00,00
06-13 01:10:32.355 43019 43019 I A03D00/com.open.rundesk/JSAPP: [Index] pollOnlineStatusOnce: querying 2 ids, coreReady= true
06-13 01:10:32.356 43019 43019 I A03D00/com.open.rundesk/JSAPP: [Index] queryOnlines returned: true
06-13 01:10:32.622 43019 43019 I A03D00/com.open.rundesk/JSAPP: [HANDSHAKE_DIAG] Event: query-onlines-result, detail: {"offlines":["160182364"],"onlines":["1283267036"]}, peerId: 
06-13 01:10:32.622 43019 43019 I A03D00/com.open.rundesk/JSAPP: [Bridge] query-online event kind: query-onlines-result detail: {"offlines":["160182364"],"onlines":["1283267036"]} peerId:
06-13 01:10:32.622 43019 43019 I A03D00/com.open.rundesk/JSAPP: [Bridge] query-online result onlines: 1 offlines: 1
06-13 01:10:33.251  5540  5540 W A0FF00/com.dragon.read.next/lottie_ohos: <Coordinator> do NOT notify animation(undefined) for indeterminate canvas(-1) status.
06-13 01:10:33.312 44875 44875 W A000FF/i.hmos.inputmethod:inputMethod/HMKeyboard_InputPanelMgr: getPanelPosition error::panel invalid, type:1
06-13 01:10:33.312 44875 44875 W A000FF/i.hmos.inputmethod:inputMethod/HMKeyboard_InputPanelMgr: isPanelShowing error::panel invalid, type:1
06-13 01:10:33.315 44875 44875 W A000FF/i.hmos.inputmethod:inputMethod/HMKeyboard_CommonUtils: The fwk requestKeyboardReason is 0
06-13 01:10:33.325 44875 44875 E A000FF/i.hmos.inputmethod:inputMethod/HMKeyboard_OldEngineTool: EngineToolBase should not call reloadProDict.
06-13 01:10:33.325 44875 44875 W A000FF/i.hmos.inputmethod:inputMethod/HMKeyboard_ZhWuBiEngine: invalid path
06-13 01:10:33.327 44875 44875 W A000FF/i.hmos.inputmethod:inputMethod/HMKeyboard_InputPanelMgr: getPanelPosition error::panel invalid, type:1
06-13 01:10:33.327 44875 44875 W A000FF/i.hmos.inputmethod:inputMethod/HMKeyboard_InputPanelMgr: isPanelShowing error::panel invalid, type:1
06-13 01:10:33.328 44875 44875 W A000FF/i.hmos.inputmethod:inputMethod/HMKeyboard_InputPanelMgr: getPanelPosition error::panel invalid, type:1
06-13 01:10:33.328 44875 44875 W A000FF/i.hmos.inputmethod:inputMethod/HMKeyboard_InputPanelMgr: isPanelShowing error::panel invalid, type:1
06-13 01:10:33.328  2938  2938 W A04204/com.ohos.sceneboard/WMSScb: SCBKeyboardPanel sessionChangeCallback is null 
06-13 01:10:33.353  2938  2938 W A0420B/com.ohos.sceneboard/WMSKeyboard: NotifyAnimationSyncCallbacks, callName: 274 283 300 332 338 343 349 351 354 357 358 
06-13 01:10:33.364 43019 43019 I A03D00/com.open.rundesk/JSAPP: WindowChromeService TYPE_KEYBOARD avoidArea: height=314vp
06-13 01:10:33.408  3040  3040 W A06666/com.huawei.hmos.aidataservice/160002364: Info_Publisher: publish AppUsage
06-13 01:10:33.413  3040 19280 W A00F00/com.huawei.hmos.aidataservice/CA: [ForegroundAppAbility:362]: IsNeedSkip true
06-13 01:10:34.532  1306  2169 E A03101/aptouch_daemon/afehal: Send cmd:C7 34 01 
06-13 01:10:34.534  1306  2169 E A03101/aptouch_daemon/afehal: Non-frame packet:A5,01,00,00
06-13 01:10:34.589   856  1405 E A02700/multimodalinput/osfingersense: Acc pack start-3748 -3740 -3736 -3732 -3728 -3732 -3732 -3720 -3712 -3712 -3716 -3716 -3728 -3736 -3732 -3740 -3736 -3720 -3712 -3712 -3716 -3720 -3704 -3672 -3640 -3616 -3588 -3576 -3564 -3540 -3524 -3488 -3464 -3452 -3436 -3416 -3384 -3376 -3380 -3372 -3364 -3368 -3368 -3368 -3396 -3436 -3464 -3484 -3512 -3544 -3564 -3592 -3624 -3636 -3644 -3656 -3684 -3724 -3760 -3784 -3796 -3808 -3824 -3836 -3852 -3868 -3876 -3880 -3900 -3912 -3904 -3896 -3896 -3904 -3912 -3908 -3904 -3892 -3880 -3896 -3904 -3900 -3900 -3900 -3896 -3892 -3904 -3912 -3908 -3908 -3912 -3892 -3876 -3896 -3904 -3888 -3884 -3896 -3908 -3904 -3888 -3876 -3892 -3900 -3904 -3904 -3884 -3872 -3888 -3916 -3916 -3920 -3920 -3908 -3912 -3924 -3924 -3920 -3924 -3924 -3928 -3916 -3908 -3928 -3924 -3904 -3908 -3932Acc pack end
06-13 01:10:34.590   856  1405 E A02700/multimodalinput/osfingersense: fingersense_classify_touch: P = 322.000000, H = 0.281910, N A = 0.661972, N S = 0.302978, M U = 173.156250, A = 568.000000, G = 40.000000, Z = 2, P M F = 188.276886, M F = 591.458618
06-13 01:10:34.654 44875 44875 W A000FF/i.hmos.inputmethod:inputMethod/HMKeyboard_InputPanelMgr: hide error::panel invalid, type:1
06-13 01:10:34.657  2938  2938 W A04204/com.ohos.sceneboard/WMSScb: SCBKeyboardPanel sessionChangeCallback is null 
06-13 01:10:34.658 44875 44875 W A000FF/i.hmos.inputmethod:inputMethod/HMKeyboard_AiGcConfigManager: checkForNewConfig refuse!
06-13 01:10:34.660 44875 44875 W A000FF/i.hmos.inputmethod:inputMethod/HMKeyboard_WuBiEngine: WuBi engine not initialed now
06-13 01:10:34.664 44875 44875 W A000FF/i.hmos.inputmethod:inputMethod/HMKeyboard_Display_CommonDialog: unRegisterListeners failed, displayIdListenersRegistered is invalid
06-13 01:10:34.664 44875 44875 W A000FF/i.hmos.inputmethod:inputMethod/HMKeyboard_Display_ContactSelec: unRegisterListeners failed, displayIdListenersRegistered is invalid
06-13 01:10:34.665 44875 44875 E A000FF/i.hmos.inputmethod:inputMethod/HMKeyboard_BackgroundTaskManage: requestSuspendDelay failed. code is 9900002
06-13 01:10:34.666 44875 44875 W A000FF/i.hmos.inputmethod:inputMethod/HMKeyboard_Display_CeliaWriterP: unRegisterListeners failed, displayIdListenersRegistered is invalid
06-13 01:10:34.667 44875 44875 W A000FF/i.hmos.inputmethod:inputMethod/HMKeyboard_Display_CeliaWriterT: unRegisterListeners failed, displayIdListenersRegistered is invalid
06-13 01:10:34.667 44875 44875 W A000FF/i.hmos.inputmethod:inputMethod/HMKeyboard_Display_SearchCandid: unRegisterListeners failed, displayIdListenersRegistered is invalid
06-13 01:10:34.667 44875 20412 E A000FF/i.hmos.inputmethod:inputMethod/HMKeyboard_FileUtils: accessSync false 2
06-13 01:10:34.670  2938  2938 W A0420B/com.ohos.sceneboard/WMSKeyboard: NotifyAnimationSyncCallbacks, callName: 274 283 300 332 338 343 349 351 354 357 358 
06-13 01:10:34.672  1306  2169 E A03101/aptouch_daemon/afehal: Send cmd:C7 34 04 
06-13 01:10:34.676 43019 43019 I A03D00/com.open.rundesk/JSAPP: WindowChromeService TYPE_KEYBOARD avoidArea: height=0vp
06-13 01:10:34.677  1306  2169 E A03101/aptouch_daemon/afehal: Non-frame packet:A5,01,00,00
06-13 01:10:34.698  1306  2169 E A03101/aptouch_daemon/afehal: Send cmd:C7 43 
06-13 01:10:34.707  1306  2169 E A03101/aptouch_daemon/afehal: Non-frame packet:A5,01,00,00
06-13 01:10:34.762  1306  2169 E A03101/aptouch_daemon/afehal: Send cmd:C7 45 
06-13 01:10:34.764  1306  2169 E A03101/aptouch_daemon/afehal: Non-frame packet:A5,01,00,00
06-13 01:10:34.972  5540 20687 E A00000/com.dragon.read.next/IMAGE_KNIFE_PRO: [ID:43649 VersionID:0 Type:MainSrc] TTNet response error, errorCode: -999 errorMessage: Request is canceled by user. (TTNet DownloadInterceptor) 
06-13 01:10:34.974  5540 20682 E A00000/com.dragon.read.next/IMAGE_KNIFE_PRO: [ID:43678 VersionID:0 Type:MainSrc] TTNet response error, errorCode: -999 errorMessage: Request is canceled by user. (TTNet DownloadInterceptor) 
06-13 01:10:34.976  5540 20574 E A00000/com.dragon.read.next/IMAGE_KNIFE_PRO: [ID:43707 VersionID:0 Type:MainSrc] TTNet response error, errorCode: -999 errorMessage: Request is canceled by user. (TTNet DownloadInterceptor) 
06-13 01:10:34.981  5540 20573 E A00000/com.dragon.read.next/IMAGE_KNIFE_PRO: [ID:43736 VersionID:0 Type:MainSrc] TTNet response error, errorCode: -999 errorMessage: Request is canceled by user. (TTNet DownloadInterceptor) 
06-13 01:10:34.992  5540 20674 E A00000/com.dragon.read.next/IMAGE_KNIFE_PRO: [ID:43552 VersionID:0 Type:MainSrc] TTNet response error, errorCode: -999 errorMessage: Request is canceled by user. (TTNet DownloadInterceptor) 
06-13 01:10:34.994  5540 20675 E A00000/com.dragon.read.next/IMAGE_KNIFE_PRO: [ID:43566 VersionID:0 Type:MainSrc] TTNet response error, errorCode: -999 errorMessage: Request is canceled by user. (TTNet DownloadInterceptor) 
06-13 01:10:34.997  5540 20676 E A00000/com.dragon.read.next/IMAGE_KNIFE_PRO: [ID:43580 VersionID:0 Type:MainSrc] TTNet response error, errorCode: -999 errorMessage: Request is canceled by user. (TTNet DownloadInterceptor) 
06-13 01:10:34.998  5540 20677 E A00000/com.dragon.read.next/IMAGE_KNIFE_PRO: [ID:43594 VersionID:0 Type:MainSrc] TTNet response error, errorCode: -999 errorMessage: Request is canceled by user. (TTNet DownloadInterceptor) 
06-13 01:10:35.148  5540  5611 W A00000/com.dragon.read.next/chromium: [5540:5611:0613/011035.148147:WARNING:spdy_session.cc(3853)] Received HEADERS for invalid stream 11
06-13 01:10:35.261  3040  3040 W A06666/com.huawei.hmos.aidataservice/160002364: Info_Publisher: publish AppUsage
06-13 01:10:35.265  3040 19814 W A00F00/com.huawei.hmos.aidataservice/CA: [ForegroundAppAbility:362]: IsNeedSkip true
06-13 01:10:35.328  5540  5611 W A00000/com.dragon.read.next/chromium: [5540:5611:0613/011035.328476:WARNING:spdy_session.cc(3853)] Received HEADERS for invalid stream 13
06-13 01:10:35.403  5540  5611 W A00000/com.dragon.read.next/chromium: [5540:5611:0613/011035.403394:WARNING:spdy_session.cc(3853)] Received HEADERS for invalid stream 15
06-13 01:10:35.467   856  1405 E A02700/multimodalinput/osfingersense: Acc pack start-4240 -4224 -4184 -4164 -4172 -4176 -4172 -4168 -4148 -4120 -4116 -4136 -4144 -4140 -4136 -4128 -4120 -4116 -4108 -4096 -4096 -4096 -4084 -4056 -4052 -4068 -4076 -4076 -4064 -4048 -4044 -4044 -4048 -4052 -4056 -4056 -4048 -4044 -4048 -4052 -4048 -4044 -4052 -4064 -4076 -4080 -4052 -4040 -4052 -4060 -4060 -4060 -4064 -4032 -3964 -3896 -3844 -3788 -3744 -3712 -3680 -3628 -3620 -3616 -3608 -3592 -3584 -3588 -3596 -3600 -3612 -3624 -3628 -3632 -3652 -3668 -3660 -3648 -3652 -3644 -3644 -3648 -3652 -3652 -3656 -3660 -3676 -3696 -3712 -3720 -3720 -3728 -3740 -3732 -3744 -3768 -3788 -3780 -3764 -3768 -3788 -3796 -3788 -3784 -3788 -3796 -3800 -3812 -3828 -3832 -3828 -3820 -3816 -3820 -3812 -3812 -3812 -3812 -3816 -3828 -3832 -3840 -3852 -3856 -3848 -3852 -3868 -3896Acc pack end
06-13 01:10:35.468   856  1405 E A02700/multimodalinput/osfingersense: fingersense_classify_touch: P = 388.000000, H = 0.393903, N A = 0.280488, N S = 0.132100, M U = 351.250000, A = 656.000000, G = 68.000000, Z = 4, P M F = 346.320526, M F = 765.036743
06-13 01:10:35.582  5540  5611 W A00000/com.dragon.read.next/chromium: [5540:5611:0613/011035.582825:WARNING:spdy_session.cc(3853)] Received HEADERS for invalid stream 17
06-13 01:10:35.746  5540  5611 W A00000/com.dragon.read.next/chromium: [5540:5611:0613/011035.746466:WARNING:spdy_session.cc(3853)] Received HEADERS for invalid stream 19
06-13 01:10:35.791  1306  2169 E A03101/aptouch_daemon/afehal: Send cmd:C7 43 
06-13 01:10:35.799  1306  2169 E A03101/aptouch_daemon/afehal: Non-frame packet:A5,01,00,00
06-13 01:10:35.852  1306  2169 E A03101/aptouch_daemon/afehal: Send cmd:C7 45 
06-13 01:10:35.854  1306  2169 E A03101/aptouch_daemon/afehal: Non-frame packet:A5,01,00,00
06-13 01:10:35.964   856  1405 E A02700/multimodalinput/osfingersense: Acc pack start-4192 -4196 -4192 -4200 -4220 -4228 -4216 -4208 -4220 -4224 -4228 -4240 -4244 -4240 -4248 -4268 -4280 -4280 -4284 -4296 -4296 -4300 -4312 -4308 -4308 -4320 -4344 -4356 -4356 -4348 -4336 -4336 -4336 -4340 -4356 -4372 -4372 -4364 -4356 -4360 -4364 -4360 -4360 -4368 -4376 -4376 -4364 -4360 -4360 -4364 -4368 -4356 -4344 -4356 -4368 -4368 -4364 -4360 -4348 -4340 -4336 -4336 -4332 -4312 -4312 -4296 -4284 -4288 -4288 -4264 -4232 -4188 -4148 -4128 -4096 -4060 -4040 -4004 -3928 -3932 -3908 -3864 -3832 -3812 -3800 -3800 -3788 -3752 -3724 -3720 -3712 -3700 -3688 -3680 -3684 -3684 -3680 -3664 -3640 -3644 -3660 -3672 -3676 -3664 -3664 -3680 -3680 -3664 -3660 -3672 -3684 -3688 -3700 -3716 -3724 -3720 -3728 -3744 -3752 -3756 -3760 -3772 -3780 -3788 -3800 -3808 -3820 -3844Acc pack end
06-13 01:10:36.131  5540  5611 W A00000/com.dragon.read.next/chromium: [5540:5611:0613/011036.131671:WARNING:spdy_session.cc(3853)] Received HEADERS for invalid stream 21
06-13 01:10:36.289  1306  2169 E A03101/aptouch_daemon/afehal: Send cmd:C7 43 
06-13 01:10:36.298  1306  2169 E A03101/aptouch_daemon/afehal: Non-frame packet:A5,01,00,00
06-13 01:10:36.348  1306  2169 E A03101/aptouch_daemon/afehal: Send cmd:C7 45 
06-13 01:10:36.350  1306  2169 E A03101/aptouch_daemon/afehal: Non-frame packet:A5,01,00,00
06-13 01:10:36.812   856  1405 E A02700/multimodalinput/osfingersense: Acc pack start-4372 -4376 -4388 -4392 -4384 -4376 -4368 -4372 -4376 -4368 -4364 -4360 -4316 -4316 -4320 -4324 -4320 -4308 -4304 -4312 -4320 -4324 -4320 -4316 -4324 -4320 -4316 -4320 -4320 -4316 -4300 -4292 -4292 -4288 -4284 -4292 -4288 -4280 -4296 -4308 -4300 -4308 -4324 -4324 -4312 -4308 -4296 -4296 -4304 -4300 -4296 -4292 -4288 -4276 -4260 -4240 -4224 -4216 -4208 -4196 -4180 -4188 -4188 -4160 -4092 -4028 -4004 -3976 -3924 -3884 -3860 -3828 -3784 -3752 -3736 -3696 -3684 -3672 -3680 -3676 -3652 -3632 -3640 -3652 -3656 -3652 -3644 -3640 -3652 -3660 -3648 -3644 -3660 -3672 -3668 -3648 -3648 -3660 -3660 -3660 -3672 -3680 -3684 -3692 -3692 -3688 -3696 -3716 -3728 -3736 -3736 -3728 -3728 -3728 -3720 -3712 -3708 -3704 -3712 -3724 -3720 -3708 -3720 -3756 -3752 -3752 -3756 -3760Acc pack end
06-13 01:10:36.813   856  1405 E A02700/multimodalinput/osfingersense: fingersense_classify_touch: P = 292.000000, H = 0.333580, N A = 0.147368, N S = 0.041444, M U = 377.562500, A = 760.000000, G = 68.000000, Z = 0, P M F = 551.518860, M F = 1177.463379
06-13 01:10:36.967  5540  5611 W A00000/com.dragon.read.next/chromium: [5540:5611:0613/011036.966981:WARNING:spdy_session.cc(3853)] Received HEADERS for invalid stream 23
06-13 01:10:37.101  1306  2169 E A03101/aptouch_daemon/afehal: Send cmd:C7 43 
06-13 01:10:37.109  1306  2169 E A03101/aptouch_daemon/afehal: Non-frame packet:A5,01,00,00
06-13 01:10:37.162  1306  2169 E A03101/aptouch_daemon/afehal: Send cmd:C7 45 
06-13 01:10:37.164  1306  2169 E A03101/aptouch_daemon/afehal: Non-frame packet:A5,01,00,00
06-13 01:10:37.356 43019 43019 I A03D00/com.open.rundesk/JSAPP: [Index] pollOnlineStatusOnce: querying 2 ids, coreReady= true
06-13 01:10:37.357 43019 43019 I A03D00/com.open.rundesk/JSAPP: [Index] queryOnlines returned: true
06-13 01:10:37.584 43019 43019 I A03D00/com.open.rundesk/JSAPP: [HANDSHAKE_DIAG] Event: query-onlines-result, detail: {"offlines":["160182364"],"onlines":["1283267036"]}, peerId: 
06-13 01:10:37.584 43019 43019 I A03D00/com.open.rundesk/JSAPP: [Bridge] query-online event kind: query-onlines-result detail: {"offlines":["160182364"],"onlines":["1283267036"]} peerId:
06-13 01:10:37.584 43019 43019 I A03D00/com.open.rundesk/JSAPP: [Bridge] query-online result onlines: 1 offlines: 1
06-13 01:10:37.670 44875 44875 W A000FF/i.hmos.inputmethod:inputMethod/HMKeyboard_BackgroundTaskManage: skip because time gap not satisfied
06-13 01:10:37.912   856  1405 E A02700/multimodalinput/osfingersense: Acc pack start-4084 -4076 -4072 -4084 -4092 -4088 -4088 -4096 -4088 -4088 -4092 -4088 -4092 -4104 -4100 -4084 -4080 -4084 -4104 -4096 -4092 -4104 -4112 -4112 -4116 -4116 -4108 -4092 -4092 -4104 -4120 -4120 -4116 -4132 -4156 -4160 -4152 -4160 -4180 -4188 -4184 -4184 -4192 -4196 -4192 -4212 -4212 -4216 -4224 -4224 -4224 -4236 -4240 -4240 -4232 -4220 -4224 -4240 -4248 -4228 -4200 -4176 -4152 -4132 -4116 -4104 -4092 -4072 -4056 -4048 -4036 -4012 -3988 -3976 -3964 -3960 -3948 -3936 -3932 -3920 -3904 -3880 -3868 -3856 -3852 -3860 -3856 -3836 -3816 -3816 -3812 -3796 -3788 -3780 -3776 -3764 -3744 -3728 -3716 -3708 -3712 -3720 -3712 -3708 -3708 -3704 -3700 -3696 -3712 -3716 -3716 -3720 -3732 -3732 -3732 -3736 -3744 -3748 -3744 -3748 -3764 -3772 -3772 -3780 -3776 -3768 -3772 -3792Acc pack end
06-13 01:10:37.912   856  1405 E A02700/multimodalinput/osfingersense: fingersense_classify_touch: P = 348.000000, H = 0.212898, N A = 0.275362, N S = 0.012316, M U = 261.343750, A = 552.000000, G = 28.000000, Z = 0, P M F = 273.854156, M F = 643.113831
06-13 01:10:38.066  1306  2169 E A03101/aptouch_daemon/afehal: Send cmd:C7 43 
06-13 01:10:38.074  1306  2169 E A03101/aptouch_daemon/afehal: Non-frame packet:A5,01,00,00
06-13 01:10:38.128  1306  2169 E A03101/aptouch_daemon/afehal: Send cmd:C7 45 
06-13 01:10:38.130  1306  2169 E A03101/aptouch_daemon/afehal: Non-frame packet:A5,01,00,00
06-13 01:10:38.194   856  1405 E A02700/multimodalinput/osfingersense: Acc pack start-4196 -4192 -4184 -4176 -4172 -4164 -4164 -4176 -4184 -4184 -4176 -4164 -4160 -4164 -4172 -4180 -4168 -4160 -4152 -4148 -4148 -4152 -4152 -4152 -4140 -4148 -4176 -4172 -4172 -4184 -4184 -4168 -4164 -4160 -4152 -4148 -4164 -4176 -4172 -4168 -4168 -4148 -4144 -4156 -4160 -4148 -4140 -4144 -4152 -4148 -4116 -4104 -4116 -4116 -4108 -4100 -4092 -4088 -4084 -4096 -4100 -4084 -4076 -4088 -4096 -4084 -4060 -4024 -3980 -3944 -3904 -3856 -3800 -3760 -3736 -3716 -3676 -3632 -3620 -3624 -3616 -3616 -3616 -3612 -3608 -3612 -3624 -3632 -3632 -3636 -3640 -3644 -3652 -3672 -3688 -3676 -3672 -3692 -3720 -3724 -3728 -3740 -3752 -3760 -3776 -3824 -3848 -3860 -3860 -3864 -3872 -3888 -3916 -3936 -3932 -3928 -3928 -3928 -3944 -3944 -3948 -3968 -3968 -3964 -3976 -3992 -4000 -4012Acc pack end
06-13 01:10:38.581  1306  2169 E A03101/aptouch_daemon/afehal: Send cmd:C7 43 
06-13 01:10:38.590  1306  2169 E A03101/aptouch_daemon/afehal: Non-frame packet:A5,01,00,00
06-13 01:10:38.640  1306  2169 E A03101/aptouch_daemon/afehal: Send cmd:C7 45 
06-13 01:10:38.642  1306  2169 E A03101/aptouch_daemon/afehal: Non-frame packet:A5,01,00,00
06-13 01:10:39.115   856  1405 E A02700/multimodalinput/osfingersense: Acc pack start-3924 -3936 -3944 -3940 -3944 -3944 -3928 -3920 -3932 -3936 -3936 -3944 -3956 -3964 -3976 -3984 -3976 -3960 -3952 -3960 -3980 -3988 -3988 -4008 -4028 -4028 -4016 -4012 -4024 -4040 -4040 -4040 -4052 -4056 -4040 -4024 -4032 -4048 -4052 -4056 -4072 -4080 -4084 -4080 -4068 -4068 -4072 -4084 -4104 -4096 -4072 -4060 -4056 -4060 -4056 -4056 -4072 -4048 -4024 -3984 -3928 -3896 -3880 -3844 -3804 -3764 -3716 -3668 -3644 -3620 -3592 -3572 -3560 -3548 -3532 -3516 -3508 -3500 -3488 -3472 -3476 -3488 -3480 -3460 -3452 -3444 -3424 -3416 -3420 -3424 -3424 -3416 -3428 -3444 -3448 -3452 -3464 -3464 -3460 -3464 -3476 -3484 -3492 -3500 -3496 -3508 -3528 -3528 -3528 -3536 -3552 -3564 -3572 -3584 -3604 -3612 -3616 -3628 -3640 -3644 -3684 -3704 -3720 -3720 -3724 -3744 -3760 -3776Acc pack end
06-13 01:10:39.116   856  1405 E A02700/multimodalinput/osfingersense: fingersense_classify_touch: P = 355.000000, H = 0.341671, N A = 0.267442, N S = 0.072702, M U = 324.875000, A = 688.000000, G = 56.000000, Z = 0, P M F = 169.409210, M F = 638.290161
06-13 01:10:39.270  1306  2169 E A03101/aptouch_daemon/afehal: Send cmd:C7 43 
06-13 01:10:39.279  1306  2169 E A03101/aptouch_daemon/afehal: Non-frame packet:A5,01,00,00
06-13 01:10:39.365   856  1405 E A02700/multimodalinput/osfingersense: Acc pack start-4028 -4028 -4028 -4032 -4032 -4036 -4028 -4020 -4024 -4036 -4052 -4048 -4044 -4048 -4052 -4052 -4060 -4060 -4060 -4084 -4092 -4076 -4068 -4072 -4084 -4096 -4096 -4080 -4084 -4080 -4080 -4080 -4084 -4104 -4132 -4140 -4144 -4144 -4128 -4112 -4120 -4136 -4132 -4128 -4128 -4136 -4136 -4128 -4128 -4132 -4124 -4112 -4108 -4104 -4104 -4104 -4096 -4104 -4100 -4084 -4068 -4064 -4060 -4052 -4040 -4028 -4032 -4032 -4028 -4012 -3968 -3908 -3856 -3812 -3764 -3704 -3660 -3624 -3568 -3508 -3476 -3464 -3460 -3456 -3440 -3428 -3428 -3428 -3424 -3412 -3412 -3416 -3408 -3400 -3404 -3424 -3432 -3432 -3436 -3452 -3468 -3472 -3476 -3500 -3528 -3540 -3536 -3532 -3552 -3584 -3600 -3608 -3620 -3640 -3652 -3672 -3700 -3716 -3724 -3736 -3748 -3756 -3776 -3784 -3796 -3820 -3828 -3832Acc pack end
06-13 01:10:39.649  1306  2169 E A03101/aptouch_daemon/afehal: Send cmd:C7 43 
06-13 01:10:39.658  1306  2169 E A03101/aptouch_daemon/afehal: Non-frame packet:A5,01,00,00
06-13 01:10:39.711  1306  2169 E A03101/aptouch_daemon/afehal: Send cmd:C7 45 
06-13 01:10:39.712  1306  2169 E A03101/aptouch_daemon/afehal: Non-frame packet:A5,01,00,00
06-13 01:10:40.637  1590  1590 W C01120/foundation/BMS: get running rule -n empty
06-13 01:10:40.637  6134  6257 W C01D11/anco_service_broker/AamsBrokerService: [(DeregisterElementOperator:280)]Not find windowId[967] in ASAC
06-13 01:10:40.637  6134  6257 W C01D11/anco_service_broker/AamsBrokerService: [(DeregisterElementOperator:280)]Not find windowId[12] in ASAC
06-13 01:10:40.637  6134  6257 W C01D11/anco_service_broker/AamsBrokerService: [(DeregisterElementOperator:280)]Not find windowId[1742] in ASAC
06-13 01:10:40.637  6134  6257 W C01D11/anco_service_broker/AamsBrokerService: [(DeregisterElementOperator:280)]Not find windowId[1063] in ASAC
06-13 01:10:40.637  6134  6257 W C01D11/anco_service_broker/AamsBrokerService: [(DeregisterElementOperator:280)]Not find windowId[966] in ASAC
06-13 01:10:40.637  6134  6257 W C01D11/anco_service_broker/AamsBrokerService: [(DeregisterElementOperator:280)]Not find windowId[960] in ASAC
06-13 01:10:40.637  6134  6257 W C01D11/anco_service_broker/AamsBrokerService: [(DeregisterElementOperator:280)]Not find windowId[959] in ASAC
06-13 01:10:40.637  6134  6257 W C01D11/anco_service_broker/AamsBrokerService: [(DeregisterElementOperator:280)]Not find windowId[955] in ASAC
06-13 01:10:40.638  6134  6257 W C01D11/anco_service_broker/AamsBrokerService: [(DeregisterElementOperator:280)]Not find windowId[1817] in ASAC
06-13 01:10:40.638  6134  6257 W C01D11/anco_service_broker/AamsBrokerService: [(DeregisterElementOperator:280)]Not find windowId[1812] in ASAC
06-13 01:10:40.638  6134  6257 W C01D11/anco_service_broker/AamsBrokerService: [(DeregisterElementOperator:280)]Not find windowId[939] in ASAC
06-13 01:10:40.638  6134  6257 W C01D11/anco_service_broker/AamsBrokerService: [(DeregisterElementOperator:280)]Not find windowId[938] in ASAC
06-13 01:10:40.638  6134  6263 W C05611/anco_service_broker/ASP: [nodict][SPB][message][message_broker.cpp:93] Send: SendToOhos, url=ohos/remind, method=remind
06-13 01:10:40.638  6134  6257 W C01D11/anco_service_broker/AamsBrokerService: [(DeregisterElementOperator:280)]Not find windowId[937] in ASAC
06-13 01:10:40.638  6134  6257 W C01D11/anco_service_broker/AamsBrokerService: [(DeregisterElementOperator:280)]Not find windowId[896] in ASAC
06-13 01:10:40.639  6134  6263 W C01D11/anco_service_broker/AamsBrokerService: [(DeregisterElementOperator:280)]Not find windowId[1768] in ASAC
06-13 01:10:40.639  6134  6162 W C01D11/anco_service_broker/AamsBrokerService: [(DeregisterElementOperator:280)]Not find windowId[895] in ASAC
06-13 01:10:40.639  6134  6257 W C01D11/anco_service_broker/AamsBrokerService: [(DeregisterElementOperator:280)]Not find windowId[1767] in ASAC
06-13 01:10:40.639  6134  6257 W C01D11/anco_service_broker/AamsBrokerService: [(DeregisterElementOperator:280)]Not find windowId[861] in ASAC
06-13 01:10:40.640  6134  6162 W C01D11/anco_service_broker/AamsBrokerService: [(DeregisterElementOperator:280)]Not find windowId[957] in ASAC
06-13 01:10:40.640  6134  6162 W C01D11/anco_service_broker/AamsBrokerService: [(DeregisterElementOperator:280)]Not find windowId[1755] in ASAC
06-13 01:10:40.640  6134  6263 W C01D11/anco_service_broker/AamsBrokerService: [(DeregisterElementOperator:280)]Not find windowId[785] in ASAC
06-13 01:10:40.640  6134  6134 W C01120/anco_service_broker/BMS: GetParcelableInfo reply false
06-13 01:10:40.640  6134  6134 W C01121/anco_service_broker/BMSQuery: bundle_mgr_proxy.cpp:QueryAbilityInfo:1311 QueryAbilityInfo mutiparam from server fail
06-13 01:10:40.640  6134  6134 E C01CBD/anco_service_broker/AmsBrokerService: [AmsBroker(HasPermissionsDeclareForAbility:106)]query ability info failed from bundleMgr Ability:DataShareExtAbility, bundle:com.ohos.medialibrary.medialibrarydata.
06-13 01:10:40.640  6134  6263 W C01D11/anco_service_broker/AamsBrokerService: [(DeregisterElementOperator:280)]Not find windowId[770] in ASAC
06-13 01:10:40.640  1590  1590 W C01337/foundation/EcologicalRule: [ERI235]failed,uid: 5557
06-13 01:10:40.640  6134  6263 W C01D11/anco_service_broker/AamsBrokerService: [(DeregisterElementOperator:280)]Not find windowId[52] in ASAC
06-13 01:10:40.641  6134  6257 W C01D11/anco_service_broker/AamsBrokerService: [(DeregisterElementOperator:280)]Not find windowId[138] in ASAC
06-13 01:10:40.641  6134  6257 W C01D11/anco_service_broker/AamsBrokerService: [(DeregisterElementOperator:280)]Not find windowId[1803] in ASAC
06-13 01:10:40.641  6134  6262 W C01D11/anco_service_broker/AamsBrokerService: [(DeregisterElementOperator:280)]Not find windowId[57] in ASAC
06-13 01:10:40.641  6134  6262 W C01D11/anco_service_broker/AamsBrokerService: [(DeregisterElementOperator:280)]Not find windowId[55] in ASAC
06-13 01:10:40.643  1590  1590 E C01312/foundation/DbObsMgr: [dataobs_mgr_inner_ext.cpp281]subscribers num :0
06-13 01:10:40.643  1590  1590 E C01312/foundation/DbObsMgr: [dataobs_mgr_inner_ext.cpp281]subscribers num :0
06-13 01:10:40.643  6134  6257 W C05611/anco_service_broker/ASP: [nodict][SPB][message][message_broker.cpp:93] Send: SendToOhos, url=ohos/remind, method=remind
06-13 01:10:40.643  1519 19833 E C05610/privacy_service/ASP: [super_privacy_event_service:dialog]NotifyAncoActiveStatusChange: failed to get permissionName from permissionGroup: 'LOCATION'
06-13 01:10:40.644  6134  6257 W C05611/anco_service_broker/ASP: [nodict][SPB][message][message_broker.cpp:93] Send: SendToOhos, url=ohos/remind, method=remind
06-13 01:10:40.647   772 52798 W C02B87/audio_server/AudioDeviceCommon: [GetPreferredOutputDeviceDescInner]Invalid usage[0], return current device.
06-13 01:10:40.719 19668 19668 E C01F04/com.huawei.hmos.skytone/CoreServiceSimJsApi: NapiAsyncBaseCompleteCallback deferred error and resolved is true
06-13 01:10:40.723 19668 19668 E C01F04/com.huawei.hmos.skytone/CoreServiceSimJsApi: NapiAsyncBaseCompleteCallback deferred error and resolved is true
06-13 01:10:40.723 19668 19668 E C01F04/com.huawei.hmos.skytone/CoreServiceSimJsApi: NapiAsyncBaseCompleteCallback deferred error and resolved is true
06-13 01:10:40.725 19668 19668 E C01F04/com.huawei.hmos.skytone/CoreServiceSimJsApi: NapiAsyncBaseCompleteCallback deferred error and resolved is true
06-13 01:10:40.793  2654 41359 E C01560/wifi_manager_service/WifiCongestionService: HandleSignalPollChangedMsg unsupported
06-13 01:10:40.887  1383  2045 I C02C02/PARAM: SystemSetParameter name odm.ril.hw_modem1.rssi id:141478 ret:0
06-13 01:10:40.957  1306  2169 W C02503/aptouch_daemon/TsaFrame: UpdateStatusIdle[1792] [0]idle out.
06-13 01:10:41.001  1306  2169 W C02503/aptouch_daemon/TsaFrame: [0]touch:1, down:1(+0)
06-13 01:10:41.008   856  1405 E A02700/multimodalinput/osfingersense: Acc pack start-4100 -4100 -4104 -4112 -4112 -4116 -4124 -4124 -4116 -4112 -4108 -4116 -4120 -4120 -4124 -4136 -4136 -4132 -4132 -4144 -4148 -4136 -4160 -4156 -4160 -4176 -4168 -4148 -4148 -4152 -4148 -4136 -4120 -4116 -4132 -4136 -4120 -4148 -4132 -4112 -4116 -4120 -4128 -4132 -4132 -4132 -4116 -4096 -4096 -4104 -4108 -4100 -4072 -4024 -3956 -3908 -3876 -3840 -3796 -3764 -3740 -3728 -3716 -3720 -3728 -3736 -3748 -3768 -3776 -3780 -3784 -3796 -3804 -3808 -3804 -3796 -3784 -3772 -3760 -3760 -3768 -3768 -3696 -3468 -3188 -3048 -3096 -3244 -3396 -3508 -3596 -3668 -3716 -3748 -3784 -3808 -3824 -3836 -3844 -3852 -3848 -3848 -3848 -3844 -3836 -3820 -3816 -3824 -3840 -3860 -3896 -3920 -3948 -3968 -3976 -3984 -4024 -4020 -4020 -4028 -4032 -4028 -4032 -4040 -4048 -4048 -4044 -4036Acc pack end
06-13 01:10:41.009   856  1405 E A02700/multimodalinput/osfingersense: fingersense_classify_touch: P = 314.000000, H = 0.516886, N A = 0.070922, N S = 0.009088, M U = 242.437500, A = 1128.000000, G = 280.000000, Z = 0, P M F = 454.996918, M F = 978.984192
06-13 01:10:41.009   856  1405 W C02802/multimodalinput/KeyCommandHandler: [P:D:1106814|987]com.dragon.read.next not support long-press drag
06-13 01:10:41.018   856 19144 E C02802/multimodalinput/WhitelistDataShareAccessor: [|102]GetStringValue UNIVERSAL_DRAG_CONFIG_WHITELIST failed, ret:2
06-13 01:10:41.018   856 19144 E C02802/multimodalinput/WhitelistDataShareAccessor: [|73]ReadWhitelistFromDB failed
06-13 01:10:41.054   968 17908 E C01720/resource_schedule_service/SmartGC: [a92abda00103131 0 0][ExitGCPauseSceneInner]ExitGCPauseSceneInner 139575076 139576711
06-13 01:10:41.082   855 19746 W C057C3/memmgrservice/IPCObjectStub: SendRequestInner: Stub(desc:*.AncoStatusSubcriber) code:0 cost:500ms
06-13 01:10:41.257  1179  1290 W C01C42/time_service/TimeService: uid:5557 id:1582209239 wk:0
06-13 01:10:41.257  1179  1290 W C01C42/time_service/TimeService: bat:50 id:1582209239 we:248996788 mwe:313796788
06-13 01:10:41.257  1179  1290 W C01C42/time_service/TimeService: t3 203964073
06-13 01:10:41.389  1306  2169 W C02503/aptouch_daemon/TsaFrame: [0]touch:0, down:0
06-13 01:10:41.434   968 17225 E C01720/resource_schedule_service/SmartGC: [a92ab2a0015f993 0 0][ExitGCPauseSceneInner]ExitGCPauseSceneInner 139576740 139577091
06-13 01:10:41.461  1306  2169 E A03101/aptouch_daemon/afehal: Send cmd:C7 43 
06-13 01:10:41.469  1306  2169 E A03101/aptouch_daemon/afehal: Non-frame packet:A5,01,00,00
06-13 01:10:41.507   788 19098 I C02C02/PARAM: SystemSetParameter name persist.ffrt.interval.appRate id:86399 ret:0
06-13 01:10:41.509   788 19098 I C02C02/PARAM: SystemSetParameter name persist.ffrt.interval.rsRate id:86400 ret:0
06-13 01:10:41.523  1306  2169 E A03101/aptouch_daemon/afehal: Send cmd:C7 45 
06-13 01:10:41.525  1306  2169 E A03101/aptouch_daemon/afehal: Non-frame packet:A5,01,00,00
06-13 01:10:41.535  1306  2169 W C02503/aptouch_daemon/TsaFrame: UpdateStatusIdle[1789] [0]idle in. 133
06-13 01:10:41.600  2905  2905 E C01CCD/bms_broker/Broker: [ (OnAncoStatusChanged:89)]main handler is nullptr
06-13 01:10:41.606   968  6137 I C02C02/PARAM: SystemSetParameter name anco_state id:15442 ret:0
06-13 01:10:41.606  6134  6134 E C01CCD/anco_service_broker/GraphicBroker: SetVSyncEnabledLocked: set vsync rate failed, ret=40001000, rate=-1
06-13 01:10:41.609   605   691 I C02C03/PARAM_WATCHER: ProcessParameterChange key:anco_state pid:855
06-13 01:10:41.609   605   691 I C02C03/PARAM_WATCHER: ProcessParameterChange key:anco_state pid:1383
06-13 01:10:41.610  1590 20248 W C01340/foundation/Ext: [ABCM663]normal:20966
06-13 01:10:41.610   605   691 I C02C03/PARAM_WATCHER: ProcessParameterChange key:anco_state pid:856
06-13 01:10:41.610   605   691 I C02C03/PARAM_WATCHER: ProcessParameterChange key:anco_state pid:6135
06-13 01:10:41.611  1590 20248 W C01340/foundation/Ext: [ABCM526]empty
06-13 01:10:41.611   605   691 I C02C03/PARAM_WATCHER: ProcessParameterChange key:anco_state pid:6133
06-13 01:10:41.611   605   691 I C02C03/PARAM_WATCHER: ProcessParameterChange key:anco_state pid:6134
06-13 01:10:41.811  2654 41726 E C01560/wifi_manager_service/WifiCongestionService: HandleSignalPollChangedMsg unsupported
06-13 01:10:42.186  1590 20248 E C057C2/foundation/IPCObjectProxy: PrintErrorDetailedInfo: failed, handle:2849 error:29189 desc:*.TelephonyObserverBroker proxy:2617823744 time:139577843676097
06-13 01:10:42.206  1179  1290 W C01C42/time_service/TimeService: t3 203964088
06-13 01:10:42.221  1179  1290 W C01C42/time_service/TimeService: t3 203964124
06-13 01:10:42.257  1179  1290 W C01C42/time_service/TimeService: t3 203965124
06-13 01:10:42.356 43019 43019 I A03D00/com.open.rundesk/JSAPP: [Index] pollOnlineStatusOnce: querying 2 ids, coreReady= true
06-13 01:10:42.357 43019 43019 I A03D00/com.open.rundesk/JSAPP: [Index] queryOnlines returned: true
06-13 01:10:42.386  5540  5540 E C01653/com.dragon.read.next/NativePreferences: ReadSettingXml: Failed to obtain the XML root element.
06-13 01:10:42.386  5540  5540 W C01653/com.dragon.read.next/NativePreferences: ReloadFromDisk: The settingXml /***/el2/***/appl***.xml reload result is 0
06-13 01:10:42.387  5540  5540 E C01653/com.dragon.read.next/NativePreferences: ReadSettingXml: Failed to obtain the XML root element.
06-13 01:10:42.387  5540  5540 W C01653/com.dragon.read.next/NativePreferences: ReloadFromDisk: The settingXml /***/el2/***/appl***.xml reload result is 0
06-13 01:10:42.393  5540  5540 E C01653/com.dragon.read.next/NativePreferences: ReadSettingXml: Failed to obtain the XML root element.
06-13 01:10:42.393  5540  5540 W C01653/com.dragon.read.next/NativePreferences: ReloadFromDisk: The settingXml /***/el2/***/appl***.xml reload result is 0
06-13 01:10:42.394  5540  5540 E C01653/com.dragon.read.next/NativePreferences: ReadSettingXml: Failed to obtain the XML root element.
06-13 01:10:42.394  5540  5540 W C01653/com.dragon.read.next/NativePreferences: ReloadFromDisk: The settingXml /***/el2/***/appl***.xml reload result is 0
06-13 01:10:42.395  1306  2169 W C02503/aptouch_daemon/TsaFrame: UpdateStatusIdle[1792] [0]idle out.
06-13 01:10:42.396  1306  2169 W C02503/aptouch_daemon/TsaFrame: [0]touch:1, down:1(+0)
06-13 01:10:42.397  5540 20731 E C03F00/com.dragon.read.next/ArkEtsVm: [nodict]ani: Cannot attach current thread, reached the limit of EAWorkers
06-13 01:10:42.400  5540  5540 E C01653/com.dragon.read.next/NativePreferences: ReadSettingXml: Failed to obtain the XML root element.
06-13 01:10:42.400  5540  5540 W C01653/com.dragon.read.next/NativePreferences: ReloadFromDisk: The settingXml /***/el2/***/appl***.xml reload result is 0
06-13 01:10:42.400  5540  5540 E C01653/com.dragon.read.next/NativePreferences: ReadSettingXml: Failed to obtain the XML root element.
06-13 01:10:42.400  5540  5540 W C01653/com.dragon.read.next/NativePreferences: ReloadFromDisk: The settingXml /***/el2/***/appl***.xml reload result is 0
06-13 01:10:42.400   856  1405 E A02700/multimodalinput/osfingersense: Acc pack start-4004 -4000 -3988 -3988 -3988 -3984 -3984 -3996 -3996 -3988 -3980 -3980 -3972 -3968 -3972 -3988 -3988 -3984 -3992 -4000 -4008 -4008 -3996 -3972 -3972 -3980 -3976 -3964 -3972 -3988 -3992 -3980 -3968 -3964 -3976 -3980 -3980 -3980 -3984 -3984 -3972 -3972 -3976 -3968 -3972 -3972 -3972 -3980 -3984 -3980 -3976 -3968 -3972 -3976 -3988 -4000 -3996 -3972 -3956 -3968 -3972 -3984 -3996 -3976 -3976 -3984 -3984 -3996 -4004 -4012 -4016 -4016 -4004 -4004 -4012 -4024 -4036 -4036 -4036 -4040 -4052 -4048 -4040 -4044 -4064 -4064 -4048 -4048 -4060 -4064 -4056 -4056 -4056 -4056 -4056 -4044 -4040 -4052 -4052 -4040 -4032 -4024 -4024 -4024 -4020 -4028 -4032 -4008 -3988 -3980 -3928 -3712 -3572 -3376 -3124 -2852 -2592 -2364 -2208 -2152 -2168 -2244 -2384 -2548 -2712 -2876 -3168 -3296Acc pack end
06-13 01:10:42.402   856  1405 E A02700/multimodalinput/osfingersense: fingersense_classify_touch: P = 397.000000, H = 0.597833, N A = 0.023013, N S = 0.001016, M U = 224.406250, A = 1912.000000, G = 292.000000, Z = 0, P M F = 517.105408, M F = 2130.026123
06-13 01:10:42.403   856  1405 W C02802/multimodalinput/KeyCommandHandler: [P:D:1106869|987]com.dragon.read.next not support long-press drag
06-13 01:10:42.409   788 19098 I C02C02/PARAM: SystemSetParameter name persist.ffrt.interval.appRate id:86401 ret:0
06-13 01:10:42.411   788 19098 I C02C02/PARAM: SystemSetParameter name persist.ffrt.interval.rsRate id:86402 ret:0
06-13 01:10:42.411   856 19144 E C02802/multimodalinput/WhitelistDataShareAccessor: [|102]GetStringValue UNIVERSAL_DRAG_CONFIG_WHITELIST failed, ret:2
06-13 01:10:42.411   856 19144 E C02802/multimodalinput/WhitelistDataShareAccessor: [|73]ReadWhitelistFromDB failed
06-13 01:10:42.412  5540 20731 W C01321/com.dragon.read.next/JsRuntime: [CSM256]not Connected
06-13 01:10:42.412  5540 20731 W C01321/com.dragon.read.next/JsRuntime: [CSM161]not Connected
06-13 01:10:42.413  1528  1729 E C015B0/netsysnative/NetsysNativeService: ProcGetDefaultNetworkCommand 134
06-13 01:10:42.415  1528  1729 E C015B0/netsysnative/NetsysNativeService: ProcGetDefaultNetworkCommand 134
06-13 01:10:42.418  1528  1729 E C015B0/netsysnative/NetsysNativeService: ProcGetDefaultNetworkCommand 134
06-13 01:10:42.440  5540 17438 W C03F01/com.dragon.read.next/NAPI: [NapiDefineClass] occur exception, className:TTWebsocketClient
06-13 01:10:42.461  1528  1729 E C015B0/netsysnative/NetsysNativeService: ProcGetDefaultNetworkCommand 134
06-13 01:10:42.467  1306  2169 W C02503/aptouch_daemon/TsaFrame: [0]touch:0, down:0
06-13 01:10:42.469   856  1405 E C02805/multimodalinput/EventDispatchHandler: [|456]Can't find pointer item, pointer:-1
06-13 01:10:42.469  1156  1653 E C02210/msdp/MotionManager: in GetCallbackSet, Failed to find listeners for type:3601
06-13 01:10:42.478  1590  2079 W C01120/foundation/BMS: bundle_permission_mgr.cpp:IsSystemApp:497 IsSystemApp 20020174,5540,537637552
06-13 01:10:42.479  1590  2079 W C01120/foundation/BMS: bundle_permission_mgr.cpp:IsSystemApp:497 IsSystemApp 20020174,5540,537637552
06-13 01:10:42.480  5540  5628 E A04510/com.dragon.read.next/chromium: [nweb_cloud_control_config_type.cc:47] version.txt open failed:/data/service/el0/public/for-all-app/arkweb-config/push_global_config/version.txt
06-13 01:10:42.480  5540  5628 E A04510/com.dragon.read.next/cef: [global_config_prefs.cpp:129] global config path is not exist:/data/service/el0/public/for-all-app/arkweb-config/push_global_config/arkweb_push_global_config_20260328184012.json
06-13 01:10:42.545 43019 43019 I A03D00/com.open.rundesk/JSAPP: [HANDSHAKE_DIAG] Event: query-onlines-result, detail: {"offlines":["160182364"],"onlines":["1283267036"]}, peerId: 
06-13 01:10:42.545 43019 43019 I A03D00/com.open.rundesk/JSAPP: [Bridge] query-online event kind: query-onlines-result detail: {"offlines":["160182364"],"onlines":["1283267036"]} peerId:
06-13 01:10:42.545 43019 43019 I A03D00/com.open.rundesk/JSAPP: [Bridge] query-online result onlines: 1 offlines: 1
06-13 01:10:42.554  1306  2169 E A03101/aptouch_daemon/afehal: Send cmd:C7 43 
06-13 01:10:42.562  1306  2169 E A03101/aptouch_daemon/afehal: Non-frame packet:A5,01,00,00
06-13 01:10:42.615  1306  2169 E A03101/aptouch_daemon/afehal: Send cmd:C7 45 
06-13 01:10:42.617  1306  2169 E A03101/aptouch_daemon/afehal: Non-frame packet:A5,01,00,00
06-13 01:10:42.628  1306  2169 W C02503/aptouch_daemon/TsaFrame: UpdateStatusIdle[1789] [0]idle in. 133
06-13 01:10:42.696  1383  2045 I C02C02/PARAM: SystemSetParameter name odm.ril.hw_modem0.rssi id:141479 ret:0
06-13 01:10:42.699  1590  2079 E C057C2/foundation/IPCObjectProxy: PrintErrorDetailedInfo: failed, handle:1797 error:29189 desc:*.TelephonyObserverBroker proxy:2638547328 time:139578357089639
06-13 01:10:42.705  1590  2079 E C057C2/foundation/IPCObjectProxy: PrintErrorDetailedInfo: failed, handle:1416 error:29189 desc:*.TelephonyObserverBroker proxy:2616857984 time:139578362226097
06-13 01:10:42.706  1590  2079 E C057C2/foundation/IPCObjectProxy: PrintErrorDetailedInfo: failed, handle:3869 error:29189 desc:*.TelephonyObserverBroker proxy:2757593088 time:139578363508910
06-13 01:10:42.707  1590  2079 E C057C2/foundation/IPCObjectProxy: PrintErrorDetailedInfo: failed, handle:5585 error:29189 desc:*.TelephonyObserverBroker proxy:2706128256 time:139578364402660
06-13 01:10:42.773  1306  2169 W C02503/aptouch_daemon/TsaFrame: UpdateStatusIdle[1792] [0]idle out.
06-13 01:10:42.788  1306  2169 W C02503/aptouch_daemon/TsaFrame: [0]touch:1, down:1(+0)
06-13 01:10:42.790   856  1405 W C02802/multimodalinput/KeyCommandHandler: [P:D:1106880|987]com.dragon.read.next not support long-press drag
06-13 01:10:42.800   856 19144 E C02802/multimodalinput/WhitelistDataShareAccessor: [|102]GetStringValue UNIVERSAL_DRAG_CONFIG_WHITELIST failed, ret:2
06-13 01:10:42.800   856 19144 E C02802/multimodalinput/WhitelistDataShareAccessor: [|73]ReadWhitelistFromDB failed
06-13 01:10:42.829  2654 41724 E C01560/wifi_manager_service/WifiCongestionService: HandleSignalPollChangedMsg unsupported
06-13 01:10:42.862  1306  2169 W C02503/aptouch_daemon/TsaFrame: [0]touch:0, down:0
06-13 01:10:42.931  1306  2169 E A03101/aptouch_daemon/afehal: Send cmd:C7 43 
06-13 01:10:42.940  1306  2169 E A03101/aptouch_daemon/afehal: Non-frame packet:A5,01,00,00
06-13 01:10:42.994  1306  2169 E A03101/aptouch_daemon/afehal: Send cmd:C7 45 
06-13 01:10:42.996  1306  2169 E A03101/aptouch_daemon/afehal: Non-frame packet:A5,01,00,00
06-13 01:10:43.007  1306  2169 W C02503/aptouch_daemon/TsaFrame: UpdateStatusIdle[1789] [0]idle in. 133
06-13 01:10:43.236  1306  2169 W C02503/aptouch_daemon/TsaFrame: UpdateStatusIdle[1792] [0]idle out.
06-13 01:10:43.251  1306  2169 W C02503/aptouch_daemon/TsaFrame: [0]touch:1, down:1(+0)
06-13 01:10:43.257  1179  1290 W C01C42/time_service/TimeService: t3 203966088
