06-15 18:05:09.673 10276 10276 W C01E00/om.huawei.hmos.fusionawareness/ResourceManager: update userId, currentUserId_= 0, userId= 100
06-15 18:05:09.674   605   605 I C02C03/PARAM_WATCHER: SendLocalChange start keyPrefix persist.hdc.jdwp remoteWatcherId 15137
06-15 18:05:09.674   605   605 I C02C03/PARAM_WATCHER: [watcher_manager.cpp:187]Add watcher persist.hdc.jdwp remoteWatcherId: 15137 groupId 154 success
06-15 18:05:09.674 10276 10310 I C02C03/PARAM_WATCHER: Add watcher keyPrefix persist.hdc.jdwp remoteWatcherId 15137 success
06-15 18:05:09.676 10276 10292 W C01653/om.huawei.hmos.fusionawareness/NativePreferences: LoadFromDisk: The settingXml /***/el1/***/i18*** load failed.
06-15 18:05:09.676 10176 10176 W C01321/s.findservice:staticSubscriber/JsRuntime: [CSM161]not Connected
06-15 18:05:09.677   605   605 I C02C03/PARAM_WATCHER: [watcher_manager.cpp:72]Add remote watcher remoteWatcherId 15138 10176 success
06-15 18:05:09.677 10276 10276 E C01301/om.huawei.hmos.fusionawareness/CompatiblePolicyDeviceType: [calculateResourceType:81]deviceType is empty.
06-15 18:05:09.677   605   605 I C02C03/PARAM_WATCHER: SendLocalChange start keyPrefix persist.hdc.jdwp remoteWatcherId 15138
06-15 18:05:09.678   605   605 I C02C03/PARAM_WATCHER: [watcher_manager.cpp:187]Add watcher persist.hdc.jdwp remoteWatcherId: 15138 groupId 154 success
06-15 18:05:09.678 10176 10176 W C01E00/s.findservice:staticSubscriber/ResourceManager: update userId, currentUserId_= 0, userId= 100
06-15 18:05:09.678 10176 10312 I C02C03/PARAM_WATCHER: Add watcher keyPrefix persist.hdc.jdwp remoteWatcherId 15138 success
06-15 18:05:09.681 10276 10276 W C04201/om.huawei.hmos.fusionawareness/DMS: RegisterClientDeathListener: regis reverse death
06-15 18:05:09.682 10176 10289 W C01653/s.findservice:staticSubscriber/NativePreferences: LoadFromDisk: The settingXml /***/el1/***/i18*** load failed.
06-15 18:05:09.683  1590  1590 W C04201/foundation/DMS: screen_session.cpp: call BMS
06-15 18:05:09.683 10176 10176 E C01301/s.findservice:staticSubscriber/CompatiblePolicyDeviceType: [calculateResourceType:81]deviceType is empty.
06-15 18:05:09.687 10276 10276 W C01317/om.huawei.hmos.fusionawareness/AppKit: [JAS906]null stage
06-15 18:05:09.687 10276 10276 W C01317/om.huawei.hmos.fusionawareness/AppKit: [JAS236]Not found AbilityStage.js
06-15 18:05:09.691 10176 10176 W C04201/s.findservice:staticSubscriber/DMS: RegisterClientDeathListener: regis reverse death
06-15 18:05:09.693  1590  1590 W C04201/foundation/DMS: screen_session.cpp: call BMS
06-15 18:05:09.694 10276 10276 E C01700/om.huawei.hmos.fusionawareness/RSS: ResSchedClient::ReportData type not subscribed.
06-15 18:05:09.702  1590 34206 W C01202/foundation/Subscriber: Subscribe usual.event.PLUGIN_PACKAGE_CHANGED,usual.event.PLUGIN_PACKAGE_ADDED,usual.event.PLUGIN_PACKAGE_REMOVED, without any restrict subid = 10276_20020207_-1_58241_334650998
06-15 18:05:09.714  1590  1590 W C01336/foundation/AMS: [ABR2795]null sessionInfo
06-15 18:05:09.726 10276 10292 E C01651/om.huawei.hmos.fusionawareness/data_share_manager_impl: RegisterClientDeathObserver: RegisterClientDeathObserver failed, bundleName is com.huawei.hmos.fusionawareness
06-15 18:05:09.726 10276 10292 E C01651/om.huawei.hmos.fusionawareness/data_share_manager_impl: GetDataShareServiceProxy: RegisterClientDeathObserver failed
06-15 18:05:09.728  1622 11289 E C01651/distributeddata/DataShareServiceImpl: GetBMSAndMetaDataStatus: Get metaData fail,bundleName:com.huawei.hmos.health.core,tableName:******,tokenId:0x200cae14, uri:******rDataShare
06-15 18:05:09.728  1622 11289 E C01651/distributeddata/DataShareServiceImpl: GetSilentProxyStatus: BMS or metaData not ready to complete, token:0x200cae14, uri:******rDataShare
06-15 18:05:09.728 10276 10318 W C057C1/om.huawei.hmos.fusionawareness/IPCWorkThread: ThreadHandler: proto:0 policy:0 name:OS_IPC_3_10318 invoker:1366024576
06-15 18:05:09.731  1622 11289 E C01651/distributeddata/PermissionStrategy: operator(): Verify permission denied! callerTokenId:537701908 permission:ohos.permission.INTERNET
06-15 18:05:09.731  1622 11289 E C01651/distributeddata/SubscribeStrategy: Execute: pre process fail, uri: ******rDataShare
06-15 18:05:09.731 10276 10276 W C01651/om.huawei.hmos.fusionawareness/published_data_subscriber_manag: operator(): registered failed, uri is ******rDataShare
06-15 18:05:09.731 10276 10276 W C01651/om.huawei.hmos.fusionawareness/napi_subscriber_manager: operator(): registered failed, uri is datashareproxy://com.huawei.hmos.health.core/wearDataShare
06-15 18:05:09.735 10176 10176 E C01700/s.findservice:staticSubscriber/RSS: ResSchedClient::ReportData type not subscribed.
06-15 18:05:09.757  1590  8833 W C01202/foundation/Subscriber: Subscribe usual.event.PLUGIN_PACKAGE_CHANGED,usual.event.PLUGIN_PACKAGE_ADDED,usual.event.PLUGIN_PACKAGE_REMOVED, without any restrict subid = 10176_20020065_-1_58242_334651053
06-15 18:05:09.757 10176 10176 W C03F07/MUSL-LDSO: load libz.so failed, namespace=ndk no inherits, errno=2
06-15 18:05:09.760 10276 10276 W C03F01/om.huawei.hmos.fusionawareness/NAPI: [RemoveCleanupHook] Failed, callback not equals to the last, enable cross thread check for more information.
06-15 18:05:09.766 10176 10176 W C03F07/MUSL-LDSO: load librawfile.z.so failed, namespace=ndk no inherits, errno=2
06-15 18:05:09.780 10176 10319 W C02D07/s.findservice:staticSubscriber/Verify: invalid configName=
06-15 18:05:09.781 10276 10276 W C02D07/om.huawei.hmos.fusionawareness/NapiProcessor: [a92ab130c5b9ae1 25ca4df 2d69a9c]Parameter error. The configName parameter is invalid.
06-15 18:05:09.783 10176 10311 W C01650/s.findservice:staticSubscriber/RdbStoreManager: IsConfigInvalidChanged:no bundleName
06-15 18:05:09.784 10276 10309 W C01650/om.huawei.hmos.fusionawareness/RdbStoreManager: [a92ab130c5b9ae1 2620268 25ca4df]IsConfigInvalidChanged:no bundleName
06-15 18:05:09.784 10176 10311 E C01650/s.findservice:staticSubscriber/SilentProxy: IsSupportSilentFromService:GetRdbService failed, err is 27394049.
06-15 18:05:09.785 10276 10309 E C01650/om.huawei.hmos.fusionawareness/SilentProxy: [a92ab130c5b9ae1 2620268 25ca4df]IsSupportSilentFromService:GetRdbService failed, err is 27394049.
06-15 18:05:09.792 10176 10176 W C03F04/s.findservice:staticSubscriber/MMG: [NMM:1289] Name mismatch: systemParameterEnhance != systemParameterV9
06-15 18:05:09.795   602   602 E C04300/storage_manager/StorageManager: [a92ab130c5b9ae1 3033648 1789419][GetFreeSize:88] StorageTotalStatusService::GetFreeSize success, (/data)freeSize=244089274368
06-15 18:05:09.810 10176 10176 E C02D77/s.findservice:staticSubscriber/HF_NAPI: SensorInit:SensorInit entry.
06-15 18:05:09.810 10176 10176 E C02D77/s.findservice:staticSubscriber/HF_NAPI: SensorInit:SensorInit leave
06-15 18:05:09.826  1590 40540 W C01336/foundation/AMS: [ABR2795]null sessionInfo
06-15 18:05:09.833   968  9844 E C01731/resource_schedule_service/SUSPEND_MSG: [a92ab930c5cb761 0 0][(UpdateServiceExtensionMap):148] not support type:7, pid=10176
06-15 18:05:09.879 10176 10176 E C01651/s.findservice:staticSubscriber/datashare_helper: Creator: token == nullptr
06-15 18:05:09.879 10176 10176 E C00501/s.findservice:staticSubscriber/Settings: dataShareHelper from proxy is null
06-15 18:05:09.879 10176 10176 E C01651/s.findservice:staticSubscriber/datashare_helper: Creator: token == nullptr
06-15 18:05:09.879 10176 10176 W C00501/s.findservice:staticSubscriber/Settings: no silent helper is null
06-15 18:05:09.879 10176 10176 W C00501/s.findservice:staticSubscriber/Settings: helper is nullptr
06-15 18:05:09.879 10176 10176 E C00501/s.findservice:staticSubscriber/Settings: helper is null
06-15 18:05:09.883 33019  6882 W C02D13/hdcd/HDC_LOG: [GetDevItem:114] GetDevItem false key:persist.hdc.root
06-15 18:05:09.885 10176 10288 W C01C41/s.findservice:staticSubscriber/TimeClient: OnAddSystemAbility# recoverTimer count:0
06-15 18:05:09.887  1157  1168 E C05500/push_manager_service/AuthInnerApi: [a92ab130c5d79f1 0 0]check system ability Id: 65888 error.
06-15 18:05:09.889   604 59130 I C02C02/PARAM: SystemWaitParameter startup.service.ctl.cloudinterfaceauth v 5 ret 0
06-15 18:05:09.899   838 43516 E C02F06/huks_service/HUKS: MatchSaConfig: match sa config, need de 1, need with withUser 0,need uid 3012.
06-15 18:05:09.900   604 59130 I C02C02/PARAM: SystemSetParameter name ohos.ctl.start id:18162 ret:0
06-15 18:05:09.907 10328 10328 W C02C02/PARAM: Selinux check name persist.init.debug.loglevel in u:object_r:startup_init_param:s0 [10328 2000 2000] failed
06-15 18:05:09.907 10328 10328 W C02C02/PARAM: Selinux check name persist.init.debug.loglevel in u:object_r:startup_init_param:s0 [10328 2000 2000] failed
06-15 18:05:09.907 10328 10328 W C02C02/PARAM: SystemReadParam failed!name is:persist.init.debug.loglevel,err:1002
06-15 18:05:09.910 10328 10328 W C02C02/PARAM: Selinux check name const.logsystem.versiontype in u:object_r:versiontype_param:s0 [10328 2000 2000] failed
06-15 18:05:09.910 10328 10328 W C02C02/PARAM: SystemReadParam failed!name is:const.logsystem.versiontype,err:1002
06-15 18:05:09.911 10328 10328 W C02C02/PARAM: Selinux check name musl.log.enable in u:object_r:musl_param:s0 [10328 2000 2000] failed
06-15 18:05:09.911 10328 10328 E C02C02/PARAM: Forbid to read parameter musl.log.enable
06-15 18:05:09.911 10328 10328 E C02C02/PARAM: Forbid to access parameter musl.log.enable
06-15 18:05:09.911 10328 10328 W C02C02/PARAM: Selinux check name musl.log.level in u:object_r:musl_param:s0 [10328 2000 2000] failed
06-15 18:05:09.911 10328 10328 E C02C02/PARAM: Forbid to read parameter musl.log.level
06-15 18:05:09.911 10328 10328 E C02C02/PARAM: Forbid to access parameter musl.log.level
06-15 18:05:09.911 10328 10328 W C02C02/PARAM: Selinux check name musl.ld.debug.dlopen in u:object_r:musl_param:s0 [10328 2000 2000] failed
06-15 18:05:09.911 10328 10328 E C02C02/PARAM: Forbid to read parameter musl.ld.debug.dlopen
06-15 18:05:09.911 10328 10328 E C02C02/PARAM: Forbid to access parameter musl.ld.debug.dlopen
06-15 18:05:09.911 10328 10328 W C02C02/PARAM: Selinux check name musl.ld.debug.dlclose in u:object_r:musl_param:s0 [10328 2000 2000] failed
06-15 18:05:09.911 10328 10328 E C02C02/PARAM: Forbid to read parameter musl.ld.debug.dlclose
06-15 18:05:09.911 10328 10328 E C02C02/PARAM: Forbid to access parameter musl.ld.debug.dlclose
06-15 18:05:09.911 10328 10328 W C02C02/PARAM: Selinux check name debug.hitrace.tags.enableflags in u:object_r:hitrace_param:s0 [10328 2000 2000] failed
06-15 18:05:09.911 10328 10328 E C02C02/PARAM: Forbid to read parameter debug.hitrace.tags.enableflags
06-15 18:05:09.911 10328 10328 E C02C02/PARAM: Forbid to access parameter debug.hitrace.tags.enableflags
06-15 18:05:09.926 10328 10328 W C02C02/PARAM: Selinux check name persist.init.debug.loglevel in u:object_r:startup_init_param:s0 [10328 2000 2000] failed
06-15 18:05:09.926 10328 10328 W C02C02/PARAM: Selinux check name persist.init.debug.loglevel in u:object_r:startup_init_param:s0 [10328 2000 2000] failed
06-15 18:05:09.926 10328 10328 W C02C02/PARAM: SystemReadParam failed!name is:persist.init.debug.loglevel,err:1002
06-15 18:05:09.928 10328 10328 W C02C02/PARAM: Selinux check name const.logsystem.versiontype in u:object_r:versiontype_param:s0 [10328 2000 2000] failed
06-15 18:05:09.928 10328 10328 W C02C02/PARAM: SystemReadParam failed!name is:const.logsystem.versiontype,err:1002
06-15 18:05:09.930 10328 10328 W C02C02/PARAM: Selinux check name musl.log.enable in u:object_r:musl_param:s0 [10328 2000 2000] failed
06-15 18:05:09.930 10328 10328 E C02C02/PARAM: Forbid to read parameter musl.log.enable
06-15 18:05:09.930 10328 10328 E C02C02/PARAM: Forbid to access parameter musl.log.enable
06-15 18:05:09.930 10328 10328 W C02C02/PARAM: Selinux check name musl.log.level in u:object_r:musl_param:s0 [10328 2000 2000] failed
06-15 18:05:09.930 10328 10328 E C02C02/PARAM: Forbid to read parameter musl.log.level
06-15 18:05:09.930 10328 10328 E C02C02/PARAM: Forbid to access parameter musl.log.level
06-15 18:05:09.930 10328 10328 W C02C02/PARAM: Selinux check name musl.ld.debug.dlopen in u:object_r:musl_param:s0 [10328 2000 2000] failed
06-15 18:05:09.930 10328 10328 E C02C02/PARAM: Forbid to read parameter musl.ld.debug.dlopen
06-15 18:05:09.930 10328 10328 E C02C02/PARAM: Forbid to access parameter musl.ld.debug.dlopen
06-15 18:05:09.930 10328 10328 W C02C02/PARAM: Selinux check name musl.ld.debug.dlclose in u:object_r:musl_param:s0 [10328 2000 2000] failed
06-15 18:05:09.930 10328 10328 E C02C02/PARAM: Forbid to read parameter musl.ld.debug.dlclose
06-15 18:05:09.930 10328 10328 E C02C02/PARAM: Forbid to access parameter musl.ld.debug.dlclose
06-15 18:05:09.930 10328 10328 W C02C02/PARAM: Selinux check name debug.hitrace.tags.enableflags in u:object_r:hitrace_param:s0 [10328 2000 2000] failed
06-15 18:05:09.930 10328 10328 E C02C02/PARAM: Forbid to read parameter debug.hitrace.tags.enableflags
06-15 18:05:09.930 10328 10328 E C02C02/PARAM: Forbid to access parameter debug.hitrace.tags.enableflags
06-15 18:05:09.930 10176 10176 W C03F01/s.findservice:staticSubscriber/NAPI: [AddCleanupHook] AddCleanupHook Failed, data cannot register multiple times, enable cross-thread check for more information.
06-15 18:05:09.938 10330 10332 W C057C1/cloudinterfaceauth/IPCWorkThread: ThreadHandler: proto:0 policy:1 name:OS_IPC_0_10332 invoker:933280512
