06-13 01:10:55.097 20844 20848 E C01122/installs/BMSInstalld: [f3e9da00ecf0c5 363c8da 0]installd_operator.cpp:ClearDir:2803 invalid path:/data/app/el1/100/system_optimize/com.open.rundesk/ark_startup_cache/,err:No error information
06-13 01:10:55.097  1590 20831 E C01121/foundation/BMSInstaller: [f3e9da00ecf0c5 0 0]base_bundle_installer.cpp:UpdateExtensionDirsApl:4739 bundle(com.open.rundesk):no extensiondirs need to update selinux apl
06-13 01:10:55.098  1590 20831 W C01336/foundation/AMS: [f3e9da00ecf0c5 0 0][app_scheduler.cpp575]pid<0
06-13 01:10:55.098  1590 20831 E C01336/foundation/AMS: [f3e9da00ecf0c5 0 0][app_exit_reason_helper.cpp260]failed:22
06-13 01:10:55.098  1590 20831 E C0135B/foundation/KeepAlive: [f3e9da00ecf0c5 0 0][keep_alive_process_manager.cpp579]bundle is not set keep-alive
06-13 01:10:55.098  1590 20831 E C0135B/foundation/KeepAlive: [f3e9da00ecf0c5 0 0][keep_alive_process_manager.cpp548]bundle is not set keep-alive
06-13 01:10:55.110  1590 20831 W C01336/foundation/AMS: [f3e9da00ecf0c5 0 0][app_exit_reason_data_manager.cpp591]DBStatus:27459591
06-13 01:10:55.110  1590 20831 W C01300/foundation/AAFwk: [f3e9da00ecf0c5 0 0][permission_verification.cpp66]ohos.permission.KILL_APP_PROCESSES: PERMISSION_DENIED
06-13 01:10:55.111 43019 43019 W C01317/com.open.rundesk/AppKit: [f3e9da00ecf0c5 21dba74 c31389][JAS274]Not found AbilityStage.js
06-13 01:10:55.111 43019 43019 W C01321/com.open.rundesk/JsRuntime: [f3e9da00ecf0c5 21dba74 c31389][js_runtime.cpp1652]invalid nativeRef
06-13 01:10:55.115 43019 43019 E C01317/com.open.rundesk/AppKit: [f3e9da00ecf0c5 21dba74 c31389][MTHRD4085]null assertThread
06-13 01:10:55.117  1590 21039 E C01336/foundation/AMS: [ability_scheduler_stub.cpp796]call
06-13 01:10:55.118  1590 19388 W C0420F/foundation/WMSRecover: mock_session_manager_service.cpp OnRemoteDied: Client died, pid = 43019, isLite = 1
06-13 01:10:55.118  1590  2079 W C0420F/foundation/WMSRecover: mock_session_manager_service.cpp OnRemoteDied: Client died, pid = 43019, isLite = 0
06-13 01:10:55.118  1590 19282 W C01311/foundation/AppMS: [AMSI3407]application is dead, double check, pid=43019
06-13 01:10:55.118  1590 19282 W C01311/foundation/AppMS: [AMSI3414]nullptr
06-13 01:10:55.118   605   614 I C02C03/PARAM_WATCHER: [watcher_manager.cpp:511]Agent died 7927 43019
06-13 01:10:55.118   605   614 I C02C03/PARAM_WATCHER: [watcher_manager.cpp:697]Delete param watcher remoteWatcherId 7927 group 154
06-13 01:10:55.118   605   614 I C02C03/PARAM_WATCHER: [watcher_manager.cpp:697]Delete param watcher remoteWatcherId 7927 group 163
06-13 01:10:55.118   605   614 I C02C03/PARAM_WATCHER: [watcher_manager.cpp:697]Delete param watcher remoteWatcherId 7927 group 164
06-13 01:10:55.118   605   614 I C02C03/PARAM_WATCHER: [watcher_manager.cpp:697]Delete param watcher remoteWatcherId 7927 group 165
06-13 01:10:55.118   605   614 I C02C03/PARAM_WATCHER: [watcher_manager.cpp:697]Delete param watcher remoteWatcherId 7927 group 166
06-13 01:10:55.118   605   614 I C02C03/PARAM_WATCHER: [watcher_manager.cpp:697]Delete param watcher remoteWatcherId 7927 group 167
06-13 01:10:55.118   605   614 I C02C03/PARAM_WATCHER: [watcher_manager.cpp:697]Delete param watcher remoteWatcherId 7927 group 168
06-13 01:10:55.118   605   614 I C02C03/PARAM_WATCHER: [watcher_manager.cpp:697]Delete param watcher remoteWatcherId 7927 group 169
06-13 01:10:55.118   605   614 I C02C03/PARAM_WATCHER: [watcher_manager.cpp:697]Delete param watcher remoteWatcherId 7927 group 170
06-13 01:10:55.119  1590 19282 W C01310/foundation/AppDfr: [appfreeze_manager.cpp1339]Get killReason ioctl failed, errno:14
06-13 01:10:55.119  1543 20881 W C057C1/render_service/IPCWorkThread: ThreadHandler: proto:0 policy:0 name:OS_IPC_166_20881 invoker:2404137344
06-13 01:10:55.119  1590  3380 W C01336/foundation/AMS: [ABR1405]callerRecordList is empty
06-13 01:10:55.119   772 52798 E C02B87/audio_server/AudioSessionService: [DeactivateAudioSessionInternal]The audio seesion of pid 43019 is not found!
06-13 01:10:55.119   856  1405 W C02801/multimodalinput/MMIService: [|778]Enter, session desc:fd = 62, programName = com.open.rundesk, moduleType = 0, opened, uid = 20020246, pid = 43019, tokenType = -1
06-13 01:10:55.119   856  1405 W C02801/multimodalinput/MMIService: , fd:62
06-13 01:10:55.119   772 52798 E C02B87/audio_server/AudioZoneInterruptReporter: [DisableInterruptReport]client not register
06-13 01:10:55.119   772 52798 W C02B87/audio_server/AudioZoneClientManager: [UnRegisterAudioZoneClient]not found client 43019
06-13 01:10:55.119   856  1405 E C02801/multimodalinput/UDSServer: [|261]Can't find fd
06-13 01:10:55.119  1590 19282 W C01311/foundation/AppMS: [AMSI5217]hisysevent write result=0, send event [FRAMEWORK,PROCESS_KILL], pid=43019, processName=com.open.rundesk, msg=, reason=InvalidKillId, FOREGROUND=1, appRunningUniqueId=12046359130178210176
06-13 01:10:55.121   772 52797 E C02B84/audio_server/AudioPipeManager: [GetModemCommunicationStreamDescCopy]ModemCommunicationMap is empty!
06-13 01:10:55.122   604 20474 I C02C02/PARAM: SystemWaitParameter startup.service.ctl.clouddevelopproxy v 5 ret 0
06-13 01:10:55.122  1590  2523 E C01311/foundation/AppMS: [ARM873]null appRecord
06-13 01:10:55.122  1590 19317 E C01311/foundation/AppMS: [AMSI3593]terminateAbility app unexist
06-13 01:10:55.123  1543  1543 E C01406/render_service/OHOS::RS: RSCanvasRenderNode::ModifyWindowWideColorGamutNum get instanceRootNode failed.
06-13 01:10:55.123  1543  1543 E C01406/render_service/OHOS::RS: RSCanvasRenderNode::ModifyWindowWideColorGamutNum get instanceRootNode failed.
06-13 01:10:55.123  1543  1543 E C01406/render_service/OHOS::RS: RSCanvasRenderNode::ModifyWindowWideColorGamutNum get instanceRootNode failed.
06-13 01:10:55.123  1543  1543 E C01406/render_service/OHOS::RS: RSCanvasRenderNode::ModifyWindowWideColorGamutNum get instanceRootNode failed.
06-13 01:10:55.123  2938  2938 W A01B01/com.ohos.sceneboard/HOME: SCBSPVM: [SCBMain][id:1910]onTerminateScene, containerId=undefined scenePanelState=1 needRemoveSession=false needClearData=true shouldBackToCaller=true needClearCallerLink=true isSessionException=true
06-13 01:10:55.123  1543  1543 E C01406/render_service/OHOS::RS: RSCanvasRenderNode::ModifyWindowWideColorGamutNum get instanceRootNode failed.
06-13 01:10:55.123  1543  1543 E C01406/render_service/OHOS::RS: RSCanvasRenderNode::ModifyWindowWideColorGamutNum get instanceRootNode failed.
06-13 01:10:55.123  1543  1543 E C01406/render_service/OHOS::RS: RSCanvasRenderNode::ModifyWindowWideColorGamutNum get instanceRootNode failed.
06-13 01:10:55.123  1543  1543 E C01406/render_service/OHOS::RS: RSCanvasRenderNode::ModifyWindowWideColorGamutNum get instanceRootNode failed.
06-13 01:10:55.123  1543  1543 E C01406/render_service/OHOS::RS: RSCanvasRenderNode::ModifyWindowWideColorGamutNum get instanceRootNode failed.
06-13 01:10:55.123  1543  1543 E C01406/render_service/OHOS::RS: RSCanvasRenderNode::ModifyWindowWideColorGamutNum get instanceRootNode failed.
06-13 01:10:55.123  1543  1543 E C01406/render_service/OHOS::RS: RSCanvasRenderNode::ModifyWindowWideColorGamutNum get instanceRootNode failed.
06-13 01:10:55.123  1543  1543 E C01406/render_service/OHOS::RS: RSCanvasRenderNode::ModifyWindowWideColorGamutNum get instanceRootNode failed.
06-13 01:10:55.123  1543  1543 E C01406/render_service/OHOS::RS: RSCanvasRenderNode::ModifyWindowWideColorGamutNum get instanceRootNode failed.
06-13 01:10:55.123  1543  1543 E C01406/render_service/OHOS::RS: RSCanvasRenderNode::ModifyWindowWideColorGamutNum get instanceRootNode failed.
06-13 01:10:55.123  1543  1543 E C01406/render_service/OHOS::RS: RSCanvasRenderNode::ModifyWindowWideColorGamutNum get instanceRootNode failed.
06-13 01:10:55.123  1543  1543 E C01406/render_service/OHOS::RS: RSCanvasRenderNode::ModifyWindowWideColorGamutNum get instanceRootNode failed.
06-13 01:10:55.123  1543  1543 E C01406/render_service/OHOS::RS: RSCanvasRenderNode::ModifyWindowWideColorGamutNum get instanceRootNode failed.
06-13 01:10:55.123  1543  1543 E C01406/render_service/OHOS::RS: RSCanvasRenderNode::ModifyWindowWideColorGamutNum get instanceRootNode failed.
06-13 01:10:55.123  1543  1543 E C01406/render_service/OHOS::RS: RSCanvasRenderNode::ModifyWindowWideColorGamutNum get instanceRootNode failed.
06-13 01:10:55.123  1543  1543 E C01406/render_service/OHOS::RS: RSCanvasRenderNode::ModifyWindowWideColorGamutNum get instanceRootNode failed.
06-13 01:10:55.123  1543  1543 E C01406/render_service/OHOS::RS: RSCanvasRenderNode::ModifyWindowWideColorGamutNum get instanceRootNode failed.
06-13 01:10:55.123  1543  1543 E C01406/render_service/OHOS::RS: RSCanvasRenderNode::ModifyWindowWideColorGamutNum get instanceRootNode failed.
06-13 01:10:55.123  1543  1543 E C01406/render_service/OHOS::RS: RSCanvasRenderNode::ModifyWindowWideColorGamutNum get instanceRootNode failed.
06-13 01:10:55.123  1543  1543 E C01406/render_service/OHOS::RS: RSCanvasRenderNode::ModifyWindowWideColorGamutNum get instanceRootNode failed.
06-13 01:10:55.123  1543  1543 E C01406/render_service/OHOS::RS: RSCanvasRenderNode::ModifyWindowWideColorGamutNum get instanceRootNode failed.
06-13 01:10:55.123  1543  1543 E C01406/render_service/OHOS::RS: RSCanvasRenderNode::ModifyWindowWideColorGamutNum get instanceRootNode failed.
06-13 01:10:55.123  1543  1543 E C01406/render_service/OHOS::RS: RSCanvasRenderNode::ModifyWindowWideColorGamutNum get instanceRootNode failed.
06-13 01:10:55.123  1543  1543 E C01406/render_service/OHOS::RS: RSCanvasRenderNode::ModifyWindowWideColorGamutNum get instanceRootNode failed.
06-13 01:10:55.123  1543  1543 E C01406/render_service/OHOS::RS: RSCanvasRenderNode::ModifyWindowWideColorGamutNum get instanceRootNode failed.
06-13 01:10:55.123  1543  1543 E C01406/render_service/OHOS::RS: RSCanvasRenderNode::ModifyWindowWideColorGamutNum get instanceRootNode failed.
06-13 01:10:55.124  1543  1543 E C01406/render_service/OHOS::RS: RSCanvasRenderNode::ModifyWindowWideColorGamutNum get instanceRootNode failed.
06-13 01:10:55.124  1543  1543 E C01406/render_service/OHOS::RS: RSCanvasRenderNode::ModifyWindowWideColorGamutNum get instanceRootNode failed.
06-13 01:10:55.124  1543  1543 E C01406/render_service/OHOS::RS: RSCanvasRenderNode::ModifyWindowWideColorGamutNum get instanceRootNode failed.
06-13 01:10:55.124  1543  1543 E C01406/render_service/OHOS::RS: RSCanvasRenderNode::ModifyWindowWideColorGamutNum get instanceRootNode failed.
06-13 01:10:55.124  1543  1543 E C01406/render_service/OHOS::RS: RSCanvasRenderNode::ModifyWindowWideColorGamutNum get instanceRootNode failed.
06-13 01:10:55.124  1543  1543 E C01406/render_service/OHOS::RS: RSCanvasRenderNode::ModifyWindowWideColorGamutNum get instanceRootNode failed.
06-13 01:10:55.124  1543  1543 E C01406/render_service/OHOS::RS: RSCanvasRenderNode::ModifyWindowWideColorGamutNum get instanceRootNode failed.
06-13 01:10:55.124  1543  1543 E C01406/render_service/OHOS::RS: RSCanvasRenderNode::ModifyWindowWideColorGamutNum get instanceRootNode failed.
06-13 01:10:55.124  1543  1543 E C01406/render_service/OHOS::RS: RSCanvasRenderNode::ModifyWindowWideColorGamutNum get instanceRootNode failed.
06-13 01:10:55.124  1543  1543 E C01406/render_service/OHOS::RS: RSCanvasRenderNode::ModifyWindowWideColorGamutNum get instanceRootNode failed.
06-13 01:10:55.124  1543  1543 E C01406/render_service/OHOS::RS: RSCanvasRenderNode::ModifyWindowWideColorGamutNum get instanceRootNode failed.
06-13 01:10:55.124  1543  1543 E C01406/render_service/OHOS::RS: RSCanvasRenderNode::ModifyWindowWideColorGamutNum get instanceRootNode failed.
06-13 01:10:55.124  1543  1543 E C01406/render_service/OHOS::RS: RSCanvasRenderNode::ModifyWindowWideColorGamutNum get instanceRootNode failed.
06-13 01:10:55.124  1543  1543 E C01406/render_service/OHOS::RS: RSCanvasRenderNode::ModifyWindowWideColorGamutNum get instanceRootNode failed.
06-13 01:10:55.124  1543  1543 E C01406/render_service/OHOS::RS: RSCanvasRenderNode::ModifyWindowWideColorGamutNum get instanceRootNode failed.
06-13 01:10:55.124  1543  1543 E C01406/render_service/OHOS::RS: RSCanvasRenderNode::ModifyWindowWideColorGamutNum get instanceRootNode failed.
06-13 01:10:55.124  1543  1543 E C01406/render_service/OHOS::RS: RSCanvasRenderNode::ModifyWindowWideColorGamutNum get instanceRootNode failed.
06-13 01:10:55.124  1543  1543 E C01406/render_service/OHOS::RS: RSCanvasRenderNode::ModifyWindowWideColorGamutNum get instanceRootNode failed.
06-13 01:10:55.124  1543  1543 E C01406/render_service/OHOS::RS: RSCanvasRenderNode::ModifyWindowWideColorGamutNum get instanceRootNode failed.
06-13 01:10:55.124  1543  1543 E C01406/render_service/OHOS::RS: RSCanvasRenderNode::ModifyWindowWideColorGamutNum get instanceRootNode failed.
06-13 01:10:55.124  1543  1543 E C01406/render_service/OHOS::RS: RSCanvasRenderNode::ModifyWindowWideColorGamutNum get instanceRootNode failed.
06-13 01:10:55.124  1543  1543 E C01406/render_service/OHOS::RS: RSCanvasRenderNode::ModifyWindowWideColorGamutNum get instanceRootNode failed.
06-13 01:10:55.124  1543  1543 E C01406/render_service/OHOS::RS: RSCanvasRenderNode::ModifyWindowWideColorGamutNum get instanceRootNode failed.
06-13 01:10:55.124  1543  1543 E C01406/render_service/OHOS::RS: RSCanvasRenderNode::ModifyWindowWideColorGamutNum get instanceRootNode failed.
06-13 01:10:55.124  1543  1543 E C01406/render_service/OHOS::RS: RSCanvasRenderNode::ModifyWindowWideColorGamutNum get instanceRootNode failed.
06-13 01:10:55.124  1543  1543 E C01406/render_service/OHOS::RS: RSCanvasRenderNode::ModifyWindowWideColorGamutNum get instanceRootNode failed.
06-13 01:10:55.124  1543  1543 E C01406/render_service/OHOS::RS: RSCanvasRenderNode::ModifyWindowWideColorGamutNum get instanceRootNode failed.
06-13 01:10:55.124  1543  1543 E C01406/render_service/OHOS::RS: RSCanvasRenderNode::ModifyWindowWideColorGamutNum get instanceRootNode failed.
06-13 01:10:55.124  1543  1543 E C01406/render_service/OHOS::RS: RSCanvasRenderNode::ModifyWindowWideColorGamutNum get instanceRootNode failed.
06-13 01:10:55.124  1543  1543 E C01406/render_service/OHOS::RS: RSCanvasRenderNode::ModifyWindowWideColorGamutNum get instanceRootNode failed.
06-13 01:10:55.124  1543  1543 E C01406/render_service/OHOS::RS: RSCanvasRenderNode::ModifyWindowWideColorGamutNum get instanceRootNode failed.
06-13 01:10:55.124  1543  1543 E C01406/render_service/OHOS::RS: RSCanvasRenderNode::ModifyWindowWideColorGamutNum get instanceRootNode failed.
06-13 01:10:55.124  1543  1543 E C01406/render_service/OHOS::RS: RSCanvasRenderNode::ModifyWindowWideColorGamutNum get instanceRootNode failed.
06-13 01:10:55.124  1543  1543 E C01406/render_service/OHOS::RS: RSCanvasRenderNode::ModifyWindowWideColorGamutNum get instanceRootNode failed.
06-13 01:10:55.124  1543  1543 E C01406/render_service/OHOS::RS: RSCanvasRenderNode::ModifyWindowWideColorGamutNum get instanceRootNode failed.
06-13 01:10:55.124  1543  1543 E C01406/render_service/OHOS::RS: RSCanvasRenderNode::ModifyWindowWideColorGamutNum get instanceRootNode failed.
06-13 01:10:55.124  1543  1543 E C01406/render_service/OHOS::RS: RSCanvasRenderNode::ModifyWindowWideColorGamutNum get instanceRootNode failed.
06-13 01:10:55.124  1543  1543 E C01406/render_service/OHOS::RS: RSCanvasRenderNode::ModifyWindowWideColorGamutNum get instanceRootNode failed.
06-13 01:10:55.124  1543  1543 E C01406/render_service/OHOS::RS: RSCanvasRenderNode::ModifyWindowWideColorGamutNum get instanceRootNode failed.
06-13 01:10:55.124  1543  1543 E C01406/render_service/OHOS::RS: RSCanvasRenderNode::ModifyWindowWideColorGamutNum get instanceRootNode failed.
06-13 01:10:55.124  1543  1543 E C01406/render_service/OHOS::RS: RSCanvasRenderNode::ModifyWindowWideColorGamutNum get instanceRootNode failed.
06-13 01:10:55.124  1543  1543 E C01406/render_service/OHOS::RS: RSCanvasRenderNode::ModifyWindowWideColorGamutNum get instanceRootNode failed.
06-13 01:10:55.124  1543  1543 E C01406/render_service/OHOS::RS: RSCanvasRenderNode::ModifyWindowWideColorGamutNum get instanceRootNode failed.
06-13 01:10:55.124  1543  1543 E C01406/render_service/OHOS::RS: RSCanvasRenderNode::ModifyWindowWideColorGamutNum get instanceRootNode failed.
06-13 01:10:55.124  1543  1543 E C01406/render_service/OHOS::RS: RSCanvasRenderNode::ModifyWindowWideColorGamutNum get instanceRootNode failed.
06-13 01:10:55.124  1543  1543 E C01406/render_service/OHOS::RS: RSCanvasRenderNode::ModifyWindowWideColorGamutNum get instanceRootNode failed.
06-13 01:10:55.124  1543  1543 E C01406/render_service/OHOS::RS: RSCanvasRenderNode::ModifyWindowWideColorGamutNum get instanceRootNode failed.
06-13 01:10:55.124  1543  1543 E C01406/render_service/OHOS::RS: RSCanvasRenderNode::ModifyWindowWideColorGamutNum get instanceRootNode failed.
06-13 01:10:55.124  1543  1543 E C01406/render_service/OHOS::RS: RSCanvasRenderNode::ModifyWindowWideColorGamutNum get instanceRootNode failed.
06-13 01:10:55.124  1543  1543 E C01406/render_service/OHOS::RS: RSCanvasRenderNode::ModifyWindowWideColorGamutNum get instanceRootNode failed.
06-13 01:10:55.124  1543  1543 E C01406/render_service/OHOS::RS: RSCanvasRenderNode::ModifyWindowWideColorGamutNum get instanceRootNode failed.
06-13 01:10:55.124  1543  1543 E C01406/render_service/OHOS::RS: RSCanvasRenderNode::ModifyWindowWideColorGamutNum get instanceRootNode failed.
06-13 01:10:55.124  1543  1543 E C01406/render_service/OHOS::RS: RSCanvasRenderNode::ModifyWindowWideColorGamutNum get instanceRootNode failed.
06-13 01:10:55.124  1543  1543 E C01406/render_service/OHOS::RS: RSCanvasRenderNode::ModifyWindowWideColorGamutNum get instanceRootNode failed.
06-13 01:10:55.124  1543  1543 E C01406/render_service/OHOS::RS: RSCanvasRenderNode::ModifyWindowWideColorGamutNum get instanceRootNode failed.
06-13 01:10:55.124  1543  1543 E C01406/render_service/OHOS::RS: RSCanvasRenderNode::ModifyWindowWideColorGamutNum get instanceRootNode failed.
06-13 01:10:55.124  1543  1543 E C01406/render_service/OHOS::RS: RSCanvasRenderNode::ModifyWindowWideColorGamutNum get instanceRootNode failed.
06-13 01:10:55.124  1543  1543 E C01406/render_service/OHOS::RS: RSCanvasRenderNode::ModifyWindowWideColorGamutNum get instanceRootNode failed.
06-13 01:10:55.124  1543  1543 E C01406/render_service/OHOS::RS: RSCanvasRenderNode::ModifyWindowWideColorGamutNum get instanceRootNode failed.
06-13 01:10:55.124  1543  1543 E C01406/render_service/OHOS::RS: RSCanvasRenderNode::ModifyWindowWideColorGamutNum get instanceRootNode failed.
06-13 01:10:55.124  1543  1543 E C01406/render_service/OHOS::RS: RSCanvasRenderNode::ModifyWindowWideColorGamutNum get instanceRootNode failed.
06-13 01:10:55.124  1543  1543 E C01406/render_service/OHOS::RS: RSCanvasRenderNode::ModifyWindowWideColorGamutNum get instanceRootNode failed.
06-13 01:10:55.124  1543  1543 E C01406/render_service/OHOS::RS: RSCanvasRenderNode::ModifyWindowWideColorGamutNum get instanceRootNode failed.
06-13 01:10:55.124  1543  1543 E C01406/render_service/OHOS::RS: RSCanvasRenderNode::ModifyWindowWideColorGamutNum get instanceRootNode failed.
06-13 01:10:55.124  1543  1543 E C01406/render_service/OHOS::RS: RSCanvasRenderNode::ModifyWindowWideColorGamutNum get instanceRootNode failed.
06-13 01:10:55.124  1543  1543 E C01406/render_service/OHOS::RS: RSCanvasRenderNode::ModifyWindowWideColorGamutNum get instanceRootNode failed.
06-13 01:10:55.124  1543  1543 E C01406/render_service/OHOS::RS: RSCanvasRenderNode::ModifyWindowWideColorGamutNum get instanceRootNode failed.
06-13 01:10:55.124  1543  1543 E C01406/render_service/OHOS::RS: RSCanvasRenderNode::ModifyWindowWideColorGamutNum get instanceRootNode failed.
06-13 01:10:55.124  1543  1543 E C01406/render_service/OHOS::RS: RSCanvasRenderNode::ModifyWindowWideColorGamutNum get instanceRootNode failed.
06-13 01:10:55.124  1543  1543 E C01406/render_service/OHOS::RS: RSCanvasRenderNode::ModifyWindowWideColorGamutNum get instanceRootNode failed.
06-13 01:10:55.124  1543  1543 E C01406/render_service/OHOS::RS: RSCanvasRenderNode::ModifyWindowWideColorGamutNum get instanceRootNode failed.
06-13 01:10:55.124  1543  1543 E C01406/render_service/OHOS::RS: RSCanvasRenderNode::ModifyWindowWideColorGamutNum get instanceRootNode failed.
06-13 01:10:55.124  1543  1543 E C01406/render_service/OHOS::RS: RSCanvasRenderNode::ModifyWindowWideColorGamutNum get instanceRootNode failed.
06-13 01:10:55.124  1543  1543 E C01406/render_service/OHOS::RS: RSCanvasRenderNode::ModifyWindowWideColorGamutNum get instanceRootNode failed.
06-13 01:10:55.124  1543  1543 E C01406/render_service/OHOS::RS: RSCanvasRenderNode::ModifyWindowWideColorGamutNum get instanceRootNode failed.
06-13 01:10:55.124  1543  1543 E C01406/render_service/OHOS::RS: RSCanvasRenderNode::ModifyWindowWideColorGamutNum get instanceRootNode failed.
06-13 01:10:55.124  1543  1543 E C01406/render_service/OHOS::RS: RSCanvasRenderNode::ModifyWindowWideColorGamutNum get instanceRootNode failed.
06-13 01:10:55.124  1543  1543 E C01406/render_service/OHOS::RS: RSCanvasRenderNode::ModifyWindowWideColorGamutNum get instanceRootNode failed.
06-13 01:10:55.124  1543  1543 E C01406/render_service/OHOS::RS: RSCanvasRenderNode::ModifyWindowWideColorGamutNum get instanceRootNode failed.
06-13 01:10:55.124  1543  1543 E C01406/render_service/OHOS::RS: RSCanvasRenderNode::ModifyWindowWideColorGamutNum get instanceRootNode failed.
06-13 01:10:55.124  1543  1543 E C01406/render_service/OHOS::RS: RSCanvasRenderNode::ModifyWindowWideColorGamutNum get instanceRootNode failed.
06-13 01:10:55.124  1543  1543 E C01406/render_service/OHOS::RS: RSCanvasRenderNode::ModifyWindowWideColorGamutNum get instanceRootNode failed.
06-13 01:10:55.124  1543  1543 E C01406/render_service/OHOS::RS: RSCanvasRenderNode::ModifyWindowWideColorGamutNum get instanceRootNode failed.
06-13 01:10:55.124  1543  1543 E C01406/render_service/OHOS::RS: RSCanvasRenderNode::ModifyWindowWideColorGamutNum get instanceRootNode failed.
06-13 01:10:55.124  1543  1543 E C01406/render_service/OHOS::RS: RSCanvasRenderNode::ModifyWindowWideColorGamutNum get instanceRootNode failed.
06-13 01:10:55.124  1543  1543 E C01406/render_service/OHOS::RS: RSCanvasRenderNode::ModifyWindowWideColorGamutNum get instanceRootNode failed.
06-13 01:10:55.124  1543  1543 E C01406/render_service/OHOS::RS: RSCanvasRenderNode::ModifyWindowWideColorGamutNum get instanceRootNode failed.
06-13 01:10:55.124  1543  1543 E C01406/render_service/OHOS::RS: RSCanvasRenderNode::ModifyWindowWideColorGamutNum get instanceRootNode failed.
06-13 01:10:55.124  1543  1543 E C01406/render_service/OHOS::RS: RSCanvasRenderNode::ModifyWindowWideColorGamutNum get instanceRootNode failed.
06-13 01:10:55.124  1543  1543 E C01406/render_service/OHOS::RS: RSCanvasRenderNode::ModifyWindowWideColorGamutNum get instanceRootNode failed.
06-13 01:10:55.124  1543  1543 E C01406/render_service/OHOS::RS: RSCanvasRenderNode::ModifyWindowWideColorGamutNum get instanceRootNode failed.
06-13 01:10:55.124  1543  1543 E C01406/render_service/OHOS::RS: RSCanvasRenderNode::ModifyWindowWideColorGamutNum get instanceRootNode failed.
06-13 01:10:55.124  1543  1543 E C01406/render_service/OHOS::RS: RSCanvasRenderNode::ModifyWindowWideColorGamutNum get instanceRootNode failed.
06-13 01:10:55.124  1543  1543 E C01406/render_service/OHOS::RS: RSCanvasRenderNode::ModifyWindowWideColorGamutNum get instanceRootNode failed.
06-13 01:10:55.124  1543  1543 E C01406/render_service/OHOS::RS: RSCanvasRenderNode::ModifyWindowWideColorGamutNum get instanceRootNode failed.
06-13 01:10:55.124  1543  1543 E C01406/render_service/OHOS::RS: RSCanvasRenderNode::ModifyWindowWideColorGamutNum get instanceRootNode failed.
06-13 01:10:55.124  1543  1543 E C01406/render_service/OHOS::RS: RSCanvasRenderNode::ModifyWindowWideColorGamutNum get instanceRootNode failed.
06-13 01:10:55.124  1543  1543 E C01406/render_service/OHOS::RS: RSCanvasRenderNode::ModifyWindowWideColorGamutNum get instanceRootNode failed.
06-13 01:10:55.124  1543  1543 E C01406/render_service/OHOS::RS: RSCanvasRenderNode::ModifyWindowWideColorGamutNum get instanceRootNode failed.
06-13 01:10:55.124  1543  1543 E C01406/render_service/OHOS::RS: RSCanvasRenderNode::ModifyWindowWideColorGamutNum get instanceRootNode failed.
06-13 01:10:55.124  1543  1543 E C01406/render_service/OHOS::RS: RSCanvasRenderNode::ModifyWindowWideColorGamutNum get instanceRootNode failed.
06-13 01:10:55.124  1543  1543 E C01406/render_service/OHOS::RS: RSCanvasRenderNode::ModifyWindowWideColorGamutNum get instanceRootNode failed.
06-13 01:10:55.124  1543  1543 E C01406/render_service/OHOS::RS: RSCanvasRenderNode::ModifyWindowWideColorGamutNum get instanceRootNode failed.
06-13 01:10:55.124  1543  1543 E C01406/render_service/OHOS::RS: RSCanvasRenderNode::ModifyWindowWideColorGamutNum get instanceRootNode failed.
06-13 01:10:55.124  1543  1543 E C01406/render_service/OHOS::RS: RSCanvasRenderNode::ModifyWindowWideColorGamutNum get instanceRootNode failed.
06-13 01:10:55.124  1543  1543 E C01406/render_service/OHOS::RS: RSCanvasRenderNode::ModifyWindowWideColorGamutNum get instanceRootNode failed.
06-13 01:10:55.124  1543  1543 E C01406/render_service/OHOS::RS: RSCanvasRenderNode::ModifyWindowWideColorGamutNum get instanceRootNode failed.
06-13 01:10:55.124  1543  1543 E C01406/render_service/OHOS::RS: RSCanvasRenderNode::ModifyWindowWideColorGamutNum get instanceRootNode failed.
06-13 01:10:55.124  1543  1543 E C01406/render_service/OHOS::RS: RSCanvasRenderNode::ModifyWindowWideColorGamutNum get instanceRootNode failed.
06-13 01:10:55.124  1543  1543 E C01406/render_service/OHOS::RS: RSCanvasRenderNode::ModifyWindowWideColorGamutNum get instanceRootNode failed.
06-13 01:10:55.124  1543  1543 E C01406/render_service/OHOS::RS: RSCanvasRenderNode::ModifyWindowWideColorGamutNum get instanceRootNode failed.
06-13 01:10:55.124  1543  1543 E C01406/render_service/OHOS::RS: RSCanvasRenderNode::ModifyWindowWideColorGamutNum get instanceRootNode failed.
06-13 01:10:55.124  1543  1543 E C01406/render_service/OHOS::RS: RSCanvasRenderNode::ModifyWindowWideColorGamutNum get instanceRootNode failed.
06-13 01:10:55.124  1543  1543 E C01406/render_service/OHOS::RS: RSCanvasRenderNode::ModifyWindowWideColorGamutNum get instanceRootNode failed.
06-13 01:10:55.124  1543  1543 E C01406/render_service/OHOS::RS: RSCanvasRenderNode::ModifyWindowWideColorGamutNum get instanceRootNode failed.
06-13 01:10:55.124  1543  1543 E C01406/render_service/OHOS::RS: RSCanvasRenderNode::ModifyWindowWideColorGamutNum get instanceRootNode failed.
06-13 01:10:55.124  1543  1543 E C01406/render_service/OHOS::RS: RSCanvasRenderNode::ModifyWindowWideColorGamutNum get instanceRootNode failed.
06-13 01:10:55.124  1543  1543 E C01406/render_service/OHOS::RS: RSCanvasRenderNode::ModifyWindowWideColorGamutNum get instanceRootNode failed.
06-13 01:10:55.124  1543  1543 E C01406/render_service/OHOS::RS: RSCanvasRenderNode::ModifyWindowWideColorGamutNum get instanceRootNode failed.
06-13 01:10:55.124  1543  1543 E C01406/render_service/OHOS::RS: RSCanvasRenderNode::ModifyWindowWideColorGamutNum get instanceRootNode failed.
06-13 01:10:55.124  1543  1543 E C01406/render_service/OHOS::RS: RSCanvasRenderNode::ModifyWindowWideColorGamutNum get instanceRootNode failed.
06-13 01:10:55.124  1543  1543 E C01406/render_service/OHOS::RS: RSCanvasRenderNode::ModifyWindowWideColorGamutNum get instanceRootNode failed.
06-13 01:10:55.124  1543  1543 E C01406/render_service/OHOS::RS: RSCanvasRenderNode::ModifyWindowWideColorGamutNum get instanceRootNode failed.
06-13 01:10:55.124  1543  1543 E C01406/render_service/OHOS::RS: RSCanvasRenderNode::ModifyWindowWideColorGamutNum get instanceRootNode failed.
06-13 01:10:55.124  1543  1543 E C01406/render_service/OHOS::RS: RSCanvasRenderNode::ModifyWindowWideColorGamutNum get instanceRootNode failed.
06-13 01:10:55.124  1543  1543 E C01406/render_service/OHOS::RS: RSCanvasRenderNode::ModifyWindowWideColorGamutNum get instanceRootNode failed.
06-13 01:10:55.124  1543  1543 E C01406/render_service/OHOS::RS: RSCanvasRenderNode::ModifyWindowWideColorGamutNum get instanceRootNode failed.
06-13 01:10:55.124  1543  1543 E C01406/render_service/OHOS::RS: RSCanvasRenderNode::ModifyWindowWideColorGamutNum get instanceRootNode failed.
06-13 01:10:55.124  1543  1543 E C01406/render_service/OHOS::RS: RSCanvasRenderNode::ModifyWindowWideColorGamutNum get instanceRootNode failed.
06-13 01:10:55.124  1543  1543 E C01406/render_service/OHOS::RS: RSCanvasRenderNode::ModifyWindowWideColorGamutNum get instanceRootNode failed.
06-13 01:10:55.124  1543  1543 E C01406/render_service/OHOS::RS: RSCanvasRenderNode::ModifyWindowWideColorGamutNum get instanceRootNode failed.
06-13 01:10:55.124  1543  1543 E C01406/render_service/OHOS::RS: RSCanvasRenderNode::ModifyWindowWideColorGamutNum get instanceRootNode failed.
06-13 01:10:55.124  1543  1543 E C01406/render_service/OHOS::RS: RSCanvasRenderNode::ModifyWindowWideColorGamutNum get instanceRootNode failed.
06-13 01:10:55.124  1543  1543 E C01406/render_service/OHOS::RS: RSCanvasRenderNode::ModifyWindowWideColorGamutNum get instanceRootNode failed.
06-13 01:10:55.124  1543  1543 E C01406/render_service/OHOS::RS: RSCanvasRenderNode::ModifyWindowWideColorGamutNum get instanceRootNode failed.
06-13 01:10:55.124  1543  1543 E C01406/render_service/OHOS::RS: RSCanvasRenderNode::ModifyWindowWideColorGamutNum get instanceRootNode failed.
06-13 01:10:55.124  1543  1543 E C01406/render_service/OHOS::RS: RSCanvasRenderNode::ModifyWindowWideColorGamutNum get instanceRootNode failed.
06-13 01:10:55.124  1543  1543 E C01406/render_service/OHOS::RS: RSCanvasRenderNode::ModifyWindowWideColorGamutNum get instanceRootNode failed.
06-13 01:10:55.124  1543  1543 E C01406/render_service/OHOS::RS: RSCanvasRenderNode::ModifyWindowWideColorGamutNum get instanceRootNode failed.
06-13 01:10:55.124  1543  1543 E C01406/render_service/OHOS::RS: RSCanvasRenderNode::ModifyWindowWideColorGamutNum get instanceRootNode failed.
06-13 01:10:55.124  1543  1543 E C01406/render_service/OHOS::RS: RSCanvasRenderNode::ModifyWindowWideColorGamutNum get instanceRootNode failed.
06-13 01:10:55.124  1543  1543 E C01406/render_service/OHOS::RS: RSCanvasRenderNode::ModifyWindowWideColorGamutNum get instanceRootNode failed.
06-13 01:10:55.124  1543  1543 E C01406/render_service/OHOS::RS: RSCanvasRenderNode::ModifyWindowWideColorGamutNum get instanceRootNode failed.
06-13 01:10:55.124  1543  1543 E C01406/render_service/OHOS::RS: RSCanvasRenderNode::ModifyWindowWideColorGamutNum get instanceRootNode failed.
06-13 01:10:55.124  1543  1543 E C01406/render_service/OHOS::RS: RSCanvasRenderNode::ModifyWindowWideColorGamutNum get instanceRootNode failed.
06-13 01:10:55.124  1543  1543 E C01406/render_service/OHOS::RS: RSCanvasRenderNode::ModifyWindowWideColorGamutNum get instanceRootNode failed.
06-13 01:10:55.124  1543  1543 E C01406/render_service/OHOS::RS: RSCanvasRenderNode::ModifyWindowWideColorGamutNum get instanceRootNode failed.
06-13 01:10:55.124  1543  1543 E C01406/render_service/OHOS::RS: RSCanvasRenderNode::ModifyWindowWideColorGamutNum get instanceRootNode failed.
06-13 01:10:55.124  1543  1543 E C01406/render_service/OHOS::RS: RSCanvasRenderNode::ModifyWindowWideColorGamutNum get instanceRootNode failed.
06-13 01:10:55.124  1543  1543 E C01406/render_service/OHOS::RS: RSCanvasRenderNode::ModifyWindowWideColorGamutNum get instanceRootNode failed.
06-13 01:10:55.124  1543  1543 E C01406/render_service/OHOS::RS: RSCanvasRenderNode::ModifyWindowWideColorGamutNum get instanceRootNode failed.
06-13 01:10:55.124  1543  1543 E C01406/render_service/OHOS::RS: RSCanvasRenderNode::ModifyWindowWideColorGamutNum get instanceRootNode failed.
06-13 01:10:55.124  1543  1543 E C01406/render_service/OHOS::RS: RSCanvasRenderNode::ModifyWindowWideColorGamutNum get instanceRootNode failed.
06-13 01:10:55.125  1543  1543 E C01406/render_service/OHOS::RS: RSCanvasRenderNode::ModifyWindowWideColorGamutNum get instanceRootNode failed.
06-13 01:10:55.125  1543  1543 E C01406/render_service/OHOS::RS: RSCanvasRenderNode::ModifyWindowWideColorGamutNum get instanceRootNode failed.
06-13 01:10:55.125  1543  1543 E C01406/render_service/OHOS::RS: RSCanvasRenderNode::ModifyWindowWideColorGamutNum get instanceRootNode failed.
06-13 01:10:55.125  1543  1543 E C01406/render_service/OHOS::RS: RSCanvasRenderNode::ModifyWindowWideColorGamutNum get instanceRootNode failed.
06-13 01:10:55.125  1543  1543 E C01406/render_service/OHOS::RS: RSCanvasRenderNode::ModifyWindowWideColorGamutNum get instanceRootNode failed.
06-13 01:10:55.125  1543  1543 E C01406/render_service/OHOS::RS: RSCanvasRenderNode::ModifyWindowWideColorGamutNum get instanceRootNode failed.
06-13 01:10:55.125  1543  1543 E C01406/render_service/OHOS::RS: RSCanvasRenderNode::ModifyWindowWideColorGamutNum get instanceRootNode failed.
06-13 01:10:55.125  1543  1543 E C01406/render_service/OHOS::RS: RSCanvasRenderNode::ModifyWindowWideColorGamutNum get instanceRootNode failed.
06-13 01:10:55.125  1543  1543 E C01406/render_service/OHOS::RS: RSCanvasRenderNode::ModifyWindowWideColorGamutNum get instanceRootNode failed.
06-13 01:10:55.125  1543  1543 E C01406/render_service/OHOS::RS: RSCanvasRenderNode::ModifyWindowWideColorGamutNum get instanceRootNode failed.
06-13 01:10:55.125  1543  1543 E C01406/render_service/OHOS::RS: RSCanvasRenderNode::ModifyWindowWideColorGamutNum get instanceRootNode failed.
06-13 01:10:55.125  2938  2938 W A01B01/com.ohos.sceneboard/HOME: SCBSPVM: [SCBMain]onTerminateScene MainAbility/com.dragon.read.next/app/0(persistentId: 1564) | EntryAbility/com.open.rundesk/entry/0(persistentId: 1910)(containerId: 357) isActive=true isFloat=false isSplit=true isMidScene=false needRemoveSession=false isForceClean=false
06-13 01:10:55.125  1543  1543 E C01406/render_service/OHOS::RS: RSCanvasRenderNode::ModifyWindowWideColorGamutNum get instanceRootNode failed.
06-13 01:10:55.125  1543  1543 E C01406/render_service/OHOS::RS: RSCanvasRenderNode::ModifyWindowWideColorGamutNum get instanceRootNode failed.
06-13 01:10:55.125  1543  1543 E C01406/render_service/OHOS::RS: RSCanvasRenderNode::ModifyWindowWideColorGamutNum get instanceRootNode failed.
06-13 01:10:55.125  1543  1543 E C01406/render_service/OHOS::RS: RSCanvasRenderNode::ModifyWindowWideColorGamutNum get instanceRootNode failed.
06-13 01:10:55.125  1543  1543 E C01406/render_service/OHOS::RS: RSCanvasRenderNode::ModifyWindowWideColorGamutNum get instanceRootNode failed.
06-13 01:10:55.125  1543  1543 E C01406/render_service/OHOS::RS: RSCanvasRenderNode::ModifyWindowWideColorGamutNum get instanceRootNode failed.
06-13 01:10:55.125  1543  1543 E C01406/render_service/OHOS::RS: RSCanvasRenderNode::ModifyWindowWideColorGamutNum get instanceRootNode failed.
06-13 01:10:55.125  1543  1543 E C01406/render_service/OHOS::RS: RSCanvasRenderNode::ModifyWindowWideColorGamutNum get instanceRootNode failed.
06-13 01:10:55.125  1543  1543 E C01406/render_service/OHOS::RS: RSCanvasRenderNode::ModifyWindowWideColorGamutNum get instanceRootNode failed.
06-13 01:10:55.125  1543  1543 E C01406/render_service/OHOS::RS: RSCanvasRenderNode::ModifyWindowWideColorGamutNum get instanceRootNode failed.
06-13 01:10:55.125  1543  1543 E C01406/render_service/OHOS::RS: RSCanvasRenderNode::ModifyWindowWideColorGamutNum get instanceRootNode failed.
06-13 01:10:55.125  1543  1543 E C01406/render_service/OHOS::RS: RSCanvasRenderNode::ModifyWindowWideColorGamutNum get instanceRootNode failed.
06-13 01:10:55.125  1543  1543 E C01406/render_service/OHOS::RS: RSCanvasRenderNode::ModifyWindowWideColorGamutNum get instanceRootNode failed.
06-13 01:10:55.125  1543  1543 E C01406/render_service/OHOS::RS: RSCanvasRenderNode::ModifyWindowWideColorGamutNum get instanceRootNode failed.
06-13 01:10:55.125  1543  1543 E C01406/render_service/OHOS::RS: RSCanvasRenderNode::ModifyWindowWideColorGamutNum get instanceRootNode failed.
06-13 01:10:55.125  1543  1543 E C01406/render_service/OHOS::RS: RSCanvasRenderNode::ModifyWindowWideColorGamutNum get instanceRootNode failed.
06-13 01:10:55.125  1543  1543 E C01406/render_service/OHOS::RS: RSCanvasRenderNode::ModifyWindowWideColorGamutNum get instanceRootNode failed.
06-13 01:10:55.125  1543  1543 E C01406/render_service/OHOS::RS: RSCanvasRenderNode::ModifyWindowWideColorGamutNum get instanceRootNode failed.
06-13 01:10:55.125  1543  1543 E C01406/render_service/OHOS::RS: RSCanvasRenderNode::ModifyWindowWideColorGamutNum get instanceRootNode failed.
06-13 01:10:55.125  1543  1543 E C01406/render_service/OHOS::RS: RSCanvasRenderNode::ModifyWindowWideColorGamutNum get instanceRootNode failed.
06-13 01:10:55.125  1543  1543 E C01406/render_service/OHOS::RS: RSCanvasRenderNode::ModifyWindowWideColorGamutNum get instanceRootNode failed.
06-13 01:10:55.125  1543  1543 E C01406/render_service/OHOS::RS: RSCanvasRenderNode::ModifyWindowWideColorGamutNum get instanceRootNode failed.
06-13 01:10:55.125  1543  1543 E C01406/render_service/OHOS::RS: RSCanvasRenderNode::ModifyWindowWideColorGamutNum get instanceRootNode failed.
06-13 01:10:55.125  1543  1543 E C01406/render_service/OHOS::RS: RSCanvasRenderNode::ModifyWindowWideColorGamutNum get instanceRootNode failed.
06-13 01:10:55.125  1543  1543 E C01406/render_service/OHOS::RS: RSCanvasRenderNode::ModifyWindowWideColorGamutNum get instanceRootNode failed.
06-13 01:10:55.125  1543  1543 E C01406/render_service/OHOS::RS: RSCanvasRenderNode::ModifyWindowWideColorGamutNum get instanceRootNode failed.
06-13 01:10:55.125  1543  1543 E C01406/render_service/OHOS::RS: RSCanvasRenderNode::ModifyWindowWideColorGamutNum get instanceRootNode failed.
06-13 01:10:55.126  2938  2938 W A0421D/com.ohos.sceneboard/WMSRotation: [setEnableSensorRotate] set sensor rotate enable, _enableSensorRotate:false, Description:exitSplitToOneStep
06-13 01:10:55.127  2938  2938 W A01B09/com.ohos.sceneboard/RECENT: SCBScenePanelSession: setBgBlurScale, blurScale: 0.8 to 0,caller function name: exitSplitViewToOneStep
06-13 01:10:55.128  1590 19263 W C01335/foundation/Connection: [connection_state_manager.cpp421]callerPid:43019
06-13 01:10:55.131   855 18066 E C02699/memmgrservice/MM: UpdatePriorityLocked DIED: u=20020246 not exist, p=43019
06-13 01:10:55.131  3040  3040 W A06666/com.huawei.hmos.aidataservice/160002364: Info_Publisher: publish AppProcess
06-13 01:10:55.134  1179  1290 W C01C42/time_service/TimeService: uid:1096 id:185395133 wk:0
06-13 01:10:55.134  2938  4247 W C04202/com.ohos.sceneboard/WMSMain: RegisterIsSessionBoundedSystemTrayFunc: id: 1952 is not main window
06-13 01:10:55.134  1179  1290 W C01C42/time_service/TimeService: id:185395133 we:203981999
06-13 01:10:55.134  1179  1290 W C01C42/time_service/TimeService: t3 203977124
06-13 01:10:55.135  2938  2938 W C0421A/com.ohos.sceneboard/WMSLayoutPc: ParseMetadataConfiguration: abilityInfo is nullptr
06-13 01:10:55.136  2938  4247 E C04200/com.ohos.sceneboard/WMS: IsVectorSame: last and current visible window num is not Same
06-13 01:10:55.136  3040 19280 W A00F00/com.huawei.hmos.aidataservice/CA: [AppProcessAbility:77]: AppProcessAbility return
06-13 01:10:55.137  1590  3380 E C01311/foundation/AppMS: [ARM1709]null appRecord
06-13 01:10:55.137  1590  3380 E C01336/foundation/AMS: [app_scheduler.cpp605]get bundle name failed
06-13 01:10:55.137  2938  2938 W A04204/com.ohos.sceneboard/WMSScb: SCBBlockCover1186 sessionChangeCallback is null 
06-13 01:10:55.138  1399  2945 W C01650/dlp_hide_service_sa/RdbStoreManager: IsConfigInvalidChanged:no bundleName
06-13 01:10:55.138  1399  2945 E C01650/dlp_hide_service_sa/SilentProxy: IsSupportSilentFromService:GetRdbService failed, err is 27394049.
06-13 01:10:55.138  2938  2938 W A0421D/com.ohos.sceneboard/WMSRotation: [getRotatedScreenProperty] this.rotation: 0; getRotatedScreenProperty: {rect: [0, 0, 1260, 2844], rotation: 0}
06-13 01:10:55.138  1399  2945 E C01610/dlp_hide_service_sa/DataBaseUtilsAcl: SetAcl: Failed to write into file's xattr: Permission denied
06-13 01:10:55.139  2938  4247 E C057C2/com.ohos.sceneboard/IPCObjectProxy: PrintErrorDetailedInfo: failed, handle:229 error:29189 desc:*.ISessionStage proxy:3730458880 time:139590796389116
06-13 01:10:55.139  2938  4247 E C0420A/com.ohos.sceneboard/WMSLife: NotifyLifecyclePausedStatus: SendRequest failed, code: 29189
06-13 01:10:55.139  2938  2938 W A01B01/com.ohos.sceneboard/HOME: PageDesktopModel: findTransitionController shortcutId empty bundleName:com.open.rundesk
06-13 01:10:55.139  2938  2938 W A01B01/com.ohos.sceneboard/HOME: PageDesktopModel: findTransitionController bundleName: com.open.rundesk, abilityName: EntryAbility, startType: 0, formCardId: undefined, cardId: undefined, extraId: undefined, appIndex: 0, shortcutId: undefined, appInstanceKey: %{public}s
06-13 01:10:55.139  2938  2938 W A01B01/com.ohos.sceneboard/HOME: SCBTM: Find controller success ? true, findData: {"bundleName":"com.open.rundesk","abilityName":"EntryAbility","appIndex":0,"appIconId":"","iconRadius":0,"appIconNumber":0,"startAppType":0,"isOpenFolder":false}
06-13 01:10:55.139  2938  2938 W A01C06/com.ohos.sceneboard/ICON: AppIconCommonEvent --> onInactive bundleName:com.open.rundesk, [SCBSplitViewAnimationManager] set icon from show to [show], caller: secBackPriOneSplitAnimation, extra info: undefined.
06-13 01:10:55.140  1541  1817 W C04707/hianalytics/HaSysEvent: Extra appbackGround event: com.open.rundesk
06-13 01:10:55.141  1543  1543 E C01406/render_service/RSClientToRenderConnection: TakeSurfaceCapture failed, node is nullptr
06-13 01:10:55.142  9375 20875 E C0470A/gameservice_server/GameServicePerf: [f3e9da00ecf0c5 2febd60 aa5306][(BatchQueryFromAppGalleryKit:197)][APP_TYPE_MG]QueryAG faild,bundleName=com.open.rundesk, appQueryCode=-2
06-13 01:10:55.142  9375 20875 E C0470A/gameservice_server/GameServicePerf: [f3e9da00ecf0c5 2febd60 aa5306][(QueryFromAppGalleryKit:164)][APP_TYPE_MG]Query AG failed, ret=[0], bundleName[com.open.rundesk]
06-13 01:10:55.142   856  1405 E C02803/multimodalinput/InputWindowsManager: [|2422]CHKPV(lastPointerEventCopy) is null
06-13 01:10:55.142  2938  4247 E C04216/com.ohos.sceneboard/WMSPattern: Snapshot: Save snapshot failed, id: 1910
06-13 01:10:55.144   604 20474 I C02C02/PARAM: SystemSetParameter name ohos.ctl.start id:8476 ret:0
06-13 01:10:55.144  2938  2938 W C0393B/com.ohos.sceneboard/AceWindowScene: [(100000:100000:scope)] parentId:638167, nodeId:638169, sessionId:1947
06-13 01:10:55.145  2938  2938 W C0393B/com.ohos.sceneboard/AceWindowScene: [(100000:100000:scope)] parentId:637969, nodeId:637970, sessionId:1564
06-13 01:10:55.145  2938  2938 W C0393B/com.ohos.sceneboard/AceWindowScene: [(100000:100000:scope)] parentId:638240, nodeId:638241, sessionId:1910
06-13 01:10:55.146  2938  2938 W C0393B/com.ohos.sceneboard/AceWindowScene: [(100000:100000:scope)] parentId:638178, nodeId:638202, sessionId:1949
06-13 01:10:55.146  1590 20303 E C01336/foundation/AMS: [ABMS5117]nullptr
06-13 01:10:55.146  2938  2938 W C0393B/com.ohos.sceneboard/AceWindowScene: [(100000:100000:scope)] parentId:638253, nodeId:638285, sessionId:1951
06-13 01:10:55.146  1461  1531 E C01DA1/parent_control_service/Service: UpdateOutTime inTime_ not as expected:0
06-13 01:10:55.146  1461  1531 E C01DA1/parent_control_service/Service: UpdateByCurrentMills inTime_ not as expected:0
06-13 01:10:55.147  1461  1531 E C01DA1/parent_control_service/Service: UpdateByCurrentMills inTime_ not as expected:0
06-13 01:10:55.147  2938  2938 W A01C06/com.ohos.sceneboard/ICON: CompanionIcon: loadIconWithCache {"bundleName":"com.open.rundesk","abilityName":"EntryAbility","moduleName":"entry","iconId":"AppIcon_Image_com.open.rundeskEntryAbilityentry0_undefined_0","iconNumber":16777218,"iconRadius":14,"startAppType":0,"appIndex":0,"shortcutId":"","isSameLocation":false}
06-13 01:10:55.147  1590  3385 E C01311/foundation/AppMS: [AMSI7583]App running record is nullptr.
06-13 01:10:55.147  2938  2938 W A01C06/com.ohos.sceneboard/ICON: CompanionIcon: checkIsAdaptiveIcon, bundleName:com.open.rundesk, isAdaptive:false
06-13 01:10:55.147  2938  2938 W A01C06/com.ohos.sceneboard/ICON: CompanionIcon: non adaptive icon, comIcon is null: true
06-13 01:10:55.147  2938  2938 W A01C06/com.ohos.sceneboard/ICON: CompanionIcon: checkIsAdaptiveIcon, bundleName:com.open.rundesk, isAdaptive:false
06-13 01:10:55.147  2938  2938 W A01C06/com.ohos.sceneboard/ICON: CompanionIcon: start calcCardAnimParams componentId: AppIcon_Image_com.open.rundeskEntryAbilityentry0_undefined_0
06-13 01:10:55.147  2938  2938 W A01C06/com.ohos.sceneboard/ICON: CompanionIcon: companionIconInfo.iconRect is null, getRectById:AppIcon_Image_com.open.rundeskEntryAbilityentry0_undefined_0
06-13 01:10:55.148   607  1476 E C02DA0/hiview/FaultLeakDetectorManager: ReportKillReason: uid: 20020246, bundleName: com.open.rundesk, reason: InvalidKillId, appRunningUniqueId: 12046359130178210176
06-13 01:10:55.148   607 64157 E C02DA0/hiview/ProcessKillEventHandler: HandlerEvent: HandlerMessage failed. eventName: PROCESS_KILL
06-13 01:10:55.149   856  1405 E C02803/multimodalinput/InputWindowsManager: [|2422]CHKPV(lastPointerEventCopy) is null
06-13 01:10:55.149  6135  6135 E C01CCC/virt_device/DRBO: [nodict][input_impl.cpp(UpdateWindowInfo)]Corrupted windows info
06-13 01:10:55.149  2938  2938 W A01B00/com.ohos.sceneboard/SCB: IconResourceManager: combIcon is empty: false, bundleName: **.open.rundesk
06-13 01:10:55.149   856  2209 E C02800/multimodalinput/ContainerIpcMgr: [|1519]UdsSendEvent fail, error:-1
06-13 01:10:55.151  6135  6135 E C01CCC/virt_device/DRBO: [nodict][input_impl.cpp(UpdateWindowInfo)]Corrupted windows info
06-13 01:10:55.151   856  2209 E C02800/multimodalinput/ContainerIpcMgr: [|1519]UdsSendEvent fail, error:-1
06-13 01:10:55.151  2938  2938 W C0393B/com.ohos.sceneboard/AceWindowScene: [(100000:100000:scope)] parentId:638280, nodeId:638283, sessionId:1950
06-13 01:10:55.153  1461  1531 W C01650/parent_control_service/RdbStoreManager: IsConfigInvalidChanged:no bundleName
06-13 01:10:55.153  1461  1531 E C01650/parent_control_service/SilentProxy: IsSupportSilentFromService:GetRdbService failed, err is 27394049.
06-13 01:10:55.155  2938  2938 W C0393B/com.ohos.sceneboard/AceWindowScene: [(100000:100000:scope)] parentId:638167, nodeId:638169, sessionId:1947
06-13 01:10:55.155  2938  2938 W C0393B/com.ohos.sceneboard/AceWindowScene: [(100000:100000:scope)] parentId:637969, nodeId:637970, sessionId:1564
06-13 01:10:55.156  2938  2938 W C0393B/com.ohos.sceneboard/AceWindowScene: [(100000:100000:scope)] parentId:638178, nodeId:638202, sessionId:1949
06-13 01:10:55.157  2938  2938 W A01B01/com.ohos.sceneboard/HOME: PageDesktopModel: getExitAppData formCardId:undefined;cardId:undefined
06-13 01:10:55.157  2938  2938 W A01B01/com.ohos.sceneboard/HOME: PageDesktopModel: getExitAppData bundleName: com.dragon.read.next, abilityName: MainAbility, startType: 0, formCardId: undefined, cardId: undefined, extraId: undefined, appIndex: 0, shortcutId: undefined
06-13 01:10:55.157  1590 20303 W C04201/foundation/DMS: screen_cutout_controller.cpp GetCutoutArea: display:[ID: 0, W: 1260, H: 2844, R: 0,Mode 0]
06-13 01:10:55.157  2938  2938 W A01B01/com.ohos.sceneboard/HOME: SCBTM: Find controller success ? false, findData: {"bundleName":"com.dragon.read.next","abilityName":"MainAbility","appIndex":0,"appIconId":"","iconRadius":0,"appIconNumber":0,"startAppType":0}
06-13 01:10:55.157  2938  2938 W A01B01/com.ohos.sceneboard/HOME: SCBTM: Find controller success ? false, findData: {"bundleName":"com.dragon.read.next","abilityName":"MainAbility","appIndex":0,"appIconId":"","iconRadius":0,"appIconNumber":0,"startAppType":0}
06-13 01:10:55.158  2938  2938 W A01B01/com.ohos.sceneboard/HOME: SCBTM: Find controller success ? true, findData: {"bundleName":"com.dragon.read.next","abilityName":"MainAbility","appIndex":0,"appIconId":"","iconRadius":0,"appIconNumber":0,"startAppType":2}
06-13 01:10:55.158  2938  2938 W A01B01/com.ohos.sceneboard/HOME: SCBTM: notifySceneTransitionOut isTransitionOutToIcon=false
06-13 01:10:55.158  2938  2938 W A01B09/com.ohos.sceneboard/RECENT: SCBDesktopCacheManager: FreezeTrack checkRotation rotationMode old:0, now:0
06-13 01:10:55.158  2938  2938 W A01B00/com.ohos.sceneboard/SCB: SCBDesktop --> onDesktopAnimateScaleChanged changeScale to 1, due to:onInactive
06-13 01:10:55.158  2938  2938 W A01C06/com.ohos.sceneboard/ICON: AppIconCommonEvent --> onInactive bundleName:com.open.rundesk, [SCBTM] set icon from show to [show], caller: notifySceneTransitionOut, extra info: currentTransitionController.
06-13 01:10:55.158  2938  2938 W A01C06/com.ohos.sceneboard/ICON: AppIconCommonEvent --> onInactive bundleName:com.dragon.read.next, [SCBTM] set icon from show to [show], caller: notifySceneTransitionOut, extra info: controller.
06-13 01:10:55.159  2938  2938 W A0001B/com.ohos.sceneboard/AA: CommonUtil --> getRectById key: Intelligent_header_area screenOffsetX: 0, width: 1260, rectLeft: 0
06-13 01:10:55.160  2938  2938 W A01C05/com.ohos.sceneboard/FORM: FormHostService: formVisibleList empty
06-13 01:10:55.161  2938  2938 W C0393B/com.ohos.sceneboard/AceWindowScene: [(100000:100000:scope)] parentId:344, nodeId:345, sessionId:3
06-13 01:10:55.161  2938  2938 E C03947/com.ohos.sceneboard/AceStateMgmt: [(100000:100000:scope)] FIX THIS APPLICATION ERROR: @Component 'AIBarView': State variable 'fullScreenParam' has changed during render! It's illegal to change @Component state while build (initial render or re-render) is on-going. Application error! Current log drops 2899 line(s).
