06-14 08:02:44.796  6134 26335 E C01CCD/anco_service_broker/POWER_BROKER_LOG: [(RemoveLock:51)]The map of wakeLockMap_ is empty, lock has not acquired.
06-14 08:02:44.796  6134 26335 E C01CCD/anco_service_broker/POWER_BROKER_LOG: [(ReleaseWakeLockInner:103)]removeLock failed : -4
06-14 08:02:44.796  6134  6134 E C01CCD/anco_service_broker/Broker: [keyguard_broker_sa.cpp(UpdateLockState:125)]UpdateLockState isEnable 0, result is 0
06-14 08:02:44.807  6134  6263 W C01D11/anco_service_broker/AamsBrokerService: [(DeregisterElementOperator:280)]Not find windowId[2435] in ASAC
06-14 08:02:44.807  6134  6263 W C01D11/anco_service_broker/AamsBrokerService: [(DeregisterElementOperator:280)]Not find windowId[2426] in ASAC
06-14 08:02:44.808  6134  6261 E C01CCD/anco_service_broker/DMS_BROKER_LOG: [(OnDisplaySizeAndDensityChanged:171)]1260 2844 ret:0
06-14 08:02:44.808  6134  6263 W C01D11/anco_service_broker/AamsBrokerService: [(DeregisterElementOperator:280)]Not find windowId[2420] in ASAC
06-14 08:02:44.808  6134  6263 W C01D11/anco_service_broker/AamsBrokerService: [(DeregisterElementOperator:280)]Not find windowId[2259] in ASAC
06-14 08:02:44.809  6134  6263 W C01D11/anco_service_broker/AamsBrokerService: [(DeregisterElementOperator:280)]Not find windowId[1768] in ASAC
06-14 08:02:44.809  6134  6263 W C01D11/anco_service_broker/AamsBrokerService: [(DeregisterElementOperator:280)]Not find windowId[2162] in ASAC
06-14 08:02:44.809  6134  6263 W C01D11/anco_service_broker/AamsBrokerService: [(DeregisterElementOperator:280)]Not find windowId[1767] in ASAC
06-14 08:02:44.809  6134  6263 W C01D11/anco_service_broker/AamsBrokerService: [(DeregisterElementOperator:280)]Not find windowId[16] in ASAC
06-14 08:02:44.809  6134  6263 W C01D11/anco_service_broker/AamsBrokerService: [(DeregisterElementOperator:280)]Not find windowId[2068] in ASAC
06-14 08:02:44.810  6134  6263 W C01D11/anco_service_broker/AamsBrokerService: [(DeregisterElementOperator:280)]Not find windowId[1807] in ASAC
06-14 08:02:44.810  6134  6263 W C01D11/anco_service_broker/AamsBrokerService: [(DeregisterElementOperator:280)]Not find windowId[1783] in ASAC
06-14 08:02:44.810  6134  6263 W C01D11/anco_service_broker/AamsBrokerService: [(DeregisterElementOperator:280)]Not find windowId[12] in ASAC
06-14 08:02:44.810  6134  6263 W C01D11/anco_service_broker/AamsBrokerService: [(DeregisterElementOperator:280)]Not find windowId[2073] in ASAC
06-14 08:02:44.810  6134  6263 W C01D11/anco_service_broker/AamsBrokerService: [(DeregisterElementOperator:280)]Not find windowId[1782] in ASAC
06-14 08:02:44.810  6134 26335 W C01D11/anco_service_broker/AamsBrokerService: [(DeregisterElementOperator:280)]Not find windowId[1781] in ASAC
06-14 08:02:44.811  6134 26335 W C01D11/anco_service_broker/AamsBrokerService: [(DeregisterElementOperator:280)]Not find windowId[1780] in ASAC
06-14 08:02:44.811  6134 26335 W C01D11/anco_service_broker/AamsBrokerService: [(DeregisterElementOperator:280)]Not find windowId[1766] in ASAC
06-14 08:02:44.811  6134  6262 W C01D11/anco_service_broker/AamsBrokerService: [(DeregisterElementOperator:280)]Not find windowId[2056] in ASAC
06-14 08:02:44.811  6134  6262 W C01D11/anco_service_broker/AamsBrokerService: [(DeregisterElementOperator:280)]Not find windowId[1765] in ASAC
06-14 08:02:44.811  6134  6263 W C01D11/anco_service_broker/AamsBrokerService: [(DeregisterElementOperator:280)]Not find windowId[1764] in ASAC
06-14 08:02:44.812  6134  6263 W C01D11/anco_service_broker/AamsBrokerService: [(DeregisterElementOperator:280)]Not find windowId[1763] in ASAC
06-14 08:02:44.812  6134  6263 W C01D11/anco_service_broker/AamsBrokerService: [(DeregisterElementOperator:280)]Not find windowId[1760] in ASAC
06-14 08:02:44.812  6134  6263 W C01D11/anco_service_broker/AamsBrokerService: [(DeregisterElementOperator:280)]Not find windowId[1759] in ASAC
06-14 08:02:44.812  6134  6263 W C01D11/anco_service_broker/AamsBrokerService: [(DeregisterElementOperator:280)]Not find windowId[968] in ASAC
06-14 08:02:44.812  6134  6263 W C01D11/anco_service_broker/AamsBrokerService: [(DeregisterElementOperator:280)]Not find windowId[1756] in ASAC
06-14 08:02:44.812  6134  6263 W C01D11/anco_service_broker/AamsBrokerService: [(DeregisterElementOperator:280)]Not find windowId[1074] in ASAC
06-14 08:02:44.812  6134  6263 W C01D11/anco_service_broker/AamsBrokerService: [(DeregisterElementOperator:280)]Not find windowId[1665] in ASAC
06-14 08:02:44.812  6134  6263 W C01D11/anco_service_broker/AamsBrokerService: [(DeregisterElementOperator:280)]Not find windowId[1556] in ASAC
06-14 08:02:44.812  6134  6263 W C01D11/anco_service_broker/AamsBrokerService: [(DeregisterElementOperator:280)]Not find windowId[1554] in ASAC
06-14 08:02:44.812  6134  6263 W C01D11/anco_service_broker/AamsBrokerService: [(DeregisterElementOperator:280)]Not find windowId[1553] in ASAC
06-14 08:02:44.812  6134  6263 W C01D11/anco_service_broker/AamsBrokerService: [(DeregisterElementOperator:280)]Not find windowId[1826] in ASAC
06-14 08:02:44.812  6134  6263 W C01D11/anco_service_broker/AamsBrokerService: [(DeregisterElementOperator:280)]Not find windowId[1147] in ASAC
06-14 08:02:44.812  6134  6263 W C01D11/anco_service_broker/AamsBrokerService: [(DeregisterElementOperator:280)]Not find windowId[1141] in ASAC
06-14 08:02:44.813  6134  6263 W C01D11/anco_service_broker/AamsBrokerService: [(DeregisterElementOperator:280)]Not find windowId[1140] in ASAC
06-14 08:02:44.813  6134  6263 W C01D11/anco_service_broker/AamsBrokerService: [(DeregisterElementOperator:280)]Not find windowId[1236] in ASAC
06-14 08:02:44.813  6134  6263 W C01D11/anco_service_broker/AamsBrokerService: [(DeregisterElementOperator:280)]Not find windowId[1139] in ASAC
06-14 08:02:44.813  6134  6223 W C01D11/anco_service_broker/AamsBrokerService: [(DeregisterElementOperator:280)]Not find windowId[939] in ASAC
06-14 08:02:44.813  6134 26335 W C01D11/anco_service_broker/AamsBrokerService: [(DeregisterElementOperator:280)]Not find windowId[1136] in ASAC
06-14 08:02:44.814  6134 26335 W C01D11/anco_service_broker/AamsBrokerService: [(DeregisterElementOperator:280)]Not find windowId[2299] in ASAC
06-14 08:02:44.814  6134 26335 W C01D11/anco_service_broker/AamsBrokerService: [(DeregisterElementOperator:280)]Not find windowId[938] in ASAC
06-14 08:02:44.814  6134  6223 W C01D11/anco_service_broker/AamsBrokerService: [(DeregisterElementOperator:280)]Not find windowId[1075] in ASAC
06-14 08:02:44.815  6134  6223 W C01D11/anco_service_broker/AamsBrokerService: [(DeregisterElementOperator:280)]Not find windowId[1065] in ASAC
06-14 08:02:44.815  6134  6223 W C01D11/anco_service_broker/AamsBrokerService: [(DeregisterElementOperator:280)]Not find windowId[861] in ASAC
06-14 08:02:44.815  6134  6262 W C01D11/anco_service_broker/AamsBrokerService: [(DeregisterElementOperator:280)]Not find windowId[1649] in ASAC
06-14 08:02:44.815  6134  6262 W C01D11/anco_service_broker/AamsBrokerService: [(DeregisterElementOperator:280)]Not find windowId[1552] in ASAC
06-14 08:02:44.815  6134  6262 W C01D11/anco_service_broker/AamsBrokerService: [(DeregisterElementOperator:280)]Not find windowId[1067] in ASAC
06-14 08:02:44.816  6134  6263 W C01D11/anco_service_broker/AamsBrokerService: [(DeregisterElementOperator:280)]Not find windowId[966] in ASAC
06-14 08:02:44.816  6134  6263 W C01D11/anco_service_broker/AamsBrokerService: [(DeregisterElementOperator:280)]Not find windowId[1557] in ASAC
06-14 08:02:44.816  6134  6263 W C01D11/anco_service_broker/AamsBrokerService: [(DeregisterElementOperator:280)]Not find windowId[1072] in ASAC
06-14 08:02:44.816  6134  6263 W C01D11/anco_service_broker/AamsBrokerService: [(DeregisterElementOperator:280)]Not find windowId[960] in ASAC
06-14 08:02:44.816  6134  6262 W C01D11/anco_service_broker/AamsBrokerService: [(DeregisterElementOperator:280)]Not find windowId[1551] in ASAC
06-14 08:02:44.816  6134  6262 W C01D11/anco_service_broker/AamsBrokerService: [(DeregisterElementOperator:280)]Not find windowId[1066] in ASAC
06-14 08:02:44.817  6134  6262 W C01D11/anco_service_broker/AamsBrokerService: [(DeregisterElementOperator:280)]Not find windowId[969] in ASAC
06-14 08:02:44.817  6134  6262 W C01D11/anco_service_broker/AamsBrokerService: [(DeregisterElementOperator:280)]Not find windowId[959] in ASAC
06-14 08:02:44.817  6134  6262 W C01D11/anco_service_broker/AamsBrokerService: [(DeregisterElementOperator:280)]Not find windowId[1258] in ASAC
06-14 08:02:44.817  6134  6262 W C01D11/anco_service_broker/AamsBrokerService: [(DeregisterElementOperator:280)]Not find windowId[1064] in ASAC
06-14 08:02:44.817  6134  6262 W C01D11/anco_service_broker/AamsBrokerService: [(DeregisterElementOperator:280)]Not find windowId[770] in ASAC
06-14 08:02:44.817  6134  6165 W C01D11/anco_service_broker/AamsBrokerService: [(DeregisterElementOperator:280)]Not find windowId[1755] in ASAC
06-14 08:02:44.817  6134  6165 W C01D11/anco_service_broker/AamsBrokerService: [(DeregisterElementOperator:280)]Not find windowId[967] in ASAC
06-14 08:02:44.817  6134  6223 E C01CCD/anco_service_broker/POWER_BROKER_LOG: [(RemoveLock:51)]The map of wakeLockMap_ is empty, lock has not acquired.
06-14 08:02:44.817  6134  6223 E C01CCD/anco_service_broker/POWER_BROKER_LOG: [(ReleaseWakeLockInner:103)]removeLock failed : -4
06-14 08:02:44.819  6134  6223 W C01D11/anco_service_broker/AamsBrokerService: [(DeregisterElementOperator:280)]Not find windowId[1742] in ASAC
06-14 08:02:44.819  6134  6223 W C01D11/anco_service_broker/AamsBrokerService: [(DeregisterElementOperator:280)]Not find windowId[1063] in ASAC
06-14 08:02:44.819  6134  6223 W C01D11/anco_service_broker/AamsBrokerService: [(DeregisterElementOperator:280)]Not find windowId[955] in ASAC
06-14 08:02:44.820  6134  6223 W C01D11/anco_service_broker/AamsBrokerService: [(DeregisterElementOperator:280)]Not find windowId[1817] in ASAC
06-14 08:02:44.820  6134  6223 W C01D11/anco_service_broker/AamsBrokerService: [(DeregisterElementOperator:280)]Not find windowId[1812] in ASAC
06-14 08:02:44.820  6134 26335 W C01D11/anco_service_broker/AamsBrokerService: [(DeregisterElementOperator:280)]Not find windowId[2295] in ASAC
06-14 08:02:44.820  6134 26335 W C01D11/anco_service_broker/AamsBrokerService: [(DeregisterElementOperator:280)]Not find windowId[937] in ASAC
06-14 08:02:44.820  6134 26335 W C01D11/anco_service_broker/AamsBrokerService: [(DeregisterElementOperator:280)]Not find windowId[896] in ASAC
06-14 08:02:44.820  6134 26335 W C01D11/anco_service_broker/AamsBrokerService: [(DeregisterElementOperator:280)]Not find windowId[895] in ASAC
06-14 08:02:44.820  6134 26335 W C01D11/anco_service_broker/AamsBrokerService: [(DeregisterElementOperator:280)]Not find windowId[957] in ASAC
06-14 08:02:44.820  6134 26335 W C01D11/anco_service_broker/AamsBrokerService: [(DeregisterElementOperator:280)]Not find windowId[785] in ASAC
06-14 08:02:44.820  6134 26335 W C01D11/anco_service_broker/AamsBrokerService: [(DeregisterElementOperator:280)]Not find windowId[52] in ASAC
06-14 08:02:44.821  6134 26335 W C01D11/anco_service_broker/AamsBrokerService: [(DeregisterElementOperator:280)]Not find windowId[138] in ASAC
06-14 08:02:44.821  6134  6165 W C01D11/anco_service_broker/AamsBrokerService: [(DeregisterElementOperator:280)]Not find windowId[1803] in ASAC
06-14 08:02:44.821  6134  6165 W C01D11/anco_service_broker/AamsBrokerService: [(DeregisterElementOperator:280)]Not find windowId[57] in ASAC
06-14 08:02:44.821  6134  6165 W C01D11/anco_service_broker/AamsBrokerService: [(DeregisterElementOperator:280)]Not find windowId[55] in ASAC
06-14 08:02:44.823  1590  2079 W C01336/foundation/AMS: [crowd_test_interceptor.cpp54]GetAppInfo failed
06-14 08:02:44.823  1590  2079 W C01120/foundation/BMS: get running rule -n empty
06-14 08:02:44.832  6134  6134 W C01120/anco_service_broker/BMS: GetParcelableInfo reply false
06-14 08:02:44.832  6134  6134 W C01121/anco_service_broker/BMSQuery: bundle_mgr_proxy.cpp:QueryAbilityInfo:1311 QueryAbilityInfo mutiparam from server fail
06-14 08:02:44.832  6134  6134 E C01CBD/anco_service_broker/AmsBrokerService: [AmsBroker(HasPermissionsDeclareForAbility:106)]query ability info failed from bundleMgr Ability:DataShareExtAbility, bundle:com.ohos.medialibrary.medialibrarydata.
06-14 08:02:44.833  1590  2079 W C01337/foundation/EcologicalRule: [ERI235]failed,uid: 5557
06-14 08:02:44.838  1590  2079 E C01312/foundation/DbObsMgr: [dataobs_mgr_inner_ext.cpp281]subscribers num :0
06-14 08:02:44.839  1590  2079 E C01312/foundation/DbObsMgr: [dataobs_mgr_inner_ext.cpp281]subscribers num :0
06-14 08:02:44.845   772 10466 W C02B87/audio_server/AudioDeviceCommon: [GetPreferredOutputDeviceDescInner]Invalid usage[0], return current device.
06-14 08:02:44.994  1461 10440 W C01650/parent_control_service/RdbStoreManager: IsConfigInvalidChanged:no bundleName
06-14 08:02:44.995  1461 10440 E C01650/parent_control_service/SilentProxy: IsSupportSilentFromService:GetRdbService failed, err is 27394049.
06-14 08:02:45.232   855   900 W C057C3/memmgrservice/IPCObjectStub: SendRequestInner: Stub(desc:*.AncoStatusSubcriber) code:0 cost:503ms
06-14 08:02:45.346 10631 10631 E C01F04/com.huawei.hmos.skytone/CoreServiceSimJsApi: NapiAsyncBaseCompleteCallback deferred error and resolved is true
06-14 08:02:45.358 10631 10631 E C01F04/com.huawei.hmos.skytone/CoreServiceSimJsApi: NapiAsyncBaseCompleteCallback deferred error and resolved is true
06-14 08:02:45.363 10631 10631 E C01F04/com.huawei.hmos.skytone/CoreServiceSimJsApi: NapiAsyncBaseCompleteCallback deferred error and resolved is true
06-14 08:02:45.367 10631 10631 E C01F04/com.huawei.hmos.skytone/CoreServiceSimJsApi: NapiAsyncBaseCompleteCallback deferred error and resolved is true
06-14 08:02:45.517  1383  2045 I C02C02/PARAM: SystemSetParameter name odm.ril.hw_modem1.rssi id:175063 ret:0
06-14 08:02:45.579  1179  1290 W C01C42/time_service/TimeService: uid:5557 id:1884301233 wk:0
06-14 08:02:45.580  1179  1290 W C01C42/time_service/TimeService: bat:49 id:1884301233 we:360607296 mwe:425407296
06-14 08:02:45.580  1179  1290 W C01C42/time_service/TimeService: t3 315086733
06-14 08:02:45.625  2654  8670 E C01560/wifi_manager_service/WifiCongestionService: HandleSignalPollChangedMsg unsupported
06-14 08:02:45.686  1179  1290 W C01C42/time_service/TimeService: t3 315087274
06-14 08:02:45.758  2905  3644 E C01CCD/bms_broker/Broker: [ (OnAncoStatusChanged:89)]main handler is nullptr
06-14 08:02:45.760   968  6137 I C02C02/PARAM: SystemSetParameter name anco_state id:25291 ret:0
06-14 08:02:45.761   605   691 I C02C03/PARAM_WATCHER: ProcessParameterChange key:anco_state pid:855
06-14 08:02:45.762   605   691 I C02C03/PARAM_WATCHER: ProcessParameterChange key:anco_state pid:1383
06-14 08:02:45.762   605   691 I C02C03/PARAM_WATCHER: ProcessParameterChange key:anco_state pid:856
06-14 08:02:45.762   605   691 I C02C03/PARAM_WATCHER: ProcessParameterChange key:anco_state pid:6135
06-14 08:02:45.762   605   691 I C02C03/PARAM_WATCHER: ProcessParameterChange key:anco_state pid:6133
06-14 08:02:45.762   605   691 I C02C03/PARAM_WATCHER: ProcessParameterChange key:anco_state pid:6134
06-14 08:02:45.767  6134  6134 E C01CCD/anco_service_broker/GraphicBroker: SetVSyncEnabledLocked: set vsync rate failed, ret=40001000, rate=-1
06-14 08:02:45.773  1590 60356 W C01340/foundation/Ext: [ABCM663]normal:28962
06-14 08:02:45.773  1590 60356 W C01340/foundation/Ext: [ABCM526]empty
06-14 08:02:45.957  1374 11410 W C00104/bluetooth_service/bt_osi_thread: [-1]thread id 11410, thread name alarm_dispatcher exited
06-14 08:02:45.978  1766  1812 E C02925/bms_behavior/bms_file: [BmsFileReadBuffer]: file /sys/class/hw_power/coul/coul_data/rbatt is invalid
06-14 08:02:46.228  1179  1290 W C01C42/time_service/TimeService: uid:1096 id:185395133 wk:0
06-14 08:02:46.228  1179  1290 W C01C42/time_service/TimeService: t3 315088733
06-14 08:02:46.228  1179  1290 W C01C42/time_service/TimeService: id:185395133 we:315092274
06-14 08:02:46.648  2654 50584 E C01560/wifi_manager_service/WifiCongestionService: HandleSignalPollChangedMsg unsupported
06-14 08:02:47.321  1383  2045 I C02C02/PARAM: SystemSetParameter name odm.ril.hw_modem0.rssi id:175064 ret:0
06-14 08:02:47.339  1590 60356 E C057C2/foundation/IPCObjectProxy: PrintErrorDetailedInfo: failed, handle:2527 error:29189 desc:*.TelephonyObserverBroker proxy:2614060416 time:232535674611392
06-14 08:02:47.345  1590 60356 E C057C2/foundation/IPCObjectProxy: PrintErrorDetailedInfo: failed, handle:4016 error:29189 desc:*.TelephonyObserverBroker proxy:2756025344 time:232535679699934
06-14 08:02:47.349  1590 60356 E C057C2/foundation/IPCObjectProxy: PrintErrorDetailedInfo: failed, handle:4360 error:29189 desc:*.TelephonyObserverBroker proxy:2756386688 time:232535684631184
06-14 08:02:47.374  1590 60356 E C057C2/foundation/IPCObjectProxy: PrintErrorDetailedInfo: failed, handle:7419 error:29189 desc:*.TelephonyObserverBroker proxy:2715203456 time:232535708902017
06-14 08:02:47.661  2654  8669 E C01560/wifi_manager_service/WifiCongestionService: HandleSignalPollChangedMsg unsupported
06-14 08:02:47.686  1179  1290 W C01C42/time_service/TimeService: t3 315089626
06-14 08:02:47.858 11826 11826 W C01650/usage_report/RdbStoreManager: IsConfigInvalidChanged:no bundleName
06-14 08:02:47.862 11826 11826 E C01650/usage_report/SilentProxy: IsSupportSilentFromService:GetRdbService failed, err is 27394049.
06-14 08:02:48.026  1590 60356 E C057C2/foundation/IPCObjectProxy: PrintErrorDetailedInfo: failed, handle:4798 error:29189 desc:*.TelephonyObserverBroker proxy:2765364352 time:232536361181184
06-14 08:02:48.034  1590 60356 E C057C2/foundation/IPCObjectProxy: PrintErrorDetailedInfo: failed, handle:5856 error:29189 desc:*.TelephonyObserverBroker proxy:2705863168 time:232536369307746
06-14 08:02:48.038  1590 60356 E C057C2/foundation/IPCObjectProxy: PrintErrorDetailedInfo: failed, handle:6396 error:29189 desc:*.TelephonyObserverBroker proxy:2706172160 time:232536373352538
06-14 08:02:48.040  1590 60356 E C057C2/foundation/IPCObjectProxy: PrintErrorDetailedInfo: failed, handle:5704 error:29189 desc:*.TelephonyObserverBroker proxy:2705454720 time:232536375622330
06-14 08:02:48.049  1590 60356 E C057C2/foundation/IPCObjectProxy: PrintErrorDetailedInfo: failed, handle:6851 error:29189 desc:*.TelephonyObserverBroker proxy:2705726592 time:232536384339517
06-14 08:02:48.579  1179  1290 W C01C42/time_service/TimeService: t3 315090733
06-14 08:02:48.671  2654 10180 E C01560/wifi_manager_service/WifiCongestionService: HandleSignalPollChangedMsg unsupported
06-14 08:02:49.287  1413  2072 W C02943/power_host/ThermalHdi: Read node failed, title = brightness
06-14 08:02:49.360  1383  2045 I C02C02/PARAM: SystemSetParameter name odm.ril.hw_modem1.rssi id:175065 ret:0
06-14 08:02:49.372  1590 60356 E C057C2/foundation/IPCObjectProxy: PrintErrorDetailedInfo: failed, handle:2399 error:29189 desc:*.TelephonyObserverBroker proxy:2282397824 time:232537707247850
06-14 08:02:49.388  1590 60356 E C057C2/foundation/IPCObjectProxy: PrintErrorDetailedInfo: failed, handle:4669 error:29189 desc:*.TelephonyObserverBroker proxy:2619129344 time:232537723192642
06-14 08:02:49.393 10631 10631 E C01F04/com.huawei.hmos.skytone/CoreServiceSimJsApi: NapiAsyncBaseCompleteCallback deferred error and resolved is true
06-14 08:02:49.399 10631 10631 E C01F04/com.huawei.hmos.skytone/CoreServiceSimJsApi: NapiAsyncBaseCompleteCallback deferred error and resolved is true
06-14 08:02:49.399 10631 10631 E C01F04/com.huawei.hmos.skytone/CoreServiceSimJsApi: NapiAsyncBaseCompleteCallback deferred error and resolved is true
06-14 08:02:49.402  1590 60356 E C057C2/foundation/IPCObjectProxy: PrintErrorDetailedInfo: failed, handle:5397 error:29189 desc:*.TelephonyObserverBroker proxy:2705458176 time:232537736847850
06-14 08:02:49.402 10631 10631 E C01F04/com.huawei.hmos.skytone/CoreServiceSimJsApi: NapiAsyncBaseCompleteCallback deferred error and resolved is true
06-14 08:02:49.402  1590 60356 E C057C2/foundation/IPCObjectProxy: PrintErrorDetailedInfo: failed, handle:6704 error:29189 desc:*.TelephonyObserverBroker proxy:2767371008 time:232537737420767
06-14 08:02:49.402  1590 60356 E C057C2/foundation/IPCObjectProxy: PrintErrorDetailedInfo: failed, handle:4507 error:29189 desc:*.TelephonyObserverBroker proxy:2705757056 time:232537737610350
06-14 08:02:49.403  1590 60356 E C057C2/foundation/IPCObjectProxy: PrintErrorDetailedInfo: failed, handle:5020 error:29189 desc:*.TelephonyObserverBroker proxy:2766353408 time:232537737798371
06-14 08:02:49.404  1590 60356 E C057C2/foundation/IPCObjectProxy: PrintErrorDetailedInfo: failed, handle:6871 error:29189 desc:*.TelephonyObserverBroker proxy:2766618880 time:232537738994725
06-14 08:02:49.411  1590 60356 E C057C2/foundation/IPCObjectProxy: PrintErrorDetailedInfo: failed, handle:8194 error:29189 desc:*.TelephonyObserverBroker proxy:2786108032 time:232537746554621
06-14 08:02:49.678  2654 10171 E C01560/wifi_manager_service/WifiCongestionService: HandleSignalPollChangedMsg unsupported
06-14 08:02:49.686  1179  1290 W C01C42/time_service/TimeService: t3 315092274
06-14 08:02:50.311  1590 60356 W C01340/foundation/Ext: [ABCM526]empty
06-14 08:02:50.359  1590 11837 W C01335/foundation/Connection: [connection_state_manager.cpp421]callerPid:10631
06-14 08:02:50.361  2654  9946 W C01560/wifi_manager_service/WifiDeviceDeathRecipient: OnRemoteDied!
06-14 08:02:50.360   838   857 E C02F06/huks_service/HUKS: HksServiceAbortByPid: operationHandle by pid failed! not exist or being busy
06-14 08:02:50.360   610   610 E C05B00/cadaemon/tee_client: teec client is died, pid=10631
06-14 08:02:50.361   610   610 E C05B00/cadaemon/tee_client: died teec client found, pid=10631
06-14 08:02:50.361   605 33483 I C02C03/PARAM_WATCHER: [watcher_manager.cpp:511]Agent died 11284 10631
06-14 08:02:50.361   610   610 E C05B00/cadaemon/tee_client: caDied: getCallingPid=10631
06-14 08:02:50.361   605 33483 I C02C03/PARAM_WATCHER: [watcher_manager.cpp:697]Delete param watcher remoteWatcherId 11284 group 154
06-14 08:02:50.362  1051 10330 E C01F04/telephony/TelephonySubsystem: OnRemoteDied remote server death
06-14 08:02:50.363  1012  1198 E C015B0/netmanager/NetConnManager: netController_ is nullptr
06-14 08:02:50.367  2938  2938 W A01A00/com.ohos.sceneboard/SYS_UI: AppLifeCycleManager: onProcessDied, uid: 20020013, bundleName: com.huawei.hmos.skytone, pid: 10631
06-14 08:02:50.368  3040  3040 W A06666/com.huawei.hmos.aidataservice/160002364: Info_Publisher: publish AppProcess
06-14 08:02:50.369   855  9949 E C02699/memmgrservice/MM: UpdatePriorityLocked DIED: u=20020013 not exist, p=10631
06-14 08:02:50.374   610   610 E C05B00/cadaemon/tee_client: delete client come in, pid=10631
06-14 08:02:50.376  3040 11843 W A00F00/com.huawei.hmos.aidataservice/CA: [AppProcessAbility:77]: AppProcessAbility return
06-14 08:02:50.381  1311  7736 E C02925/battery_extra_host/power_hidl: [PowerHidlWriteStr]: file /sys/devices/virtual/hw_power/interface/vterm_dec write failed
06-14 08:02:50.381  1311  7736 E C02925/battery_extra_host/power_hidl: [HwPwrWriteCompatible]: write fcp 30 to /sys/class/hw_power/interface/vterm_dec fail
06-14 08:02:50.382  1659  2357 E C057C2/batterycare_service/IPCObjectProxy: PrintErrorDetailedInfo: failed, handle:8 error:1 desc:*.IBatteryExtraInterface proxy:2850185984 time:232538716928059
06-14 08:02:50.382  1659  2357 E C02510/batterycare_service/battery_extra_interface_proxy: SetBatteryExtraState_ failed, error code is 1
06-14 08:02:50.382  1659  2357 E C02930/batterycare_service/BCS/Base/Data: [74750][SetValue:133]:SetHdiValue SetValue:scene:vterm_dec, value fcp 30 failed, ret=1
06-14 08:02:50.382  1659  2357 E C02930/batterycare_service/BCS/Base/Arb_HdiParam: [74751][SetHdiValue:197]:SetHdiValue Fail: Hdi Set Fail [ret:1, module:BASP, scene:vterm_dec,             value:fcp 30]
06-14 08:02:50.476   609   609 W C02C11/appspawn/APPSPAWN: [appspawn_service.c:124]com.huawei.hmos.skytone with pid 10631 exit with code:0
06-14 08:02:50.475   604 10011 W C01800/samgr/SAMGR: rm task unloadTimeoutcloudinterfaceauth NF
06-14 08:02:50.476  1539 10835 W C05500/huawei_id_svc/AuthInnerApi: Remote systemAbility dead.
06-14 08:02:50.568  3040  3040 W A06666/com.huawei.hmos.aidataservice/160002364: Info_Publisher: publish SetIntervalTimer
06-14 08:02:50.577  3040 11845 W A00F00/com.huawei.hmos.aidataservice/CA: [SituationStorageOperator:54]: same storage id
06-14 08:02:50.671   856  1405 W C02802/multimodalinput/KnuckleHandler: [|1225]SetKnuckleSwitch is successful in keyCommand handler, knuckleSwitch:1
06-14 08:02:50.684  2654 10180 E C01560/wifi_manager_service/WifiCongestionService: HandleSignalPollChangedMsg unsupported
06-14 08:02:50.739  1486 10204 E C02242/softbus_server/BleAlgorithm: TwsBleRange# Invalid advPower=<private>
06-14 08:02:50.828  5839  5908 E C05930/rgm_manager/RGM_MANAGER: [(ToCustomJsonBody:166)]pause or resume request from 5839
06-14 08:02:50.832  1153 11850 E C05938/isulad/RGM_ENGINE_PLUGIN: [(check_pause_request_vaild:67)]peer request from 5839, 1751795014888
06-14 08:02:50.832  1153 11850 E C05938/isulad/RGM_ENGINE_PLUGIN: [(check_pause_request_vaild:82)]peer request from rgm_manager:5839
06-14 08:02:50.838  1153 11850 E C05938/isulad/RGM_ENGINE_PLUGIN: [(container_pause_cb:1097)]Event: {Object: ff43e76239634bd9fe644a28060d830d87f5d8568ef8ebaa870203db07055c76, Type: Pausing}
06-14 08:02:50.854  1153 11850 E C05938/isulad/RGM_ENGINE_PLUGIN: [(cgfsng_set:3450)]set state FROZEN to freezer.state
06-14 08:02:50.863  1153 11850 W C05938/isulad/RGM_ENGINE_PLUGIN: [(do_freeze_thaw:49)]Start to wait ff43e76239634bd9fe644a28060d830d87f5d8568ef8ebaa870203db07055c76 change to FROZEN
06-14 08:02:50.866  1153 11850 W C05938/isulad/RGM_ENGINE_PLUGIN: [GetRgmStateParam:78]current rgm state is 1
06-14 08:02:50.866  1153 11850 I C02C02/PARAM: SystemSetParameter name virt_service.rgm_state.rgm_hmos id:10642 ret:0
06-14 08:02:50.866  1153 11850 E C05938/isulad/RGM_ENGINE_PLUGIN: [(container_state_set_paused:249)]Update PAUSED
06-14 08:02:50.867   605   691 I C02C03/PARAM_WATCHER: ProcessParameterChange key:virt_service.rgm_state.rgm_hmos pid:5839
06-14 08:02:50.867   605   691 I C02C03/PARAM_WATCHER: ProcessParameterChange key:virt_service.rgm_state.rgm_hmos pid:5430
06-14 08:02:50.867  1153 11850 E C05938/isulad/RGM_ENGINE_PLUGIN: [(container_pause_cb:1108)]Event: {Object: ff43e76239634bd9fe644a28060d830d87f5d8568ef8ebaa870203db07055c76, Type: Paused}
06-14 08:02:50.867  5839  5839 W C05930/rgm_manager/RGM_MANAGER: [(OnRgmStateChanged:790)]Rgm status changed: rgm_hmos paused
06-14 08:02:50.867  5839  5839 W C05932/rgm_manager/RGM_STATUS: [(OnContainerStatusChanged:587)]On Container Status Changed enter
06-14 08:02:50.868  5839  5908 W C05932/rgm_manager/RGM_STATUS: [(HttpSocketSelect:307)]select end, ret:1, errno:0
06-14 08:02:50.868  5839  5839 W C05930/rgm_manager/RGM_MANAGER: [(NotifyContainerStatusChanged:43)]Notify Status Changed SendRequest ret:0
06-14 08:02:50.868  5839  5839 W C05932/rgm_manager/RGM_STATUS: [(OnContainerStatusChanged:598)]notify rgm status changed status:120                 ret:1
06-14 08:02:50.868  5839  5908 E C05930/rgm_manager/RGM_MANAGER: [(SetStringField:309)]key not exist, key: errmsg
06-14 08:02:50.871  5430  5430 I C02C02/PARAM: SystemSetParameter name hmos_fusion_mgr.ctl.fsm_state id:10673 ret:0
06-14 08:02:50.872   605   691 I C02C03/PARAM_WATCHER: ProcessParameterChange key:hmos_fusion_mgr.ctl.fsm_state pid:855
06-14 08:02:50.872   605   691 I C02C03/PARAM_WATCHER: ProcessParameterChange key:hmos_fusion_mgr.ctl.fsm_state pid:2905
06-14 08:02:50.872   605   691 I C02C03/PARAM_WATCHER: ProcessParameterChange key:hmos_fusion_mgr.ctl.fsm_state pid:968
06-14 08:02:50.875  2905  3644 E C01CCD/bms_broker/Broker: [ (OnAncoStatusChanged:89)]main handler is nullptr
06-14 08:02:50.875   605   691 I C02C03/PARAM_WATCHER: ProcessParameterChange key:hmos_fusion_mgr.ctl.fsm_state pid:6134
06-14 08:02:50.880   968 44632 I C02C02/PARAM: SystemSetParameter name anco_state id:25292 ret:0
06-14 08:02:50.881   605   691 I C02C03/PARAM_WATCHER: ProcessParameterChange key:anco_state pid:855
06-14 08:02:50.881   605   691 I C02C03/PARAM_WATCHER: ProcessParameterChange key:anco_state pid:1383
06-14 08:02:50.882   605   691 I C02C03/PARAM_WATCHER: ProcessParameterChange key:anco_state pid:856
06-14 08:02:50.882   605   691 I C02C03/PARAM_WATCHER: ProcessParameterChange key:anco_state pid:6135
06-14 08:02:50.882   605   691 I C02C03/PARAM_WATCHER: ProcessParameterChange key:anco_state pid:6133
06-14 08:02:50.882   605   691 I C02C03/PARAM_WATCHER: ProcessParameterChange key:anco_state pid:6134
06-14 08:02:50.885  2938 21149 E C02B91/com.ohos.sceneboard/AVSession: [HandleEvent]not register callback event=3
06-14 08:02:50.886  3040 21150 E C02B91/com.huawei.hmos.aidataservice/AVSession: [HandleEvent]not register callback event=3
06-14 08:02:51.020  1766  1812 E C02925/bms_behavior/bms_file: [BmsFileReadBuffer]: file /sys/class/hw_power/coul/coul_data/rbatt is invalid
06-14 08:02:51.021  1486 10204 E C02242/softbus_server/BleAlgorithm: TwsBleRange# Invalid advPower=<private>
06-14 08:02:51.027  1486 10204 E C02242/softbus_server/BleAlgorithm: TwsBleRange# Invalid advPower=<private>
06-14 08:02:51.228  1179  1290 W C01C42/time_service/TimeService: uid:1096 id:185395133 wk:0
06-14 08:02:51.228  1179  1290 W C01C42/time_service/TimeService: id:185395133 we:315097274
06-14 08:02:51.228  1179  1290 W C01C42/time_service/TimeService: t3 315092626
06-14 08:02:51.332  1486 10204 E C02242/softbus_server/BleAlgorithm: TwsBleRange# Invalid advPower=<private>
06-14 08:02:51.370   855  9950 E C03D00/utils_base: Couldn't unlinkat subFile procs: Operation not permitted
06-14 08:02:51.555  1374 11849 W C00104/bluetooth_service/hw_bt_hci: [20]btu_hcif_log_event_metrics: incoming connection bda 08:31:**:**:**:fd cod 0x240418 link_type 1
06-14 08:02:51.555  1374 11849 W C00104/bluetooth_service/hw_bt_hci: [20]btu_hcif_connection_request_evt: incoming connection bda 08:31:**:**:**:fd cod 0x240418 link_type 1
06-14 08:02:51.557  1374 11849 W C00104/bluetooth_service/l2c_link: [20]link_xmit_data_q is null
06-14 08:02:51.557  1374 11849 W C00104/bluetooth_service/btm_acl: [20]Unable to find active acl
06-14 08:02:51.557  1374 11849 W C00104/bluetooth_service/hw_bt_l2cap: [20]accept incoming connection: p_lcb->link_role = 0 bda 08:31:**:**:**:fd
06-14 08:02:51.557  1374 11849 W C00104/bluetooth_service/bt_l2cap: [20]l2c_link_hci_conn_req: start l2c_lcb_timer 60000 ms
06-14 08:02:51.560  1395  3980 E C01550/blue_host/bt_vendor: p_evt_buf->len less than hci evt cmd cmpl min is 4.
06-14 08:02:51.562  1374 11849 E C00104/bluetooth_service/hw_btif_if: [4]### ASSERT : ReadRssiTransferToUpper line 126 Callback is NULL (0) ###
06-14 08:02:51.580  1179  1290 W C01C42/time_service/TimeService: t3 315092733
06-14 08:02:51.644  1486 10204 E C02242/softbus_server/BleAlgorithm: TwsBleRange# Invalid advPower=<private>
06-14 08:02:51.686  1179  1290 W C01C42/time_service/TimeService: t3 315094733
06-14 08:02:51.693  2654 57700 E C01560/wifi_manager_service/WifiCongestionService: HandleSignalPollChangedMsg unsupported
06-14 08:02:51.754  1374 11849 W C00104/bluetooth_service/btm_acl: [20]Unable to find active acl
06-14 08:02:51.754  1374 11849 E C00104/bluetooth_service/hw_bt_btif: [20]HwUhdRoleChangedEvt without invaild lcb.
06-14 08:02:51.754  1374 11849 W C00104/bluetooth_service/btm_acl: [20]Unable to find active acl, delay role change
06-14 08:02:51.760  1374 11848 W C00104/bluetooth_service/bt_btm: [20]BtmResumeBleScan: ble scan is resumed by other bg activity
06-14 08:02:51.760  1374 11848 W C00104/bluetooth_service/bt_l2cap: [20]HwGetConnReasonFlag
06-14 08:02:51.761  1374 11848 W C00104/bluetooth_service/bt_l2cap: [20]HwGetConnReasonData
06-14 08:02:51.761  1374 11848 W C00104/bluetooth_service/bt_l2cap: [20]l2c_link_hci_conn_comp: start l2c_lcb_timer(l2cap) 60000 ms
06-14 08:02:51.771  1374 11849 W C00104/bluetooth_service/hw_bt_btm: [4]remote version info [08:31:**:**:**:fd]: lmp_ver b, mfct_set 10f, lmp_subver 1565
06-14 08:02:51.811  1374 11851 W C00102/bluetooth_service/bt_service_cloud_device_manager: [4](StopBtAclTimer)not find the device! device:08:31:**:**:**:FD
06-14 08:02:51.812  1374 11851 E C00102/bluetooth_service/bt_service_edm: [4](IsAllowedConnect)IsAllowedConnect blacklist is empty
06-14 08:02:51.817  1486 10204 W C05762/softbus_server/ConnProxy: OnProxyAclStateChanged# state=0, addr=08:31:a4:**:**:fd
06-14 08:02:51.818  1486  3289 W C05762/softbus_server/ConnProxy: AclStateChangedHandler# no reconnect device
06-14 08:02:51.822  1486 10204 W C04902/softbus_server/WearServiceLP: [reconnect_observer.cpp(OnAclStateChanged:22)]ACL OnAclStateChanged 08:3******A:FD to 1,BtType=0
06-14 08:02:51.822  1486 10204 W C04902/softbus_server/WearServiceLP: [reconnect_manager.h(operator():109)]08:******:FD is not reconnectable
06-14 08:02:51.826  5422 10244 W C00101/findnetwork/bt_c_adapter_gap: (OnAclStateChanged:175)callback func is null!
06-14 08:02:51.832  1590  2274 W C04201/foundation/DMS: [a92ab6521b3feb2 0 0] NotifyUnfreezed: pid,type:1946,11 |4323,11 |10558,11 |12307,3 |23110,17 |29837,3 |31468,11 |44875,3 11 |45772,11 |57799,11 |
06-14 08:02:51.839  1385  1385 E C01500/comm_protocol_resource_manager/CommResourceManager: [(GetEncryptAddr:31)]addr is invalid.
06-14 08:02:51.841  1590 40909 W C01337/foundation/EcologicalRule: [ERI235]failed,uid: 5520
06-14 08:02:51.844  1590 40909 W C01336/foundation/AMS: [ABR1579]nullptr
06-14 08:02:51.845  1590 40909 W C01336/foundation/AMS: [ABMS3827]null callerToken
06-14 08:02:51.849   604 10011 I C02C02/PARAM: SystemWaitParameter startup.service.ctl.aam_connection_svc v 5 ret 0
06-14 08:02:51.860   604 10011 I C02C02/PARAM: SystemSetParameter name ohos.ctl.start id:13358 ret:0
06-14 08:02:51.870 11522 11522 I C02C02/PARAM: ResetParamSecurityLabel Fd:19
06-14 08:02:51.894 11522 11522 W C02C11/com.huawei.hmos.ailifesvc/APPSPAWN: errno:13 private mount to /mnt/sandbox/100/com.huawei.hmos.ailifesvc/chip_prod/lib64/passthrough '524288' failed
06-14 08:02:51.896 11522 11522 W C02C11/com.huawei.hmos.ailifesvc/APPSPAWN: check dir /data/app/el1/public/aot_compiler/ark_cache/com.huawei.hmos.ailifesvc failed,strerror:No such file or directory
06-14 08:02:51.899 11522 11522 W C02C11/com.huawei.hmos.ailifesvc/APPSPAWN: errno:2 bind mount /data/preload/app to /mnt/sandbox/100/com.huawei.hmos.ailifesvc/data/preload/app
06-14 08:02:51.904 11522 11522 W C02C11/com.huawei.hmos.ailifesvc/APPSPAWN: errno:2 bind mount /data/service/el1/public/bms/bundle_manager_service/uninstalled_preload to /mnt/sandbox/100/com.huawei.hmos.ailifesvc/data/bms/uninstalled_preload/
06-14 08:02:51.907 11522 11522 E C05A06/com.huawei.hmos.ailifesvc/CODE_SIGN: [XpmIoctl]:Ioctl cmd 40087803 failed: Invalid argument (ignore)
06-14 08:02:51.913 11522 11858 W C057C1/com.huawei.hmos.ailifesvc/IPCWorkThread: ThreadHandler: proto:0 policy:1 name:OS_IPC_0_11858 invoker:1365336704
06-14 08:02:51.913 11522 11859 W C057C1/com.huawei.hmos.ailifesvc/IPCWorkThread: ThreadHandler: proto:0 policy:0 name:OS_IPC_1_11859 invoker:1272944640
06-14 08:02:51.917  1590 11836 W C01336/foundation/AMS: [resident_process_manager.cpp269]rdbResult: 5
06-14 08:02:51.919 11856 11856 W C01800/aam_connection_svc/SAMGR: invalid condition eventId: 
06-14 08:02:51.919 11856 11856 W C01800/aam_connection_svc/SAMGR: invalid condition eventId: 
06-14 08:02:51.921 11856 11862 W C057C1/aam_connection_svc/IPCWorkThread: ThreadHandler: proto:0 policy:1 name:OS_IPC_0_11862 invoker:1371566720
06-14 08:02:51.923  3040  3040 W A06666/com.huawei.hmos.aidataservice/160002364: Info_Publisher: publish AppProcess
06-14 08:02:51.925  3040 11845 W A00F00/com.huawei.hmos.aidataservice/CA: [AppProcessAbility:77]: AppProcessAbility return
06-14 08:02:51.927  1590 11836 W C01300/foundation/AAFwk: [event_handler_wrap.cpp118]can't find event: 14_11522 
06-14 08:02:51.929 11522 11865 W C057C1/com.huawei.hmos.ailifesvc/IPCWorkThread: ThreadHandler: proto:0 policy:0 name:OS_IPC_2_11865 invoker:1288712832
06-14 08:02:51.929 11522 11867 W C057C1/com.huawei.hmos.ailifesvc/IPCWorkThread: ThreadHandler: proto:0 policy:0 name:OS_IPC_3_11867 invoker:1365342464
06-14 08:02:51.937   788 10366 I C02C02/PARAM: SystemSetParameter name persist.ffrt.interval.appRate id:121381 ret:0
06-14 08:02:51.938   788 10366 I C02C02/PARAM: SystemSetParameter name persist.ffrt.interval.rsRate id:121382 ret:0
06-14 08:02:51.948  1590 60356 W C01650/foundation/RdbStoreManager: IsConfigInvalidChanged:no bundleName
06-14 08:02:51.948  1590 60356 E C01650/foundation/SilentProxy: IsSupportSilentFromService:GetRdbService failed, err is 27394049.
06-14 08:02:51.950 11522 11522 W C01305/com.huawei.hmos.ailifesvc/Base: [zip_file.cpp(ExtractToBufByName:966)]GetEntry from pkgContextInfo.json err
06-14 08:02:51.950 11522 11522 W C01305/com.huawei.hmos.ailifesvc/Base: [zip_file.cpp(ExtractToBufByName:966)]GetEntry from pkgContextInfo.json err
06-14 08:02:51.951 11522 11522 W C01305/com.huawei.hmos.ailifesvc/Base: [zip_file.cpp(ExtractToBufByName:966)]GetEntry from pkgContextInfo.json err
06-14 08:02:51.953 11522 11522 W C01321/com.huawei.hmos.ailifesvc/JsRuntime: [CSM161]not Connected
06-14 08:02:51.954   605 33483 I C02C03/PARAM_WATCHER: [watcher_manager.cpp:72]Add remote watcher remoteWatcherId 11285 11522 success
06-14 08:02:51.954   605 33483 I C02C03/PARAM_WATCHER: SendLocalChange start keyPrefix persist.hdc.jdwp remoteWatcherId 11285
06-14 08:02:51.955 11522 11522 W C01E00/com.huawei.hmos.ailifesvc/ResourceManager: update userId, currentUserId_= 0, userId= 100
06-14 08:02:51.955   605 33483 I C02C03/PARAM_WATCHER: [watcher_manager.cpp:187]Add watcher persist.hdc.jdwp remoteWatcherId: 11285 groupId 154 success
06-14 08:02:51.955 11522 11877 I C02C03/PARAM_WATCHER: Add watcher keyPrefix persist.hdc.jdwp remoteWatcherId 11285 success
06-14 08:02:51.956  1590 60356 W C01650/foundation/RdbStoreImpl: ExchangeSlaverToMaster:exchange st:3, bun***.db,
06-14 08:02:51.960 11522 11868 W C01653/com.huawei.hmos.ailifesvc/NativePreferences: LoadFromDisk: The settingXml /***/el1/***/i18*** load failed.
06-14 08:02:51.962 11522 11522 E C01301/com.huawei.hmos.ailifesvc/CompatiblePolicyDeviceType: [calculateResourceType:81]deviceType is empty.
06-14 08:02:51.968 11522 11522 W C04201/com.huawei.hmos.ailifesvc/DMS: RegisterClientDeathListener: regis reverse death
06-14 08:02:51.968  1590 60356 W C04201/foundation/DMS: screen_session.cpp: call BMS
06-14 08:02:51.974 11522 11522 W C01317/com.huawei.hmos.ailifesvc/AppKit: [JAS906]null stage
06-14 08:02:51.974 11522 11522 W C01317/com.huawei.hmos.ailifesvc/AppKit: [JAS236]Not found AbilityStage.js
06-14 08:02:51.993  1374 11823 E C00102/bluetooth_service/bt_service_hfp_ag: [6](ProcessDefaultEvent)Invalid address[08:31:**:**:**:FD]
06-14 08:02:51.993  1374 11849 E C00102/bluetooth_service/bt_service_device_battery: [4](SetDeviceSupportBattery)failed!
06-14 08:02:52.006  1374 11849 E C00102/bluetooth_service/bt_service_device_battery: [4](ParseBatteryInfo)kvPairNum: 6, size: 13
06-14 08:02:52.006 11522 11522 E C01700/com.huawei.hmos.ailifesvc/RSS: ResSchedClient::ReportData type not subscribed.
06-14 08:02:52.016 11522 11522 W C03F04/com.huawei.hmos.ailifesvc/MMG: [NMM:1289] Name mismatch: systemParameterEnhance != systemParameterV9
06-14 08:02:52.018  1374 11851 E C00104/bluetooth_service/hw_bt_btif: [20]HwBtifIsRemoteSupportAutoRateV2 twsRecord is nullptr
06-14 08:02:52.018  1374 11851 W C00104/bluetooth_service/Bluetooth: [20]HwBtShareAudio: IsEnableA2dpShare isEnableA2dpShare=0
06-14 08:02:52.018  1374 11851 W C00104/bluetooth_service/Bluetooth: [20]HwBtShareAudio: IsEnableA2dpShare isEnableA2dpShare=0
06-14 08:02:52.022  1590  3385 W C01202/foundation/Subscriber: Subscribe usual.event.PLUGIN_PACKAGE_CHANGED,usual.event.PLUGIN_PACKAGE_ADDED,usual.event.PLUGIN_PACKAGE_REMOVED, without any restrict subid = 11522_20020027_-1_41217_232540356
06-14 08:02:52.022  1374 11849 E C00104/bluetooth_service/hw_bt_btif: [20]HwBtifIsRemoteSupportAutoRateV2 twsRecord is nullptr
06-14 08:02:52.025  1374 11851 E C00104/bluetooth_service/hw_btif_if: [4]### ASSERT : HwBtifMediaPreemptCapCallback line 1670 Callback is NULL (0) ###
06-14 08:02:52.026  1374 11849 E C00104/bluetooth_service/hw_bt_btif: [20]HwBtifIsRemoteSupportAutoRateV2 twsRecord is nullptr
06-14 08:02:52.029  1374 11849 E C00104/bluetooth_service/hw_bt_btif: [20]HwBtifIsRemoteSupportAutoRateV2 twsRecord is nullptr
06-14 08:02:52.031 11522 11876 E C03F00/com.huawei.hmos.ailifesvc/ArkEtsVm: [nodict]ani: Cannot attach current thread, reached the limit of EAWorkers
06-14 08:02:52.032  1374 11851 E C00104/bluetooth_service/hw_bt_btif: [20]HwBtifIsRemoteSupportAutoRateV2 twsRecord is nullptr
06-14 08:02:52.036  1374 11849 E C00104/bluetooth_service/hw_bt_btif: [20]HwBtifIsRemoteSupportAutoRateV2 twsRecord is nullptr
06-14 08:02:52.038 11522 11876 W C01321/com.huawei.hmos.ailifesvc/JsRuntime: [CSM256]not Connected
06-14 08:02:52.038 11522 11876 W C01321/com.huawei.hmos.ailifesvc/JsRuntime: [CSM161]not Connected
06-14 08:02:52.040  1374 11849 E C00104/bluetooth_service/hw_bt_btif: [20]HwBtifIsRemoteSupportAutoRateV2 twsRecord is nullptr
06-14 08:02:52.043  1374 11848 E C00104/bluetooth_service/hw_bt_btif: [20]HwBtifIsRemoteSupportAutoRateV2 twsRecord is nullptr
06-14 08:02:52.046  1374 11848 E C00104/bluetooth_service/hw_bt_btif: [20]HwBtifIsRemoteSupportAutoRateV2 twsRecord is nullptr
06-14 08:02:52.049  1374 11848 E C00104/bluetooth_service/hw_bt_btif: [20]HwBtifIsRemoteSupportAutoRateV2 twsRecord is nullptr
06-14 08:02:52.053  1374 11848 E C00104/bluetooth_service/hw_bt_btif: [20]HwBtifIsRemoteSupportAutoRateV2 twsRecord is nullptr
06-14 08:02:52.056  1374 11849 E C00104/bluetooth_service/hw_bt_btif: [20]HwBtifIsRemoteSupportAutoRateV2 twsRecord is nullptr
06-14 08:02:52.057 11856 11886 W C057C1/aam_connection_svc/IPCWorkThread: ThreadHandler: proto:0 policy:0 name:OS_IPC_1_11886 invoker:1371567360
06-14 08:02:52.059 11522 11522 E A00000/com.huawei.hmos.ailifesvc/libcoap: VERSION : 2.0.20
06-14 08:02:52.074 11522 11522 W C03F04/com.huawei.hmos.ailifesvc/MMG: [NMM:1463]Module path conflict: collaboration.rcp
06-14 08:02:52.078 11522 11883 W C01650/com.huawei.hmos.ailifesvc/RdbStoreManager: IsConfigInvalidChanged:no bundleName
06-14 08:02:52.079 11522 11883 E C01650/com.huawei.hmos.ailifesvc/SilentProxy: IsSupportSilentFromService:GetRdbService failed, err is 27394049.
06-14 08:02:52.081 11522 11522 W C03F04/com.huawei.hmos.ailifesvc/MMG: [NMM:1463]Module path conflict: core.account.extendservice
06-14 08:02:52.084 11856 11856 E C02B8E/aam_connection_svc/AamConnectionSvc: [1][ReadJsonFileWithBackup:38]:ReadingFiles ReadJsonFileWithBackup access sa file failed /data/service/el1/public/aam_connection_svc/appid_whitelist.json, errno 2
06-14 08:02:52.088 11522 11522 W C03F07/MUSL-LDSO: load libz.so failed, namespace=ndk no inherits, errno=2
06-14 08:02:52.095  1712 10659 W C01810/CollaborationFwk/SA_CLIENT: OnLoadSaSucInner SA:65952 spend 0ms
06-14 08:02:52.096  1590  2847 W C01202/foundation/Subscriber: Subscribe usual.event.nearlink.host.SCAN_STARTED,usual.event.nearlink.remotedevice.REMOVE_PAIR, without any restrict subid = 11856_7878_-1_41218_232540430
06-14 08:02:52.096 11856 11902 E C02B8E/aam_connection_svc/AamConnectionSvc: [4][ReadJsonFileWithBackup:38]:ReadingFiles ReadJsonFileWithBackup access sa file failed /data/service/el1/public/aam_connection_svc/appid_whitelist.json, errno 2
06-14 08:02:52.097 11856 11902 E C02B8E/aam_connection_svc/AamConnectionSvc: [5][ReadJsonFileWithBackup:38]:ReadingFiles ReadJsonFileWithBackup access sa file failed /data/service/el1/public/aam_connection_svc/ha_config_list.json, errno 2
06-14 08:02:52.097 11856 11902 E C02B8E/aam_connection_svc/AamConnectionSvc: [6][ReadJsonFileWithBackup:38]:ReadingFiles ReadJsonFileWithBackup access sa file failed /data/service/el1/public/aam_connection_svc/device_whitelist.json, errno 2
06-14 08:02:52.099 11522 11522 W C03F07/MUSL-LDSO: load libyundun.so failed, namespace=ndk no inherits, errno=2
06-14 08:02:52.099 11856 11902 E C02B8E/aam_connection_svc/AamConnectionSvc: [7][ReadJsonFileWithBackup:38]:ReadingFiles ReadJsonFileWithBackup access sa file failed /data/service/el1/public/aam_connection_svc/silent_stream_device.json, errno 2
06-14 08:02:52.099 11522 11522 W C03F07/MUSL-LDSO: load libyundun.so failed, namespace=default no inherits, errno=2
06-14 08:02:52.099 11522 11522 W C03F07/MUSL-LDSO: load libyundun.so failed, namespace=moduleNs_default, errno=2
06-14 08:02:52.099 11522 11522 W C03F07/MUSL-LDSO: dlopen_impl load library header failed for libyundun.so
06-14 08:02:52.099 11522 11522 W C03F04/com.huawei.hmos.ailifesvc/MMG: [NMM:1267]key:default/yundun First: failed Error loading shared library libyundun.so: No such file or directory.Second: load module default/yundun failed..load  failed
06-14 08:02:52.099 11522 11522 E C03F00/com.huawei.hmos.ailifesvc/ArkCompiler: [ecmascript] export objects of native so is undefined, so name is @app:com.huawei.hmos.ailifesvc/entry/yundun
06-14 08:02:52.106  1590  5985 E C01F04/foundation/TelephonyCommon: get name for uid failed, error code : 8521233
06-14 08:02:52.106  1590  5985 E C05A01/foundation/ATM: [GetHapTokenInfo]TokenID =671590009 is invalid
06-14 08:02:52.106  1590  5985 E C011FB/foundation/BMSBroker: [GetBundleInfo:233][BmsBrokerProxy]bundleName empty
06-14 08:02:52.106  1590  5985 E C011FC/foundation/BMSExt: [GetBundleInfo:88]query container ability infos failed due to error code 8585217
06-14 08:02:52.106  1590  5985 E C01121/foundation/BMSQuery: query bundle_ext code 8585217
06-14 08:02:52.111  1712  8316 E C04619/CollaborationFwk/Detect: [service_browse_manager.cpp:102]RegisterTouchDeliverCallback# do NOT support this pkgName
06-14 08:02:52.111  1712  1997 W C04631/CollaborationFwk/AwarenessManager: ReportAwarenessData#213: report [AwarenessData.Device.BluetoothConnectDevice], isFromQuery: 0, userId: -1
06-14 08:02:52.112  1712  1997 W C04631/CollaborationFwk/AwarenessManager: Insert#85: insert cache data success, data size: 2 userId: -1
06-14 08:02:52.112  1712  3394 W C04631/CollaborationFwk/AwarenessManager: NotifityAwarenessDataChange#345: [AwarenessData.Device.BluetoothConnectDevice], userId: -1
06-14 08:02:52.112 11522 11522 W C03F04/com.huawei.hmos.ailifesvc/MMG: [NMM:1289] Name mismatch: hidAccessoryManager.peripheral != hidaccessorymanager.peripheral
06-14 08:02:52.112  1712  3394 W C04631/CollaborationFwk/AwarenessManager: QueryAwarenessData#293: query: [AwarenessData.Device.BluetoothConnectDevice], userId: -1
06-14 08:02:52.112   604  5986 E C05A03/samgr/Selinux: avc:  denied  { get } for service=1135 sid=o:r:normal_hap:s0:x59,x334,x512,x868,x1024 scontext=o:r:normal_hap:s0:x59,x334,x512,x868,x1024 tcontext=u:object_r:wireless_hid_accessory_manager_sa:s0 tclass=samgr_class permissive=0
06-14 08:02:52.112 11522 11522 E C057C2/com.huawei.hmos.ailifesvc/IPCObjectProxy: PrintErrorDetailedInfo: failed, handle:0 error:1 desc:*.accessToken proxy:1280414976 time:232540447365037
06-14 08:02:52.113 11856 11886 W C00151/aam_connection_svc/nearlink_fwk: [operator():388]execute serviceStartedFunc_, sle is enabled, maybe app is freezed before.
06-14 08:02:52.113 11856 11905 W C02B8E/aam_connection_svc/AamConnectionSvc: [39][UpdateJsonContent:65]:SettingsFileProxy UpdateJsonContent fail 10000 10000
06-14 08:02:52.114 11856 11905 W C02B8E/aam_connection_svc/AamConnectionSvc: [51][UpdateJsonContent:65]:SettingsFileProxy UpdateJsonContent fail 10002 10002
06-14 08:02:52.115 11856 11905 W C02B8E/aam_connection_svc/AamConnectionSvc: [52][UpdateJsonContent:65]:SettingsFileProxy UpdateJsonContent fail 7 7
06-14 08:02:52.116 11856 11905 W C02B8E/aam_connection_svc/AamConnectionSvc: [53][UpdateJsonContent:65]:SettingsFileProxy UpdateJsonContent fail 10004 10004
06-14 08:02:52.116  1590  5985 W C01337/foundation/EcologicalRule: [ERI235]failed,uid: 5520
06-14 08:02:52.117  1590  5985 W C01336/foundation/AMS: [ABR1579]nullptr
06-14 08:02:52.118  1590  5985 W C01336/foundation/AMS: [ABMS3827]null callerToken
06-14 08:02:52.118 11522 11522 W C03F04/com.huawei.hmos.ailifesvc/MMG: [NMM:1289] Name mismatch: multimodalAwareness.spatialAwareness != multimodalAwareness.distanceMeasurement
06-14 08:02:52.120  1590  5985 W C01337/foundation/EcologicalRule: [ERI235]failed,uid: 5520
06-14 08:02:52.120  1590  5985 W C01336/foundation/AMS: [ABR1579]nullptr
06-14 08:02:52.120  1590  5985 W C01336/foundation/AMS: [ABMS3827]null callerToken
06-14 08:02:52.122  1590 60356 W C01336/foundation/AMS: [ABR2795]null sessionInfo
06-14 08:02:52.122  1590  5985 W C01337/foundation/EcologicalRule: [ERI235]failed,uid: 5520
06-14 08:02:52.123  1590  5985 W C01336/foundation/AMS: [ABR1579]nullptr
06-14 08:02:52.123  1590  5985 W C01336/foundation/AMS: [ABMS3827]null callerToken
06-14 08:02:52.124 11522 11522 W A0DDFF/com.huawei.hmos.ailifesvc/StartTaskServiceExtAbility: 0 - onCreate call
06-14 08:02:52.124  1590 60356 W C01337/foundation/EcologicalRule: [ERI235]failed,uid: 5520
06-14 08:02:52.125 11856 11902 W C02B8E/aam_connection_svc/AamConnectionSvc: [59][ParseXYInstruction:79]:smartaudio state parse json failed, state:
06-14 08:02:52.125 11856 11902 E C02B8E/aam_connection_svc/AamConnectionSvc: [61][SetState:125]:smartaudio state parse json failed, state:
06-14 08:02:52.125  1590 60356 W C01336/foundation/AMS: [ABR1579]nullptr
06-14 08:02:52.125  1590 60356 W C01336/foundation/AMS: [ABMS3827]null callerToken
06-14 08:02:52.125 11522 11522 W A0DDFF/com.huawei.hmos.ailifesvc/HuksUtil: 1 - sdkVersion: 2.0.0.5
06-14 08:02:52.126 11522 11522 E C01653/com.huawei.hmos.ailifesvc/PreferencesJsKit: GetContextInfo: failed to get current ability.
