06-15 18:05:09.282  3040 10172 W A00F00/com.huawei.hmos.aidataservice/CA: [BlueToothStatusAbility:278]: name  deviceType ["CAR"]
06-15 18:05:09.282  1486  1637 W C05762/softbus_server/ConnProxy: OnProxyAclStateChanged# state=1, addr=b8:8e:82:**:**:d9
06-15 18:05:09.282  1486  1637 W C05783/softbus_server/LnnBuilder: LeaveSpecificBrNetwork# networkId not found by btMac
06-15 18:05:09.282  1486  1637 W C04902/softbus_server/WearServiceLP: [reconnect_observer.cpp(OnAclStateChanged:22)]ACL OnAclStateChanged B8:8******3:D9 to 0,BtType=0
06-15 18:05:09.282  1486  3289 W C05762/softbus_server/ConnProxy: AclStateChangedHandler# no reconnect device
06-15 18:05:09.283  3040 10171 W A00F00/com.huawei.hmos.aidataservice/CA: [TimerOperator:134]: awarenessDataList is empty
06-15 18:05:09.284  9979  9979 E C05A06/com.huawei.hmos.health.core:co/CODE_SIGN: [XpmIoctl]:Ioctl cmd 40087803 failed: Invalid argument (ignore)
06-15 18:05:09.284  1712  2572 W C04631/CollaborationFwk/AwarenessManager: DeleteAwarenessData#261: delete [AwarenessData.Device.BluetoothConnectDevice], isNeedNotify: 1, userId: -1
06-15 18:05:09.284  1712  2572 W C04631/CollaborationFwk/AwarenessManager: CheckDataIndex#222: has same index of data, delete
06-15 18:05:09.284  1712  2572 W C04631/CollaborationFwk/AwarenessManager: Delete#110: delete cache data success, data size: 0 userId: -1
06-15 18:05:09.284  2938  2938 W A01A00/com.ohos.sceneboard/SYS_UI: SignalStatus-SignalModel: updateCellularType, slotId  --0-- signalType: 9
06-15 18:05:09.284  1712  3394 W C04631/CollaborationFwk/AwarenessManager: NotifityAwarenessDataChange#345: [AwarenessData.Device.BluetoothConnectDevice], userId: -1
06-15 18:05:09.285  1712  3394 W C04631/CollaborationFwk/AwarenessManager: QueryAwarenessData#293: query: [AwarenessData.Device.BluetoothConnectDevice], userId: -1
06-15 18:05:09.285  1712  3394 E C04631/CollaborationFwk/AwarenessManager: Query#44: query no cache awareness data, userId: -1
06-15 18:05:09.285  2938  2938 W A01A00/com.ohos.sceneboard/SYS_UI: SignalStatus-SignalModel: updateCellularType, slotId  --1-- signalType: 9
06-15 18:05:09.285  1712  3394 W C04631/CollaborationFwk/AwarenessManager: ExeCallback#468: exe 1773239181929 data is empty, exe directly
06-15 18:05:09.285  1385 43124 E C01500/comm_protocol_resource_manager/CommResourceManager: [(GetEncryptAddr:31)]addr is invalid.
06-15 18:05:09.285  2938  2938 W A01A00/com.ohos.sceneboard/SYS_UI: StatusBarLayoutVm: signalCanUseSpace 28.962962962963005 actual: 1.78 47.63
06-15 18:05:09.285  2938  2938 W A01A00/com.ohos.sceneboard/SYS_UI:     forceStack: false
06-15 18:05:09.288  5422 28575 W C00101/findnetwork/bt_c_adapter_gap: (OnAclStateChanged:175)callback func is null!
06-15 18:05:09.289  9694  9694 E C02B86/wei.hmos.audioaccessorymanager/AudioFramework: [GetDeviceStreamInfo]streamInfo empty
06-15 18:05:09.289  9694  9694 E C02B86/wei.hmos.audioaccessorymanager/AudioFramework: [GetDeviceStreamInfo]streamInfo empty
06-15 18:05:09.289  9694  9694 E C02B86/wei.hmos.audioaccessorymanager/AudioFramework: [GetDeviceStreamInfo]streamInfo empty
06-15 18:05:09.289  9694  9694 E C02B86/wei.hmos.audioaccessorymanager/AudioFramework: [GetDeviceStreamInfo]streamInfo empty
06-15 18:05:09.289  9979 10179 W C057C1/com.huawei.hmos.health.core:co/IPCWorkThread: ThreadHandler: proto:0 policy:1 name:OS_IPC_0_10179 invoker:1365336704
06-15 18:05:09.290  9979 10180 W C057C1/com.huawei.hmos.health.core:co/IPCWorkThread: ThreadHandler: proto:0 policy:0 name:OS_IPC_1_10180 invoker:1272952960
06-15 18:05:09.291  1590  2274 W C04201/foundation/DMS: [a92ab330c531e14 0 0] NotifyUnfreezed: pid,type:1946,11 |4323,11 |7939,3 11 |10558,11 |13015,11 |21303,3 |23110,17 |29837,3 |31468,11 |44875,11 |45772,11 |47008,11 |56172,3 |57799,11 |
06-15 18:05:09.294  1590 10167 W C01336/foundation/AMS: [a92abe30c535a40 d6ebc3 daef41][resident_process_manager.cpp269]rdbResult: 5
06-15 18:05:09.295   604 40365 I C02C02/PARAM: SystemWaitParameter startup.service.ctl.wireless_hid_accessory_manager_service v 5 ret 0
06-15 18:05:09.295   602   602 E C04300/storage_manager/StorageManager: [GetFreeSize:88] StorageTotalStatusService::GetFreeSize success, (/data)freeSize=244089425920
06-15 18:05:09.296  1374 10150 E C00104/bluetooth_service/hw_bt_btif: [4]queue_int_remove: cannot read connect_queue
06-15 18:05:09.296  1374 10150 E C00102/bluetooth_service/bt_service_a2dp: [4](bta2dp_connection_state_callback)Can't find the device
06-15 18:05:09.297  1590 10167 W C01300/foundation/AAFwk: [event_handler_wrap.cpp118]can't find event: 14_9979
06-15 18:05:09.300   604 40365 I C02C02/PARAM: SystemSetParameter name ohos.ctl.start id:18160 ret:0
06-15 18:05:09.302  3040  3040 W A06666/com.huawei.hmos.aidataservice/160002364: [a92abe30c535a40 f160ab 235a6b4]Info_Publisher: publish AppProcess
06-15 18:05:09.305  3040 10171 W A00F00/com.huawei.hmos.aidataservice/CA: [AppProcessAbility:77]: AppProcessAbility return
06-15 18:05:09.306  1179 64376 E C01C42/time_service/TimeService: [a92abe30c535a40 14ee994 1c6ad6]ProxyTimer# Pid9979 doesn't exist in the proxy listld
06-15 18:05:09.306   968  9994 E C01732/resource_schedule_service/SUSPEND_PROXY: [a92abe30c535a40 1c6ad6 adcfaa][(ResourceProxy):55] timer proxy fail:20020035_[9979,20477,], proxy:0
06-15 18:05:09.307  1590  2274 W C04201/foundation/DMS: [a92abe30c535a40 30dfc20 224f086] NotifyUnfreezed: pid,type:1946,11 |4323,11 |7939,3 11 |10558,11 |13015,11 |21303,3 |23110,17 |29837,3 |31468,11 |44875,11 |45772,11 |47008,11 |56172,3 |57799,11 |
06-15 18:05:09.309  2938  2938 W A01A00/com.ohos.sceneboard/SYS_UI: SignalStatus-SignalModel: updateCellularType, slotId  --0-- signalType: 9
06-15 18:05:09.309  2938  2938 W A01A00/com.ohos.sceneboard/SYS_UI: SignalStatus-SignalModel: updateCellularType, slotId  --1-- signalType: 9
06-15 18:05:09.309  2938  2938 W A01A00/com.ohos.sceneboard/SYS_UI: StatusBarLayoutVm: signalCanUseSpace 28.962962962963005 actual: 1.78 47.63
06-15 18:05:09.309  2938  2938 W A01A00/com.ohos.sceneboard/SYS_UI:     forceStack: false
06-15 18:05:09.310  9979 10189 W C057C1/com.huawei.hmos.health.core:co/IPCWorkThread: ThreadHandler: proto:0 policy:0 name:OS_IPC_2_10189 invoker:1288722048
06-15 18:05:09.313   788   788 I C02C02/PARAM: SystemSetParameter name persist.ffrt.interval.appRate id:160942 ret:0
06-15 18:05:09.314   788   788 I C02C02/PARAM: SystemSetParameter name persist.ffrt.interval.rsRate id:160943 ret:0
06-15 18:05:09.316   856   856 W C057C1/multimodalinput/BrokerRegistration: Unregister: libthp_proxy_1.0.z.so is dlclosed
06-15 18:05:09.317   856   856 W C057C1/multimodalinput/BrokerRegistration: Unregister: libtp_proxy_1.1.z.so is dlclosed
06-15 18:05:09.319  1543  2115 E C02515/render_service/METADATA_SRV: [0;32;31m[EraseMetadataKey:174]  fail[m
06-15 18:05:09.319  1543  2115 E C01401/render_service/Bufferqueue: <surface_buffer_impl.cpp:738-EraseMetadataKey>: EraseMetadataKey Failed with -1
06-15 18:05:09.323  9979  9979 W C01321/com.huawei.hmos.health.core:co/JsRuntime: [CSM161]not Connected
06-15 18:05:09.324   605   605 I C02C03/PARAM_WATCHER: [watcher_manager.cpp:72]Add remote watcher remoteWatcherId 15135 9979 success
06-15 18:05:09.324   605   605 I C02C03/PARAM_WATCHER: SendLocalChange start keyPrefix persist.hdc.jdwp remoteWatcherId 15135
06-15 18:05:09.324   605   605 I C02C03/PARAM_WATCHER: [watcher_manager.cpp:187]Add watcher persist.hdc.jdwp remoteWatcherId: 15135 groupId 154 success
06-15 18:05:09.325  9979  9979 W C01E00/com.huawei.hmos.health.core:co/ResourceManager: update userId, currentUserId_= 0, userId= 100
06-15 18:05:09.325   607   607 E C02D16/hiview/communicationRadar: reportCommunicationRadarInfo, ORG_PKG not exist, DEVICE_MANAGER_BEHAVIOR
06-15 18:05:09.325  9979 10203 I C02C03/PARAM_WATCHER: Add watcher keyPrefix persist.hdc.jdwp remoteWatcherId 15135 success
06-15 18:05:09.328  9979 10190 W C01653/com.huawei.hmos.health.core:co/NativePreferences: LoadFromDisk: The settingXml /***/el1/***/i18*** load failed.
06-15 18:05:09.329  9979  9979 E C01301/com.huawei.hmos.health.core:co/CompatiblePolicyDeviceType: [calculateResourceType:81]deviceType is empty.
06-15 18:05:09.330  9694 10202 W C057C1/wei.hmos.audioaccessorymanager/IPCWorkThread: ThreadHandler: proto:0 policy:0 name:OS_IPC_22_10202 invoker:1367109760
06-15 18:05:09.332  9694  9694 E C02B86/wei.hmos.audioaccessorymanager/AudioFramework: [GetDeviceStreamInfo]streamInfo empty
06-15 18:05:09.333  9694  9694 E C02B86/wei.hmos.audioaccessorymanager/AudioFramework: [GetDeviceStreamInfo]streamInfo empty
06-15 18:05:09.333  9694  9694 E C02B86/wei.hmos.audioaccessorymanager/AudioFramework: [GetDeviceStreamInfo]streamInfo empty
06-15 18:05:09.333  9694  9694 E C02B86/wei.hmos.audioaccessorymanager/AudioFramework: [GetDeviceStreamInfo]streamInfo empty
06-15 18:05:09.332 10186 10204 W C057C1/_hid_accessory_manager_service/IPCWorkThread: ThreadHandler: proto:0 policy:1 name:OS_IPC_0_10204 invoker:1692450176
06-15 18:05:09.335  9979  9979 W C04201/com.huawei.hmos.health.core:co/DMS: RegisterClientDeathListener: regis reverse death
06-15 18:05:09.336  1590 40540 W C04201/foundation/DMS: screen_session.cpp: call BMS
06-15 18:05:09.337  9694  9694 E C02B86/wei.hmos.audioaccessorymanager/AudioFramework: [GetDeviceStreamInfo]streamInfo empty
06-15 18:05:09.337  9694  9694 E C02B86/wei.hmos.audioaccessorymanager/AudioFramework: [GetDeviceStreamInfo]streamInfo empty
06-15 18:05:09.337  9694  9694 E C02B86/wei.hmos.audioaccessorymanager/AudioFramework: [GetDeviceStreamInfo]streamInfo empty
06-15 18:05:09.337  9694  9694 E C02B86/wei.hmos.audioaccessorymanager/AudioFramework: [GetDeviceStreamInfo]streamInfo empty
06-15 18:05:09.341  9694  9694 E C02B86/wei.hmos.audioaccessorymanager/AudioFramework: [GetDeviceStreamInfo]streamInfo empty
06-15 18:05:09.341  9694  9694 E C02B86/wei.hmos.audioaccessorymanager/AudioFramework: [GetDeviceStreamInfo]streamInfo empty
06-15 18:05:09.341  9694  9694 E C02B86/wei.hmos.audioaccessorymanager/AudioFramework: [GetDeviceStreamInfo]streamInfo empty
06-15 18:05:09.341  9694  9694 E C02B86/wei.hmos.audioaccessorymanager/AudioFramework: [GetDeviceStreamInfo]streamInfo empty
06-15 18:05:09.352 10186 10211 W C057C1/_hid_accessory_manager_service/IPCWorkThread: ThreadHandler: proto:0 policy:0 name:OS_IPC_1_10211 invoker:1692448896
06-15 18:05:09.354  9694  9694 E C02B86/wei.hmos.audioaccessorymanager/AudioFramework: [GetDeviceStreamInfo]streamInfo empty
06-15 18:05:09.354  9694  9694 E C02B86/wei.hmos.audioaccessorymanager/AudioFramework: [GetDeviceStreamInfo]streamInfo empty
06-15 18:05:09.354  9694  9694 E C02B86/wei.hmos.audioaccessorymanager/AudioFramework: [GetDeviceStreamInfo]streamInfo empty
06-15 18:05:09.354  9694  9694 E C02B86/wei.hmos.audioaccessorymanager/AudioFramework: [GetDeviceStreamInfo]streamInfo empty
06-15 18:05:09.356  9694  9694 E C02B86/wei.hmos.audioaccessorymanager/AudioFramework: [GetDeviceStreamInfo]streamInfo empty
06-15 18:05:09.356  9694  9694 E C02B86/wei.hmos.audioaccessorymanager/AudioFramework: [GetDeviceStreamInfo]streamInfo empty
06-15 18:05:09.356  9694  9694 E C02B86/wei.hmos.audioaccessorymanager/AudioFramework: [GetDeviceStreamInfo]streamInfo empty
06-15 18:05:09.356  9694  9694 E C02B86/wei.hmos.audioaccessorymanager/AudioFramework: [GetDeviceStreamInfo]streamInfo empty
06-15 18:05:09.361  1374 40363 E C00102/bluetooth_service/bt_server_observer_container: [-1](AddRemoteObject)BluetoothObserverApplicationContainer: remote exist pid(10186), uid(8000)
06-15 18:05:09.361  1374 40363 W C00102/bluetooth_service/bt_server_host: [-1](Register)Observer list already contains given observer
06-15 18:05:09.361 10186 10230 W C057C1/_hid_accessory_manager_service/IPCWorkThread: ThreadHandler: proto:0 policy:0 name:OS_IPC_2_10230 invoker:1692431616
06-15 18:05:09.361  1374 40957 E C00102/bluetooth_service/bt_server_observer_container: [-1](AddRemoteObject)BluetoothObserverApplicationContainer: remote exist pid(10186), uid(8000)
06-15 18:05:09.361  1374 40957 W C00102/bluetooth_service/bt_server_host: [-1](Register)Observer list already contains given observer
06-15 18:05:09.361 10186 10232 W C057C1/_hid_accessory_manager_service/IPCWorkThread: ThreadHandler: proto:0 policy:0 name:OS_IPC_3_10232 invoker:3796426368
06-15 18:05:09.361  1374 40957 E C00102/bluetooth_service/bt_server_observer_container: [-1](AddRemoteObject)BluetoothObserverApplicationContainer: remote exist pid(10186), uid(8000)
06-15 18:05:09.361  1374 40957 W C00102/bluetooth_service/bt_server_host: [-1](Register)Observer list already contains given observer
06-15 18:05:09.361  1374 40957 E C00102/bluetooth_service/bt_server_observer_container: [-1](AddRemoteObject)BluetoothObserverApplicationContainer: remote exist pid(10186), uid(8000)
06-15 18:05:09.361  1374 40957 W C00102/bluetooth_service/bt_server_host: [-1](Register)Observer list already contains given observer
06-15 18:05:09.362  1374 40957 E C00102/bluetooth_service/bt_server_observer_container: [-1](AddRemoteObject)BluetoothObserverApplicationContainer: remote exist pid(10186), uid(8000)
06-15 18:05:09.362  1374 40957 W C00102/bluetooth_service/bt_server_host: [-1](Register)Observer list already contains given observer
06-15 18:05:09.362 10186 10204 W C00151/_hid_accessory_manager_service/nearlink_fwk: [operator():388]execute serviceStartedFunc_, sle is enabled, maybe app is freezed before.
06-15 18:05:09.363  9694  9694 E C02B86/wei.hmos.audioaccessorymanager/AudioFramework: [GetDeviceStreamInfo]streamInfo empty
06-15 18:05:09.363  9694  9694 E C02B86/wei.hmos.audioaccessorymanager/AudioFramework: [GetDeviceStreamInfo]streamInfo empty
06-15 18:05:09.363  9694  9694 E C02B86/wei.hmos.audioaccessorymanager/AudioFramework: [GetDeviceStreamInfo]streamInfo empty
06-15 18:05:09.363  9694  9694 E C02B86/wei.hmos.audioaccessorymanager/AudioFramework: [GetDeviceStreamInfo]streamInfo empty
06-15 18:05:09.364 51489 41491 E C05A01/nearlink_service/ATM: [GetHapTokenInfo]TokenID =672042714 is invalid
06-15 18:05:09.364 51489 41491 E C05A01/nearlink_service/ATM: [GetHapTokenInfo]TokenID =672042714 is invalid
06-15 18:05:09.366 10186 10213 E C00103/_hid_accessory_manager_service/WirelessHIDAccessoryManager: [UpdatedDataToXml:164]no need update
06-15 18:05:09.367 10186 10235 W C01653/_hid_accessory_manager_service/NativePreferences: LoadFromDisk: The settingXml /***/el1/***/mac_***elId load failed.
06-15 18:05:09.367 51489 41491 E C05A01/nearlink_service/ATM: [GetHapTokenInfo]TokenID =672042714 is invalid
06-15 18:05:09.367 51489 41491 E C05A01/nearlink_service/ATM: [GetHapTokenInfo]TokenID =672042714 is invalid
06-15 18:05:09.367  9694  9694 E C02B86/wei.hmos.audioaccessorymanager/AudioFramework: [GetDeviceStreamInfo]streamInfo empty
06-15 18:05:09.367  9694  9694 E C02B86/wei.hmos.audioaccessorymanager/AudioFramework: [GetDeviceStreamInfo]streamInfo empty
06-15 18:05:09.367  9694  9694 E C02B86/wei.hmos.audioaccessorymanager/AudioFramework: [GetDeviceStreamInfo]streamInfo empty
06-15 18:05:09.367  9694  9694 E C02B86/wei.hmos.audioaccessorymanager/AudioFramework: [GetDeviceStreamInfo]streamInfo empty
06-15 18:05:09.369  9694  9694 E C02B86/wei.hmos.audioaccessorymanager/AudioFramework: [GetDeviceStreamInfo]streamInfo empty
06-15 18:05:09.369  9694  9694 E C02B86/wei.hmos.audioaccessorymanager/AudioFramework: [GetDeviceStreamInfo]streamInfo empty
06-15 18:05:09.369  9694  9694 E C02B86/wei.hmos.audioaccessorymanager/AudioFramework: [GetDeviceStreamInfo]streamInfo empty
06-15 18:05:09.369  9694  9694 E C02B86/wei.hmos.audioaccessorymanager/AudioFramework: [GetDeviceStreamInfo]streamInfo empty
06-15 18:05:09.369 10186 10213 E C00103/_hid_accessory_manager_service/WirelessHIDAccessoryManager: [Stop:39]no start timer
06-15 18:05:09.370  9694  9694 E C02B86/wei.hmos.audioaccessorymanager/AudioFramework: [GetDeviceStreamInfo]streamInfo empty
06-15 18:05:09.370  9694  9694 E C02B86/wei.hmos.audioaccessorymanager/AudioFramework: [GetDeviceStreamInfo]streamInfo empty
06-15 18:05:09.370  9694  9694 E C02B86/wei.hmos.audioaccessorymanager/AudioFramework: [GetDeviceStreamInfo]streamInfo empty
06-15 18:05:09.370  9694  9694 E C02B86/wei.hmos.audioaccessorymanager/AudioFramework: [GetDeviceStreamInfo]streamInfo empty
06-15 18:05:09.371 10186 10213 I C02C02/PARAM: SystemSetParameter name hw.pencil.connection.state id:2 ret:0
06-15 18:05:09.371   969   990 W C01810/_hid_accessory_manager_ability/SA_CLIENT: OnLoadSaSucInner SA:1135 spend 0ms
06-15 18:05:09.372   969 10182 E C00103/_hid_accessory_manager_ability/WirelessHIDAccessoryManager: [IsValidMac:265]macAddr is empty!
06-15 18:05:09.372 10186 10213 I C02C02/PARAM: SystemSetParameter name hw.pencil.battery id:3 ret:0
06-15 18:05:09.372   969 10182 E C00103/_hid_accessory_manager_ability/WirelessHIDAccessoryManager: [ReverseAddr:254]invalid address
06-15 18:05:09.372   969 63656 E C00103/_hid_accessory_manager_ability/WirelessHIDAccessoryManager: [UpdateMgrRunState:154]put cache ret: 0
06-15 18:05:09.372 10186 10213 I C02C02/PARAM: SystemSetParameter name hw.pencil.charging.state id:4 ret:0
06-15 18:05:09.373 10186 10213 I C02C02/PARAM: SystemSetParameter name hw.pencil.samplerate id:5 ret:0
06-15 18:05:09.373 10186 10239 W C057C1/_hid_accessory_manager_service/IPCWorkThread: ThreadHandler: proto:0 policy:0 name:OS_IPC_4_10239 invoker:1692447616
06-15 18:05:09.373  1622 42337 E C05A01/distributeddata/ATM: [GetHapTokenInfo]TokenID =672042714 is invalid
06-15 18:05:09.374 10186 10213 E C01651/_hid_accessory_manager_service/data_share_manager_impl: RegisterClientDeathObserver: RegisterClientDeathObserver failed, bundleName is wireless_hid_accessory_manager_service
06-15 18:05:09.374 10186 10213 E C01651/_hid_accessory_manager_service/data_share_manager_impl: GetDataShareServiceProxy: RegisterClientDeathObserver failed
06-15 18:05:09.374  1622 11983 E C01651/distributeddata/BundleMgrProxy: GetCallerAppIdentifier: GetBundleInfo failed!bundleName is , userId is 0, errcode is 8521220
06-15 18:05:09.374  1622 11983 E C01651/distributeddata/DataShareServiceImpl: GetCallerBundleInfo: Get caller appIdentifier failed, callerBundleName is
06-15 18:05:09.374  1622 11983 E C01651/distributeddata/DataShareServiceImpl: SubscribeProxyData: get callerBundleInfo failed
06-15 18:05:09.375  9979  9979 E C01700/com.huawei.hmos.health.core:co/RSS: ResSchedClient::ReportData type not subscribed.
06-15 18:05:09.379  9694  9694 E C01612/wei.hmos.audioaccessorymanager/JSUtil: GetValue: test ((statusMsg.status == napi_ok) && (length > 0)) failed: get_array failed!
06-15 18:05:09.380  9694  9694 E C01612/wei.hmos.audioaccessorymanager/JSUtil: GetValue: test ((statusMsg.status == napi_ok)) failed: no property value.type
06-15 18:05:09.390  1590  2523 W C01202/foundation/Subscriber: Subscribe usual.event.PLUGIN_PACKAGE_CHANGED,usual.event.PLUGIN_PACKAGE_ADDED,usual.event.PLUGIN_PACKAGE_REMOVED, without any restrict subid = 9979_20020035_-1_58228_334650686
06-15 18:05:09.390  9694  9694 E A03D00/wei.hmos.audioaccessorymanager/JSAPP: [RCP]  {"code":1007900028,"data":"Timeout was reached","extendInfo":{"vpnEnabled":"1","NetworkError-":"weakNetTlsTimeout","httpPhase":"111000","dnsDur":"6.44","tcpDur":"276.03","tlsDur":"0.00","sndDur":"0.00","rcvDur":"0.00","totDur":"945229.68","redDur":"0.00","osErr":"103","sptIP6":"1","proxyType":"none","uptProxyMs":"0","proxyCode":"0","peer":"122.9.**.**","lastOsIn":"never","lastOsOut":"17:48:44.151","sock":"189","dnsFromNetsys":"1","dnsStatus":"1","tcpConnE":"115","tryConnV4":"1","tryConnV6":"0","tryConnIp":"122.9.**.**","tryConnPort":"443","dlSpeed":"0","ulSpeed":"0","dlSz":"0","ulSz":"0","reused":"0","sockType":"IpConnection","cfgConnectMs":"60000","cfgTransferMs":"86400000","reqLen":"no header sent","respLen":"no header recv","lastSslRecvSz":"0","lastSslSendSz":"0","totalSslRecvSz":"0","totalSslSendSz":"0","lastEpollAct":"0","headerOutSz":"0","headerInSz":"0"}}
06-15 18:05:09.393  9694  9694 E C02B86/wei.hmos.audioaccessorymanager/AudioFramework: [GetDeviceStreamInfo]streamInfo empty
06-15 18:05:09.393  9694  9694 E C02B86/wei.hmos.audioaccessorymanager/AudioFramework: [GetDeviceStreamInfo]streamInfo empty
06-15 18:05:09.393  9694  9694 E C02B86/wei.hmos.audioaccessorymanager/AudioFramework: [GetDeviceStreamInfo]streamInfo empty
06-15 18:05:09.393  9694  9694 E C02B86/wei.hmos.audioaccessorymanager/AudioFramework: [GetDeviceStreamInfo]streamInfo empty
06-15 18:05:09.393  9979  9979 W C03F07/MUSL-LDSO: load librawfile.z.so failed, namespace=ndk no inherits, errno=2
06-15 18:05:09.394  9694  9694 E C02B86/wei.hmos.audioaccessorymanager/AudioFramework: [GetDeviceStreamInfo]streamInfo empty
06-15 18:05:09.394  9694  9694 E C02B86/wei.hmos.audioaccessorymanager/AudioFramework: [GetDeviceStreamInfo]streamInfo empty
06-15 18:05:09.394  9694  9694 E C02B86/wei.hmos.audioaccessorymanager/AudioFramework: [GetDeviceStreamInfo]streamInfo empty
06-15 18:05:09.394  9694  9694 E C02B86/wei.hmos.audioaccessorymanager/AudioFramework: [GetDeviceStreamInfo]streamInfo empty
06-15 18:05:09.395  9694  9694 E C02B86/wei.hmos.audioaccessorymanager/AudioFramework: [GetDeviceStreamInfo]streamInfo empty
06-15 18:05:09.395  9694  9694 E C02B86/wei.hmos.audioaccessorymanager/AudioFramework: [GetDeviceStreamInfo]streamInfo empty
06-15 18:05:09.396  9694  9694 E C02B86/wei.hmos.audioaccessorymanager/AudioFramework: [GetDeviceStreamInfo]streamInfo empty
06-15 18:05:09.396  9694  9694 E C02B86/wei.hmos.audioaccessorymanager/AudioFramework: [GetDeviceStreamInfo]streamInfo empty
06-15 18:05:09.398  9979  9979 W C03F04/com.huawei.hmos.health.core:co/MMG: [NMM:1463]Module path conflict: collaboration.rcp
06-15 18:05:09.398  9694  9694 E C02B86/wei.hmos.audioaccessorymanager/AudioFramework: [GetDeviceStreamInfo]streamInfo empty
06-15 18:05:09.398  9694  9694 E C02B86/wei.hmos.audioaccessorymanager/AudioFramework: [GetDeviceStreamInfo]streamInfo empty
06-15 18:05:09.398  9694  9694 E C02B86/wei.hmos.audioaccessorymanager/AudioFramework: [GetDeviceStreamInfo]streamInfo empty
06-15 18:05:09.398  9694  9694 E C02B86/wei.hmos.audioaccessorymanager/AudioFramework: [GetDeviceStreamInfo]streamInfo empty
06-15 18:05:09.399  9694  9694 E C02B86/wei.hmos.audioaccessorymanager/AudioFramework: [GetDeviceStreamInfo]streamInfo empty
06-15 18:05:09.399  9694  9694 E C02B86/wei.hmos.audioaccessorymanager/AudioFramework: [GetDeviceStreamInfo]streamInfo empty
06-15 18:05:09.400  9694  9694 E C02B86/wei.hmos.audioaccessorymanager/AudioFramework: [GetDeviceStreamInfo]streamInfo empty
06-15 18:05:09.400  9694  9694 E C02B86/wei.hmos.audioaccessorymanager/AudioFramework: [GetDeviceStreamInfo]streamInfo empty
06-15 18:05:09.401  9694  9694 E C02B86/wei.hmos.audioaccessorymanager/AudioFramework: [GetDeviceStreamInfo]streamInfo empty
06-15 18:05:09.401  9694  9694 E C02B86/wei.hmos.audioaccessorymanager/AudioFramework: [GetDeviceStreamInfo]streamInfo empty
06-15 18:05:09.401  9694  9694 E C02B86/wei.hmos.audioaccessorymanager/AudioFramework: [GetDeviceStreamInfo]streamInfo empty
06-15 18:05:09.401  9694  9694 E C02B86/wei.hmos.audioaccessorymanager/AudioFramework: [GetDeviceStreamInfo]streamInfo empty
06-15 18:05:09.401  9979 10201 W C01650/com.huawei.hmos.health.core:co/RdbStoreManager: IsConfigInvalidChanged:no bundleName
06-15 18:05:09.403  9694  9694 E C02B86/wei.hmos.audioaccessorymanager/AudioFramework: [GetDeviceStreamInfo]streamInfo empty
06-15 18:05:09.403  9694  9694 E C02B86/wei.hmos.audioaccessorymanager/AudioFramework: [GetDeviceStreamInfo]streamInfo empty
06-15 18:05:09.403  9694  9694 E C02B86/wei.hmos.audioaccessorymanager/AudioFramework: [GetDeviceStreamInfo]streamInfo empty
06-15 18:05:09.403  9979 10201 E C01650/com.huawei.hmos.health.core:co/SilentProxy: IsSupportSilentFromService:GetRdbService failed, err is 27394049.
06-15 18:05:09.403  9694  9694 E C02B86/wei.hmos.audioaccessorymanager/AudioFramework: [GetDeviceStreamInfo]streamInfo empty
06-15 18:05:09.403  9694  9694 E C02B86/wei.hmos.audioaccessorymanager/AudioFramework: [GetDeviceStreamInfo]streamInfo empty
06-15 18:05:09.403  9694  9694 E C02B86/wei.hmos.audioaccessorymanager/AudioFramework: [GetDeviceStreamInfo]streamInfo empty
06-15 18:05:09.403  9694  9694 E C02B86/wei.hmos.audioaccessorymanager/AudioFramework: [GetDeviceStreamInfo]streamInfo empty
06-15 18:05:09.403  9694  9694 E C02B86/wei.hmos.audioaccessorymanager/AudioFramework: [GetDeviceStreamInfo]streamInfo empty
06-15 18:05:09.404  9694  9694 E C02B86/wei.hmos.audioaccessorymanager/AudioFramework: [GetDeviceStreamInfo]streamInfo empty
06-15 18:05:09.404  9694  9694 E C02B86/wei.hmos.audioaccessorymanager/AudioFramework: [GetDeviceStreamInfo]streamInfo empty
06-15 18:05:09.404  9694  9694 E C02B86/wei.hmos.audioaccessorymanager/AudioFramework: [GetDeviceStreamInfo]streamInfo empty
06-15 18:05:09.404  9694  9694 E C02B86/wei.hmos.audioaccessorymanager/AudioFramework: [GetDeviceStreamInfo]streamInfo empty
06-15 18:05:09.404  9694  9694 E C02B86/wei.hmos.audioaccessorymanager/AudioFramework: [GetDeviceStreamInfo]streamInfo empty
06-15 18:05:09.404  9694  9694 E C02B86/wei.hmos.audioaccessorymanager/AudioFramework: [GetDeviceStreamInfo]streamInfo empty
06-15 18:05:09.404  9694  9694 E C02B86/wei.hmos.audioaccessorymanager/AudioFramework: [GetDeviceStreamInfo]streamInfo empty
06-15 18:05:09.405  9694  9694 E C02B86/wei.hmos.audioaccessorymanager/AudioFramework: [GetDeviceStreamInfo]streamInfo empty
06-15 18:05:09.405  9694  9694 E C02B86/wei.hmos.audioaccessorymanager/AudioFramework: [GetDeviceStreamInfo]streamInfo empty
06-15 18:05:09.405  9694  9694 E C02B86/wei.hmos.audioaccessorymanager/AudioFramework: [GetDeviceStreamInfo]streamInfo empty
06-15 18:05:09.405  9694  9694 E C02B86/wei.hmos.audioaccessorymanager/AudioFramework: [GetDeviceStreamInfo]streamInfo empty
06-15 18:05:09.405  9694  9694 E C02B86/wei.hmos.audioaccessorymanager/AudioFramework: [GetDeviceStreamInfo]streamInfo empty
06-15 18:05:09.405  9694  9694 E C02B86/wei.hmos.audioaccessorymanager/AudioFramework: [GetDeviceStreamInfo]streamInfo empty
06-15 18:05:09.406  9694  9694 E C02B86/wei.hmos.audioaccessorymanager/AudioFramework: [GetDeviceStreamInfo]streamInfo empty
06-15 18:05:09.406  9694  9694 E C02B86/wei.hmos.audioaccessorymanager/AudioFramework: [GetDeviceStreamInfo]streamInfo empty
06-15 18:05:09.406  9694  9694 E C02B86/wei.hmos.audioaccessorymanager/AudioFramework: [GetDeviceStreamInfo]streamInfo empty
06-15 18:05:09.408  9694  9694 W A00000/wei.hmos.audioaccessorymanager/AudioAccessoryManagerTag: [NotificationBroadcast_NBEnvManager--17.0.1.123] --active device disable
06-15 18:05:09.409  9694  9694 E A00000/wei.hmos.audioaccessorymanager/AudioAccessoryManagerTag: [UploadUtils--17.0.1.123] --upload failed for HAAM**************************************************************************************************************,
06-15 18:05:09.409  9694  9694 E A00000/wei.hmos.audioaccessorymanager/AudioAccessoryManagerTag:         message: Timeout was reached, code: 1007900028
06-15 18:05:09.411  9694  9694 E A00000/wei.hmos.audioaccessorymanager/AudioAccessoryManagerTag: [HiAudioDfx_Headset_Light_Log_LogEngine--17.0.1.123] --uploadTask failed:Timeout was reached{"code":1007900028,"data":"Timeout was reached","extendInfo":{"vpnEnabled":"1","NetworkError-":"weakNetTlsTimeout","httpPhase":"111000","dnsDur":"6.44","tcpDur":"276.03","tlsDur":"0.00","sndDur":"0.00","rcvDur":"0.00","totDur":"945229.68","redDur":"0.00","osErr":"103","sptIP6":"1","proxyType":"none","uptProxyMs":"0","proxyCode":"0","peer":"122.9.**.**","lastOsIn":"never","lastOsOut":"17:48:44.151","sock":"189","dnsFromNetsys":"1","dnsStatus":"1","tcpConnE":"115","tryConnV4":"1","tryConnV6":"0","tryConnIp":"122.9.**.**","tryConnPort":"443","dlSpeed":"0","ulSpeed":"0","dlSz":"0","ulSz":"0","reused":"0","sockType":"IpConnection","cfgConnectMs":"60000","cfgTransferMs":"86400000","reqLen":"no header sent","respLen":"no header recv","lastSslRecvSz":"0","lastSslSendSz":"0","totalSslRecvSz":"0","totalSslSendSz":"0","lastEpollAct":"0","headerOutSz":"0","headerInSz":"0"}}
06-15 18:05:09.411  1012  1198 E C015B0/netmanager/NetConnManager: [a92ab830c5643b7 0 0]netController_ is nullptr
06-15 18:05:09.411  9979  9979 W C03F04/com.huawei.hmos.health.core:co/MMG: [NMM:1463]Module path conflict: core.account.extendservice
06-15 18:05:09.426  1012  1198 E C015B0/netmanager/NetConnManager: [a92abf30c567ee6 0 0]netController_ is nullptr
06-15 18:05:09.439  2654 55352 E C01560/wifi_manager_service/WifiCongestionService: HandleSignalPollChangedMsg unsupported
06-15 18:05:09.446  9694  9694 W A00000/wei.hmos.audioaccessorymanager/AudioAccessoryManagerTag: [HiAudioDfx_Headset_Light_Log_UploadFilter--17.0.1.123] --latestModified = 1781542120000, timeIntervalInMills = 14400000, now = 1781543109446
06-15 18:05:09.448 10186 10213 I C02C02/PARAM: SystemSetParameter name hw.keyboard.connection.state id:6 ret:0
06-15 18:05:09.448 10186 10213 I C02C02/PARAM: SystemSetParameter name hw.keyboard.battery id:7 ret:0
06-15 18:05:09.448  9979 10201 E C03F00/com.huawei.hmos.health.core:co/ArkEtsVm: [nodict]ani: Cannot attach current thread, reached the limit of EAWorkers
06-15 18:05:09.448 10186 10213 I C02C02/PARAM: SystemSetParameter name hw.keyboard.touchpad.support id:8 ret:0
06-15 18:05:09.449 10186 10213 I C02C02/PARAM: SystemSetParameter name hw.keyboard.charging.state id:9 ret:0
06-15 18:05:09.450  9694  9694 W A00000/wei.hmos.audioaccessorymanager/AudioAccessoryManagerTag: [HiAudioDfx_Headset_Light_Log_UploadFilter--17.0.1.123] --bigDataLogFilter file ***/HAAMDATA_17.0.1.123_ed***46,  size=0 KB
06-15 18:05:09.453  9694  9694 W A00000/wei.hmos.audioaccessorymanager/AudioAccessoryManagerTag: [HiAudioDfx_Headset_Light_Log_UploadFilter--17.0.1.123] --intervalFilter file ***/HAAMDATA_17.0.1.123_ed***46, do not upload for time, size=0 KB
06-15 18:05:09.458  9979 10201 W C01321/com.huawei.hmos.health.core:co/JsRuntime: [CSM256]not Connected
06-15 18:05:09.458  9979 10201 W C01321/com.huawei.hmos.health.core:co/JsRuntime: [CSM161]not Connected
06-15 18:05:09.482  9979  9979 W C03F04/com.huawei.hmos.health.core:co/MMG: [NMM:1289] Name mismatch: systemParameterEnhance != systemParameterV9
06-15 18:05:09.483  9979  9979 W C03F04/com.huawei.hmos.health.core:co/MMG: [NMM:1289] Name mismatch: telephony.numberLookup != telephony.numberidentify
06-15 18:05:09.503  9979  9979 W C03F04/com.huawei.hmos.health.core:co/MMG: [NMM:1289] Name mismatch: file.photoAccessHelperNative != file.photoAccessHelper
06-15 18:05:09.509   605   691 I C02C03/PARAM_WATCHER: ProcessParameterChange key:persist.accessory.local.collect.log pid:969
06-15 18:05:09.509 10186 10213 I C02C02/PARAM: SystemSetParameter name persist.accessory.local.collect.log id:10 ret:0
06-15 18:05:09.512   605   605 I C02C03/PARAM_WATCHER: [watcher_manager.cpp:72]Add remote watcher remoteWatcherId 15136 10186 success
06-15 18:05:09.513   605   605 I C02C03/PARAM_WATCHER: SendLocalChange start keyPrefix persist.accessory.local.collect.log remoteWatcherId 15136
06-15 18:05:09.516   605   605 I C02C03/PARAM_WATCHER: [watcher_manager.cpp:187]Add watcher persist.accessory.local.collect.log remoteWatcherId: 15136 groupId 40 success
06-15 18:05:09.517 10186 10213 I C02C03/PARAM_WATCHER: Add watcher keyPrefix persist.accessory.local.collect.log remoteWatcherId 15136 success
06-15 18:05:09.532  1590 40540 W C01336/foundation/AMS: [ABR2795]null sessionInfo
06-15 18:05:09.536  1590  3385 W C01202/foundation/Subscriber: Subscribe WEAR_DEVICE_BOUND_PushMessageAbility, without any restrict subid = 9979_20020035_-1_58229_334650831
06-15 18:05:09.536  9979  9979 W C02D07/com.huawei.hmos.health.core:co/Verify: invalid configName=
06-15 18:05:09.538   602   602 E C04300/storage_manager/StorageManager: [GetFreeSize:88] StorageTotalStatusService::GetFreeSize success, (/data)freeSize=244089307136
06-15 18:05:09.539  9979 10189 E C01560/com.huawei.hmos.health.core:co/WifiNAPIEvent: Register hotspot event is empty!
06-15 18:05:09.539  9979 10189 E C01560/com.huawei.hmos.health.core:co/WifiNAPIEvent: Register p2p event is empty!
06-15 18:05:09.539  9979 10249 W C057C1/com.huawei.hmos.health.core:co/IPCWorkThread: ThreadHandler: proto:0 policy:0 name:OS_IPC_3_10249 invoker:1366270848
06-15 18:05:09.550  9979  9979 W A00007/com.huawei.hmos.health.core:co/PrivacyUtil: recoveryPermission Granted is: true
06-15 18:05:09.552  9979  9979 W A00007/com.huawei.hmos.health.core:co/CommuManagerImpl: ManagerRegister managerName already exists, managerName: SynergyManager
06-15 18:05:09.552  9979  9979 W A00007/com.huawei.hmos.health.core:co/CommuManagerImpl: ManagerRegister managerName already exists, managerName: AlarmClockManager
06-15 18:05:09.552  9979  9979 W A00007/com.huawei.hmos.health.core:co/DeviceManagerImpl: recoverDeviceInfo start
06-15 18:05:09.555  9979 10249 W C01C41/com.huawei.hmos.health.core:co/TimeClient: OnAddSystemAbility# recoverTimer count:0
06-15 18:05:09.556  9979  9979 W A00007/com.huawei.hmos.health.core:co/DeviceManagerImpl: recoverDeviceInfo onlyWait
06-15 18:05:09.570  1590 41913 E C057C2/foundation/IPCObjectProxy: PrintErrorDetailedInfo: failed, handle:3308 error:29189 desc:*.TelephonyObserverBroker proxy:2617969152 time:334650866662998
06-15 18:05:09.572  9979  9979 W A00007/com.huawei.hmos.health.core:co/DeviceManagerImpl: [a92ab130c58a824 0 0]no device connected
06-15 18:05:09.572  9979  9979 E A00007/com.huawei.hmos.health.core:co/EfficiencyResourceUtil: [a92ab130c58a824 0 0]releaseEfficiencyResources error, never apply resourceType=1 of deviceManager
06-15 18:05:09.575  9979  9979 W A00007/com.huawei.hmos.health.core:co/CapabilityManagerImpl: [a92ab130c58a824 0 0]disconnectTimer is empty
06-15 18:05:09.575  9979  9979 W A00007/com.huawei.hmos.health.core:co/CoreVk_VkTlvService: [a92ab130c58a824 0 0]off all TlvReport of deviceId=H20*********4745
06-15 18:05:09.575  9979  9979 E C02800/com.huawei.hmos.health.core:co/JSRegisterUtil: [a92ab130c58a824 0 0][|257]Callback doesn't exists
06-15 18:05:09.575  9979  9979 E C02800/com.huawei.hmos.health.core:co/JSRegisterModule: [a92ab130c58a824 0 0][|652]DelEventCallback failed
06-15 18:05:09.575  9979  9979 E C02800/com.huawei.hmos.health.core:co/JSRegisterUtil: [a92ab130c58a824 0 0][|257]Callback doesn't exists
06-15 18:05:09.575  9979  9979 E C02800/com.huawei.hmos.health.core:co/JSRegisterModule: [a92ab130c58a824 0 0][|652]DelEventCallback failed
06-15 18:05:09.575  9979  9979 E C02800/com.huawei.hmos.health.core:co/JSRegisterUtil: [a92ab130c58a824 0 0][|257]Callback doesn't exists
06-15 18:05:09.575  9979  9979 E C02800/com.huawei.hmos.health.core:co/JSRegisterModule: [a92ab130c58a824 0 0][|652]DelEventCallback failed
06-15 18:05:09.576  9979  9979 W A00007/com.huawei.hmos.health.core:co/SHFileWifi: [a92ab130c58a824 0 0]taskmgr stop transfer
06-15 18:05:09.576  9979  9979 W A00007/com.huawei.hmos.health.core:co/SHFileWifi: [a92ab130c58a824 0 0]SHSocket close socket but no client
06-15 18:05:09.576  9979  9979 E C01560/com.huawei.hmos.health.core:co/WifiNAPIEvent: [a92ab130c58a824 0 0]Unregister type not registered!
06-15 18:05:09.576  9979  9979 W A00007/com.huawei.hmos.health.core:co/SHFileCommon: [a92ab130c58a824 0 0]group enter unsubscribeEvents err={"code":"2801000"}
06-15 18:05:09.576  9979  9979 W A00007/com.huawei.hmos.health.core:co/SHFileCommon: [a92ab130c58a824 0 0]group closeWifiP2pGroup but group not created
06-15 18:05:09.576  1590  8833 E C01336/foundation/AMS: [a92ab130c58a824 0 0][control_interceptor.cpp90]getId fail
06-15 18:05:09.577  9979  9979 E A00007/com.huawei.hmos.health.core:co/MonitorManager: [a92ab130c58a824 0 0]getReceiverList typeReceiverMap is null
06-15 18:05:09.577  9979  9979 E A00007/com.huawei.hmos.health.core:co/MonitorManager: [a92ab130c58a824 0 0]handleReceiverCallback receiverList isEmpty
06-15 18:05:09.577  9979  9979 W C02D07/com.huawei.hmos.health.core:co/Verify: [a92ab130c58a824 0 0]invalid configName=
06-15 18:05:09.577  9979  9979 E A00007/com.huawei.hmos.health.core:co/EfficiencyResourceUtil: [a92ab130c58a824 0 0]releaseEfficiencyResources error, never apply resourceType=32 of LocationHandler
06-15 18:05:09.578  9979  9979 W A00007/com.huawei.hmos.health.core:co/UpdateUtil: [a92ab130c58a824 0 0]getOtaStatus, H20*********4745 has no record
06-15 18:05:09.579  9979  9979 W A00007/com.huawei.hmos.health.core:co/CommuManagerImpl: [a92ab130c58a824 0 0]no task MusicController to remove
06-15 18:05:09.579  9979  9979 W A00007/com.huawei.hmos.health.core:co/BtproxyManager: [a92ab130c58a824 0 0]BtproxyService receive stop request but service already stop.
06-15 18:05:09.579  9979  9979 W A00007/com.huawei.hmos.health.core:co/CalendarSyncManagerImpl: [a92ab130c58a824 0 0]Calendar data subscriber not create yet, failed to stop listen.
06-15 18:05:09.579  1590  8833 W C01337/foundation/EcologicalRule: [a92ab130c58a824 0 0][ERI235]failed,uid: 5523
06-15 18:05:09.579  9979  9979 E A00007/com.huawei.hmos.health.core:co/DeviceManagerImpl: [a92ab130c58a824 0 0]onDeviceOnline err is "TypeError" "Cannot load property of null or undefined"
06-15 18:05:09.579  9979  9979 W A00007/com.huawei.hmos.health.core:co/SosAssistManagerImpl: [a92ab130c58a824 0 0]stopSosTask, Calendar data subscriber not create yet, failed to stop listen.
06-15 18:05:09.580  1590  8833 W C01340/foundation/Ext: [a92ab130c58a824 0 0][ABCM1972]fail
06-15 18:05:09.580  9979 10190 E C01651/com.huawei.hmos.health.core:co/data_share_manager_impl: [a92ab130c58a824 0 0]RegisterClientDeathObserver: RegisterClientDeathObserver failed, bundleName is com.huawei.hmos.health.core
06-15 18:05:09.580  9979 10190 E C01651/com.huawei.hmos.health.core:co/data_share_manager_impl: [a92ab130c58a824 0 0]GetDataShareServiceProxy: RegisterClientDeathObserver failed
06-15 18:05:09.581  1622 42337 E C01651/distributeddata/DataShareServiceImpl: [a92ab130c58a824 0 0]GetBMSAndMetaDataStatus: Get metaData fail,bundleName:com.huawei.hmos.health.core,tableName:******,tokenId:0x200c780d, uri:******eDataShare
06-15 18:05:09.581  1622 42337 E C01651/distributeddata/DataShareServiceImpl: [a92ab130c58a824 0 0]GetSilentProxyStatus: BMS or metaData not ready to complete, token:0x200c780d, uri:******eDataShare
06-15 18:05:09.582  1543  2115 E C02515/render_service/METADATA_SRV: [0;32;31m[EraseMetadataKey:174]  fail[m
06-15 18:05:09.582  1543  2115 E C01401/render_service/Bufferqueue: <surface_buffer_impl.cpp:738-EraseMetadataKey>: EraseMetadataKey Failed with -1
06-15 18:05:09.582  1712  3396 W C04631/CollaborationFwk/AwarenessManager: [a92ab130c58a824 0 0]OnReceiveEvent#164: receive event usual.event.health.DEVICE_CONNECT_STATE_CHANGE
06-15 18:05:09.582  1712  3396 W C04631/CollaborationFwk/AwarenessManager: [a92ab130c58a824 0 0]GetExtraDeviceInfos#618: Query connected wear device info
06-15 18:05:09.585  9979  9979 W A00007/com.huawei.hmos.health.core:co/CapabilityManagerImpl: [a92ab130c58a824 0 0]deviceOfflineCallback error
06-15 18:05:09.585  1590 41856 E C01340/foundation/Ext: [a92ab130c58a824 0 0][ABCM611]empty
06-15 18:05:09.585  1590 41856 E C01340/foundation/Ext: [a92ab130c58a824 0 0][ABCM611]empty
06-15 18:05:09.585  1590 41856 E C01340/foundation/Ext: [a92ab130c58a824 0 0][ABCM611]empty
06-15 18:05:09.586  1590 41913 E C057C2/foundation/IPCObjectProxy: PrintErrorDetailedInfo: failed, handle:5536 error:29189 desc:*.TelephonyObserverBroker proxy:2765401088 time:334650882179665
06-15 18:05:09.586   788   788 E C01707/concurrent_task_service/CONCUR: [a92ab130c58a824 0 0]Payload type not exist
06-15 18:05:09.586  1590 41856 E C01336/foundation/AMS: [a92ab130c58a824 0 0][start_ability_utils.cpp419]nullptr
06-15 18:05:09.587  9979 10195 W C02D07/com.huawei.hmos.health.core:co/Verify: invalid configName=
06-15 18:05:09.587  1590 42622 W C01337/foundation/EcologicalRule: [a92ab130c58a824 0 0][ERI235]failed,uid: 5520
06-15 18:05:09.588  9979  9979 W A00007/com.huawei.hmos.health.core:co/AccountApiManager: the AccountModule already initialized!
06-15 18:05:09.588  1622 11289 E C01651/distributeddata/DataShareServiceImpl: [a92ab130c58a824 0 0]GetBMSAndMetaDataStatus: Get metaData fail,bundleName:com.huawei.hmos.health.core,tableName:******,tokenId:0x200c780d, uri:******rDataShare
06-15 18:05:09.588  9979  9979 W A00007/com.huawei.hmos.health.core:co/AccountApiManager: the AccountModule already initialized!
06-15 18:05:09.588  1622 11289 E C01651/distributeddata/DataShareServiceImpl: [a92ab130c58a824 0 0]GetSilentProxyStatus: BMS or metaData not ready to complete, token:0x200c780d, uri:******rDataShare
06-15 18:05:09.588  1622 42337 E C01631/distributeddata/GaussDB_RD: [a92ab130c58a824 0 0][COMMON] [391960967504] [98c0ebae] [GMERR-24000] Embedded service 11 execute go wrong
06-15 18:05:09.588  1590 41856 W C01337/foundation/EcologicalRule: [a92ab130c58a824 0 0][ERI235]failed,uid: 7023
06-15 18:05:09.588  1590 41856 W C01336/foundation/AMS: [a92ab130c58a824 0 0][ABMS9289]not allow, remove
06-15 18:05:09.588  1590 41856 W C01336/foundation/AMS: [a92ab130c58a824 0 0][ABR1579]nullptr
06-15 18:05:09.591  1590 41856 W C01123/foundation/BMSCommon: [a92ab130c58a824 0 0]not found -n com.huawei.hmos.health.core -u -1 -i 0 -f 32
06-15 18:05:09.591  1590 41856 W C01121/foundation/BMSQuery: [a92ab130c58a824 0 0]GetBundleInfo failed -n com.huawei.hmos.health.core -u 0
06-15 18:05:09.591  1590 41913 E C057C2/foundation/IPCObjectProxy: PrintErrorDetailedInfo: failed, handle:7756 error:29189 desc:*.TelephonyObserverBroker proxy:2767189248 time:334650887416123
06-15 18:05:09.592  1622 44927 E C01651/distributeddata/BundleMgrProxy: [a92ab130c58a824 0 0]GetBundleInfoFromBMS: GetBundleInfo failed!bundleName is com.huawei.hmos.health.core, userId is 0
06-15 18:05:09.592  1622 44927 E C01651/distributeddata/LoadConfigFromDataProxyNodeStra: [a92ab130c58a824 0 0]operator(): GetBundleInfoFromBMSWithCheck failed! bundleName: com.huawei.hmos.health.core
06-15 18:05:09.592  1622 44927 E C01651/distributeddata/SubscribeStrategy: [a92ab130c58a824 0 0]Execute: pre process fail, uri: ******rDataShare
06-15 18:05:09.593  4908  4908 W C01651/com.huawei.hms.pushservice/published_data_subscriber_manag: [a92ab130c58a824 0 0]operator(): registered failed, uri is ******rDataShare
06-15 18:05:09.593  4908  4908 W C01651/com.huawei.hms.pushservice/napi_subscriber_manager: [a92ab130c58a824 0 0]operator(): registered failed, uri is datashareproxy://com.huawei.hmos.health.core/wearDataShare
06-15 18:05:09.594  4908  4908 W A0FC99/com.huawei.hms.pushservice/JS-60100028: [a92ab130c58a824 0 0]Not support request event: uri =
06-15 18:05:09.595  9979  9979 E A00007/com.huawei.hmos.health.core:co/CapabilityManagerImpl: [a92ab130c58a824 0 0]setCapability coming
06-15 18:05:09.595  1622 44927 E C01651/distributeddata/DataShareServiceImpl: [a92ab130c58a824 0 0]GetBMSAndMetaDataStatus: Get metaData fail,bundleName:com.huawei.hmos.health.core,tableName:******,tokenId:0x200c780d, uri:******rDataShare
06-15 18:05:09.595  9979  9979 W A00007/com.huawei.hmos.health.core:co/CapabilityManagerImpl: [a92ab130c58a824 0 0]queryCapabilityEx got empty! index is 39, bit is 1
06-15 18:05:09.595  1622 44927 E C01651/distributeddata/DataShareServiceImpl: [a92ab130c58a824 0 0]GetSilentProxyStatus: BMS or metaData not ready to complete, token:0x200c780d, uri:******rDataShare
06-15 18:05:09.595  1590 41913 E C057C2/foundation/IPCObjectProxy: PrintErrorDetailedInfo: failed, handle:8515 error:29189 desc:*.TelephonyObserverBroker proxy:2721058432 time:334650891857790
06-15 18:05:09.595  1712  2572 E C04631/CollaborationFwk/AwarenessManager: [a92ab130c58a824 0 0]operator()#54: wearData is empty, need clear awareness data
06-15 18:05:09.595  1712  2572 W C04631/CollaborationFwk/AwarenessManager: [a92ab130c58a824 0 0]ClearAwarenessData#323: ClearAwarenessData [AwarenessData.Device.Wear.WearingStatus], userId: -1
06-15 18:05:09.596  1712  2572 E C04631/CollaborationFwk/AwarenessManager: [a92ab130c58a824 0 0]Clear#133: clear no cache awareness data
06-15 18:05:09.596  1712  2572 W C04631/CollaborationFwk/AwarenessManager: [a92ab130c58a824 0 0]ClearAwarenessData#323: ClearAwarenessData [AwarenessData.Device.Wear.PowerStatus], userId: -1
06-15 18:05:09.596  1712  2572 E C04631/CollaborationFwk/AwarenessManager: [a92ab130c58a824 0 0]Clear#133: clear no cache awareness data
06-15 18:05:09.596  1622 11289 E C01631/distributeddata/GaussDB_RD: [a92ab130c58a824 0 0][COMMON] [391958845776] [98c0ebae] [GMERR-24000] Embedded service 11 execute go wrong
06-15 18:05:09.597  1590 41913 E C057C2/foundation/IPCObjectProxy: PrintErrorDetailedInfo: failed, handle:9254 error:29189 desc:*.TelephonyObserverBroker proxy:2820181120 time:334650893028623
06-15 18:05:09.597  1590 41913 E C057C2/foundation/IPCObjectProxy: PrintErrorDetailedInfo: failed, handle:9240 error:29189 desc:*.TelephonyObserverBroker proxy:2755550720 time:334650893155186
06-15 18:05:09.597  1590 41913 E C057C2/foundation/IPCObjectProxy: PrintErrorDetailedInfo: failed, handle:9269 error:29189 desc:*.TelephonyObserverBroker proxy:2721531520 time:334650893742165
06-15 18:05:09.599 10176 10176 I C02C02/PARAM: ResetParamSecurityLabel Fd:19
06-15 18:05:09.599  1622 44927 E C01631/distributeddata/GaussDB_RD: [a92ab130c58a824 0 0][COMMON] [391950383440] [98c0ebae] [GMERR-24000] Embedded service 11 execute go wrong
06-15 18:05:09.608 10176 10176 W C02C11/s.findservice:staticSubscriber/APPSPAWN: errno:13 private mount to /mnt/sandbox/100/com.huawei.hmos.findservice/chip_prod/lib64/passthrough '524288' failed
06-15 18:05:09.609 10176 10176 W C02C11/s.findservice:staticSubscriber/APPSPAWN: check dir /data/app/el1/public/aot_compiler/ark_cache/com.huawei.hmos.findservice failed,strerror:No such file or directory
06-15 18:05:09.610 10176 10176 W C02C11/s.findservice:staticSubscriber/APPSPAWN: errno:2 bind mount /data/preload/app to /mnt/sandbox/100/com.huawei.hmos.findservice/data/preload/app
06-15 18:05:09.615 10176 10176 E C05A06/s.findservice:staticSubscriber/CODE_SIGN: [XpmIoctl]:Ioctl cmd 40087803 failed: Invalid argument (ignore)
06-15 18:05:09.619 10176 10271 W C057C1/s.findservice:staticSubscriber/IPCWorkThread: ThreadHandler: proto:0 policy:1 name:OS_IPC_0_10271 invoker:1365336064
06-15 18:05:09.619 10176 10273 W C057C1/s.findservice:staticSubscriber/IPCWorkThread: ThreadHandler: proto:0 policy:0 name:OS_IPC_1_10273 invoker:1272952960
06-15 18:05:09.620  9979  9979 W C01C30/com.huawei.hmos.health.core:co/SclockKit: [screenlock_manager.cpp(GetProxy:393)]Redo GetScreenLockManagerProxy
06-15 18:05:09.623  1590 10167 W C01336/foundation/AMS: [a92ab130c58a824 0 0][resident_process_manager.cpp269]rdbResult: 5
06-15 18:05:09.629 10276 10276 I C02C02/PARAM: ResetParamSecurityLabel Fd:19
06-15 18:05:09.636  3040  3040 W A06666/com.huawei.hmos.aidataservice/160002364: [a92ab130c58a824 0 0]Info_Publisher: publish AppProcess
06-15 18:05:09.638  3040 10175 W A00F00/com.huawei.hmos.aidataservice/CA: [AppProcessAbility:77]: AppProcessAbility return
06-15 18:05:09.639 10276 10276 W C02C11/om.huawei.hmos.fusionawareness/APPSPAWN: errno:13 private mount to /mnt/sandbox/100/com.huawei.hmos.fusionawareness/chip_prod/lib64/passthrough '524288' failed
06-15 18:05:09.640  1012  1198 E C015B0/netmanager/NetConnManager: [a92ab630c59c237 0 0]netController_ is nullptr
06-15 18:05:09.641 10276 10276 W C02C11/om.huawei.hmos.fusionawareness/APPSPAWN: check dir /data/app/el1/public/aot_compiler/ark_cache/com.huawei.hmos.fusionawareness failed,strerror:No such file or directory
06-15 18:05:09.642 10276 10276 W C02C11/om.huawei.hmos.fusionawareness/APPSPAWN: errno:2 bind mount /data/preload/app to /mnt/sandbox/100/com.huawei.hmos.fusionawareness/data/preload/app
06-15 18:05:09.643  9979 10208 W C04707/com.huawei.hmos.health.core:co/HaClient: [a92ab130c58a824 0 0]health_core: rejected keys: u**i,u**d,o**a,a**d
06-15 18:05:09.647 10276 10276 E C05A06/om.huawei.hmos.fusionawareness/CODE_SIGN: [XpmIoctl]:Ioctl cmd 40087803 failed: Invalid argument (ignore)
06-15 18:05:09.649  1590 41913 W C01650/foundation/RdbStoreManager: [a92ab130c58a824 0 0]IsConfigInvalidChanged:no bundleName
06-15 18:05:09.649  1590 41913 E C01650/foundation/SilentProxy: [a92ab130c58a824 0 0]IsSupportSilentFromService:GetRdbService failed, err is 27394049.
06-15 18:05:09.651 10276 10283 W C057C1/om.huawei.hmos.fusionawareness/IPCWorkThread: ThreadHandler: proto:0 policy:1 name:OS_IPC_0_10283 invoker:1365336704
06-15 18:05:09.651 10276 10284 W C057C1/om.huawei.hmos.fusionawareness/IPCWorkThread: ThreadHandler: proto:0 policy:0 name:OS_IPC_1_10284 invoker:1272944640
06-15 18:05:09.652  1590 41913 W C01650/foundation/RdbStoreImpl: [a92ab130c58a824 0 0]ExchangeSlaverToMaster:exchange st:3, bun***.db,
06-15 18:05:09.653  1590 10167 W C01336/foundation/AMS: [a92ab130c58a824 0 0][resident_process_manager.cpp269]rdbResult: 5
06-15 18:05:09.654  1590 10167 W C01300/foundation/AAFwk: [event_handler_wrap.cpp118]can't find event: 14_10176
06-15 18:05:09.655 10176 10288 W C057C1/s.findservice:staticSubscriber/IPCWorkThread: ThreadHandler: proto:0 policy:0 name:OS_IPC_2_10288 invoker:1288712192
06-15 18:05:09.657  1590 10187 W C01300/foundation/AAFwk: [event_handler_wrap.cpp118]can't find event: 14_10276
06-15 18:05:09.658 10276 10291 W C057C1/om.huawei.hmos.fusionawareness/IPCWorkThread: ThreadHandler: proto:0 policy:0 name:OS_IPC_2_10291 invoker:1288684160
06-15 18:05:09.661  3040  3040 W A06666/com.huawei.hmos.aidataservice/160002364: [a92ab130c58a824 0 0]Info_Publisher: publish AppProcess
06-15 18:05:09.665  3040 10174 W A00F00/com.huawei.hmos.aidataservice/CA: [AppProcessAbility:77]: AppProcessAbility return
06-15 18:05:09.673 10276 10276 W C01321/om.huawei.hmos.fusionawareness/JsRuntime: [CSM161]not Connected
06-15 18:05:09.673   605   605 I C02C03/PARAM_WATCHER: [watcher_manager.cpp:72]Add remote watcher remoteWatcherId 15137 10276 success
