06-10 23:32:57.644     0     0 I I00000/HiLog: ========Zeroth log of type: init
06-10 16:32:57.501   569   569 I I02C01/hmos_cust_carrier_mount/CustCarrierMount: MountCarrierToShared start
06-10 16:32:57.501   569   569 I I02C01/hmos_cust_carrier_mount/CustCarrierMount: success to mount carrier to shared
06-10 16:32:57.501   569   569 I I02C01/hmos_cust_carrier_mount/CustCarrierMount: MountCarrierToShared start
06-10 16:32:57.501   569   569 I I02C01/hmos_cust_carrier_mount/CustCarrierMount: success to mount ANCO_APP_DATA to shared
06-10 16:32:59.925  1148  1148 W I02C01/hmos_cust_carrier_mount/CustCarrierMount: not exsit CUST_GLOBAL_CARRIER_DIR or COTA_PARAM_CARRIER_DIR
06-10 16:33:01.478  1001  1001 E I04301/light_sensor/LIGHT_SENSOR: AlsGetSpecifyXmlFileName: phoneType error
06-14 08:02:06.272  2938  2938 W A01A00/com.ohos.sceneboard/SYS_UI: BatteryComponent-batteryModel: batterySoc refresh 99
06-14 08:02:06.278  3040  3040 W A06666/com.huawei.hmos.aidataservice/160002364: Info_Publisher: publish BatteryStatus
06-14 08:02:14.512  3040  3040 W A06666/com.huawei.hmos.aidataservice/160002364: Info_Publisher: publish SetIntervalTimer
06-14 08:02:14.523  3040 11723 W A00F00/com.huawei.hmos.aidataservice/CA: [TimerOperator:134]: awarenessDataList is empty
06-14 08:02:22.271   772 11640 E C02B87/audio_server/AudioServer: [SetExtraParameters]invalid subkey or value
06-14 08:02:22.290  2654  8671 E C01560/wifi_manager_service/WifiCongestionService: HandleSignalPollChangedMsg unsupported
06-14 08:02:23.312  2654 10170 E C01560/wifi_manager_service/WifiCongestionService: HandleSignalPollChangedMsg unsupported
06-14 08:02:23.687  1179  1290 W C01C42/time_service/TimeService: t3 315065626
06-14 08:02:23.998  1413  2072 W C02943/power_host/ThermalHdi: Read node failed, title = brightness
06-14 08:02:24.173  1179  1179 W C01C42/time_service/TimeService: bat:48 id:354299229 we:604934240 mwe:1058534240
06-14 08:02:24.175  1179  1179 W C01C42/time_service/TimeService: id:1965801998 we:131665 mwe:1481665
06-14 08:02:24.175  1179  1179 W C01C42/time_service/TimeService: t3 131665
06-14 08:02:24.176  1179  1290 W C01C42/time_service/TimeService: uid:5557 id:1965801998 wk:0
06-14 08:02:24.176  1179  1290 W C01C42/time_service/TimeService: bat:8 id:1965801998 we:315131665 mwe:316481665
06-14 08:02:24.176  1179  1290 W C01C42/time_service/TimeService: t3 315065626
06-14 08:02:24.177  1179  1179 W C01C42/time_service/TimeService: bat:30 id:368335469 we:370200496
06-14 08:02:24.178  1179  1179 W C01C42/time_service/TimeService: id:904310586 we:31536567021
06-14 08:02:24.179  1179  1179 W C01C42/time_service/TimeService: id:76204237 we:316123403
06-14 08:02:24.181  1179  1179 W C01C42/time_service/TimeService: id:1962720563 we:20398855 mwe:23098855
06-14 08:02:24.181  1179  1179 W C01C42/time_service/TimeService: t3 20398855
06-14 08:02:24.181  1179  1290 W C01C42/time_service/TimeService: uid:5557 id:1962720563 wk:0
06-14 08:02:24.181  1179  1290 W C01C42/time_service/TimeService: bat:14 id:1962720563 we:315598855 mwe:318298855
06-14 08:02:24.181  1179  1290 W C01C42/time_service/TimeService: t3 315065626
06-14 08:02:24.182  5839  5839 W C05932/rgm_manager/RGM_STATUS: [(HttpSocketSelect:307)]select end, ret:1, errno:4
06-14 08:02:24.182  5839  5839 E C05930/rgm_manager/RGM_MANAGER: [(SetStringField:309)]key not exist, key: errmsg
06-14 08:02:24.182  1179  1179 W C01C42/time_service/TimeService: id:1948241874 we:342949053
06-14 08:02:24.183  5430  5430 W C05930/hmos_fusion_manager/RGM_MANAGER: [(ParseContainerStatus:172)]Rgm status: paused
06-14 08:02:24.184  1179  9905 W C01C42/time_service/TimeService: id:979630430 we:317139303
06-14 08:02:24.184  5839  5839 E C05930/rgm_manager/RGM_MANAGER: [(ToCustomJsonBody:166)]pause or resume request from 5839
06-14 08:02:24.185  1179  9905 W C01C42/time_service/TimeService: id:150579590 we:369600109
06-14 08:02:24.187  1179  9905 W C01C42/time_service/TimeService: id:1542727442 we:315591090668
06-14 08:02:24.187  1153 11755 E C05938/isulad/RGM_ENGINE_PLUGIN: [(check_pause_request_vaild:67)]peer request from 5839, 1751794988244
06-14 08:02:24.187  1153 11755 E C05938/isulad/RGM_ENGINE_PLUGIN: [(check_pause_request_vaild:82)]peer request from rgm_manager:5839
06-14 08:02:24.188  1179  9905 W C01C42/time_service/TimeService: bat:48 id:705925763 we:401335021
06-14 08:02:24.190  1179  9905 W C01C42/time_service/TimeService: id:1619478824 we:315598503599
06-14 08:02:24.192  1153 11755 E C05938/isulad/RGM_ENGINE_PLUGIN: [(container_resume_cb:765)]Event: {Object: ff43e76239634bd9fe644a28060d830d87f5d8568ef8ebaa870203db07055c76, Type: Resuming}
06-14 08:02:24.192  1179  9905 W C01C42/time_service/TimeService: id:1162595210 we:774974469
06-14 08:02:24.193  1179  9905 W C01C42/time_service/TimeService: id:1590718506 we:346499847
06-14 08:02:24.195  1179  9905 W C01C42/time_service/TimeService: id:147720994 we:315122303
06-14 08:02:24.196  1179  9905 W C01C42/time_service/TimeService: id:994393334 we:519423295
06-14 08:02:24.197  1179  9905 W C01C42/time_service/TimeService: id:1953631417 we:519614472
06-14 08:02:24.199  1179  9905 W C01C42/time_service/TimeService: id:1292739296 we:317491798
06-14 08:02:24.200  1179  9905 W C01C42/time_service/TimeService: bat:0 id:238742690 we:274207296 mwe:339007296
06-14 08:02:24.202  1179  9905 W C01C42/time_service/TimeService: id:951139188 we:376121046
06-14 08:02:24.203  1179  9905 W C01C42/time_service/TimeService: id:1386854735 we:372521046
06-14 08:02:24.205  1153 11755 E C05938/isulad/RGM_ENGINE_PLUGIN: [(cgfsng_set:3450)]set state THAWED to freezer.state
06-14 08:02:24.205  1179  9905 W C01C42/time_service/TimeService: id:1357185254 we:372521046
06-14 08:02:24.211  1179  9905 W C01C42/time_service/TimeService: id:1553260452 we:317490905
06-14 08:02:24.217  1179  9905 W C01C42/time_service/TimeService: id:191227134 we:551884941
06-14 08:02:24.221  1179  9905 W C01C42/time_service/TimeService: id:840270508 we:365400274
06-14 08:02:24.224  1153 11755 W C05938/isulad/RGM_ENGINE_PLUGIN: [(do_freeze_thaw:49)]Start to wait ff43e76239634bd9fe644a28060d830d87f5d8568ef8ebaa870203db07055c76 change to THAWED
06-14 08:02:24.226  1179  9905 W C01C42/time_service/TimeService: id:1174050779 we:345000274
06-14 08:02:24.228  1179  9905 W C01C42/time_service/TimeService: id:511708779 we:317669957
06-14 08:02:24.230  1179  9905 W C01C42/time_service/TimeService: id:337563315 we:348660591
06-14 08:02:24.232  1179  9905 W C01C42/time_service/TimeService: id:1560348576 we:1682209509
06-14 08:02:24.233  1179  9905 W C01C42/time_service/TimeService: bat:47 id:892160865 we:357879368 mwe:390279368
06-14 08:02:24.233  1153 11755 E C05938/isulad/RGM_ENGINE_PLUGIN: [(do_resume_container:638)]resume container
06-14 08:02:24.233  1153 11755 W C05938/isulad/RGM_ENGINE_PLUGIN: [GetRgmStateParam:78]current rgm state is 2
06-14 08:02:24.235  1153 11755 I C02C02/PARAM: SystemSetParameter name virt_service.rgm_state.rgm_hmos id:10637 ret:0
06-14 08:02:24.235  1153 11755 E C05938/isulad/RGM_ENGINE_PLUGIN: [(container_state_reset_paused:284)]Update RUNNING
06-14 08:02:24.235   605   691 I C02C03/PARAM_WATCHER: ProcessParameterChange key:virt_service.rgm_state.rgm_hmos pid:5839
06-14 08:02:24.235   605   691 I C02C03/PARAM_WATCHER: ProcessParameterChange key:virt_service.rgm_state.rgm_hmos pid:5430
06-14 08:02:24.235  1153 11755 E C05938/isulad/RGM_ENGINE_PLUGIN: [(container_resume_cb:781)]Event: {Object: ff43e76239634bd9fe644a28060d830d87f5d8568ef8ebaa870203db07055c76, Type: Resumed}
06-14 08:02:24.236  5839  5839 W C05932/rgm_manager/RGM_STATUS: [(HttpSocketSelect:307)]select end, ret:1, errno:4
06-14 08:02:24.236  5839  5908 W C05930/rgm_manager/RGM_MANAGER: [(OnRgmStateChanged:790)]Rgm status changed: rgm_hmos running
06-14 08:02:24.236  5839  5839 E C05930/rgm_manager/RGM_MANAGER: [(SetStringField:309)]key not exist, key: errmsg
06-14 08:02:24.236  5839  5908 W C05932/rgm_manager/RGM_STATUS: [(OnContainerStatusChanged:587)]On Container Status Changed enter
06-14 08:02:24.236  5839  5908 W C05930/rgm_manager/RGM_MANAGER: [(NotifyContainerStatusChanged:43)]Notify Status Changed SendRequest ret:0
06-14 08:02:24.236  5839  5908 W C05932/rgm_manager/RGM_STATUS: [(OnContainerStatusChanged:598)]notify rgm status changed status:119                 ret:1
06-14 08:02:24.237  1179  9905 W C01C42/time_service/TimeService: id:2007541124 we:372526046
06-14 08:02:24.240  1179  9905 W C01C42/time_service/TimeService: id:818025729 we:315872100
06-14 08:02:24.241  1179  9905 W C01C42/time_service/TimeService: id:1138147170 we:315101047
06-14 08:02:24.242  1179  9905 W C01C42/time_service/TimeService: id:427901869 we:315285693
06-14 08:02:24.245  1179  9905 W C01C42/time_service/TimeService: id:753401653 we:379746046
06-14 08:02:24.246   605   691 I C02C03/PARAM_WATCHER: ProcessParameterChange key:hmos_fusion_mgr.ctl.fsm_state pid:855
06-14 08:02:24.246  5430  5554 I C02C02/PARAM: SystemSetParameter name hmos_fusion_mgr.ctl.fsm_state id:10668 ret:0
06-14 08:02:24.246   605   691 I C02C03/PARAM_WATCHER: ProcessParameterChange key:hmos_fusion_mgr.ctl.fsm_state pid:2905
06-14 08:02:24.246   605   691 I C02C03/PARAM_WATCHER: ProcessParameterChange key:hmos_fusion_mgr.ctl.fsm_state pid:968
06-14 08:02:24.248  2905 11022 W C011FB/bms_broker/BMSBroker: [FreezeCancel:164]get all uninstall bundleNames is empty
06-14 08:02:24.248  2905  3644 E C01CCD/bms_broker/Broker: [ (OnAncoStatusChanged:89)]main handler is nullptr
06-14 08:02:24.249   605   691 I C02C03/PARAM_WATCHER: ProcessParameterChange key:hmos_fusion_mgr.ctl.fsm_state pid:6134
06-14 08:02:24.254   968 41850 I C02C02/PARAM: SystemSetParameter name anco_state id:25284 ret:0
06-14 08:02:24.255   605   691 I C02C03/PARAM_WATCHER: ProcessParameterChange key:anco_state pid:855
06-14 08:02:24.255   605   691 I C02C03/PARAM_WATCHER: ProcessParameterChange key:anco_state pid:1383
06-14 08:02:24.255   605   691 I C02C03/PARAM_WATCHER: ProcessParameterChange key:anco_state pid:856
06-14 08:02:24.255   605   691 I C02C03/PARAM_WATCHER: ProcessParameterChange key:anco_state pid:6135
06-14 08:02:24.255   605   691 I C02C03/PARAM_WATCHER: ProcessParameterChange key:anco_state pid:6133
06-14 08:02:24.255   605   691 I C02C03/PARAM_WATCHER: ProcessParameterChange key:anco_state pid:6134
06-14 08:02:24.256  6133 10475 E C02B8A/anco_audio/AncoAudioProxy: [AncoAvSessionActive][AudioRenderProxy::AncoAvSessionActive] start active.
06-14 08:02:24.257  2654 32480 E C01560/wifi_manager_service/OHWIFI_MANAGER_PERMISSION_HELPE: has no permission_name=ohos.permission.GET_WIFI_PEERS_MAC, pid=5430, uid=7558
06-14 08:02:24.257  3040 21150 E C02B91/com.huawei.hmos.aidataservice/AVSession: [HandleEvent]not register callback event=3
06-14 08:02:24.257  2938 21149 E C02B91/com.ohos.sceneboard/AVSession: [HandleEvent]not register callback event=3
06-14 08:02:24.259  6135  6144 E C01CCC/virt_device/DRBO: [nodict][input_impl.cpp(UpdateWindowInfo)]Corrupted windows info
06-14 08:02:24.259   856  2209 E C02800/multimodalinput/ContainerIpcMgr: [|1519]UdsSendEvent fail, error:-1
06-14 08:02:24.259  6134  6134 W C01CCD/anco_service_broker/ALARM_BROKER_LOG: [(IsTimezoneChanged:242)]timezone is not changed, last: Africa/Casablanca
06-14 08:02:24.267   605   691 I C02C03/PARAM_WATCHER: ProcessParameterChange key:hmos_fusion_mgr.ctl.inner.sync_switch pid:5430
06-14 08:02:24.267  6134  6134 E C01CCD/anco_service_broker/POWER_BROKER_LOG: [(AcquireWakeLock:49)]Anco freeze, do not allow acquire wakeLock
06-14 08:02:24.293  6134  6134 E C01651/anco_service_broker/shared_block: GetCellUnit: Failed to read row 1, column 2 from a SharedBlock which has 0 rows, 0 columns.
06-14 08:02:24.293  6134  6134 E C01CCD/anco_service_broker/Broker: [ (GetDataRoamingRDBValue:1279)]resultValue is empty
06-14 08:02:24.293  6134  6134 E C01CCD/anco_service_broker/Broker: [ (OnChange:1232)]GetValue failed!
06-14 08:02:24.301  6134  6134 E C01CCD/anco_service_broker/NfcBroker: (112)NfcBrokerClient::GetNfcProxy()
06-14 08:02:24.301  4527  4527 E C01C02/pasteboard_service/PBS: IsPermissionGranted# permission denied, perm=ohos.permission.SECURE_PASTE
06-14 08:02:24.301  4527  4527 E C01C02/pasteboard_service/PBS: GetValidDistributeEvent# plugin is null
06-14 08:02:24.301  4527  4527 E C01C02/pasteboard_service/PBS: GetLocalNetworkId# ret: 0, networkId:cc7db
06-14 08:02:24.301  4527  4527 E C01C02/pasteboard_service/PBS: GetLocalData# no data userId is 100.
06-14 08:02:24.301  4527  4527 E C01C02/pasteboard_service/PBS: HandleGetDataError# get local or remote data err:27787283
06-14 08:02:24.301  4527  4527 E C04111/pasteboard_service/DHDM: [devicemanagerkit][GetUdidByNetworkId]:DeviceManagerImpl::GetUdidByNetworkId error: Invalid para, pkgName: pasteboard_dm_adapter, netWorkId: ******
06-14 08:02:24.301  4527  4527 E C01C02/pasteboard_service/PBS: GetPasteDataInner# data is invalid, ret is 27787283, callPid is 6134, tokenId is 671658075
06-14 08:02:24.301  6134  6261 E C01CCD/anco_service_broker/DMS_BROKER_LOG: [(OnDisplayRotationChanged:133)]0 ret:0
06-14 08:02:24.302  6134  6165 W C01CCD/anco_service_broker/Broker: [broker_pasteboard_observer.cpp(OnPasteboardEvent:34)]the operate is requested by anco_service_broker
06-14 08:02:24.302  6134 11757 E C01C01/anco_service_broker/PBC: ProcessPasteData# Invalid raw data size:0
06-14 08:02:24.302  6134 11757 E C01CCD/anco_service_broker/Broker: [pasteboard_broker_sa.cpp(SetPastedata:158)]failed to get pasteData from oh pasteboard.
06-14 08:02:24.305  6134 11473 E C01CCD/anco_service_broker/GraphicBroker: SetVSyncEnabledLocked: set vsync rate failed, ret=40001000, rate=1
06-14 08:02:24.311  6134  6261 E C01CCD/anco_service_broker/DMS_BROKER_LOG: [(OnDisplaySizeAndDensityChanged:171)]1260 2844 ret:0
06-14 08:02:24.311  6134  6134 E C01CCD/anco_service_broker/Broker: [keyguard_broker_sa.cpp(UpdateLockState:125)]UpdateLockState isEnable 0, result is 0
06-14 08:02:24.314  6134  6165 E C01CCD/anco_service_broker/POWER_BROKER_LOG: [(RemoveLock:51)]The map of wakeLockMap_ is empty, lock has not acquired.
06-14 08:02:24.314  6134  6165 E C01CCD/anco_service_broker/POWER_BROKER_LOG: [(ReleaseWakeLockInner:103)]removeLock failed : -4
06-14 08:02:24.315  6134  6165 W C01D11/anco_service_broker/AamsBrokerService: [(DeregisterElementOperator:280)]Not find windowId[2435] in ASAC
06-14 08:02:24.315  6134  6165 W C01D11/anco_service_broker/AamsBrokerService: [(DeregisterElementOperator:280)]Not find windowId[2426] in ASAC
06-14 08:02:24.315  6134  6165 W C01D11/anco_service_broker/AamsBrokerService: [(DeregisterElementOperator:280)]Not find windowId[2420] in ASAC
06-14 08:02:24.315  6134  6165 W C01D11/anco_service_broker/AamsBrokerService: [(DeregisterElementOperator:280)]Not find windowId[2259] in ASAC
06-14 08:02:24.316  6134  6223 W C01D11/anco_service_broker/AamsBrokerService: [(DeregisterElementOperator:280)]Not find windowId[1768] in ASAC
06-14 08:02:24.316  6134  6223 W C01D11/anco_service_broker/AamsBrokerService: [(DeregisterElementOperator:280)]Not find windowId[2162] in ASAC
06-14 08:02:24.316  6134  6223 W C01D11/anco_service_broker/AamsBrokerService: [(DeregisterElementOperator:280)]Not find windowId[1767] in ASAC
06-14 08:02:24.316  6134  6223 W C01D11/anco_service_broker/AamsBrokerService: [(DeregisterElementOperator:280)]Not find windowId[2068] in ASAC
06-14 08:02:24.316  6134  6223 W C01D11/anco_service_broker/AamsBrokerService: [(DeregisterElementOperator:280)]Not find windowId[1807] in ASAC
06-14 08:02:24.316  6134  6223 W C01D11/anco_service_broker/AamsBrokerService: [(DeregisterElementOperator:280)]Not find windowId[1783] in ASAC
06-14 08:02:24.317  6134  6223 W C01D11/anco_service_broker/AamsBrokerService: [(DeregisterElementOperator:280)]Not find windowId[2073] in ASAC
06-14 08:02:24.317  6134  6223 W C01D11/anco_service_broker/AamsBrokerService: [(DeregisterElementOperator:280)]Not find windowId[1782] in ASAC
06-14 08:02:24.317  6134  6223 W C01D11/anco_service_broker/AamsBrokerService: [(DeregisterElementOperator:280)]Not find windowId[1781] in ASAC
06-14 08:02:24.317  6134  6223 W C01D11/anco_service_broker/AamsBrokerService: [(DeregisterElementOperator:280)]Not find windowId[1780] in ASAC
06-14 08:02:24.317  6134  6223 W C01D11/anco_service_broker/AamsBrokerService: [(DeregisterElementOperator:280)]Not find windowId[12] in ASAC
06-14 08:02:24.317  6134  6223 W C01D11/anco_service_broker/AamsBrokerService: [(DeregisterElementOperator:280)]Not find windowId[1766] in ASAC
06-14 08:02:24.317  2654  8669 E C01560/wifi_manager_service/WifiCongestionService: HandleSignalPollChangedMsg unsupported
06-14 08:02:24.317  6134 26335 W C01D11/anco_service_broker/AamsBrokerService: [(DeregisterElementOperator:280)]Not find windowId[16] in ASAC
06-14 08:02:24.318  6134  6165 W C01D11/anco_service_broker/AamsBrokerService: [(DeregisterElementOperator:280)]Not find windowId[2056] in ASAC
06-14 08:02:24.318  6134  6165 W C01D11/anco_service_broker/AamsBrokerService: [(DeregisterElementOperator:280)]Not find windowId[1765] in ASAC
06-14 08:02:24.318  6134  6165 W C01D11/anco_service_broker/AamsBrokerService: [(DeregisterElementOperator:280)]Not find windowId[1764] in ASAC
06-14 08:02:24.318  6134  6165 W C01D11/anco_service_broker/AamsBrokerService: [(DeregisterElementOperator:280)]Not find windowId[1763] in ASAC
06-14 08:02:24.318  6134  6165 W C01D11/anco_service_broker/AamsBrokerService: [(DeregisterElementOperator:280)]Not find windowId[1760] in ASAC
06-14 08:02:24.318  6134  6165 W C01D11/anco_service_broker/AamsBrokerService: [(DeregisterElementOperator:280)]Not find windowId[1759] in ASAC
06-14 08:02:24.318  6134  6165 W C01D11/anco_service_broker/AamsBrokerService: [(DeregisterElementOperator:280)]Not find windowId[968] in ASAC
06-14 08:02:24.318  6134  6165 W C01D11/anco_service_broker/AamsBrokerService: [(DeregisterElementOperator:280)]Not find windowId[1756] in ASAC
06-14 08:02:24.319  6134  6165 W C01D11/anco_service_broker/AamsBrokerService: [(DeregisterElementOperator:280)]Not find windowId[1074] in ASAC
06-14 08:02:24.319  6134 26335 W C01D11/anco_service_broker/AamsBrokerService: [(DeregisterElementOperator:280)]Not find windowId[1665] in ASAC
06-14 08:02:24.319  6134 26335 W C01D11/anco_service_broker/AamsBrokerService: [(DeregisterElementOperator:280)]Not find windowId[1556] in ASAC
06-14 08:02:24.319  6134 26335 W C01D11/anco_service_broker/AamsBrokerService: [(DeregisterElementOperator:280)]Not find windowId[1554] in ASAC
06-14 08:02:24.319  6134 26335 W C01D11/anco_service_broker/AamsBrokerService: [(DeregisterElementOperator:280)]Not find windowId[1553] in ASAC
06-14 08:02:24.319  6134 26335 W C01D11/anco_service_broker/AamsBrokerService: [(DeregisterElementOperator:280)]Not find windowId[1826] in ASAC
06-14 08:02:24.319  6134  6165 W C01D11/anco_service_broker/AamsBrokerService: [(DeregisterElementOperator:280)]Not find windowId[1147] in ASAC
06-14 08:02:24.320  6134  6223 W C01D11/anco_service_broker/AamsBrokerService: [(DeregisterElementOperator:280)]Not find windowId[1141] in ASAC
06-14 08:02:24.320  6134  6223 W C01D11/anco_service_broker/AamsBrokerService: [(DeregisterElementOperator:280)]Not find windowId[1140] in ASAC
06-14 08:02:24.320  6134  6223 W C01D11/anco_service_broker/AamsBrokerService: [(DeregisterElementOperator:280)]Not find windowId[1236] in ASAC
06-14 08:02:24.320  6134  6223 W C01D11/anco_service_broker/AamsBrokerService: [(DeregisterElementOperator:280)]Not find windowId[1139] in ASAC
06-14 08:02:24.320  6134  6223 W C01D11/anco_service_broker/AamsBrokerService: [(DeregisterElementOperator:280)]Not find windowId[939] in ASAC
06-14 08:02:24.320  6134  6223 W C01D11/anco_service_broker/AamsBrokerService: [(DeregisterElementOperator:280)]Not find windowId[1136] in ASAC
06-14 08:02:24.320  6134  6223 W C01D11/anco_service_broker/AamsBrokerService: [(DeregisterElementOperator:280)]Not find windowId[2299] in ASAC
06-14 08:02:24.320  6134  6223 W C01D11/anco_service_broker/AamsBrokerService: [(DeregisterElementOperator:280)]Not find windowId[938] in ASAC
06-14 08:02:24.320  6134  6223 W C01D11/anco_service_broker/AamsBrokerService: [(DeregisterElementOperator:280)]Not find windowId[1075] in ASAC
06-14 08:02:24.320  6134  6223 W C01D11/anco_service_broker/AamsBrokerService: [(DeregisterElementOperator:280)]Not find windowId[1065] in ASAC
06-14 08:02:24.320  1590 60356 W C01336/foundation/AMS: [crowd_test_interceptor.cpp54]GetAppInfo failed
06-14 08:02:24.320  6134  6223 W C01D11/anco_service_broker/AamsBrokerService: [(DeregisterElementOperator:280)]Not find windowId[861] in ASAC
06-14 08:02:24.321  1590 60356 W C01120/foundation/BMS: get running rule -n empty
06-14 08:02:24.321  6134  6165 W C01D11/anco_service_broker/AamsBrokerService: [(DeregisterElementOperator:280)]Not find windowId[1649] in ASAC
06-14 08:02:24.321  6134 26335 W C01D11/anco_service_broker/AamsBrokerService: [(DeregisterElementOperator:280)]Not find windowId[1552] in ASAC
06-14 08:02:24.321  6134 26335 W C01D11/anco_service_broker/AamsBrokerService: [(DeregisterElementOperator:280)]Not find windowId[1067] in ASAC
06-14 08:02:24.321  6134 26335 W C01D11/anco_service_broker/AamsBrokerService: [(DeregisterElementOperator:280)]Not find windowId[966] in ASAC
06-14 08:02:24.321  6134 26335 W C01D11/anco_service_broker/AamsBrokerService: [(DeregisterElementOperator:280)]Not find windowId[1557] in ASAC
06-14 08:02:24.321  6134 26335 W C01D11/anco_service_broker/AamsBrokerService: [(DeregisterElementOperator:280)]Not find windowId[1072] in ASAC
06-14 08:02:24.321  6134 26335 W C01D11/anco_service_broker/AamsBrokerService: [(DeregisterElementOperator:280)]Not find windowId[960] in ASAC
06-14 08:02:24.321  6134 26335 W C01D11/anco_service_broker/AamsBrokerService: [(DeregisterElementOperator:280)]Not find windowId[1551] in ASAC
06-14 08:02:24.321  6134 26335 W C01D11/anco_service_broker/AamsBrokerService: [(DeregisterElementOperator:280)]Not find windowId[1066] in ASAC
06-14 08:02:24.322  6134 26335 W C01D11/anco_service_broker/AamsBrokerService: [(DeregisterElementOperator:280)]Not find windowId[969] in ASAC
06-14 08:02:24.322  6134 26335 W C01D11/anco_service_broker/AamsBrokerService: [(DeregisterElementOperator:280)]Not find windowId[959] in ASAC
06-14 08:02:24.322  6134 26335 W C01D11/anco_service_broker/AamsBrokerService: [(DeregisterElementOperator:280)]Not find windowId[1258] in ASAC
06-14 08:02:24.322  6134 26335 W C01D11/anco_service_broker/AamsBrokerService: [(DeregisterElementOperator:280)]Not find windowId[1064] in ASAC
06-14 08:02:24.322  6134 26335 W C01D11/anco_service_broker/AamsBrokerService: [(DeregisterElementOperator:280)]Not find windowId[770] in ASAC
06-14 08:02:24.322  6134 26335 W C01D11/anco_service_broker/AamsBrokerService: [(DeregisterElementOperator:280)]Not find windowId[1755] in ASAC
06-14 08:02:24.322  6134 26335 W C01D11/anco_service_broker/AamsBrokerService: [(DeregisterElementOperator:280)]Not find windowId[967] in ASAC
06-14 08:02:24.323  6134 26335 W C01D11/anco_service_broker/AamsBrokerService: [(DeregisterElementOperator:280)]Not find windowId[1742] in ASAC
06-14 08:02:24.323  6134 26335 W C01D11/anco_service_broker/AamsBrokerService: [(DeregisterElementOperator:280)]Not find windowId[1063] in ASAC
06-14 08:02:24.323  6134 26335 W C01D11/anco_service_broker/AamsBrokerService: [(DeregisterElementOperator:280)]Not find windowId[955] in ASAC
06-14 08:02:24.323  6134 26335 W C01D11/anco_service_broker/AamsBrokerService: [(DeregisterElementOperator:280)]Not find windowId[1817] in ASAC
06-14 08:02:24.323  6134 26335 W C01D11/anco_service_broker/AamsBrokerService: [(DeregisterElementOperator:280)]Not find windowId[1812] in ASAC
06-14 08:02:24.323  6134 26335 W C01D11/anco_service_broker/AamsBrokerService: [(DeregisterElementOperator:280)]Not find windowId[2295] in ASAC
06-14 08:02:24.323  6134 26335 W C01D11/anco_service_broker/AamsBrokerService: [(DeregisterElementOperator:280)]Not find windowId[937] in ASAC
06-14 08:02:24.323  6134 26335 W C01D11/anco_service_broker/AamsBrokerService: [(DeregisterElementOperator:280)]Not find windowId[896] in ASAC
06-14 08:02:24.323  6134 26335 W C01D11/anco_service_broker/AamsBrokerService: [(DeregisterElementOperator:280)]Not find windowId[895] in ASAC
06-14 08:02:24.323  6134 26335 W C01D11/anco_service_broker/AamsBrokerService: [(DeregisterElementOperator:280)]Not find windowId[957] in ASAC
06-14 08:02:24.323  6134 26335 W C01D11/anco_service_broker/AamsBrokerService: [(DeregisterElementOperator:280)]Not find windowId[785] in ASAC
06-14 08:02:24.324  6134 26335 W C01D11/anco_service_broker/AamsBrokerService: [(DeregisterElementOperator:280)]Not find windowId[52] in ASAC
06-14 08:02:24.324  6134 26335 W C01D11/anco_service_broker/AamsBrokerService: [(DeregisterElementOperator:280)]Not find windowId[138] in ASAC
06-14 08:02:24.324  6134 26335 W C01D11/anco_service_broker/AamsBrokerService: [(DeregisterElementOperator:280)]Not find windowId[1803] in ASAC
06-14 08:02:24.324  6134 26335 W C01D11/anco_service_broker/AamsBrokerService: [(DeregisterElementOperator:280)]Not find windowId[57] in ASAC
06-14 08:02:24.324  6134 26335 W C01D11/anco_service_broker/AamsBrokerService: [(DeregisterElementOperator:280)]Not find windowId[55] in ASAC
06-14 08:02:24.326  6134  6134 W C01120/anco_service_broker/BMS: GetParcelableInfo reply false
06-14 08:02:24.326  6134  6134 W C01121/anco_service_broker/BMSQuery: bundle_mgr_proxy.cpp:QueryAbilityInfo:1311 QueryAbilityInfo mutiparam from server fail
06-14 08:02:24.326  6134  6134 E C01CBD/anco_service_broker/AmsBrokerService: [AmsBroker(HasPermissionsDeclareForAbility:106)]query ability info failed from bundleMgr Ability:DataShareExtAbility, bundle:com.ohos.medialibrary.medialibrarydata.
06-14 08:02:24.327  1590 60356 W C01337/foundation/EcologicalRule: [ERI235]failed,uid: 5557
06-14 08:02:24.331  1590 60356 E C01312/foundation/DbObsMgr: [dataobs_mgr_inner_ext.cpp281]subscribers num :0
06-14 08:02:24.331  1590 60356 E C01312/foundation/DbObsMgr: [dataobs_mgr_inner_ext.cpp281]subscribers num :0
06-14 08:02:24.338   772 10466 W C02B87/audio_server/AudioDeviceCommon: [GetPreferredOutputDeviceDescInner]Invalid usage[0], return current device.
06-14 08:02:24.579  1179  1290 W C01C42/time_service/TimeService: uid:5557 id:238742690 wk:0
06-14 08:02:24.580  1179  1290 W C01C42/time_service/TimeService: bat:49 id:238742690 we:360607296 mwe:425407296
06-14 08:02:24.580  1179  1290 W C01C42/time_service/TimeService: t3 315066733
06-14 08:02:24.751   855 30880 W C057C3/memmgrservice/IPCObjectStub: SendRequestInner: Stub(desc:*.AncoStatusSubcriber) code:0 cost:502ms
06-14 08:02:24.895 60274 60274 W A02112/com.ohos.FusionSearch/[FusionSearch]100_3.6.1.301.021: CommonUtil, forceFullGC duration: 74 ms
06-14 08:02:25.267  2905  3644 E C01CCD/bms_broker/Broker: [ (OnAncoStatusChanged:89)]main handler is nullptr
06-14 08:02:25.268   968  6137 I C02C02/PARAM: SystemSetParameter name anco_state id:25285 ret:0
06-14 08:02:25.269  6134  6134 E C01CCD/anco_service_broker/GraphicBroker: SetVSyncEnabledLocked: set vsync rate failed, ret=40001000, rate=-1
06-14 08:02:25.272   605   691 I C02C03/PARAM_WATCHER: ProcessParameterChange key:anco_state pid:855
06-14 08:02:25.272   605   691 I C02C03/PARAM_WATCHER: ProcessParameterChange key:anco_state pid:1383
06-14 08:02:25.272   605   691 I C02C03/PARAM_WATCHER: ProcessParameterChange key:anco_state pid:856
06-14 08:02:25.272   605   691 I C02C03/PARAM_WATCHER: ProcessParameterChange key:anco_state pid:6135
06-14 08:02:25.272   605   691 I C02C03/PARAM_WATCHER: ProcessParameterChange key:anco_state pid:6133
06-14 08:02:25.272   605   691 I C02C03/PARAM_WATCHER: ProcessParameterChange key:anco_state pid:6134
06-14 08:02:25.280  1590  2079 W C01340/foundation/Ext: [ABCM663]normal:28960
06-14 08:02:25.281  1590  2079 W C01340/foundation/Ext: [ABCM526]empty
06-14 08:02:25.285 10631 10631 E C01F04/com.huawei.hmos.skytone/CoreServiceSimJsApi: NapiAsyncBaseCompleteCallback deferred error and resolved is true
06-14 08:02:25.290 10631 10631 E C01F04/com.huawei.hmos.skytone/CoreServiceSimJsApi: NapiAsyncBaseCompleteCallback deferred error and resolved is true
06-14 08:02:25.293 10631 10631 E C01F04/com.huawei.hmos.skytone/CoreServiceSimJsApi: NapiAsyncBaseCompleteCallback deferred error and resolved is true
06-14 08:02:25.295 10631 10631 E C01F04/com.huawei.hmos.skytone/CoreServiceSimJsApi: NapiAsyncBaseCompleteCallback deferred error and resolved is true
06-14 08:02:25.323  2654 10180 E C01560/wifi_manager_service/WifiCongestionService: HandleSignalPollChangedMsg unsupported
06-14 08:02:25.558  1383  2045 I C02C02/PARAM: SystemSetParameter name odm.ril.hw_modem0.rssi id:175055 ret:0
06-14 08:02:25.600  1590  2079 E C057C2/foundation/IPCObjectProxy: PrintErrorDetailedInfo: failed, handle:4797 error:29189 desc:*.TelephonyObserverBroker proxy:2765363968 time:232513935585354
06-14 08:02:25.622  1590  2079 E C057C2/foundation/IPCObjectProxy: PrintErrorDetailedInfo: failed, handle:6990 error:29189 desc:*.TelephonyObserverBroker proxy:2784113152 time:232513956812958
06-14 08:02:25.686  1179  1290 W C01C42/time_service/TimeService: t3 315067274
06-14 08:02:25.700  1766  1812 E C02925/bms_behavior/bms_file: [BmsFileReadBuffer]: file /sys/class/hw_power/coul/coul_data/rbatt is invalid
06-14 08:02:26.228  1179  1290 W C01C42/time_service/TimeService: uid:1096 id:185395133 wk:0
06-14 08:02:26.228  1179  1290 W C01C42/time_service/TimeService: id:185395133 we:315072274
06-14 08:02:26.228  1179  1290 W C01C42/time_service/TimeService: t3 315068626
06-14 08:02:26.336  2654 50584 E C01560/wifi_manager_service/WifiCongestionService: HandleSignalPollChangedMsg unsupported
06-14 08:02:27.357  2654 57700 E C01560/wifi_manager_service/WifiCongestionService: HandleSignalPollChangedMsg unsupported
06-14 08:02:27.579  1179  1290 W C01C42/time_service/TimeService: t3 315068733
06-14 08:02:27.687  1179  1290 W C01C42/time_service/TimeService: t3 315070733
06-14 08:02:28.367  2654  8669 E C01560/wifi_manager_service/WifiCongestionService: HandleSignalPollChangedMsg unsupported
06-14 08:02:29.037  1413  2072 W C02943/power_host/ThermalHdi: Read node failed, title = brightness
06-14 08:02:29.298 10631 10631 E C01F04/com.huawei.hmos.skytone/CoreServiceSimJsApi: NapiAsyncBaseCompleteCallback deferred error and resolved is true
06-14 08:02:29.306 10631 10631 E C01F04/com.huawei.hmos.skytone/CoreServiceSimJsApi: NapiAsyncBaseCompleteCallback deferred error and resolved is true
06-14 08:02:29.310 10631 10631 E C01F04/com.huawei.hmos.skytone/CoreServiceSimJsApi: NapiAsyncBaseCompleteCallback deferred error and resolved is true
06-14 08:02:29.312 10631 10631 E C01F04/com.huawei.hmos.skytone/CoreServiceSimJsApi: NapiAsyncBaseCompleteCallback deferred error and resolved is true
06-14 08:02:29.376  2654 10171 E C01560/wifi_manager_service/WifiCongestionService: HandleSignalPollChangedMsg unsupported
06-14 08:02:29.687  1179  1290 W C01C42/time_service/TimeService: t3 315071626
06-14 08:02:29.916  1461 10440 W C01650/parent_control_service/RdbStoreManager: IsConfigInvalidChanged:no bundleName
06-14 08:02:29.916  1461 10440 E C01650/parent_control_service/SilentProxy: IsSupportSilentFromService:GetRdbService failed, err is 27394049.
06-14 08:02:30.171   856  1405 W C02802/multimodalinput/KnuckleHandler: [|1225]SetKnuckleSwitch is successful in keyCommand handler, knuckleSwitch:1
06-14 08:02:30.329  5839  5839 E C05930/rgm_manager/RGM_MANAGER: [(ToCustomJsonBody:166)]pause or resume request from 5839
06-14 08:02:30.331  1153 11771 E C05938/isulad/RGM_ENGINE_PLUGIN: [(check_pause_request_vaild:67)]peer request from 5839, 1751794994388
06-14 08:02:30.332  1153 11771 E C05938/isulad/RGM_ENGINE_PLUGIN: [(check_pause_request_vaild:82)]peer request from rgm_manager:5839
06-14 08:02:30.337  1153 11771 E C05938/isulad/RGM_ENGINE_PLUGIN: [(container_pause_cb:1097)]Event: {Object: ff43e76239634bd9fe644a28060d830d87f5d8568ef8ebaa870203db07055c76, Type: Pausing}
06-14 08:02:30.351  1153 11771 E C05938/isulad/RGM_ENGINE_PLUGIN: [(cgfsng_set:3450)]set state FROZEN to freezer.state
06-14 08:02:30.365  1153 11771 W C05938/isulad/RGM_ENGINE_PLUGIN: [(do_freeze_thaw:49)]Start to wait ff43e76239634bd9fe644a28060d830d87f5d8568ef8ebaa870203db07055c76 change to FROZEN
06-14 08:02:30.369  1153 11771 W C05938/isulad/RGM_ENGINE_PLUGIN: [GetRgmStateParam:78]current rgm state is 1
06-14 08:02:30.370  1153 11771 I C02C02/PARAM: SystemSetParameter name virt_service.rgm_state.rgm_hmos id:10638 ret:0
06-14 08:02:30.370  1153 11771 E C05938/isulad/RGM_ENGINE_PLUGIN: [(container_state_set_paused:249)]Update PAUSED
06-14 08:02:30.371   605   691 I C02C03/PARAM_WATCHER: ProcessParameterChange key:virt_service.rgm_state.rgm_hmos pid:5839
06-14 08:02:30.371   605   691 I C02C03/PARAM_WATCHER: ProcessParameterChange key:virt_service.rgm_state.rgm_hmos pid:5430
06-14 08:02:30.371  5839  5908 W C05930/rgm_manager/RGM_MANAGER: [(OnRgmStateChanged:790)]Rgm status changed: rgm_hmos paused
06-14 08:02:30.371  5839  5908 W C05932/rgm_manager/RGM_STATUS: [(OnContainerStatusChanged:587)]On Container Status Changed enter
06-14 08:02:30.371  1153 11771 E C05938/isulad/RGM_ENGINE_PLUGIN: [(container_pause_cb:1108)]Event: {Object: ff43e76239634bd9fe644a28060d830d87f5d8568ef8ebaa870203db07055c76, Type: Paused}
06-14 08:02:30.372  5839  5908 W C05930/rgm_manager/RGM_MANAGER: [(NotifyContainerStatusChanged:43)]Notify Status Changed SendRequest ret:0
06-14 08:02:30.372  5839  5908 W C05932/rgm_manager/RGM_STATUS: [(OnContainerStatusChanged:598)]notify rgm status changed status:120                 ret:1
06-14 08:02:30.372  5839  5839 W C05932/rgm_manager/RGM_STATUS: [(HttpSocketSelect:307)]select end, ret:1, errno:4
06-14 08:02:30.372  5839  5839 E C05930/rgm_manager/RGM_MANAGER: [(SetStringField:309)]key not exist, key: errmsg
06-14 08:02:30.377  5430  5430 I C02C02/PARAM: SystemSetParameter name hmos_fusion_mgr.ctl.fsm_state id:10669 ret:0
06-14 08:02:30.381   605   691 I C02C03/PARAM_WATCHER: ProcessParameterChange key:hmos_fusion_mgr.ctl.fsm_state pid:855
06-14 08:02:30.381   605   691 I C02C03/PARAM_WATCHER: ProcessParameterChange key:hmos_fusion_mgr.ctl.fsm_state pid:2905
06-14 08:02:30.381   605   691 I C02C03/PARAM_WATCHER: ProcessParameterChange key:hmos_fusion_mgr.ctl.fsm_state pid:968
06-14 08:02:30.382   605   691 I C02C03/PARAM_WATCHER: ProcessParameterChange key:hmos_fusion_mgr.ctl.fsm_state pid:6134
06-14 08:02:30.383  2905 11022 E C01CCD/bms_broker/Broker: [ (OnAncoStatusChanged:89)]main handler is nullptr
06-14 08:02:30.392  2654  8670 E C01560/wifi_manager_service/WifiCongestionService: HandleSignalPollChangedMsg unsupported
06-14 08:02:30.395   968 41850 I C02C02/PARAM: SystemSetParameter name anco_state id:25286 ret:0
06-14 08:02:30.397   605   691 I C02C03/PARAM_WATCHER: ProcessParameterChange key:anco_state pid:855
06-14 08:02:30.397   605   691 I C02C03/PARAM_WATCHER: ProcessParameterChange key:anco_state pid:1383
06-14 08:02:30.397   605   691 I C02C03/PARAM_WATCHER: ProcessParameterChange key:anco_state pid:856
06-14 08:02:30.397   605   691 I C02C03/PARAM_WATCHER: ProcessParameterChange key:anco_state pid:6135
06-14 08:02:30.397   605   691 I C02C03/PARAM_WATCHER: ProcessParameterChange key:anco_state pid:6133
06-14 08:02:30.397   605   691 I C02C03/PARAM_WATCHER: ProcessParameterChange key:anco_state pid:6134
06-14 08:02:30.401  3040 21150 E C02B91/com.huawei.hmos.aidataservice/AVSession: [HandleEvent]not register callback event=3
06-14 08:02:30.401  2938 21149 E C02B91/com.ohos.sceneboard/AVSession: [HandleEvent]not register callback event=3
06-14 08:02:30.580  1179  1290 W C01C42/time_service/TimeService: t3 315072274
06-14 08:02:30.757  1766  1812 E C02925/bms_behavior/bms_file: [BmsFileReadBuffer]: file /sys/class/hw_power/coul/coul_data/rbatt is invalid
06-14 08:02:31.230  1179  1290 W C01C42/time_service/TimeService: uid:1096 id:185395133 wk:0
06-14 08:02:31.230  1179  1290 W C01C42/time_service/TimeService: id:185395133 we:315077274
06-14 08:02:31.230  1179  1290 W C01C42/time_service/TimeService: t3 315072733
06-14 08:02:31.403  2654  8670 E C01560/wifi_manager_service/WifiCongestionService: HandleSignalPollChangedMsg unsupported
06-14 08:02:31.686  1179  1290 W C01C42/time_service/TimeService: t3 315072753
06-14 08:02:31.707  1179  1290 W C01C42/time_service/TimeService: uid:5523 id:224131298 wk:0
06-14 08:02:31.707  1179  1290 W C01C42/time_service/TimeService: t3 315074626
06-14 08:02:31.709  1179  9905 W C01C42/time_service/TimeService: id:224131298 we:315102754
06-14 08:02:31.718  1157 11772 W C05300/push_manager_service/push: [a92ab75207addc5 0 0]EncryptWithSha256: Parame is Illeage
06-14 08:02:31.959  1383  2045 I C02C02/PARAM: SystemSetParameter name odm.ril.hw_modem0.rssi id:175056 ret:0
06-14 08:02:31.985  1590  2079 E C057C2/foundation/IPCObjectProxy: PrintErrorDetailedInfo: failed, handle:4329 error:29189 desc:*.TelephonyObserverBroker proxy:2756963840 time:232520320528061
06-14 08:02:31.995  1590  2079 E C057C2/foundation/IPCObjectProxy: PrintErrorDetailedInfo: failed, handle:5145 error:29189 desc:*.TelephonyObserverBroker proxy:2705670272 time:232520330210353
06-14 08:02:32.001  1590  2079 E C057C2/foundation/IPCObjectProxy: PrintErrorDetailedInfo: failed, handle:6224 error:29189 desc:*.TelephonyObserverBroker proxy:2782966912 time:232520336501499
06-14 08:02:32.009  1590  2079 E C057C2/foundation/IPCObjectProxy: PrintErrorDetailedInfo: failed, handle:7214 error:29189 desc:*.TelephonyObserverBroker proxy:2295801600 time:232520344437957
06-14 08:02:32.010  1590  2079 E C057C2/foundation/IPCObjectProxy: PrintErrorDetailedInfo: failed, handle:7393 error:29189 desc:*.TelephonyObserverBroker proxy:2707837568 time:232520345372853
06-14 08:02:32.015  1590  2079 E C057C2/foundation/IPCObjectProxy: PrintErrorDetailedInfo: failed, handle:8083 error:29189 desc:*.TelephonyObserverBroker proxy:2818477824 time:232520350548895
06-14 08:02:32.287  1541  2710 E C01610/hianalytics/DataBaseUtilsAcl: SetAcl: Failed to write into file's xattr: Operation not permitted
06-14 08:02:32.301  1541  2710 E C01610/hianalytics/DataBaseUtilsAcl: SetAcl: Failed to write into file's xattr: Operation not permitted
06-14 08:02:32.312  1541  2710 E C01610/hianalytics/DataBaseUtilsAcl: SetAcl: Failed to write into file's xattr: Operation not permitted
06-14 08:02:32.326  1622 49675 E C01655/distributeddata/RdbServiceImpl: VerifyPromiseInfo: Store not exist. bundleName:com.huawei.hmos.meetime, storeName:HAE***
06-14 08:02:32.326  1541  2710 E C01650/hianalytics/RdbServiceProxy: VerifyPromiseInfo:fail, status:1, bundleName:com.huawei.hmos.meetime, storeName:HAE***.db
06-14 08:02:32.326  1541  2710 E C01650/hianalytics/RdbStoreManager: IsPermitted:failed, bundleName:com.huawei.hmos.meetime, store:HAE***.db, err:1.
06-14 08:02:32.327  1541  2710 E C04707/hianalytics/HaDatabase: Failed to create db store, ret=27394849
06-14 08:02:32.327  1541  2710 E C04707/hianalytics/HaDatabase: database connect failed
06-14 08:02:32.330  1622 49675 E C01655/distributeddata/RdbServiceImpl: VerifyPromiseInfo: Store not exist. bundleName:com.huawei.hmos.meetime, storeName:HAE***
06-14 08:02:32.331  1541  2710 E C01650/hianalytics/RdbServiceProxy: VerifyPromiseInfo:fail, status:1, bundleName:com.huawei.hmos.meetime, storeName:HAE***.db
06-14 08:02:32.331  1541  2710 E C01650/hianalytics/RdbStoreManager: IsPermitted:failed, bundleName:com.huawei.hmos.meetime, store:HAE***.db, err:1.
06-14 08:02:32.331  1541  2710 E C04707/hianalytics/HaDatabase: Failed to create db store, ret=27394849
06-14 08:02:32.331  1541  2710 E C04707/hianalytics/HaService: get db connect failed: MeeTimeFaReport. path:*d*t*/*p*/*l*/*0*/*a*a*a*e*c*m*h*a*e*.*m*s*m*e*i*e*h*/*A*v*n*.*b
06-14 08:02:32.331  1541  2710 E C01610/hianalytics/DataBaseUtilsAcl: SetAcl: Failed to write into file's xattr: Operation not permitted
06-14 08:02:32.340  1541  2710 E C01610/hianalytics/DataBaseUtilsAcl: SetAcl: Failed to write into file's xattr: Operation not permitted
06-14 08:02:32.358  1622 49675 E C01655/distributeddata/RdbServiceImpl: VerifyPromiseInfo: Store not exist. bundleName:com.huawei.hms.adsservice, storeName:HAE***
06-14 08:02:32.358  1541  2710 E C01650/hianalytics/RdbServiceProxy: VerifyPromiseInfo:fail, status:1, bundleName:com.huawei.hms.adsservice, storeName:HAE***.db
06-14 08:02:32.358  1541  2710 E C01650/hianalytics/RdbStoreManager: IsPermitted:failed, bundleName:com.huawei.hms.adsservice, store:HAE***.db, err:1.
06-14 08:02:32.358  1541  2710 E C04707/hianalytics/HaDatabase: Failed to create db store, ret=27394849
06-14 08:02:32.358  1541  2710 E C04707/hianalytics/HaDatabase: database connect failed
06-14 08:02:32.362  1622 49675 E C01655/distributeddata/RdbServiceImpl: VerifyPromiseInfo: Store not exist. bundleName:com.huawei.hms.adsservice, storeName:HAE***
06-14 08:02:32.362  1541  2710 E C01650/hianalytics/RdbServiceProxy: VerifyPromiseInfo:fail, status:1, bundleName:com.huawei.hms.adsservice, storeName:HAE***.db
06-14 08:02:32.362  1541  2710 E C01650/hianalytics/RdbStoreManager: IsPermitted:failed, bundleName:com.huawei.hms.adsservice, store:HAE***.db, err:1.
06-14 08:02:32.362  1541  2710 E C04707/hianalytics/HaDatabase: Failed to create db store, ret=27394849
06-14 08:02:32.362  1541  2710 E C04707/hianalytics/HaService: get db connect failed: oucs_appauth. path:*d*t*/*p*/*l*/*0*/*a*a*a*e*c*m*h*a*e*.*m*.*d*s*r*i*e*h*/*A*v*n*.*b
06-14 08:02:32.362  1541  2710 W C01650/hianalytics/RdbStoreManager: IsConfigInvalidChanged:no bundleName
06-14 08:02:32.362  1541  2710 E C01650/hianalytics/SilentProxy: IsSupportSilentFromService:GetRdbService failed, err is 27394049.
06-14 08:02:32.362  1541  2710 E C01610/hianalytics/DataBaseUtilsAcl: SetAcl: Failed to write into file's xattr: Permission denied
06-14 08:02:32.374  1541  2710 E C01610/hianalytics/DataBaseUtilsAcl: SetAcl: Failed to write into file's xattr: Operation not permitted
06-14 08:02:32.388  1541  2710 W C01650/hianalytics/RdbStoreManager: IsConfigInvalidChanged:no bundleName
06-14 08:02:32.388  1541  2710 E C01650/hianalytics/SilentProxy: IsSupportSilentFromService:GetRdbService failed, err is 27394049.
06-14 08:02:32.388  1541  2710 E C01610/hianalytics/DataBaseUtilsAcl: SetAcl: Failed to write into file's xattr: Operation not permitted
06-14 08:02:32.401  1541  2710 E C01610/hianalytics/DataBaseUtilsAcl: SetAcl: Failed to write into file's xattr: Operation not permitted
06-14 08:02:32.409  2654 57700 E C01560/wifi_manager_service/WifiCongestionService: HandleSignalPollChangedMsg unsupported
06-14 08:02:32.428  1541  2710 E C01610/hianalytics/DataBaseUtilsAcl: SetAcl: Failed to write into file's xattr: Operation not permitted
06-14 08:02:32.443  1541  2710 E C01610/hianalytics/DataBaseUtilsAcl: SetAcl: Failed to write into file's xattr: Operation not permitted
06-14 08:02:32.453  1541  2710 E C01610/hianalytics/DataBaseUtilsAcl: SetAcl: Failed to write into file's xattr: Permission denied
06-14 08:02:32.493  1541  2710 W C01650/hianalytics/RdbStoreManager: IsConfigInvalidChanged:no bundleName
06-14 08:02:32.493  1541  2710 E C01650/hianalytics/SilentProxy: IsSupportSilentFromService:GetRdbService failed, err is 27394049.
06-14 08:02:32.493  1541  2710 E C01610/hianalytics/DataBaseUtilsAcl: SetAcl: Failed to write into file's xattr: Permission denied
06-14 08:02:32.527  1541  2710 W C01650/hianalytics/RdbStoreManager: IsConfigInvalidChanged:no bundleName
06-14 08:02:32.527  1541  2710 E C01650/hianalytics/SilentProxy: IsSupportSilentFromService:GetRdbService failed, err is 27394049.
06-14 08:02:32.527  1541  2710 E C01610/hianalytics/DataBaseUtilsAcl: SetAcl: Failed to write into file's xattr: Operation not permitted
06-14 08:02:32.535  1541  2710 W C01650/hianalytics/RdbStoreManager: IsConfigInvalidChanged:no bundleName
06-14 08:02:32.535  1541  2710 E C01650/hianalytics/SilentProxy: IsSupportSilentFromService:GetRdbService failed, err is 27394049.
06-14 08:02:32.535  1541  2710 E C01610/hianalytics/DataBaseUtilsAcl: SetAcl: Failed to write into file's xattr: Operation not permitted
06-14 08:02:33.304 10631 10631 E C01F04/com.huawei.hmos.skytone/CoreServiceSimJsApi: NapiAsyncBaseCompleteCallback deferred error and resolved is true
06-14 08:02:33.311 10631 10631 E C01F04/com.huawei.hmos.skytone/CoreServiceSimJsApi: NapiAsyncBaseCompleteCallback deferred error and resolved is true
06-14 08:02:33.314 10631 10631 E C01F04/com.huawei.hmos.skytone/CoreServiceSimJsApi: NapiAsyncBaseCompleteCallback deferred error and resolved is true
06-14 08:02:33.316 10631 10631 E C01F04/com.huawei.hmos.skytone/CoreServiceSimJsApi: NapiAsyncBaseCompleteCallback deferred error and resolved is true
06-14 08:02:33.420  2654 50584 E C01560/wifi_manager_service/WifiCongestionService: HandleSignalPollChangedMsg unsupported
06-14 08:02:33.519  1541  2422 W C04707/hianalytics/HaMaint: Invalid maint event: ReportMetric.
06-14 08:02:33.520  1541  2422 W C04707/hianalytics/HaMaint: Invalid maint event: ReportMetric.
06-14 08:02:33.520  1541  2422 W C04707/hianalytics/HaMaint: Invalid maint event: ReportMetric.
06-14 08:02:33.520  1541  2422 W C04707/hianalytics/HaMaint: Invalid maint event: ReportMetric.
06-14 08:02:33.520  1541  2422 W C04707/hianalytics/HaMaint: Invalid maint event: ReportMetric.
06-14 08:02:33.520  1541  2422 W C04707/hianalytics/HaMaint: Invalid maint event: ReportMetric.
06-14 08:02:33.530  1541  2422 E C01610/hianalytics/DataBaseUtilsAcl: SetAcl: Failed to write into file's xattr: Operation not permitted
06-14 08:02:33.580  1179  1290 W C01C42/time_service/TimeService: t3 315074733
06-14 08:02:33.686  1179  1290 W C01C42/time_service/TimeService: t3 315076733
06-14 08:02:33.999  1383  2045 I C02C02/PARAM: SystemSetParameter name odm.ril.hw_modem1.rssi id:175057 ret:0
06-14 08:02:34.015  1590 48161 E C057C2/foundation/IPCObjectProxy: PrintErrorDetailedInfo: failed, handle:2432 error:29189 desc:*.TelephonyObserverBroker proxy:2613764864 time:232522350559311
06-14 08:02:34.018  1590 48161 E C057C2/foundation/IPCObjectProxy: PrintErrorDetailedInfo: failed, handle:2425 error:29189 desc:*.TelephonyObserverBroker proxy:2282402432 time:232522352656186
06-14 08:02:34.026  1590 48161 E C057C2/foundation/IPCObjectProxy: PrintErrorDetailedInfo: failed, handle:3315 error:29189 desc:*.TelephonyObserverBroker proxy:2617958400 time:232522361400457
06-14 08:02:34.028  1590 48161 E C057C2/foundation/IPCObjectProxy: PrintErrorDetailedInfo: failed, handle:3535 error:29189 desc:*.TelephonyObserverBroker proxy:2715413376 time:232522363004624
06-14 08:02:34.045  1590 48161 E C057C2/foundation/IPCObjectProxy: PrintErrorDetailedInfo: failed, handle:5288 error:29189 desc:*.TelephonyObserverBroker proxy:2705658752 time:232522380113478
06-14 08:02:34.057  1590 48161 E C057C2/foundation/IPCObjectProxy: PrintErrorDetailedInfo: failed, handle:6657 error:29189 desc:*.TelephonyObserverBroker proxy:2767367936 time:232522391716082
06-14 08:02:34.070  1590 48161 E C057C2/foundation/IPCObjectProxy: PrintErrorDetailedInfo: failed, handle:7904 error:29189 desc:*.TelephonyObserverBroker proxy:2767705472 time:232522404753061
06-14 08:02:34.111  1413  2072 W C02943/power_host/ThermalHdi: Read node failed, title = brightness
06-14 08:02:34.430  2654 50584 E C01560/wifi_manager_service/WifiCongestionService: HandleSignalPollChangedMsg unsupported
06-14 08:02:34.431  1179  9905 W C01C42/time_service/TimeService: bat:48 id:1963113665 we:604934240 mwe:1058534240
06-14 08:02:34.432  1179  9905 W C01C42/time_service/TimeService: id:1596315693 we:131665 mwe:1481665
06-14 08:02:34.432  1179  9905 W C01C42/time_service/TimeService: t3 131665
06-14 08:02:34.432  1179  1290 W C01C42/time_service/TimeService: uid:5557 id:1596315693 wk:0
06-14 08:02:34.433  1179  1290 W C01C42/time_service/TimeService: bat:8 id:1596315693 we:315131665 mwe:316481665
06-14 08:02:34.433  1179  1290 W C01C42/time_service/TimeService: t3 315076733
06-14 08:02:34.434  1179  9905 W C01C42/time_service/TimeService: bat:30 id:1894078796 we:370200496
06-14 08:02:34.436  1179  9905 W C01C42/time_service/TimeService: id:2108774338 we:31536567021
06-14 08:02:34.439  1179  9905 W C01C42/time_service/TimeService: id:1921201798 we:316123403
06-14 08:02:34.441  1179  9905 W C01C42/time_service/TimeService: id:1398179210 we:20398855 mwe:23098855
06-14 08:02:34.441  1179  9905 W C01C42/time_service/TimeService: t3 20398855
06-14 08:02:34.441  1179  1290 W C01C42/time_service/TimeService: uid:5557 id:1398179210 wk:0
06-14 08:02:34.442  1179  1290 W C01C42/time_service/TimeService: bat:14 id:1398179210 we:315598855 mwe:318298855
06-14 08:02:34.442  1179  1290 W C01C42/time_service/TimeService: t3 315076733
06-14 08:02:34.443  1179  9905 W C01C42/time_service/TimeService: id:392587994 we:342949053
06-14 08:02:34.444  5839  5839 W C05932/rgm_manager/RGM_STATUS: [(HttpSocketSelect:307)]select end, ret:1, errno:4
06-14 08:02:34.445  5839  5839 E C05930/rgm_manager/RGM_MANAGER: [(SetStringField:309)]key not exist, key: errmsg
06-14 08:02:34.446  1179  9905 W C01C42/time_service/TimeService: id:1219357246 we:317139303
06-14 08:02:34.446  5430  5430 W C05930/hmos_fusion_manager/RGM_MANAGER: [(ParseContainerStatus:172)]Rgm status: paused
06-14 08:02:34.447  1179  9905 W C01C42/time_service/TimeService: id:1361824690 we:369600109
06-14 08:02:34.447  5839  5839 E C05930/rgm_manager/RGM_MANAGER: [(ToCustomJsonBody:166)]pause or resume request from 5839
06-14 08:02:34.449  1179  9905 W C01C42/time_service/TimeService: id:17692673 we:315591090668
06-14 08:02:34.449  1153 11781 E C05938/isulad/RGM_ENGINE_PLUGIN: [(check_pause_request_vaild:67)]peer request from 5839, 1751794998507
06-14 08:02:34.449  1153 11781 E C05938/isulad/RGM_ENGINE_PLUGIN: [(check_pause_request_vaild:82)]peer request from rgm_manager:5839
